           <...>-3269  [001] ...2   391.848588: sched_switch: prev_comm=ple.kvbenchmark prev_pid=3269 prev_prio=120 prev_state=S ==> next_comm=traced next_pid=201 next_prio=120
          traced-201   [001] ...2   391.849639: sched_switch: prev_comm=traced prev_pid=201 prev_prio=120 prev_state=R ==> next_comm=ple.kvbenchmark next_pid=3269 next_prio=120
           <...>-3269  [001] ...2   391.849684: sched_switch: prev_comm=ple.kvbenchmark prev_pid=3269 prev_prio=120 prev_state=S ==> next_comm=traced next_pid=201 next_prio=120
          traced-201   [001] ...2   391.850735: sched_switch: prev_comm=traced prev_pid=201 prev_prio=120 prev_state=R ==> next_comm=ple.kvbenchmark next_pid=3269 next_prio=120
           <...>-3269  [001] ...2   391.850780: sched_switch: prev_comm=ple.kvbenchmark prev_pid=3269 prev_prio=120 prev_state=S ==> next_comm=traced next_pid=201 next_prio=120
          traced-201   [001] ...2   391.851832: sched_switch: prev_comm=traced prev_pid=201 prev_prio=120 prev_state=R ==> next_comm=ple.kvbenchmark next_pid=3269 next_prio=120
           <...>-3269  [001] ...2   391.851878: sched_switch: prev_comm=ple.kvbenchmark prev_pid=3269 prev_prio=120 prev_state=S ==> next_comm=traced next_pid=201 next_prio=120
          <idle>-0     [000] ...2   391.852140: sched_switch: prev_comm=swapper/0 prev_pid=0 prev_prio=120 prev_state=R ==> next_comm=adbd next_pid=3127 next_prio=120
            adbd-3127  [000] ...2   391.852160: sched_switch: prev_comm=adbd prev_pid=3127 prev_prio=120 prev_state=S ==> next_comm=ksoftirqd/0 next_pid=3 next_prio=120
     ksoftirqd/0-3     [000] ...2   391.852174: sched_switch: prev_comm=ksoftirqd/0 prev_pid=3 prev_prio=120 prev_state=S ==> next_comm=swapper/0 next_pid=0 next_prio=120
          <idle>-0     [000] ...2   391.852191: sched_switch: prev_comm=swapper/0 prev_pid=0 prev_prio=120 prev_state=R ==> next_comm=ksoftirqd/0 next_pid=3 next_prio=120
     ksoftirqd/0-3     [000] ...2   391.852204: sched_switch: prev_comm=ksoftirqd/0 prev_pid=3 prev_prio=120 prev_state=S ==> next_comm=swapper/0 next_pid=0 next_prio=120
          <idle>-0     [000] ...2   391.852298: sched_switch: prev_comm=swapper/0 prev_pid=0 prev_prio=120 prev_state=R ==> next_comm=adbd next_pid=3127 next_prio=120
            adbd-3127  [000] ...2   391.852350: sched_switch: prev_comm=adbd prev_pid=3127 prev_prio=120 prev_state=S ==> next_comm=adbd next_pid=1849 next_prio=120
          traced-201   [001] ...2   391.852932: sched_switch: prev_comm=traced prev_pid=201 prev_prio=120 prev_state=R ==> next_comm=ple.kvbenchmark next_pid=3269 next_prio=120
           <...>-3269  [001] ...2   391.852986: sched_switch: prev_comm=ple.kvbenchmark prev_pid=3269 prev_prio=120 prev_state=S ==> next_comm=traced next_pid=201 next_prio=120
            adbd-1849  [000] ...2   391.853333: sched_switch: prev_comm=adbd prev_pid=1849 prev_prio=120 prev_state=D ==> next_comm=kworker/0:1 next_pid=15 next_prio=120
     kworker/0:1-15    [000] ...2   391.853357: sched_switch: prev_comm=kworker/0:1 prev_pid=15 prev_prio=120 prev_state=S ==> next_comm=adbd next_pid=3126 next_prio=120
            adbd-3126  [000] ...2   391.853467: sched_switch: prev_comm=adbd prev_pid=3126 prev_prio=120 prev_state=S ==> next_comm=adbd next_pid=1849 next_prio=120
            adbd-1849  [000] ...2   391.853530: sched_switch: prev_comm=adbd prev_pid=1849 prev_prio=120 prev_state=S ==> next_comm=adbd next_pid=7096 next_prio=120
           <...>-7096  [000] ...2   391.853568: sched_switch: prev_comm=adbd prev_pid=7096 prev_prio=120 prev_state=S ==> next_comm=adbd next_pid=7095 next_prio=120
          traced-201   [001] ...2   391.854036: sched_switch: prev_comm=traced prev_pid=201 prev_prio=120 prev_state=R ==> next_comm=ple.kvbenchmark next_pid=3269 next_prio=120
           <...>-3269  [001] ...2   391.854088: sched_switch: prev_comm=ple.kvbenchmark prev_pid=3269 prev_prio=120 prev_state=S ==> next_comm=traced next_pid=201 next_prio=120
           <...>-7095  [000] ...2   391.854796: sched_switch: prev_comm=sh prev_pid=7095 prev_prio=120 prev_state=R+ ==> next_comm=kworker/0:3H next_pid=810 next_prio=100
    kworker/0:3H-810   [000] ...2   391.854829: sched_switch: prev_comm=kworker/0:3H prev_pid=810 prev_prio=100 prev_state=D ==> next_comm=kworker/0:1 next_pid=15 next_prio=120
     kworker/0:1-15    [000] ...2   391.854836: phonelab_periodic_ctx_switch_marker: BEGIN cpu=0 count=0 log_idx=391
     kworker/0:1-15    [000] ...2   391.854839: phonelab_periodic_ctx_switch_info: cpu=0 pid=2 tgid=2 nice=0 comm=kthreadd utime=0 stime=0 rtime=132813 bg_utime=0 bg_stime=0 bg_rtime=0 s_run=0 s_int=3 s_unint=0 s_oth=0 log_idx=391
     kworker/0:1-15    [000] ...2   391.854841: phonelab_periodic_ctx_switch_info: cpu=0 pid=2681 tgid=2671 nice=0 comm=printHiddenMen utime=0 stime=0 rtime=70000 bg_utime=0 bg_stime=0 bg_rtime=70000 s_run=1 s_int=1 s_unint=0 s_oth=0 log_idx=391
     kworker/0:1-15    [000] ...2   391.854844: phonelab_periodic_ctx_switch_info: cpu=0 pid=2549 tgid=2539 nice=0 comm=m.android.emai utime=0 stime=0 rtime=31510 bg_utime=0 bg_stime=0 bg_rtime=31510 s_run=0 s_int=1 s_unint=0 s_oth=0 log_idx=391
     kworker/0:1-15    [000] ...2   391.854845: phonelab_periodic_ctx_switch_info: cpu=0 pid=15 tgid=15 nice=0 comm=kworker/0:1 utime=0 stime=0 rtime=1641564 bg_utime=0 bg_stime=0 bg_rtime=0 s_run=1 s_int=43 s_unint=7 s_oth=0 log_idx=391
     kworker/0:1-15    [000] ...2   391.854847: phonelab_periodic_ctx_switch_info: cpu=0 pid=1363 tgid=1356 nice=0 comm=d.process.acor utime=0 stime=0 rtime=17240 bg_utime=0 bg_stime=0 bg_rtime=17240 s_run=0 s_int=1 s_unint=0 s_oth=0 log_idx=391
     kworker/0:1-15    [000] ...2   391.854849: phonelab_periodic_ctx_switch_info: cpu=0 pid=6457 tgid=6457 nice=-20 comm=kworker/2:2H utime=0 stime=0 rtime=60573 bg_utime=0 bg_stime=0 bg_rtime=0 s_run=0 s_int=0 s_unint=0 s_oth=1 log_idx=391
     kworker/0:1-15    [000] ...2   391.854852: phonelab_periodic_ctx_switch_info: cpu=0 pid=3 tgid=3 nice=0 comm=ksoftirqd/0 utime=0 stime=1 rtime=2612028 bg_utime=0 bg_stime=0 bg_rtime=0 s_run=0 s_int=142 s_unint=0 s_oth=0 log_idx=391
     kworker/0:1-15    [000] ...2   391.854854: phonelab_periodic_ctx_switch_info: cpu=0 pid=6453 tgid=6453 nice=-20 comm=kworker/2:1H utime=0 stime=0 rtime=60781 bg_utime=0 bg_stime=0 bg_rtime=0 s_run=0 s_int=0 s_unint=0 s_oth=1 log_idx=391
     kworker/0:1-15    [000] ...2   391.854856: phonelab_periodic_ctx_switch_info: cpu=0 pid=810 tgid=810 nice=-20 comm=kworker/0:3H utime=0 stime=0 rtime=804431 bg_utime=0 bg_stime=0 bg_rtime=0 s_run=0 s_int=19 s_unint=13 s_oth=0 log_idx=391
     kworker/0:1-15    [000] ...2   391.854858: phonelab_periodic_ctx_switch_info: cpu=0 pid=7094 tgid=7094 nice=0 comm=sh utime=0 stime=1 rtime=18222343 bg_utime=0 bg_stime=0 bg_rtime=0 s_run=3 s_int=0 s_unint=0 s_oth=1 log_idx=391
     kworker/0:1-15    [000] ...2   391.854860: phonelab_periodic_ctx_switch_info: cpu=0 pid=7083 tgid=7083 nice=0 comm=adbd utime=0 stime=1 rtime=14668385 bg_utime=0 bg_stime=0 bg_rtime=0 s_run=13 s_int=2 s_unint=0 s_oth=1 log_idx=391
     kworker/0:1-15    [000] ...2   391.854862: phonelab_periodic_ctx_switch_info: cpu=0 pid=6443 tgid=6443 nice=0 comm=migration/2 utime=0 stime=0 rtime=61770 bg_utime=0 bg_stime=0 bg_rtime=0 s_run=0 s_int=0 s_unint=0 s_oth=1 log_idx=391
     kworker/0:1-15    [000] ...2   391.854864: phonelab_periodic_ctx_switch_info: cpu=0 pid=7091 tgid=7091 nice=0 comm=adbd utime=1 stime=0 rtime=14313021 bg_utime=0 bg_stime=0 bg_rtime=0 s_run=1 s_int=2 s_unint=0 s_oth=1 log_idx=391
     kworker/0:1-15    [000] ...2   391.854866: phonelab_periodic_ctx_switch_info: cpu=0 pid=7090 tgid=1849 nice=0 comm=adbd utime=0 stime=0 rtime=134323 bg_utime=0 bg_stime=0 bg_rtime=0 s_run=0 s_int=1 s_unint=0 s_oth=1 log_idx=391
     kworker/0:1-15    [000] ...2   391.854868: phonelab_periodic_ctx_switch_info: cpu=0 pid=7087 tgid=7087 nice=0 comm=adbd utime=0 stime=1 rtime=12603959 bg_utime=0 bg_stime=0 bg_rtime=0 s_run=6 s_int=1 s_unint=0 s_oth=1 log_idx=391
     kworker/0:1-15    [000] ...2   391.854870: phonelab_periodic_ctx_switch_info: cpu=0 pid=7086 tgid=7086 nice=0 comm=sh utime=0 stime=1 rtime=18015104 bg_utime=0 bg_stime=0 bg_rtime=0 s_run=18 s_int=0 s_unint=0 s_oth=1 log_idx=391
     kworker/0:1-15    [000] ...2   391.854872: phonelab_periodic_ctx_switch_info: cpu=0 pid=297 tgid=174 nice=-8 comm=hwcUeventThread utime=0 stime=0 rtime=35104 bg_utime=0 bg_stime=0 bg_rtime=0 s_run=0 s_int=1 s_unint=0 s_oth=0 log_idx=391
     kworker/0:1-15    [000] ...2   391.854874: phonelab_periodic_ctx_switch_info: cpu=0 pid=17 tgid=17 nice=-20 comm=kworker/0:1H utime=0 stime=0 rtime=762345 bg_utime=0 bg_stime=0 bg_rtime=0 s_run=0 s_int=12 s_unint=0 s_oth=0 log_idx=391
     kworker/0:1-15    [000] ...2   391.854876: phonelab_periodic_ctx_switch_info: cpu=0 pid=1789 tgid=1773 nice=-7 comm=mpdecision utime=0 stime=0 rtime=8054894 bg_utime=0 bg_stime=0 bg_rtime=0 s_run=6 s_int=20 s_unint=3 s_oth=0 log_idx=391
     kworker/0:1-15    [000] ...2   391.854878: phonelab_periodic_ctx_switch_info: cpu=0 pid=7096 tgid=1849 nice=0 comm=adbd utime=0 stime=0 rtime=37240 bg_utime=0 bg_stime=0 bg_rtime=0 s_run=0 s_int=1 s_unint=0 s_oth=0 log_idx=391
     kworker/0:1-15    [000] ...2   391.854880: phonelab_periodic_ctx_switch_info: cpu=0 pid=7080 tgid=7080 nice=0 comm=workqueue_trust utime=0 stime=0 rtime=120989 bg_utime=0 bg_stime=0 bg_rtime=0 s_run=3 s_int=0 s_unint=2 s_oth=1 log_idx=391
     kworker/0:1-15    [000] ...2   391.854882: phonelab_periodic_ctx_switch_info: cpu=0 pid=787 tgid=713 nice=-2 comm=system_server utime=0 stime=0 rtime=25053 bg_utime=0 bg_stime=0 bg_rtime=0 s_run=0 s_int=1 s_unint=0 s_oth=0 log_idx=391
     kworker/0:1-15    [000] ...2   391.854884: phonelab_periodic_ctx_switch_info: cpu=0 pid=6447 tgid=6447 nice=0 comm=kworker/2:1 utime=0 stime=0 rtime=73646 bg_utime=0 bg_stime=0 bg_rtime=0 s_run=0 s_int=0 s_unint=0 s_oth=1 log_idx=391
     kworker/0:1-15    [000] ...2   391.854887: phonelab_periodic_ctx_switch_info: cpu=0 pid=6 tgid=6 nice=0 comm=kworker/u:0 utime=0 stime=0 rtime=585520 bg_utime=0 bg_stime=0 bg_rtime=0 s_run=0 s_int=18 s_unint=0 s_oth=0 log_idx=391
     kworker/0:1-15    [000] ...2   391.854889: phonelab_periodic_ctx_switch_info: cpu=0 pid=7095 tgid=7095 nice=0 comm=adbd utime=0 stime=0 rtime=1214635 bg_utime=0 bg_stime=0 bg_rtime=0 s_run=1 s_int=0 s_unint=0 s_oth=0 log_idx=391
     kworker/0:1-15    [000] ...2   391.854890: phonelab_periodic_ctx_switch_info: cpu=0 pid=7093 tgid=7093 nice=0 comm=sh utime=0 stime=0 rtime=2300886 bg_utime=0 bg_stime=0 bg_rtime=0 s_run=1 s_int=0 s_unint=0 s_oth=1 log_idx=391
     kworker/0:1-15    [000] ...2   391.854892: phonelab_periodic_ctx_switch_info: cpu=0 pid=7084 tgid=1849 nice=0 comm=adbd utime=0 stime=0 rtime=197605 bg_utime=0 bg_stime=0 bg_rtime=0 s_run=0 s_int=1 s_unint=0 s_oth=1 log_idx=391
     kworker/0:1-15    [000] ...2   391.854896: phonelab_periodic_ctx_switch_info: cpu=0 pid=6446 tgid=6446 nice=0 comm=ksoftirqd/2 utime=0 stime=0 rtime=89792 bg_utime=0 bg_stime=0 bg_rtime=0 s_run=0 s_int=0 s_unint=0 s_oth=1 log_idx=391
     kworker/0:1-15    [000] ...2   391.854899: phonelab_periodic_ctx_switch_info: cpu=0 pid=0 tgid=0 nice=0 comm=swapper/0 utime=0 stime=86 rtime=855872923 bg_utime=0 bg_stime=0 bg_rtime=0 s_run=277 s_int=0 s_unint=0 s_oth=0 log_idx=391
     kworker/0:1-15    [000] ...2   391.854901: phonelab_periodic_ctx_switch_info: cpu=0 pid=3127 tgid=1849 nice=0 comm=adbd utime=0 stime=0 rtime=1337290 bg_utime=0 bg_stime=0 bg_rtime=0 s_run=0 s_int=26 s_unint=0 s_oth=0 log_idx=391
     kworker/0:1-15    [000] ...2   391.854903: phonelab_periodic_ctx_switch_info: cpu=0 pid=7 tgid=7 nice=-20 comm=kworker/u:0H utime=0 stime=0 rtime=863643 bg_utime=0 bg_stime=0 bg_rtime=0 s_run=0 s_int=0 s_unint=21 s_oth=0 log_idx=391
     kworker/0:1-15    [000] ...2   391.854905: phonelab_periodic_ctx_switch_info: cpu=0 pid=167 tgid=167 nice=0 comm=storaged utime=0 stime=1 rtime=8212710 bg_utime=0 bg_stime=0 bg_rtime=0 s_run=5 s_int=1 s_unint=1 s_oth=0 log_idx=391
     kworker/0:1-15    [000] ...2   391.854907: phonelab_periodic_ctx_switch_info: cpu=0 pid=127 tgid=127 nice=0 comm=ueventd utime=0 stime=0 rtime=39271 bg_utime=0 bg_stime=0 bg_rtime=0 s_run=0 s_int=1 s_unint=0 s_oth=0 log_idx=391
     kworker/0:1-15    [000] ...2   391.854909: phonelab_periodic_ctx_switch_info: cpu=0 pid=8 tgid=8 nice=0 comm=migration/0 utime=0 stime=0 rtime=593437 bg_utime=0 bg_stime=0 bg_rtime=0 s_run=0 s_int=1 s_unint=0 s_oth=0 log_idx=391
     kworker/0:1-15    [000] ...2   391.854911: phonelab_periodic_ctx_switch_info: cpu=0 pid=116 tgid=116 nice=0 comm=mmcqd/1 utime=0 stime=0 rtime=2488645 bg_utime=0 bg_stime=0 bg_rtime=0 s_run=7 s_int=16 s_unint=14 s_oth=0 log_idx=391
     kworker/0:1-15    [000] ...2   391.854913: phonelab_periodic_ctx_switch_info: cpu=0 pid=6445 tgid=6445 nice=-20 comm=kworker/2:0H utime=0 stime=0 rtime=59427 bg_utime=0 bg_stime=0 bg_rtime=0 s_run=0 s_int=0 s_unint=0 s_oth=1 log_idx=391
     kworker/0:1-15    [000] ...2   391.854916: phonelab_periodic_ctx_switch_info: cpu=0 pid=1411 tgid=1394 nice=0 comm=earchbox:searc utime=0 stime=0 rtime=26250 bg_utime=0 bg_stime=0 bg_rtime=26250 s_run=0 s_int=1 s_unint=0 s_oth=0 log_idx=391
     kworker/0:1-15    [000] ...2   391.854918: phonelab_periodic_ctx_switch_info: cpu=0 pid=2642 tgid=2633 nice=0 comm=nelab.conducto utime=0 stime=0 rtime=27396 bg_utime=0 bg_stime=0 bg_rtime=27396 s_run=0 s_int=1 s_unint=0 s_oth=0 log_idx=391
     kworker/0:1-15    [000] ...2   391.854920: phonelab_periodic_ctx_switch_info: cpu=0 pid=7092 tgid=1849 nice=0 comm=adbd utime=0 stime=0 rtime=206042 bg_utime=0 bg_stime=0 bg_rtime=0 s_run=0 s_int=1 s_unint=0 s_oth=1 log_idx=391
     kworker/0:1-15    [000] ...2   391.854921: phonelab_periodic_ctx_switch_info: cpu=0 pid=7089 tgid=7089 nice=0 comm=adbd utime=0 stime=0 rtime=7164844 bg_utime=0 bg_stime=0 bg_rtime=0 s_run=25 s_int=1 s_unint=0 s_oth=1 log_idx=391
     kworker/0:1-15    [000] ...2   391.854923: phonelab_periodic_ctx_switch_info: cpu=0 pid=7088 tgid=1849 nice=0 comm=adbd utime=0 stime=0 rtime=151562 bg_utime=0 bg_stime=0 bg_rtime=0 s_run=0 s_int=1 s_unint=0 s_oth=1 log_idx=391
     kworker/0:1-15    [000] ...2   391.854926: phonelab_periodic_ctx_switch_info: cpu=0 pid=7085 tgid=7085 nice=0 comm=sh utime=0 stime=0 rtime=2461511 bg_utime=0 bg_stime=0 bg_rtime=0 s_run=5 s_int=0 s_unint=0 s_oth=1 log_idx=391
     kworker/0:1-15    [000] ...2   391.854928: phonelab_periodic_ctx_switch_info: cpu=0 pid=1849 tgid=1849 nice=0 comm=adbd utime=0 stime=1 rtime=10884787 bg_utime=0 bg_stime=0 bg_rtime=0 s_run=2 s_int=30 s_unint=5 s_oth=0 log_idx=391
     kworker/0:1-15    [000] ...2   391.854930: phonelab_periodic_ctx_switch_info: cpu=0 pid=2979 tgid=2979 nice=0 comm=logcat utime=0 stime=0 rtime=235833 bg_utime=0 bg_stime=0 bg_rtime=235833 s_run=0 s_int=2 s_unint=0 s_oth=0 log_idx=391
     kworker/0:1-15    [000] ...2   391.854932: phonelab_periodic_ctx_switch_info: cpu=0 pid=795 tgid=713 nice=0 comm=UEventObserver utime=0 stime=0 rtime=44947 bg_utime=0 bg_stime=0 bg_rtime=0 s_run=0 s_int=1 s_unint=0 s_oth=0 log_idx=391
     kworker/0:1-15    [000] ...2   391.854934: phonelab_periodic_ctx_switch_info: cpu=0 pid=3168 tgid=3161 nice=0 comm=android.musicf utime=0 stime=0 rtime=29583 bg_utime=0 bg_stime=0 bg_rtime=29583 s_run=0 s_int=1 s_unint=0 s_oth=0 log_idx=391
     kworker/0:1-15    [000] ...2   391.854936: phonelab_periodic_ctx_switch_info: cpu=0 pid=1731 tgid=1724 nice=0 comm=id.gms.wearabl utime=0 stime=0 rtime=17760 bg_utime=0 bg_stime=0 bg_rtime=17760 s_run=0 s_int=1 s_unint=0 s_oth=0 log_idx=391
     kworker/0:1-15    [000] ...2   391.854938: phonelab_periodic_ctx_switch_info: cpu=0 pid=1760 tgid=1751 nice=0 comm=droid.apps.map utime=0 stime=0 rtime=28542 bg_utime=0 bg_stime=0 bg_rtime=28542 s_run=0 s_int=1 s_unint=0 s_oth=0 log_idx=391
     kworker/0:1-15    [000] ...2   391.854940: phonelab_periodic_ctx_switch_info: cpu=0 pid=1779 tgid=1773 nice=-7 comm=mpdecision utime=0 stime=0 rtime=40521 bg_utime=0 bg_stime=0 bg_rtime=0 s_run=0 s_int=1 s_unint=0 s_oth=0 log_idx=391
     kworker/0:1-15    [000] ...2   391.854943: phonelab_periodic_ctx_switch_info: cpu=0 pid=3131 tgid=3131 nice=0 comm=logcat utime=0 stime=0 rtime=213125 bg_utime=0 bg_stime=0 bg_rtime=0 s_run=0 s_int=2 s_unint=0 s_oth=0 log_idx=391
     kworker/0:1-15    [000] ...2   391.854945: phonelab_periodic_ctx_switch_info: cpu=0 pid=200 tgid=200 nice=0 comm=kmsgd utime=0 stime=0 rtime=157865 bg_utime=0 bg_stime=0 bg_rtime=0 s_run=0 s_int=1 s_unint=0 s_oth=0 log_idx=391
     kworker/0:1-15    [000] ...2   391.854947: phonelab_periodic_ctx_switch_info: cpu=0 pid=222 tgid=172 nice=0 comm=vold utime=0 stime=0 rtime=55000 bg_utime=0 bg_stime=0 bg_rtime=0 s_run=0 s_int=1 s_unint=0 s_oth=0 log_idx=391
     kworker/0:1-15    [000] ...2   391.854949: phonelab_periodic_ctx_switch_info: cpu=0 pid=2594 tgid=2587 nice=0 comm=ndroid.exchang utime=0 stime=0 rtime=27031 bg_utime=0 bg_stime=0 bg_rtime=27031 s_run=0 s_int=1 s_unint=0 s_oth=0 log_idx=391
     kworker/0:1-15    [000] ...2   391.854951: phonelab_periodic_ctx_switch_info: cpu=0 pid=6444 tgid=6444 nice=0 comm=kworker/2:0 utime=0 stime=0 rtime=76354 bg_utime=0 bg_stime=0 bg_rtime=0 s_run=0 s_int=0 s_unint=0 s_oth=1 log_idx=391
     kworker/0:1-15    [000] ...2   391.854954: phonelab_periodic_ctx_switch_info: cpu=0 pid=3126 tgid=1849 nice=0 comm=adbd utime=0 stime=0 rtime=1455207 bg_utime=0 bg_stime=0 bg_rtime=0 s_run=0 s_int=25 s_unint=0 s_oth=0 log_idx=391
     kworker/0:1-15    [000] ...2   391.854955: phonelab_periodic_ctx_switch_info: cpu=0 pid=540 tgid=184 nice=0 comm=netd utime=0 stime=0 rtime=62031 bg_utime=0 bg_stime=0 bg_rtime=0 s_run=0 s_int=1 s_unint=0 s_oth=0 log_idx=391
     kworker/0:1-15    [000] ...2   391.854957: phonelab_periodic_ctx_switch_info: cpu=0 pid=3269 tgid=3269 nice=0 comm=ple.kvbenchmark utime=0 stime=1 rtime=9845519 bg_utime=0 bg_stime=0 bg_rtime=0 s_run=2 s_int=119 s_unint=0 s_oth=0 log_idx=391
     kworker/0:1-15    [000] ...2   391.854960: phonelab_periodic_ctx_switch_info: cpu=0 pid=1678 tgid=193 nice=0 comm=bridgemgrd utime=0 stime=0 rtime=47969 bg_utime=0 bg_stime=0 bg_rtime=0 s_run=0 s_int=1 s_unint=0 s_oth=0 log_idx=391
     kworker/0:1-15    [000] ...2   391.854990: phonelab_periodic_ctx_switch_marker: END cpu=0 count=58 log_idx=391
     kworker/0:1-15    [000] ...2   391.854995: phonelab_timing: func=periodic_ctx_switch_info time=159583ns cpu=0
     kworker/0:1-15    [000] ...2   391.855006: sched_switch: prev_comm=kworker/0:1 prev_pid=15 prev_prio=120 prev_state=S ==> next_comm=kworker/0:1H next_pid=17 next_prio=100
    kworker/0:1H-17    [000] ...1   391.855013: cpu_frequency_switch_start: start=960000 end=960000 cpu_id=0
    kworker/0:1H-17    [000] ...1   391.855019: cpu_frequency_switch_end: cpu_id=0
    kworker/0:1H-17    [000] ...1   391.855021: cpu_frequency: state=960000 cpu_id=0
    kworker/0:1H-17    [000] ...2   391.855047: sched_switch: prev_comm=kworker/0:1H prev_pid=17 prev_prio=100 prev_state=S ==> next_comm=kworker/0:3H next_pid=810 next_prio=100
    kworker/0:3H-810   [000] ...2   391.855061: sched_switch: prev_comm=kworker/0:3H prev_pid=810 prev_prio=100 prev_state=S ==> next_comm=sh next_pid=7095 next_prio=120
          traced-201   [001] ...2   391.855141: sched_switch: prev_comm=traced prev_pid=201 prev_prio=120 prev_state=R ==> next_comm=ple.kvbenchmark next_pid=3269 next_prio=120
           <...>-3269  [001] ...2   391.855190: sched_switch: prev_comm=ple.kvbenchmark prev_pid=3269 prev_prio=120 prev_state=S ==> next_comm=traced next_pid=201 next_prio=120
          traced-201   [001] ...2   391.856243: sched_switch: prev_comm=traced prev_pid=201 prev_prio=120 prev_state=R ==> next_comm=ple.kvbenchmark next_pid=3269 next_prio=120
           <...>-3269  [001] ...2   391.856292: sched_switch: prev_comm=ple.kvbenchmark prev_pid=3269 prev_prio=120 prev_state=S ==> next_comm=traced next_pid=201 next_prio=120
          traced-201   [001] ...2   391.857345: sched_switch: prev_comm=traced prev_pid=201 prev_prio=120 prev_state=R ==> next_comm=ple.kvbenchmark next_pid=3269 next_prio=120
           <...>-3269  [001] ...2   391.857393: sched_switch: prev_comm=ple.kvbenchmark prev_pid=3269 prev_prio=120 prev_state=S ==> next_comm=traced next_pid=201 next_prio=120
          traced-201   [001] ...2   391.858445: sched_switch: prev_comm=traced prev_pid=201 prev_prio=120 prev_state=R ==> next_comm=ple.kvbenchmark next_pid=3269 next_prio=120
           <...>-3269  [001] ...2   391.858491: sched_switch: prev_comm=ple.kvbenchmark prev_pid=3269 prev_prio=120 prev_state=S ==> next_comm=traced next_pid=201 next_prio=120
          traced-201   [001] ...2   391.859543: sched_switch: prev_comm=traced prev_pid=201 prev_prio=120 prev_state=R ==> next_comm=ple.kvbenchmark next_pid=3269 next_prio=120
           <...>-3269  [001] ...2   391.859589: sched_switch: prev_comm=ple.kvbenchmark prev_pid=3269 prev_prio=120 prev_state=S ==> next_comm=traced next_pid=201 next_prio=120
          traced-201   [001] ...2   391.860639: sched_switch: prev_comm=traced prev_pid=201 prev_prio=120 prev_state=R ==> next_comm=ple.kvbenchmark next_pid=3269 next_prio=120
           <...>-3269  [001] ...2   391.860684: sched_switch: prev_comm=ple.kvbenchmark prev_pid=3269 prev_prio=120 prev_state=S ==> next_comm=traced next_pid=201 next_prio=120
          traced-201   [001] ...2   391.861737: sched_switch: prev_comm=traced prev_pid=201 prev_prio=120 prev_state=R ==> next_comm=ple.kvbenchmark next_pid=3269 next_prio=120
           <...>-3269  [001] ...2   391.861784: sched_switch: prev_comm=ple.kvbenchmark prev_pid=3269 prev_prio=120 prev_state=S ==> next_comm=traced next_pid=201 next_prio=120
          traced-201   [001] ...2   391.862835: sched_switch: prev_comm=traced prev_pid=201 prev_prio=120 prev_state=R ==> next_comm=ple.kvbenchmark next_pid=3269 next_prio=120
           <...>-3269  [001] ...2   391.862880: sched_switch: prev_comm=ple.kvbenchmark prev_pid=3269 prev_prio=120 prev_state=S ==> next_comm=traced next_pid=201 next_prio=120
          traced-201   [001] ...2   391.863936: sched_switch: prev_comm=traced prev_pid=201 prev_prio=120 prev_state=R ==> next_comm=ple.kvbenchmark next_pid=3269 next_prio=120
           <...>-3269  [001] ...2   391.863987: sched_switch: prev_comm=ple.kvbenchmark prev_pid=3269 prev_prio=120 prev_state=S ==> next_comm=traced next_pid=201 next_prio=120
          traced-201   [001] ...2   391.865041: sched_switch: prev_comm=traced prev_pid=201 prev_prio=120 prev_state=R ==> next_comm=ple.kvbenchmark next_pid=3269 next_prio=120
           <...>-3269  [001] ...2   391.865093: sched_switch: prev_comm=ple.kvbenchmark prev_pid=3269 prev_prio=120 prev_state=S ==> next_comm=traced next_pid=201 next_prio=120
           <...>-7095  [000] ...2   391.865935: sched_switch: prev_comm=sh prev_pid=7095 prev_prio=120 prev_state=R+ ==> next_comm=kworker/0:1 next_pid=15 next_prio=120
     kworker/0:1-15    [000] ...2   391.865964: sched_switch: prev_comm=kworker/0:1 prev_pid=15 prev_prio=120 prev_state=S ==> next_comm=adbd next_pid=1849 next_prio=120
          traced-201   [001] ...2   391.866145: sched_switch: prev_comm=traced prev_pid=201 prev_prio=120 prev_state=R ==> next_comm=ple.kvbenchmark next_pid=3269 next_prio=120
           <...>-3269  [001] ...2   391.866196: sched_switch: prev_comm=ple.kvbenchmark prev_pid=3269 prev_prio=120 prev_state=S ==> next_comm=traced next_pid=201 next_prio=120
            adbd-1849  [000] ...2   391.866282: sched_switch: prev_comm=adbd prev_pid=1849 prev_prio=120 prev_state=S ==> next_comm=adbd next_pid=3126 next_prio=120
            adbd-3126  [000] ...2   391.866380: sched_switch: prev_comm=adbd prev_pid=3126 prev_prio=120 prev_state=S ==> next_comm=sh next_pid=7095 next_prio=120
           <...>-7095  [000] ...2   391.866402: sched_switch: prev_comm=sh prev_pid=7095 prev_prio=120 prev_state=R+ ==> next_comm=kworker/0:1 next_pid=15 next_prio=120
     kworker/0:1-15    [000] ...2   391.866416: sched_switch: prev_comm=kworker/0:1 prev_pid=15 prev_prio=120 prev_state=S ==> next_comm=sh next_pid=7095 next_prio=120
           <...>-7095  [000] ...2   391.866818: sched_switch: prev_comm=sh prev_pid=7095 prev_prio=120 prev_state=R+ ==> next_comm=adbd next_pid=3127 next_prio=120
            adbd-3127  [000] ...2   391.866879: sched_switch: prev_comm=adbd prev_pid=3127 prev_prio=120 prev_state=S ==> next_comm=adbd next_pid=1849 next_prio=120
          traced-201   [001] ...2   391.867247: sched_switch: prev_comm=traced prev_pid=201 prev_prio=120 prev_state=R ==> next_comm=ple.kvbenchmark next_pid=3269 next_prio=120
           <...>-3269  [001] ...2   391.867300: sched_switch: prev_comm=ple.kvbenchmark prev_pid=3269 prev_prio=120 prev_state=S ==> next_comm=traced next_pid=201 next_prio=120
            adbd-1849  [000] ...2   391.867370: sched_switch: prev_comm=adbd prev_pid=1849 prev_prio=120 prev_state=S ==> next_comm=adbd next_pid=3126 next_prio=120
            adbd-3126  [000] ...2   391.867479: sched_switch: prev_comm=adbd prev_pid=3126 prev_prio=120 prev_state=S ==> next_comm=kworker/0:1 next_pid=15 next_prio=120
     kworker/0:1-15    [000] ...2   391.867506: sched_switch: prev_comm=kworker/0:1 prev_pid=15 prev_prio=120 prev_state=S ==> next_comm=sh next_pid=7095 next_prio=120
           <...>-7095  [000] ...2   391.867766: sched_switch: prev_comm=sh prev_pid=7095 prev_prio=120 prev_state=R+ ==> next_comm=adbd next_pid=3127 next_prio=120
            adbd-3127  [000] ...2   391.867815: sched_switch: prev_comm=adbd prev_pid=3127 prev_prio=120 prev_state=S ==> next_comm=adbd next_pid=1849 next_prio=120
            adbd-1849  [000] ...2   391.868055: sched_switch: prev_comm=adbd prev_pid=1849 prev_prio=120 prev_state=S ==> next_comm=adbd next_pid=3126 next_prio=120
            adbd-3126  [000] ...2   391.868065: sched_switch: prev_comm=adbd prev_pid=3126 prev_prio=120 prev_state=S ==> next_comm=adbd next_pid=3127 next_prio=120
            adbd-3127  [000] ...2   391.868112: sched_switch: prev_comm=adbd prev_pid=3127 prev_prio=120 prev_state=S ==> next_comm=adbd next_pid=1849 next_prio=120
            adbd-1849  [000] ...2   391.868325: sched_switch: prev_comm=adbd prev_pid=1849 prev_prio=120 prev_state=S ==> next_comm=adbd next_pid=3126 next_prio=120
            adbd-3126  [000] ...2   391.868335: sched_switch: prev_comm=adbd prev_pid=3126 prev_prio=120 prev_state=S ==> next_comm=sh next_pid=7095 next_prio=120
          traced-201   [001] ...2   391.868351: sched_switch: prev_comm=traced prev_pid=201 prev_prio=120 prev_state=R ==> next_comm=ple.kvbenchmark next_pid=3269 next_prio=120
           <...>-3269  [001] ...2   391.868397: sched_switch: prev_comm=ple.kvbenchmark prev_pid=3269 prev_prio=120 prev_state=S ==> next_comm=traced next_pid=201 next_prio=120
           <...>-7095  [000] ...2   391.868845: sched_switch: prev_comm=sh prev_pid=7095 prev_prio=120 prev_state=R+ ==> next_comm=adbd next_pid=7096 next_prio=120
           <...>-7096  [000] ...3   391.869020: sched_switch: prev_comm=adbd prev_pid=7096 prev_prio=120 prev_state=x ==> next_comm=adbd next_pid=1849 next_prio=120
            adbd-1849  [000] ...2   391.869237: sched_switch: prev_comm=adbd prev_pid=1849 prev_prio=120 prev_state=S ==> next_comm=sh next_pid=7095 next_prio=120
           <...>-7095  [000] ...3   391.869252: sched_switch: prev_comm=sh prev_pid=7095 prev_prio=120 prev_state=x ==> next_comm=swapper/0 next_pid=0 next_prio=120
          <idle>-0     [000] ...2   391.869285: sched_switch: prev_comm=swapper/0 prev_pid=0 prev_prio=120 prev_state=R ==> next_comm=ksoftirqd/0 next_pid=3 next_prio=120
     ksoftirqd/0-3     [000] ...2   391.869301: sched_switch: prev_comm=ksoftirqd/0 prev_pid=3 prev_prio=120 prev_state=S ==> next_comm=swapper/0 next_pid=0 next_prio=120
          <idle>-0     [000] ...2   391.869327: sched_switch: prev_comm=swapper/0 prev_pid=0 prev_prio=120 prev_state=R ==> next_comm=ksoftirqd/0 next_pid=3 next_prio=120
     ksoftirqd/0-3     [000] ...2   391.869341: sched_switch: prev_comm=ksoftirqd/0 prev_pid=3 prev_prio=120 prev_state=S ==> next_comm=swapper/0 next_pid=0 next_prio=120
          <idle>-0     [000] ...2   391.869365: sched_switch: prev_comm=swapper/0 prev_pid=0 prev_prio=120 prev_state=R ==> next_comm=ksoftirqd/0 next_pid=3 next_prio=120
     ksoftirqd/0-3     [000] ...2   391.869377: sched_switch: prev_comm=ksoftirqd/0 prev_pid=3 prev_prio=120 prev_state=S ==> next_comm=swapper/0 next_pid=0 next_prio=120
          traced-201   [001] ...2   391.869449: sched_switch: prev_comm=traced prev_pid=201 prev_prio=120 prev_state=R ==> next_comm=ple.kvbenchmark next_pid=3269 next_prio=120
           <...>-3269  [001] ...2   391.869500: sched_switch: prev_comm=ple.kvbenchmark prev_pid=3269 prev_prio=120 prev_state=S ==> next_comm=traced next_pid=201 next_prio=120
          traced-201   [001] ...2   391.870551: sched_switch: prev_comm=traced prev_pid=201 prev_prio=120 prev_state=R ==> next_comm=ple.kvbenchmark next_pid=3269 next_prio=120
           <...>-3269  [001] ...2   391.870598: sched_switch: prev_comm=ple.kvbenchmark prev_pid=3269 prev_prio=120 prev_state=S ==> next_comm=traced next_pid=201 next_prio=120
          traced-201   [001] ...2   391.871649: sched_switch: prev_comm=traced prev_pid=201 prev_prio=120 prev_state=R ==> next_comm=ple.kvbenchmark next_pid=3269 next_prio=120
           <...>-3269  [001] ...2   391.871697: sched_switch: prev_comm=ple.kvbenchmark prev_pid=3269 prev_prio=120 prev_state=S ==> next_comm=traced next_pid=201 next_prio=120
          traced-201   [001] ...2   391.872748: sched_switch: prev_comm=traced prev_pid=201 prev_prio=120 prev_state=R ==> next_comm=ple.kvbenchmark next_pid=3269 next_prio=120
           <...>-3269  [001] ...2   391.872794: sched_switch: prev_comm=ple.kvbenchmark prev_pid=3269 prev_prio=120 prev_state=S ==> next_comm=traced next_pid=201 next_prio=120
          traced-201   [001] ...2   391.873845: sched_switch: prev_comm=traced prev_pid=201 prev_prio=120 prev_state=R ==> next_comm=ple.kvbenchmark next_pid=3269 next_prio=120
           <...>-3269  [001] ...2   391.873890: sched_switch: prev_comm=ple.kvbenchmark prev_pid=3269 prev_prio=120 prev_state=S ==> next_comm=traced next_pid=201 next_prio=120
          traced-201   [001] ...2   391.874942: sched_switch: prev_comm=traced prev_pid=201 prev_prio=120 prev_state=R ==> next_comm=ple.kvbenchmark next_pid=3269 next_prio=120
           <...>-3269  [001] ...2   391.874988: sched_switch: prev_comm=ple.kvbenchmark prev_pid=3269 prev_prio=120 prev_state=S ==> next_comm=traced next_pid=201 next_prio=120
          traced-201   [001] ...2   391.876039: sched_switch: prev_comm=traced prev_pid=201 prev_prio=120 prev_state=R ==> next_comm=ple.kvbenchmark next_pid=3269 next_prio=120
           <...>-3269  [001] ...2   391.876085: sched_switch: prev_comm=ple.kvbenchmark prev_pid=3269 prev_prio=120 prev_state=S ==> next_comm=traced next_pid=201 next_prio=120
          traced-201   [001] ...2   391.877136: sched_switch: prev_comm=traced prev_pid=201 prev_prio=120 prev_state=R ==> next_comm=ple.kvbenchmark next_pid=3269 next_prio=120
           <...>-3269  [001] ...2   391.877184: sched_switch: prev_comm=ple.kvbenchmark prev_pid=3269 prev_prio=120 prev_state=S ==> next_comm=traced next_pid=201 next_prio=120
          traced-201   [001] ...2   391.878235: sched_switch: prev_comm=traced prev_pid=201 prev_prio=120 prev_state=R ==> next_comm=ple.kvbenchmark next_pid=3269 next_prio=120
           <...>-3269  [001] ...2   391.878280: sched_switch: prev_comm=ple.kvbenchmark prev_pid=3269 prev_prio=120 prev_state=S ==> next_comm=traced next_pid=201 next_prio=120
          traced-201   [001] ...2   391.879332: sched_switch: prev_comm=traced prev_pid=201 prev_prio=120 prev_state=R ==> next_comm=ple.kvbenchmark next_pid=3269 next_prio=120
           <...>-3269  [001] ...2   391.879377: sched_switch: prev_comm=ple.kvbenchmark prev_pid=3269 prev_prio=120 prev_state=S ==> next_comm=traced next_pid=201 next_prio=120
          traced-201   [001] ...2   391.880429: sched_switch: prev_comm=traced prev_pid=201 prev_prio=120 prev_state=R ==> next_comm=ple.kvbenchmark next_pid=3269 next_prio=120
           <...>-3269  [001] ...2   391.880477: sched_switch: prev_comm=ple.kvbenchmark prev_pid=3269 prev_prio=120 prev_state=S ==> next_comm=traced next_pid=201 next_prio=120
          traced-201   [001] ...2   391.881528: sched_switch: prev_comm=traced prev_pid=201 prev_prio=120 prev_state=R ==> next_comm=ple.kvbenchmark next_pid=3269 next_prio=120
           <...>-3269  [001] ...2   391.881573: sched_switch: prev_comm=ple.kvbenchmark prev_pid=3269 prev_prio=120 prev_state=S ==> next_comm=traced next_pid=201 next_prio=120
          traced-201   [001] ...2   391.882624: sched_switch: prev_comm=traced prev_pid=201 prev_prio=120 prev_state=R ==> next_comm=ple.kvbenchmark next_pid=3269 next_prio=120
           <...>-3269  [001] ...2   391.882670: sched_switch: prev_comm=ple.kvbenchmark prev_pid=3269 prev_prio=120 prev_state=S ==> next_comm=traced next_pid=201 next_prio=120
          traced-201   [001] ...2   391.883721: sched_switch: prev_comm=traced prev_pid=201 prev_prio=120 prev_state=R ==> next_comm=ple.kvbenchmark next_pid=3269 next_prio=120
           <...>-3269  [001] ...2   391.883765: sched_switch: prev_comm=ple.kvbenchmark prev_pid=3269 prev_prio=120 prev_state=S ==> next_comm=traced next_pid=201 next_prio=120
          <idle>-0     [000] ...2   391.884787: sched_switch: prev_comm=swapper/0 prev_pid=0 prev_prio=120 prev_state=R ==> next_comm=kworker/u:0 next_pid=6 next_prio=120
     kworker/u:0-6     [000] ...2   391.884810: sched_switch: prev_comm=kworker/u:0 prev_pid=6 prev_prio=120 prev_state=S ==> next_comm=mpdecision next_pid=1789 next_prio=113
          traced-201   [001] ...2   391.884817: sched_switch: prev_comm=traced prev_pid=201 prev_prio=120 prev_state=R ==> next_comm=ple.kvbenchmark next_pid=3269 next_prio=120
           <...>-3269  [001] ...2   391.884858: sched_switch: prev_comm=ple.kvbenchmark prev_pid=3269 prev_prio=120 prev_state=S ==> next_comm=traced next_pid=201 next_prio=120
      mpdecision-1789  [000] ...2   391.885212: sched_switch: prev_comm=mpdecision prev_pid=1789 prev_prio=113 prev_state=S ==> next_comm=swapper/0 next_pid=0 next_prio=120
          <idle>-0     [000] ...2   391.885237: sched_switch: prev_comm=swapper/0 prev_pid=0 prev_prio=120 prev_state=R ==> next_comm=ksoftirqd/0 next_pid=3 next_prio=120
     ksoftirqd/0-3     [000] ...2   391.885282: sched_switch: prev_comm=ksoftirqd/0 prev_pid=3 prev_prio=120 prev_state=S ==> next_comm=swapper/0 next_pid=0 next_prio=120
          <idle>-0     [000] ...2   391.885307: sched_switch: prev_comm=swapper/0 prev_pid=0 prev_prio=120 prev_state=R ==> next_comm=ksoftirqd/0 next_pid=3 next_prio=120
     ksoftirqd/0-3     [000] ...2   391.885320: sched_switch: prev_comm=ksoftirqd/0 prev_pid=3 prev_prio=120 prev_state=S ==> next_comm=swapper/0 next_pid=0 next_prio=120
          <idle>-0     [000] ...2   391.885344: sched_switch: prev_comm=swapper/0 prev_pid=0 prev_prio=120 prev_state=R ==> next_comm=ksoftirqd/0 next_pid=3 next_prio=120
     ksoftirqd/0-3     [000] ...2   391.885356: sched_switch: prev_comm=ksoftirqd/0 prev_pid=3 prev_prio=120 prev_state=S ==> next_comm=swapper/0 next_pid=0 next_prio=120
          traced-201   [001] ...2   391.885911: sched_switch: prev_comm=traced prev_pid=201 prev_prio=120 prev_state=R ==> next_comm=ple.kvbenchmark next_pid=3269 next_prio=120
           <...>-3269  [001] ...2   391.885960: sched_switch: prev_comm=ple.kvbenchmark prev_pid=3269 prev_prio=120 prev_state=S ==> next_comm=traced next_pid=201 next_prio=120
          traced-201   [001] ...2   391.887011: sched_switch: prev_comm=traced prev_pid=201 prev_prio=120 prev_state=R ==> next_comm=ple.kvbenchmark next_pid=3269 next_prio=120
           <...>-3269  [001] ...2   391.887057: sched_switch: prev_comm=ple.kvbenchmark prev_pid=3269 prev_prio=120 prev_state=S ==> next_comm=traced next_pid=201 next_prio=120
          <idle>-0     [000] ...2   391.887983: sched_switch: prev_comm=swapper/0 prev_pid=0 prev_prio=120 prev_state=R ==> next_comm=adbd next_pid=3127 next_prio=120
            adbd-3127  [000] ...2   391.888004: sched_switch: prev_comm=adbd prev_pid=3127 prev_prio=120 prev_state=S ==> next_comm=swapper/0 next_pid=0 next_prio=120
          traced-201   [001] ...2   391.888108: sched_switch: prev_comm=traced prev_pid=201 prev_prio=120 prev_state=R ==> next_comm=ple.kvbenchmark next_pid=3269 next_prio=120
           <...>-3269  [001] ...2   391.888153: sched_switch: prev_comm=ple.kvbenchmark prev_pid=3269 prev_prio=120 prev_state=S ==> next_comm=traced next_pid=201 next_prio=120
          <idle>-0     [000] ...2   391.888186: sched_switch: prev_comm=swapper/0 prev_pid=0 prev_prio=120 prev_state=R ==> next_comm=adbd next_pid=3127 next_prio=120
            adbd-3127  [000] ...2   391.888237: sched_switch: prev_comm=adbd prev_pid=3127 prev_prio=120 prev_state=S ==> next_comm=adbd next_pid=1849 next_prio=120
            adbd-1849  [000] ...2   391.889204: sched_switch: prev_comm=adbd prev_pid=1849 prev_prio=120 prev_state=D ==> next_comm=adbd next_pid=3126 next_prio=120
          traced-201   [001] ...2   391.889206: sched_switch: prev_comm=traced prev_pid=201 prev_prio=120 prev_state=R ==> next_comm=ple.kvbenchmark next_pid=3269 next_prio=120
           <...>-3269  [001] ...2   391.889258: sched_switch: prev_comm=ple.kvbenchmark prev_pid=3269 prev_prio=120 prev_state=S ==> next_comm=traced next_pid=201 next_prio=120
            adbd-3126  [000] ...2   391.889310: sched_switch: prev_comm=adbd prev_pid=3126 prev_prio=120 prev_state=S ==> next_comm=kworker/0:1 next_pid=15 next_prio=120
     kworker/0:1-15    [000] ...2   391.889342: sched_switch: prev_comm=kworker/0:1 prev_pid=15 prev_prio=120 prev_state=S ==> next_comm=adbd next_pid=1849 next_prio=120
            adbd-1849  [000] ...2   391.889406: sched_switch: prev_comm=adbd prev_pid=1849 prev_prio=120 prev_state=S ==> next_comm=adbd next_pid=7098 next_prio=120
           <...>-7098  [000] ...2   391.889443: sched_switch: prev_comm=adbd prev_pid=7098 prev_prio=120 prev_state=S ==> next_comm=adbd next_pid=7097 next_prio=120
          traced-201   [001] ...2   391.890310: sched_switch: prev_comm=traced prev_pid=201 prev_prio=120 prev_state=R ==> next_comm=ple.kvbenchmark next_pid=3269 next_prio=120
           <...>-3269  [001] ...2   391.890360: sched_switch: prev_comm=ple.kvbenchmark prev_pid=3269 prev_prio=120 prev_state=S ==> next_comm=traced next_pid=201 next_prio=120
          traced-201   [001] ...2   391.891412: sched_switch: prev_comm=traced prev_pid=201 prev_prio=120 prev_state=R ==> next_comm=ple.kvbenchmark next_pid=3269 next_prio=120
           <...>-3269  [001] ...2   391.891459: sched_switch: prev_comm=ple.kvbenchmark prev_pid=3269 prev_prio=120 prev_state=S ==> next_comm=traced next_pid=201 next_prio=120
          traced-201   [001] ...2   391.892511: sched_switch: prev_comm=traced prev_pid=201 prev_prio=120 prev_state=R ==> next_comm=ple.kvbenchmark next_pid=3269 next_prio=120
           <...>-3269  [001] ...2   391.892557: sched_switch: prev_comm=ple.kvbenchmark prev_pid=3269 prev_prio=120 prev_state=S ==> next_comm=traced next_pid=201 next_prio=120
          traced-201   [001] ...2   391.893608: sched_switch: prev_comm=traced prev_pid=201 prev_prio=120 prev_state=R ==> next_comm=ple.kvbenchmark next_pid=3269 next_prio=120
           <...>-3269  [001] ...2   391.893656: sched_switch: prev_comm=ple.kvbenchmark prev_pid=3269 prev_prio=120 prev_state=S ==> next_comm=traced next_pid=201 next_prio=120
          traced-201   [001] ...2   391.894707: sched_switch: prev_comm=traced prev_pid=201 prev_prio=120 prev_state=R ==> next_comm=ple.kvbenchmark next_pid=3269 next_prio=120
           <...>-3269  [001] ...2   391.894753: sched_switch: prev_comm=ple.kvbenchmark prev_pid=3269 prev_prio=120 prev_state=S ==> next_comm=traced next_pid=201 next_prio=120
          traced-201   [001] ...2   391.894784: sched_switch: prev_comm=traced prev_pid=201 prev_prio=120 prev_state=R ==> next_comm=kworker/1:1H next_pid=5943 next_prio=100
           <...>-7097  [000] ...2   391.894792: sched_switch: prev_comm=sh prev_pid=7097 prev_prio=120 prev_state=R ==> next_comm=kworker/0:3H next_pid=810 next_prio=100
    kworker/1:1H-5943  [001] ...2   391.894802: sched_switch: prev_comm=kworker/1:1H prev_pid=5943 prev_prio=100 prev_state=S ==> next_comm=traced next_pid=201 next_prio=120
    kworker/0:3H-810   [000] ...2   391.894824: sched_switch: prev_comm=kworker/0:3H prev_pid=810 prev_prio=100 prev_state=D ==> next_comm=kworker/0:1H next_pid=17 next_prio=100
    kworker/0:1H-17    [000] ...1   391.894833: cpu_frequency_switch_start: start=960000 end=960000 cpu_id=0
    kworker/0:1H-17    [000] ...1   391.894838: cpu_frequency_switch_end: cpu_id=0
    kworker/0:1H-17    [000] ...1   391.894840: cpu_frequency: state=960000 cpu_id=0
    kworker/0:1H-17    [000] ...2   391.894866: sched_switch: prev_comm=kworker/0:1H prev_pid=17 prev_prio=100 prev_state=S ==> next_comm=kworker/0:3H next_pid=810 next_prio=100
    kworker/0:3H-810   [000] ...2   391.894879: sched_switch: prev_comm=kworker/0:3H prev_pid=810 prev_prio=100 prev_state=S ==> next_comm=sh next_pid=7097 next_prio=120
          traced-201   [001] ...2   391.895805: sched_switch: prev_comm=traced prev_pid=201 prev_prio=120 prev_state=R ==> next_comm=ple.kvbenchmark next_pid=3269 next_prio=120
           <...>-3269  [001] ...2   391.895852: sched_switch: prev_comm=ple.kvbenchmark prev_pid=3269 prev_prio=120 prev_state=S ==> next_comm=traced next_pid=201 next_prio=120
          traced-201   [001] ...2   391.896904: sched_switch: prev_comm=traced prev_pid=201 prev_prio=120 prev_state=R ==> next_comm=ple.kvbenchmark next_pid=3269 next_prio=120
           <...>-3269  [001] ...2   391.896952: sched_switch: prev_comm=ple.kvbenchmark prev_pid=3269 prev_prio=120 prev_state=S ==> next_comm=traced next_pid=201 next_prio=120
          traced-201   [001] ...2   391.898002: sched_switch: prev_comm=traced prev_pid=201 prev_prio=120 prev_state=R ==> next_comm=ple.kvbenchmark next_pid=3269 next_prio=120
           <...>-3269  [001] ...2   391.898047: sched_switch: prev_comm=ple.kvbenchmark prev_pid=3269 prev_prio=120 prev_state=S ==> next_comm=traced next_pid=201 next_prio=120
          traced-201   [001] ...2   391.899101: sched_switch: prev_comm=traced prev_pid=201 prev_prio=120 prev_state=R ==> next_comm=ple.kvbenchmark next_pid=3269 next_prio=120
           <...>-3269  [001] ...2   391.899154: sched_switch: prev_comm=ple.kvbenchmark prev_pid=3269 prev_prio=120 prev_state=S ==> next_comm=traced next_pid=201 next_prio=120
          traced-201   [001] ...2   391.900207: sched_switch: prev_comm=traced prev_pid=201 prev_prio=120 prev_state=R ==> next_comm=ple.kvbenchmark next_pid=3269 next_prio=120
           <...>-3269  [001] ...2   391.900254: sched_switch: prev_comm=ple.kvbenchmark prev_pid=3269 prev_prio=120 prev_state=S ==> next_comm=traced next_pid=201 next_prio=120
          traced-201   [001] ...2   391.901308: sched_switch: prev_comm=traced prev_pid=201 prev_prio=120 prev_state=R ==> next_comm=ple.kvbenchmark next_pid=3269 next_prio=120
           <...>-3269  [001] ...2   391.901357: sched_switch: prev_comm=ple.kvbenchmark prev_pid=3269 prev_prio=120 prev_state=S ==> next_comm=traced next_pid=201 next_prio=120
           <...>-7097  [000] ...2   391.901583: sched_switch: prev_comm=sh prev_pid=7097 prev_prio=120 prev_state=R+ ==> next_comm=kworker/0:1 next_pid=15 next_prio=120
     kworker/0:1-15    [000] ...2   391.901608: sched_switch: prev_comm=kworker/0:1 prev_pid=15 prev_prio=120 prev_state=S ==> next_comm=adbd next_pid=1849 next_prio=120
            adbd-1849  [000] ...2   391.901917: sched_switch: prev_comm=adbd prev_pid=1849 prev_prio=120 prev_state=S ==> next_comm=adbd next_pid=3126 next_prio=120
            adbd-3126  [000] ...2   391.902009: sched_switch: prev_comm=adbd prev_pid=3126 prev_prio=120 prev_state=S ==> next_comm=sh next_pid=7097 next_prio=120
           <...>-7097  [000] ...2   391.902030: sched_switch: prev_comm=sh prev_pid=7097 prev_prio=120 prev_state=R+ ==> next_comm=kworker/0:1 next_pid=15 next_prio=120
     kworker/0:1-15    [000] ...2   391.902044: sched_switch: prev_comm=kworker/0:1 prev_pid=15 prev_prio=120 prev_state=S ==> next_comm=sh next_pid=7097 next_prio=120
           <...>-7097  [000] ...2   391.902062: sched_switch: prev_comm=sh prev_pid=7097 prev_prio=120 prev_state=R+ ==> next_comm=kworker/0:1 next_pid=15 next_prio=120
     kworker/0:1-15    [000] ...2   391.902076: sched_switch: prev_comm=kworker/0:1 prev_pid=15 prev_prio=120 prev_state=S ==> next_comm=sh next_pid=7097 next_prio=120
           <...>-7097  [000] ...2   391.902112: sched_switch: prev_comm=sh prev_pid=7097 prev_prio=120 prev_state=R+ ==> next_comm=kworker/0:1 next_pid=15 next_prio=120
     kworker/0:1-15    [000] ...2   391.902126: sched_switch: prev_comm=kworker/0:1 prev_pid=15 prev_prio=120 prev_state=S ==> next_comm=sh next_pid=7097 next_prio=120
           <...>-7097  [000] ...2   391.902144: sched_switch: prev_comm=sh prev_pid=7097 prev_prio=120 prev_state=R+ ==> next_comm=kworker/0:1 next_pid=15 next_prio=120
     kworker/0:1-15    [000] ...2   391.902157: sched_switch: prev_comm=kworker/0:1 prev_pid=15 prev_prio=120 prev_state=S ==> next_comm=sh next_pid=7097 next_prio=120
           <...>-7097  [000] ...2   391.902173: sched_switch: prev_comm=sh prev_pid=7097 prev_prio=120 prev_state=R+ ==> next_comm=kworker/0:1 next_pid=15 next_prio=120
     kworker/0:1-15    [000] ...2   391.902186: sched_switch: prev_comm=kworker/0:1 prev_pid=15 prev_prio=120 prev_state=S ==> next_comm=sh next_pid=7097 next_prio=120
           <...>-7097  [000] ...2   391.902205: sched_switch: prev_comm=sh prev_pid=7097 prev_prio=120 prev_state=R+ ==> next_comm=kworker/0:1 next_pid=15 next_prio=120
     kworker/0:1-15    [000] ...2   391.902219: sched_switch: prev_comm=kworker/0:1 prev_pid=15 prev_prio=120 prev_state=S ==> next_comm=sh next_pid=7097 next_prio=120
           <...>-7097  [000] ...2   391.902234: sched_switch: prev_comm=sh prev_pid=7097 prev_prio=120 prev_state=R+ ==> next_comm=kworker/0:1 next_pid=15 next_prio=120
     kworker/0:1-15    [000] ...2   391.902254: sched_switch: prev_comm=kworker/0:1 prev_pid=15 prev_prio=120 prev_state=S ==> next_comm=sh next_pid=7097 next_prio=120
           <...>-7097  [000] ...2   391.902271: sched_switch: prev_comm=sh prev_pid=7097 prev_prio=120 prev_state=R+ ==> next_comm=kworker/0:1 next_pid=15 next_prio=120
     kworker/0:1-15    [000] ...2   391.902284: sched_switch: prev_comm=kworker/0:1 prev_pid=15 prev_prio=120 prev_state=S ==> next_comm=sh next_pid=7097 next_prio=120
           <...>-7097  [000] ...2   391.902300: sched_switch: prev_comm=sh prev_pid=7097 prev_prio=120 prev_state=R+ ==> next_comm=kworker/0:1 next_pid=15 next_prio=120
     kworker/0:1-15    [000] ...2   391.902313: sched_switch: prev_comm=kworker/0:1 prev_pid=15 prev_prio=120 prev_state=S ==> next_comm=sh next_pid=7097 next_prio=120
           <...>-7097  [000] ...2   391.902355: sched_switch: prev_comm=sh prev_pid=7097 prev_prio=120 prev_state=R+ ==> next_comm=kworker/0:1 next_pid=15 next_prio=120
     kworker/0:1-15    [000] ...2   391.902380: sched_switch: prev_comm=kworker/0:1 prev_pid=15 prev_prio=120 prev_state=S ==> next_comm=sh next_pid=7097 next_prio=120
           <...>-7097  [000] ...2   391.902406: sched_switch: prev_comm=sh prev_pid=7097 prev_prio=120 prev_state=R+ ==> next_comm=adbd next_pid=3127 next_prio=120
          traced-201   [001] ...2   391.902409: sched_switch: prev_comm=traced prev_pid=201 prev_prio=120 prev_state=R ==> next_comm=ple.kvbenchmark next_pid=3269 next_prio=120
           <...>-3269  [001] ...2   391.902457: sched_switch: prev_comm=ple.kvbenchmark prev_pid=3269 prev_prio=120 prev_state=S ==> next_comm=traced next_pid=201 next_prio=120
            adbd-3127  [000] ...2   391.902467: sched_switch: prev_comm=adbd prev_pid=3127 prev_prio=120 prev_state=S ==> next_comm=adbd next_pid=1849 next_prio=120
            adbd-1849  [000] ...2   391.902831: sched_switch: prev_comm=adbd prev_pid=1849 prev_prio=120 prev_state=S ==> next_comm=adbd next_pid=3126 next_prio=120
            adbd-3126  [000] ...2   391.902907: sched_switch: prev_comm=adbd prev_pid=3126 prev_prio=120 prev_state=S ==> next_comm=sh next_pid=7097 next_prio=120
           <...>-7097  [000] ...2   391.902924: sched_switch: prev_comm=sh prev_pid=7097 prev_prio=120 prev_state=R+ ==> next_comm=kworker/0:1 next_pid=15 next_prio=120
     kworker/0:1-15    [000] ...2   391.902938: sched_switch: prev_comm=kworker/0:1 prev_pid=15 prev_prio=120 prev_state=S ==> next_comm=sh next_pid=7097 next_prio=120
           <...>-7097  [000] ...2   391.902955: sched_switch: prev_comm=sh prev_pid=7097 prev_prio=120 prev_state=R+ ==> next_comm=kworker/0:1 next_pid=15 next_prio=120
     kworker/0:1-15    [000] ...2   391.902979: sched_switch: prev_comm=kworker/0:1 prev_pid=15 prev_prio=120 prev_state=S ==> next_comm=sh next_pid=7097 next_prio=120
           <...>-7097  [000] ...2   391.902996: sched_switch: prev_comm=sh prev_pid=7097 prev_prio=120 prev_state=R+ ==> next_comm=kworker/0:1 next_pid=15 next_prio=120
     kworker/0:1-15    [000] ...2   391.903017: sched_switch: prev_comm=kworker/0:1 prev_pid=15 prev_prio=120 prev_state=S ==> next_comm=sh next_pid=7097 next_prio=120
           <...>-7097  [000] ...2   391.903034: sched_switch: prev_comm=sh prev_pid=7097 prev_prio=120 prev_state=R+ ==> next_comm=kworker/0:1 next_pid=15 next_prio=120
     kworker/0:1-15    [000] ...2   391.903047: sched_switch: prev_comm=kworker/0:1 prev_pid=15 prev_prio=120 prev_state=S ==> next_comm=sh next_pid=7097 next_prio=120
