           <...>-7536  [001] ...2   405.715869: sched_switch: prev_comm=ple.kvbenchmark prev_pid=7536 prev_prio=120 prev_state=S ==> next_comm=traced next_pid=202 next_prio=120
          traced-202   [001] ...2   405.716920: sched_switch: prev_comm=traced prev_pid=202 prev_prio=120 prev_state=R ==> next_comm=ple.kvbenchmark next_pid=7536 next_prio=120
           <...>-7536  [001] ...2   405.717194: sched_switch: prev_comm=ple.kvbenchmark prev_pid=7536 prev_prio=120 prev_state=S ==> next_comm=traced next_pid=202 next_prio=120
          traced-202   [001] ...2   405.718245: sched_switch: prev_comm=traced prev_pid=202 prev_prio=120 prev_state=R ==> next_comm=ple.kvbenchmark next_pid=7536 next_prio=120
           <...>-7536  [001] ...2   405.718520: sched_switch: prev_comm=ple.kvbenchmark prev_pid=7536 prev_prio=120 prev_state=S ==> next_comm=traced next_pid=202 next_prio=120
          traced-202   [001] ...2   405.719571: sched_switch: prev_comm=traced prev_pid=202 prev_prio=120 prev_state=R ==> next_comm=ple.kvbenchmark next_pid=7536 next_prio=120
           <...>-7536  [001] ...2   405.719759: sched_switch: prev_comm=ple.kvbenchmark prev_pid=7536 prev_prio=120 prev_state=S ==> next_comm=traced next_pid=202 next_prio=120
          traced-202   [001] ...2   405.720810: sched_switch: prev_comm=traced prev_pid=202 prev_prio=120 prev_state=R ==> next_comm=ple.kvbenchmark next_pid=7536 next_prio=120
           <...>-7536  [001] ...2   405.720855: sched_switch: prev_comm=ple.kvbenchmark prev_pid=7536 prev_prio=120 prev_state=S ==> next_comm=traced next_pid=202 next_prio=120
          <idle>-0     [000] ...2   405.721363: sched_switch: prev_comm=swapper/0 prev_pid=0 prev_prio=120 prev_state=R ==> next_comm=kworker/u:2 next_pid=80 next_prio=120
     kworker/u:2-80    [000] ...2   405.721375: sched_switch: prev_comm=kworker/u:2 prev_pid=80 prev_prio=120 prev_state=S ==> next_comm=mpdecision next_pid=1738 next_prio=113
      mpdecision-1738  [000] ...2   405.721587: sched_switch: prev_comm=mpdecision prev_pid=1738 prev_prio=113 prev_state=S ==> next_comm=swapper/0 next_pid=0 next_prio=120
          <idle>-0     [000] ...2   405.721603: sched_switch: prev_comm=swapper/0 prev_pid=0 prev_prio=120 prev_state=R ==> next_comm=ksoftirqd/0 next_pid=3 next_prio=120
           <...>-3     [000] ...2   405.721612: sched_switch: prev_comm=ksoftirqd/0 prev_pid=3 prev_prio=120 prev_state=S ==> next_comm=swapper/0 next_pid=0 next_prio=120
          <idle>-0     [000] ...2   405.721629: sched_switch: prev_comm=swapper/0 prev_pid=0 prev_prio=120 prev_state=R ==> next_comm=ksoftirqd/0 next_pid=3 next_prio=120
           <...>-3     [000] ...2   405.721637: sched_switch: prev_comm=ksoftirqd/0 prev_pid=3 prev_prio=120 prev_state=S ==> next_comm=swapper/0 next_pid=0 next_prio=120
          <idle>-0     [000] ...2   405.721653: sched_switch: prev_comm=swapper/0 prev_pid=0 prev_prio=120 prev_state=R ==> next_comm=ksoftirqd/0 next_pid=3 next_prio=120
           <...>-3     [000] ...2   405.721661: sched_switch: prev_comm=ksoftirqd/0 prev_pid=3 prev_prio=120 prev_state=S ==> next_comm=swapper/0 next_pid=0 next_prio=120
          traced-202   [001] ...2   405.721906: sched_switch: prev_comm=traced prev_pid=202 prev_prio=120 prev_state=R ==> next_comm=ple.kvbenchmark next_pid=7536 next_prio=120
           <...>-7536  [001] ...2   405.721955: sched_switch: prev_comm=ple.kvbenchmark prev_pid=7536 prev_prio=120 prev_state=S ==> next_comm=traced next_pid=202 next_prio=120
          traced-202   [001] ...2   405.723006: sched_switch: prev_comm=traced prev_pid=202 prev_prio=120 prev_state=R ==> next_comm=ple.kvbenchmark next_pid=7536 next_prio=120
           <...>-7536  [001] ...2   405.723107: sched_switch: prev_comm=ple.kvbenchmark prev_pid=7536 prev_prio=120 prev_state=S ==> next_comm=traced next_pid=202 next_prio=120
          traced-202   [001] ...2   405.724158: sched_switch: prev_comm=traced prev_pid=202 prev_prio=120 prev_state=R ==> next_comm=ple.kvbenchmark next_pid=7536 next_prio=120
           <...>-7536  [001] ...2   405.724204: sched_switch: prev_comm=ple.kvbenchmark prev_pid=7536 prev_prio=120 prev_state=S ==> next_comm=traced next_pid=202 next_prio=120
          traced-202   [001] ...2   405.725256: sched_switch: prev_comm=traced prev_pid=202 prev_prio=120 prev_state=R ==> next_comm=ple.kvbenchmark next_pid=7536 next_prio=120
           <...>-7536  [001] ...2   405.725299: sched_switch: prev_comm=ple.kvbenchmark prev_pid=7536 prev_prio=120 prev_state=S ==> next_comm=traced next_pid=202 next_prio=120
          traced-202   [001] ...2   405.726351: sched_switch: prev_comm=traced prev_pid=202 prev_prio=120 prev_state=R ==> next_comm=ple.kvbenchmark next_pid=7536 next_prio=120
           <...>-7536  [001] ...2   405.726395: sched_switch: prev_comm=ple.kvbenchmark prev_pid=7536 prev_prio=120 prev_state=S ==> next_comm=traced next_pid=202 next_prio=120
          traced-202   [001] ...2   405.727446: sched_switch: prev_comm=traced prev_pid=202 prev_prio=120 prev_state=R ==> next_comm=ple.kvbenchmark next_pid=7536 next_prio=120
           <...>-7536  [001] ...2   405.727690: sched_switch: prev_comm=ple.kvbenchmark prev_pid=7536 prev_prio=120 prev_state=S ==> next_comm=traced next_pid=202 next_prio=120
          traced-202   [001] ...2   405.728741: sched_switch: prev_comm=traced prev_pid=202 prev_prio=120 prev_state=R ==> next_comm=ple.kvbenchmark next_pid=7536 next_prio=120
           <...>-7536  [001] ...2   405.728795: sched_switch: prev_comm=ple.kvbenchmark prev_pid=7536 prev_prio=120 prev_state=S ==> next_comm=traced next_pid=202 next_prio=120
          traced-202   [001] ...2   405.729846: sched_switch: prev_comm=traced prev_pid=202 prev_prio=120 prev_state=R ==> next_comm=ple.kvbenchmark next_pid=7536 next_prio=120
           <...>-7536  [001] ...2   405.729892: sched_switch: prev_comm=ple.kvbenchmark prev_pid=7536 prev_prio=120 prev_state=S ==> next_comm=traced next_pid=202 next_prio=120
          traced-202   [001] ...2   405.730943: sched_switch: prev_comm=traced prev_pid=202 prev_prio=120 prev_state=R ==> next_comm=ple.kvbenchmark next_pid=7536 next_prio=120
           <...>-7536  [001] ...2   405.731102: sched_switch: prev_comm=ple.kvbenchmark prev_pid=7536 prev_prio=120 prev_state=S ==> next_comm=traced next_pid=202 next_prio=120
          traced-202   [001] ...2   405.732153: sched_switch: prev_comm=traced prev_pid=202 prev_prio=120 prev_state=R ==> next_comm=ple.kvbenchmark next_pid=7536 next_prio=120
           <...>-7536  [001] ...2   405.732226: sched_switch: prev_comm=ple.kvbenchmark prev_pid=7536 prev_prio=120 prev_state=S ==> next_comm=traced next_pid=202 next_prio=120
          traced-202   [001] ...2   405.733278: sched_switch: prev_comm=traced prev_pid=202 prev_prio=120 prev_state=R ==> next_comm=ple.kvbenchmark next_pid=7536 next_prio=120
           <...>-7536  [001] ...2   405.733325: sched_switch: prev_comm=ple.kvbenchmark prev_pid=7536 prev_prio=120 prev_state=S ==> next_comm=traced next_pid=202 next_prio=120
          traced-202   [001] ...2   405.734377: sched_switch: prev_comm=traced prev_pid=202 prev_prio=120 prev_state=R ==> next_comm=ple.kvbenchmark next_pid=7536 next_prio=120
           <...>-7536  [001] ...2   405.734464: sched_switch: prev_comm=ple.kvbenchmark prev_pid=7536 prev_prio=120 prev_state=S ==> next_comm=traced next_pid=202 next_prio=120
          traced-202   [001] ...2   405.735515: sched_switch: prev_comm=traced prev_pid=202 prev_prio=120 prev_state=R ==> next_comm=ple.kvbenchmark next_pid=7536 next_prio=120
           <...>-7536  [001] ...2   405.735561: sched_switch: prev_comm=ple.kvbenchmark prev_pid=7536 prev_prio=120 prev_state=S ==> next_comm=traced next_pid=202 next_prio=120
          traced-202   [001] ...2   405.736612: sched_switch: prev_comm=traced prev_pid=202 prev_prio=120 prev_state=R ==> next_comm=ple.kvbenchmark next_pid=7536 next_prio=120
           <...>-7536  [001] ...2   405.736879: sched_switch: prev_comm=ple.kvbenchmark prev_pid=7536 prev_prio=120 prev_state=S ==> next_comm=traced next_pid=202 next_prio=120
          traced-202   [001] ...2   405.737930: sched_switch: prev_comm=traced prev_pid=202 prev_prio=120 prev_state=R ==> next_comm=ple.kvbenchmark next_pid=7536 next_prio=120
           <...>-7536  [001] ...2   405.737979: sched_switch: prev_comm=ple.kvbenchmark prev_pid=7536 prev_prio=120 prev_state=S ==> next_comm=traced next_pid=202 next_prio=120
          traced-202   [001] ...2   405.739030: sched_switch: prev_comm=traced prev_pid=202 prev_prio=120 prev_state=R ==> next_comm=ple.kvbenchmark next_pid=7536 next_prio=120
           <...>-7536  [001] ...2   405.739074: sched_switch: prev_comm=ple.kvbenchmark prev_pid=7536 prev_prio=120 prev_state=S ==> next_comm=traced next_pid=202 next_prio=120
          traced-202   [001] ...2   405.740126: sched_switch: prev_comm=traced prev_pid=202 prev_prio=120 prev_state=R ==> next_comm=ple.kvbenchmark next_pid=7536 next_prio=120
           <...>-7536  [001] ...2   405.740421: sched_switch: prev_comm=ple.kvbenchmark prev_pid=7536 prev_prio=120 prev_state=S ==> next_comm=traced next_pid=202 next_prio=120
          traced-202   [001] ...2   405.741472: sched_switch: prev_comm=traced prev_pid=202 prev_prio=120 prev_state=R ==> next_comm=ple.kvbenchmark next_pid=7536 next_prio=120
           <...>-7536  [001] ...2   405.741519: sched_switch: prev_comm=ple.kvbenchmark prev_pid=7536 prev_prio=120 prev_state=S ==> next_comm=traced next_pid=202 next_prio=120
          traced-202   [001] ...2   405.742570: sched_switch: prev_comm=traced prev_pid=202 prev_prio=120 prev_state=R ==> next_comm=ple.kvbenchmark next_pid=7536 next_prio=120
           <...>-7536  [001] ...2   405.742616: sched_switch: prev_comm=ple.kvbenchmark prev_pid=7536 prev_prio=120 prev_state=S ==> next_comm=traced next_pid=202 next_prio=120
          traced-202   [001] ...2   405.743667: sched_switch: prev_comm=traced prev_pid=202 prev_prio=120 prev_state=R ==> next_comm=ple.kvbenchmark next_pid=7536 next_prio=120
           <...>-7536  [001] ...2   405.743713: sched_switch: prev_comm=ple.kvbenchmark prev_pid=7536 prev_prio=120 prev_state=S ==> next_comm=traced next_pid=202 next_prio=120
          traced-202   [001] ...2   405.744765: sched_switch: prev_comm=traced prev_pid=202 prev_prio=120 prev_state=R ==> next_comm=ple.kvbenchmark next_pid=7536 next_prio=120
           <...>-7536  [001] ...2   405.745004: sched_switch: prev_comm=ple.kvbenchmark prev_pid=7536 prev_prio=120 prev_state=S ==> next_comm=traced next_pid=202 next_prio=120
          traced-202   [001] ...2   405.746055: sched_switch: prev_comm=traced prev_pid=202 prev_prio=120 prev_state=R ==> next_comm=ple.kvbenchmark next_pid=7536 next_prio=120
          <idle>-0     [000] ...2   405.746068: sched_switch: prev_comm=swapper/0 prev_pid=0 prev_prio=120 prev_state=R ==> next_comm=kworker/u:2 next_pid=80 next_prio=120
     kworker/u:2-80    [000] ...2   405.746104: sched_switch: prev_comm=kworker/u:2 prev_pid=80 prev_prio=120 prev_state=S ==> next_comm=kworker/u:4 next_pid=7452 next_prio=120
     kworker/u:4-7452  [000] ...2   405.746110: sched_switch: prev_comm=kworker/u:4 prev_pid=7452 prev_prio=120 prev_state=S ==> next_comm=sensors.qcom next_pid=859 next_prio=120
    sensors.qcom-859   [000] ...2   405.746166: sched_switch: prev_comm=sensors.qcom prev_pid=859 prev_prio=120 prev_state=S ==> next_comm=sensors.qcom next_pid=733 next_prio=120
    sensors.qcom-733   [000] ...2   405.746201: sched_switch: prev_comm=sensors.qcom prev_pid=733 prev_prio=120 prev_state=S ==> next_comm=system_server next_pid=732 next_prio=118
   system_server-732   [000] ...2   405.746302: sched_switch: prev_comm=system_server prev_pid=732 prev_prio=118 prev_state=S ==> next_comm=ksoftirqd/0 next_pid=3 next_prio=120
           <...>-3     [000] ...2   405.746318: sched_switch: prev_comm=ksoftirqd/0 prev_pid=3 prev_prio=120 prev_state=S ==> next_comm=system_server next_pid=740 next_prio=118
           <...>-7536  [001] ...2   405.746324: sched_switch: prev_comm=ple.kvbenchmark prev_pid=7536 prev_prio=120 prev_state=S ==> next_comm=traced next_pid=202 next_prio=120
   system_server-740   [000] ...2   405.746335: sched_switch: prev_comm=system_server prev_pid=740 prev_prio=118 prev_state=S ==> next_comm=swapper/0 next_pid=0 next_prio=120
          traced-202   [001] ...2   405.747375: sched_switch: prev_comm=traced prev_pid=202 prev_prio=120 prev_state=R ==> next_comm=ple.kvbenchmark next_pid=7536 next_prio=120
           <...>-7536  [001] ...2   405.747424: sched_switch: prev_comm=ple.kvbenchmark prev_pid=7536 prev_prio=120 prev_state=S ==> next_comm=traced next_pid=202 next_prio=120
          traced-202   [001] ...2   405.748475: sched_switch: prev_comm=traced prev_pid=202 prev_prio=120 prev_state=R ==> next_comm=ple.kvbenchmark next_pid=7536 next_prio=120
           <...>-7536  [001] ...2   405.748658: sched_switch: prev_comm=ple.kvbenchmark prev_pid=7536 prev_prio=120 prev_state=S ==> next_comm=traced next_pid=202 next_prio=120
          traced-202   [001] ...2   405.749711: sched_switch: prev_comm=traced prev_pid=202 prev_prio=120 prev_state=R ==> next_comm=ple.kvbenchmark next_pid=7536 next_prio=120
           <...>-7536  [001] ...2   405.749757: sched_switch: prev_comm=ple.kvbenchmark prev_pid=7536 prev_prio=120 prev_state=S ==> next_comm=traced next_pid=202 next_prio=120
          traced-202   [001] ...2   405.750808: sched_switch: prev_comm=traced prev_pid=202 prev_prio=120 prev_state=R ==> next_comm=ple.kvbenchmark next_pid=7536 next_prio=120
           <...>-7536  [001] ...2   405.751077: sched_switch: prev_comm=ple.kvbenchmark prev_pid=7536 prev_prio=120 prev_state=S ==> next_comm=traced next_pid=202 next_prio=120
          <idle>-0     [000] ...2   405.751369: sched_switch: prev_comm=swapper/0 prev_pid=0 prev_prio=120 prev_state=R ==> next_comm=kworker/0:2H next_pid=177 next_prio=100
    kworker/0:2H-177   [000] ...2   405.751388: sched_switch: prev_comm=kworker/0:2H prev_pid=177 prev_prio=100 prev_state=D ==> next_comm=kworker/0:1 next_pid=15 next_prio=120
     kworker/0:1-15    [000] ...2   405.751535: sched_switch: prev_comm=kworker/0:1 prev_pid=15 prev_prio=120 prev_state=D ==> next_comm=kworker/0:1H next_pid=17 next_prio=100
    kworker/0:1H-17    [000] ...1   405.751539: cpu_frequency_switch_start: start=2265600 end=960000 cpu_id=0
    kworker/0:1H-17    [000] ...2   405.751594: sched_switch: prev_comm=kworker/0:1H prev_pid=17 prev_prio=100 prev_state=D ==> next_comm=swapper/0 next_pid=0 next_prio=120
          <idle>-0     [000] ...2   405.751674: sched_switch: prev_comm=swapper/0 prev_pid=0 prev_prio=120 prev_state=R ==> next_comm=kworker/u:0H next_pid=7 next_prio=100
    kworker/u:0H-7     [000] ...2   405.751710: sched_switch: prev_comm=kworker/u:0H prev_pid=7 prev_prio=100 prev_state=D ==> next_comm=kworker/0:1 next_pid=15 next_prio=120
     kworker/0:1-15    [000] ...2   405.751849: sched_switch: prev_comm=kworker/0:1 prev_pid=15 prev_prio=120 prev_state=D ==> next_comm=swapper/0 next_pid=0 next_prio=120
          <idle>-0     [000] ...2   405.751994: sched_switch: prev_comm=swapper/0 prev_pid=0 prev_prio=120 prev_state=R ==> next_comm=kworker/u:0H next_pid=7 next_prio=100
    kworker/u:0H-7     [000] ...2   405.752028: sched_switch: prev_comm=kworker/u:0H prev_pid=7 prev_prio=100 prev_state=D ==> next_comm=kworker/0:1 next_pid=15 next_prio=120
     kworker/0:1-15    [000] ...2   405.752106: sched_switch: prev_comm=kworker/0:1 prev_pid=15 prev_prio=120 prev_state=D ==> next_comm=swapper/0 next_pid=0 next_prio=120
          traced-202   [001] ...2   405.752128: sched_switch: prev_comm=traced prev_pid=202 prev_prio=120 prev_state=R ==> next_comm=ple.kvbenchmark next_pid=7536 next_prio=120
          <idle>-0     [000] ...2   405.752316: sched_switch: prev_comm=swapper/0 prev_pid=0 prev_prio=120 prev_state=R ==> next_comm=kworker/u:0H next_pid=7 next_prio=100
    kworker/u:0H-7     [000] ...2   405.752349: sched_switch: prev_comm=kworker/u:0H prev_pid=7 prev_prio=100 prev_state=D ==> next_comm=kworker/0:1 next_pid=15 next_prio=120
           <...>-7536  [001] ...2   405.752392: sched_switch: prev_comm=ple.kvbenchmark prev_pid=7536 prev_prio=120 prev_state=S ==> next_comm=traced next_pid=202 next_prio=120
     kworker/0:1-15    [000] ...2   405.752428: sched_switch: prev_comm=kworker/0:1 prev_pid=15 prev_prio=120 prev_state=D ==> next_comm=swapper/0 next_pid=0 next_prio=120
          <idle>-0     [000] ...2   405.752646: sched_switch: prev_comm=swapper/0 prev_pid=0 prev_prio=120 prev_state=R ==> next_comm=kworker/u:0H next_pid=7 next_prio=100
    kworker/u:0H-7     [000] ...2   405.752679: sched_switch: prev_comm=kworker/u:0H prev_pid=7 prev_prio=100 prev_state=D ==> next_comm=kworker/0:1 next_pid=15 next_prio=120
     kworker/0:1-15    [000] ...2   405.752792: sched_switch: prev_comm=kworker/0:1 prev_pid=15 prev_prio=120 prev_state=D ==> next_comm=swapper/0 next_pid=0 next_prio=120
          <idle>-0     [000] ...2   405.752988: sched_switch: prev_comm=swapper/0 prev_pid=0 prev_prio=120 prev_state=R ==> next_comm=kworker/u:0H next_pid=7 next_prio=100
    kworker/u:0H-7     [000] ...2   405.753021: sched_switch: prev_comm=kworker/u:0H prev_pid=7 prev_prio=100 prev_state=D ==> next_comm=kworker/0:1 next_pid=15 next_prio=120
     kworker/0:1-15    [000] ...2   405.753106: sched_switch: prev_comm=kworker/0:1 prev_pid=15 prev_prio=120 prev_state=D ==> next_comm=swapper/0 next_pid=0 next_prio=120
          <idle>-0     [000] ...2   405.753319: sched_switch: prev_comm=swapper/0 prev_pid=0 prev_prio=120 prev_state=R ==> next_comm=kworker/u:0H next_pid=7 next_prio=100
    kworker/u:0H-7     [000] ...2   405.753353: sched_switch: prev_comm=kworker/u:0H prev_pid=7 prev_prio=100 prev_state=D ==> next_comm=kworker/0:1 next_pid=15 next_prio=120
     kworker/0:1-15    [000] ...2   405.753430: sched_switch: prev_comm=kworker/0:1 prev_pid=15 prev_prio=120 prev_state=D ==> next_comm=swapper/0 next_pid=0 next_prio=120
          traced-202   [001] ...2   405.753442: sched_switch: prev_comm=traced prev_pid=202 prev_prio=120 prev_state=R ==> next_comm=ple.kvbenchmark next_pid=7536 next_prio=120
           <...>-7536  [001] ...2   405.753631: sched_switch: prev_comm=ple.kvbenchmark prev_pid=7536 prev_prio=120 prev_state=S ==> next_comm=traced next_pid=202 next_prio=120
          <idle>-0     [000] ...2   405.753654: sched_switch: prev_comm=swapper/0 prev_pid=0 prev_prio=120 prev_state=R ==> next_comm=kworker/u:0H next_pid=7 next_prio=100
    kworker/u:0H-7     [000] ...2   405.753687: sched_switch: prev_comm=kworker/u:0H prev_pid=7 prev_prio=100 prev_state=D ==> next_comm=kworker/0:1 next_pid=15 next_prio=120
     kworker/0:1-15    [000] ...2   405.753713: sched_switch: prev_comm=kworker/0:1 prev_pid=15 prev_prio=120 prev_state=R+ ==> next_comm=kworker/0:1H next_pid=17 next_prio=100
    kworker/0:1H-17    [000] ...1   405.753754: cpu_frequency_switch_end: cpu_id=0
    kworker/0:1H-17    [000] ...1   405.753757: cpu_frequency: state=960000 cpu_id=0
    kworker/0:1H-17    [000] ...2   405.753784: sched_switch: prev_comm=kworker/0:1H prev_pid=17 prev_prio=100 prev_state=S ==> next_comm=kworker/0:2H next_pid=177 next_prio=100
    kworker/0:2H-177   [000] ...2   405.753798: sched_switch: prev_comm=kworker/0:2H prev_pid=177 prev_prio=100 prev_state=S ==> next_comm=kworker/0:1 next_pid=15 next_prio=120
     kworker/0:1-15    [000] ...2   405.753819: sched_switch: prev_comm=kworker/0:1 prev_pid=15 prev_prio=120 prev_state=S ==> next_comm=swapper/0 next_pid=0 next_prio=120
          traced-202   [001] ...2   405.754681: sched_switch: prev_comm=traced prev_pid=202 prev_prio=120 prev_state=R ==> next_comm=ple.kvbenchmark next_pid=7536 next_prio=120
           <...>-7536  [001] ...2   405.754913: sched_switch: prev_comm=ple.kvbenchmark prev_pid=7536 prev_prio=120 prev_state=S ==> next_comm=traced next_pid=202 next_prio=120
          traced-202   [001] ...2   405.755964: sched_switch: prev_comm=traced prev_pid=202 prev_prio=120 prev_state=R ==> next_comm=ple.kvbenchmark next_pid=7536 next_prio=120
           <...>-7536  [001] ...2   405.756104: sched_switch: prev_comm=ple.kvbenchmark prev_pid=7536 prev_prio=120 prev_state=S ==> next_comm=traced next_pid=202 next_prio=120
          traced-202   [001] ...2   405.757155: sched_switch: prev_comm=traced prev_pid=202 prev_prio=120 prev_state=R ==> next_comm=ple.kvbenchmark next_pid=7536 next_prio=120
           <...>-7536  [001] ...2   405.757202: sched_switch: prev_comm=ple.kvbenchmark prev_pid=7536 prev_prio=120 prev_state=S ==> next_comm=traced next_pid=202 next_prio=120
          traced-202   [001] ...2   405.758253: sched_switch: prev_comm=traced prev_pid=202 prev_prio=120 prev_state=R ==> next_comm=ple.kvbenchmark next_pid=7536 next_prio=120
           <...>-7536  [001] ...2   405.758299: sched_switch: prev_comm=ple.kvbenchmark prev_pid=7536 prev_prio=120 prev_state=S ==> next_comm=traced next_pid=202 next_prio=120
          traced-202   [001] ...2   405.759351: sched_switch: prev_comm=traced prev_pid=202 prev_prio=120 prev_state=R ==> next_comm=ple.kvbenchmark next_pid=7536 next_prio=120
           <...>-7536  [001] ...2   405.759411: sched_switch: prev_comm=ple.kvbenchmark prev_pid=7536 prev_prio=120 prev_state=S ==> next_comm=traced next_pid=202 next_prio=120
          traced-202   [001] ...2   405.760462: sched_switch: prev_comm=traced prev_pid=202 prev_prio=120 prev_state=R ==> next_comm=ple.kvbenchmark next_pid=7536 next_prio=120
           <...>-7536  [001] ...2   405.760508: sched_switch: prev_comm=ple.kvbenchmark prev_pid=7536 prev_prio=120 prev_state=S ==> next_comm=traced next_pid=202 next_prio=120
          <idle>-0     [000] ...2   405.761379: sched_switch: prev_comm=swapper/0 prev_pid=0 prev_prio=120 prev_state=R ==> next_comm=kworker/0:1 next_pid=15 next_prio=120
     kworker/0:1-15    [000] ...1   405.761388: thermal_temp: sensor_id=5 temp=64
     kworker/0:1-15    [000] ...2   405.761452: sched_switch: prev_comm=kworker/0:1 prev_pid=15 prev_prio=120 prev_state=S ==> next_comm=swapper/0 next_pid=0 next_prio=120
          traced-202   [001] ...2   405.761559: sched_switch: prev_comm=traced prev_pid=202 prev_prio=120 prev_state=R ==> next_comm=ple.kvbenchmark next_pid=7536 next_prio=120
           <...>-7536  [001] ...2   405.761606: sched_switch: prev_comm=ple.kvbenchmark prev_pid=7536 prev_prio=120 prev_state=S ==> next_comm=traced next_pid=202 next_prio=120
          traced-202   [001] ...2   405.762658: sched_switch: prev_comm=traced prev_pid=202 prev_prio=120 prev_state=R ==> next_comm=ple.kvbenchmark next_pid=7536 next_prio=120
           <...>-7536  [001] ...2   405.762792: sched_switch: prev_comm=ple.kvbenchmark prev_pid=7536 prev_prio=120 prev_state=S ==> next_comm=traced next_pid=202 next_prio=120
          traced-202   [001] ...2   405.763843: sched_switch: prev_comm=traced prev_pid=202 prev_prio=120 prev_state=R ==> next_comm=ple.kvbenchmark next_pid=7536 next_prio=120
           <...>-7536  [001] ...2   405.764114: sched_switch: prev_comm=ple.kvbenchmark prev_pid=7536 prev_prio=120 prev_state=S ==> next_comm=traced next_pid=202 next_prio=120
          traced-202   [001] ...2   405.765167: sched_switch: prev_comm=traced prev_pid=202 prev_prio=120 prev_state=R ==> next_comm=ple.kvbenchmark next_pid=7536 next_prio=120
           <...>-7536  [001] ...2   405.765214: sched_switch: prev_comm=ple.kvbenchmark prev_pid=7536 prev_prio=120 prev_state=S ==> next_comm=traced next_pid=202 next_prio=120
          traced-202   [001] ...2   405.766264: sched_switch: prev_comm=traced prev_pid=202 prev_prio=120 prev_state=R ==> next_comm=ple.kvbenchmark next_pid=7536 next_prio=120
           <...>-7536  [001] ...2   405.766538: sched_switch: prev_comm=ple.kvbenchmark prev_pid=7536 prev_prio=120 prev_state=S ==> next_comm=traced next_pid=202 next_prio=120
          traced-202   [001] ...2   405.767589: sched_switch: prev_comm=traced prev_pid=202 prev_prio=120 prev_state=R ==> next_comm=ple.kvbenchmark next_pid=7536 next_prio=120
           <...>-7536  [001] ...2   405.767713: sched_switch: prev_comm=ple.kvbenchmark prev_pid=7536 prev_prio=120 prev_state=S ==> next_comm=traced next_pid=202 next_prio=120
          traced-202   [001] ...2   405.768764: sched_switch: prev_comm=traced prev_pid=202 prev_prio=120 prev_state=R ==> next_comm=ple.kvbenchmark next_pid=7536 next_prio=120
           <...>-7536  [001] ...2   405.768961: sched_switch: prev_comm=ple.kvbenchmark prev_pid=7536 prev_prio=120 prev_state=S ==> next_comm=traced next_pid=202 next_prio=120
          traced-202   [001] ...2   405.770012: sched_switch: prev_comm=traced prev_pid=202 prev_prio=120 prev_state=R ==> next_comm=ple.kvbenchmark next_pid=7536 next_prio=120
           <...>-7536  [001] ...2   405.770060: sched_switch: prev_comm=ple.kvbenchmark prev_pid=7536 prev_prio=120 prev_state=S ==> next_comm=traced next_pid=202 next_prio=120
          traced-202   [001] ...2   405.771111: sched_switch: prev_comm=traced prev_pid=202 prev_prio=120 prev_state=R ==> next_comm=ple.kvbenchmark next_pid=7536 next_prio=120
           <...>-7536  [001] ...2   405.771157: sched_switch: prev_comm=ple.kvbenchmark prev_pid=7536 prev_prio=120 prev_state=S ==> next_comm=traced next_pid=202 next_prio=120
          <idle>-0     [000] ...2   405.771367: sched_switch: prev_comm=swapper/0 prev_pid=0 prev_prio=120 prev_state=R ==> next_comm=kworker/u:4 next_pid=7452 next_prio=120
     kworker/u:4-7452  [000] ...2   405.771389: sched_switch: prev_comm=kworker/u:4 prev_pid=7452 prev_prio=120 prev_state=S ==> next_comm=mpdecision next_pid=1738 next_prio=113
      mpdecision-1738  [000] ...2   405.771775: sched_switch: prev_comm=mpdecision prev_pid=1738 prev_prio=113 prev_state=S ==> next_comm=swapper/0 next_pid=0 next_prio=120
          <idle>-0     [000] ...2   405.771802: sched_switch: prev_comm=swapper/0 prev_pid=0 prev_prio=120 prev_state=R ==> next_comm=ksoftirqd/0 next_pid=3 next_prio=120
           <...>-3     [000] ...2   405.771819: sched_switch: prev_comm=ksoftirqd/0 prev_pid=3 prev_prio=120 prev_state=S ==> next_comm=swapper/0 next_pid=0 next_prio=120
          <idle>-0     [000] ...2   405.771846: sched_switch: prev_comm=swapper/0 prev_pid=0 prev_prio=120 prev_state=R ==> next_comm=ksoftirqd/0 next_pid=3 next_prio=120
           <...>-3     [000] ...2   405.771861: sched_switch: prev_comm=ksoftirqd/0 prev_pid=3 prev_prio=120 prev_state=S ==> next_comm=swapper/0 next_pid=0 next_prio=120
          <idle>-0     [000] ...2   405.771885: sched_switch: prev_comm=swapper/0 prev_pid=0 prev_prio=120 prev_state=R ==> next_comm=ksoftirqd/0 next_pid=3 next_prio=120
           <...>-3     [000] ...2   405.771899: sched_switch: prev_comm=ksoftirqd/0 prev_pid=3 prev_prio=120 prev_state=S ==> next_comm=swapper/0 next_pid=0 next_prio=120
          traced-202   [001] ...2   405.772209: sched_switch: prev_comm=traced prev_pid=202 prev_prio=120 prev_state=R ==> next_comm=ple.kvbenchmark next_pid=7536 next_prio=120
           <...>-7536  [001] ...2   405.772259: sched_switch: prev_comm=ple.kvbenchmark prev_pid=7536 prev_prio=120 prev_state=S ==> next_comm=traced next_pid=202 next_prio=120
          traced-202   [001] ...2   405.773310: sched_switch: prev_comm=traced prev_pid=202 prev_prio=120 prev_state=R ==> next_comm=ple.kvbenchmark next_pid=7536 next_prio=120
           <...>-7536  [001] ...2   405.773504: sched_switch: prev_comm=ple.kvbenchmark prev_pid=7536 prev_prio=120 prev_state=S ==> next_comm=traced next_pid=202 next_prio=120
          traced-202   [001] ...2   405.774555: sched_switch: prev_comm=traced prev_pid=202 prev_prio=120 prev_state=R ==> next_comm=ple.kvbenchmark next_pid=7536 next_prio=120
           <...>-7536  [001] ...2   405.774602: sched_switch: prev_comm=ple.kvbenchmark prev_pid=7536 prev_prio=120 prev_state=S ==> next_comm=traced next_pid=202 next_prio=120
          traced-202   [001] ...2   405.775654: sched_switch: prev_comm=traced prev_pid=202 prev_prio=120 prev_state=R ==> next_comm=ple.kvbenchmark next_pid=7536 next_prio=120
           <...>-7536  [001] ...2   405.775910: sched_switch: prev_comm=ple.kvbenchmark prev_pid=7536 prev_prio=120 prev_state=S ==> next_comm=traced next_pid=202 next_prio=120
          traced-202   [001] ...2   405.776961: sched_switch: prev_comm=traced prev_pid=202 prev_prio=120 prev_state=R ==> next_comm=ple.kvbenchmark next_pid=7536 next_prio=120
           <...>-7536  [001] ...2   405.777009: sched_switch: prev_comm=ple.kvbenchmark prev_pid=7536 prev_prio=120 prev_state=S ==> next_comm=traced next_pid=202 next_prio=120
          traced-202   [001] ...2   405.778061: sched_switch: prev_comm=traced prev_pid=202 prev_prio=120 prev_state=R ==> next_comm=ple.kvbenchmark next_pid=7536 next_prio=120
           <...>-7536  [001] ...2   405.778326: sched_switch: prev_comm=ple.kvbenchmark prev_pid=7536 prev_prio=120 prev_state=S ==> next_comm=traced next_pid=202 next_prio=120
          traced-202   [001] ...2   405.779378: sched_switch: prev_comm=traced prev_pid=202 prev_prio=120 prev_state=R ==> next_comm=ple.kvbenchmark next_pid=7536 next_prio=120
           <...>-7536  [001] ...2   405.779429: sched_switch: prev_comm=ple.kvbenchmark prev_pid=7536 prev_prio=120 prev_state=S ==> next_comm=traced next_pid=202 next_prio=120
          traced-202   [001] ...2   405.780480: sched_switch: prev_comm=traced prev_pid=202 prev_prio=120 prev_state=R ==> next_comm=ple.kvbenchmark next_pid=7536 next_prio=120
           <...>-7536  [001] ...2   405.780693: sched_switch: prev_comm=ple.kvbenchmark prev_pid=7536 prev_prio=120 prev_state=S ==> next_comm=traced next_pid=202 next_prio=120
          traced-202   [001] ...2   405.781744: sched_switch: prev_comm=traced prev_pid=202 prev_prio=120 prev_state=R ==> next_comm=ple.kvbenchmark next_pid=7536 next_prio=120
           <...>-7536  [001] ...2   405.781913: sched_switch: prev_comm=ple.kvbenchmark prev_pid=7536 prev_prio=120 prev_state=S ==> next_comm=traced next_pid=202 next_prio=120
          traced-202   [001] ...2   405.782965: sched_switch: prev_comm=traced prev_pid=202 prev_prio=120 prev_state=R ==> next_comm=ple.kvbenchmark next_pid=7536 next_prio=120
           <...>-7536  [001] ...2   405.783009: sched_switch: prev_comm=ple.kvbenchmark prev_pid=7536 prev_prio=120 prev_state=S ==> next_comm=traced next_pid=202 next_prio=120
          traced-202   [001] ...2   405.784060: sched_switch: prev_comm=traced prev_pid=202 prev_prio=120 prev_state=R ==> next_comm=ple.kvbenchmark next_pid=7536 next_prio=120
           <...>-7536  [001] ...2   405.784106: sched_switch: prev_comm=ple.kvbenchmark prev_pid=7536 prev_prio=120 prev_state=S ==> next_comm=traced next_pid=202 next_prio=120
          traced-202   [001] ...2   405.785158: sched_switch: prev_comm=traced prev_pid=202 prev_prio=120 prev_state=R ==> next_comm=ple.kvbenchmark next_pid=7536 next_prio=120
           <...>-7536  [001] ...2   405.785204: sched_switch: prev_comm=ple.kvbenchmark prev_pid=7536 prev_prio=120 prev_state=S ==> next_comm=traced next_pid=202 next_prio=120
          traced-202   [001] ...2   405.786255: sched_switch: prev_comm=traced prev_pid=202 prev_prio=120 prev_state=R ==> next_comm=ple.kvbenchmark next_pid=7536 next_prio=120
           <...>-7536  [001] ...2   405.786304: sched_switch: prev_comm=ple.kvbenchmark prev_pid=7536 prev_prio=120 prev_state=S ==> next_comm=traced next_pid=202 next_prio=120
          traced-202   [001] ...2   405.787353: sched_switch: prev_comm=traced prev_pid=202 prev_prio=120 prev_state=R ==> next_comm=ple.kvbenchmark next_pid=7536 next_prio=120
           <...>-7536  [001] ...2   405.787477: sched_switch: prev_comm=ple.kvbenchmark prev_pid=7536 prev_prio=120 prev_state=S ==> next_comm=traced next_pid=202 next_prio=120
          traced-202   [001] ...2   405.788528: sched_switch: prev_comm=traced prev_pid=202 prev_prio=120 prev_state=R ==> next_comm=ple.kvbenchmark next_pid=7536 next_prio=120
           <...>-7536  [001] ...2   405.788784: sched_switch: prev_comm=ple.kvbenchmark prev_pid=7536 prev_prio=120 prev_state=S ==> next_comm=traced next_pid=202 next_prio=120
          traced-202   [001] ...2   405.789835: sched_switch: prev_comm=traced prev_pid=202 prev_prio=120 prev_state=R ==> next_comm=ple.kvbenchmark next_pid=7536 next_prio=120
           <...>-7536  [001] ...2   405.789890: sched_switch: prev_comm=ple.kvbenchmark prev_pid=7536 prev_prio=120 prev_state=S ==> next_comm=traced next_pid=202 next_prio=120
          traced-202   [001] ...2   405.790941: sched_switch: prev_comm=traced prev_pid=202 prev_prio=120 prev_state=R ==> next_comm=ple.kvbenchmark next_pid=7536 next_prio=120
           <...>-7536  [001] ...2   405.791194: sched_switch: prev_comm=ple.kvbenchmark prev_pid=7536 prev_prio=120 prev_state=S ==> next_comm=traced next_pid=202 next_prio=120
          traced-202   [001] ...2   405.792245: sched_switch: prev_comm=traced prev_pid=202 prev_prio=120 prev_state=R ==> next_comm=ple.kvbenchmark next_pid=7536 next_prio=120
           <...>-7536  [001] ...2   405.792292: sched_switch: prev_comm=ple.kvbenchmark prev_pid=7536 prev_prio=120 prev_state=S ==> next_comm=traced next_pid=202 next_prio=120
          traced-202   [001] ...2   405.793343: sched_switch: prev_comm=traced prev_pid=202 prev_prio=120 prev_state=R ==> next_comm=ple.kvbenchmark next_pid=7536 next_prio=120
           <...>-7536  [001] ...2   405.793390: sched_switch: prev_comm=ple.kvbenchmark prev_pid=7536 prev_prio=120 prev_state=S ==> next_comm=traced next_pid=202 next_prio=120
          traced-202   [001] ...2   405.794442: sched_switch: prev_comm=traced prev_pid=202 prev_prio=120 prev_state=R ==> next_comm=ple.kvbenchmark next_pid=7536 next_prio=120
           <...>-7536  [001] ...2   405.794717: sched_switch: prev_comm=ple.kvbenchmark prev_pid=7536 prev_prio=120 prev_state=S ==> next_comm=traced next_pid=202 next_prio=120
          traced-202   [001] ...2   405.795769: sched_switch: prev_comm=traced prev_pid=202 prev_prio=120 prev_state=R ==> next_comm=ple.kvbenchmark next_pid=7536 next_prio=120
           <...>-7536  [001] ...2   405.795982: sched_switch: prev_comm=ple.kvbenchmark prev_pid=7536 prev_prio=120 prev_state=S ==> next_comm=traced next_pid=202 next_prio=120
          traced-202   [001] ...2   405.797033: sched_switch: prev_comm=traced prev_pid=202 prev_prio=120 prev_state=R ==> next_comm=ple.kvbenchmark next_pid=7536 next_prio=120
           <...>-7536  [001] ...2   405.797255: sched_switch: prev_comm=ple.kvbenchmark prev_pid=7536 prev_prio=120 prev_state=S ==> next_comm=traced next_pid=202 next_prio=120
          traced-202   [001] ...2   405.798306: sched_switch: prev_comm=traced prev_pid=202 prev_prio=120 prev_state=R ==> next_comm=ple.kvbenchmark next_pid=7536 next_prio=120
           <...>-7536  [001] ...2   405.798488: sched_switch: prev_comm=ple.kvbenchmark prev_pid=7536 prev_prio=120 prev_state=S ==> next_comm=traced next_pid=202 next_prio=120
          traced-202   [001] ...2   405.799539: sched_switch: prev_comm=traced prev_pid=202 prev_prio=120 prev_state=R ==> next_comm=ple.kvbenchmark next_pid=7536 next_prio=120
           <...>-7536  [001] ...2   405.799584: sched_switch: prev_comm=ple.kvbenchmark prev_pid=7536 prev_prio=120 prev_state=S ==> next_comm=traced next_pid=202 next_prio=120
          traced-202   [001] ...2   405.800635: sched_switch: prev_comm=traced prev_pid=202 prev_prio=120 prev_state=R ==> next_comm=ple.kvbenchmark next_pid=7536 next_prio=120
           <...>-7536  [001] ...2   405.800916: sched_switch: prev_comm=ple.kvbenchmark prev_pid=7536 prev_prio=120 prev_state=S ==> next_comm=traced next_pid=202 next_prio=120
          traced-202   [001] ...2   405.801967: sched_switch: prev_comm=traced prev_pid=202 prev_prio=120 prev_state=R ==> next_comm=ple.kvbenchmark next_pid=7536 next_prio=120
           <...>-7536  [001] ...2   405.802237: sched_switch: prev_comm=ple.kvbenchmark prev_pid=7536 prev_prio=120 prev_state=S ==> next_comm=traced next_pid=202 next_prio=120
          traced-202   [001] ...2   405.803288: sched_switch: prev_comm=traced prev_pid=202 prev_prio=120 prev_state=R ==> next_comm=ple.kvbenchmark next_pid=7536 next_prio=120
           <...>-7536  [001] ...2   405.803335: sched_switch: prev_comm=ple.kvbenchmark prev_pid=7536 prev_prio=120 prev_state=S ==> next_comm=traced next_pid=202 next_prio=120
          traced-202   [001] ...2   405.804387: sched_switch: prev_comm=traced prev_pid=202 prev_prio=120 prev_state=R ==> next_comm=ple.kvbenchmark next_pid=7536 next_prio=120
           <...>-7536  [001] ...2   405.804490: sched_switch: prev_comm=ple.kvbenchmark prev_pid=7536 prev_prio=120 prev_state=S ==> next_comm=traced next_pid=202 next_prio=120
          traced-202   [001] ...2   405.805541: sched_switch: prev_comm=traced prev_pid=202 prev_prio=120 prev_state=R ==> next_comm=ple.kvbenchmark next_pid=7536 next_prio=120
           <...>-7536  [001] ...2   405.805588: sched_switch: prev_comm=ple.kvbenchmark prev_pid=7536 prev_prio=120 prev_state=S ==> next_comm=traced next_pid=202 next_prio=120
          traced-202   [001] ...2   405.806639: sched_switch: prev_comm=traced prev_pid=202 prev_prio=120 prev_state=R ==> next_comm=ple.kvbenchmark next_pid=7536 next_prio=120
           <...>-7536  [001] ...2   405.806683: sched_switch: prev_comm=ple.kvbenchmark prev_pid=7536 prev_prio=120 prev_state=S ==> next_comm=traced next_pid=202 next_prio=120
          traced-202   [001] ...2   405.807734: sched_switch: prev_comm=traced prev_pid=202 prev_prio=120 prev_state=R ==> next_comm=ple.kvbenchmark next_pid=7536 next_prio=120
          <idle>-0     [000] ...2   405.807988: sched_switch: prev_comm=swapper/0 prev_pid=0 prev_prio=120 prev_state=R ==> next_comm=kworker/u:4 next_pid=7452 next_prio=120
           <...>-7536  [001] ...2   405.808007: sched_switch: prev_comm=ple.kvbenchmark prev_pid=7536 prev_prio=120 prev_state=S ==> next_comm=traced next_pid=202 next_prio=120
     kworker/u:4-7452  [000] ...2   405.808046: sched_switch: prev_comm=kworker/u:4 prev_pid=7452 prev_prio=120 prev_state=S ==> next_comm=kworker/u:2 next_pid=80 next_prio=120
     kworker/u:2-80    [000] ...2   405.808056: sched_switch: prev_comm=kworker/u:2 prev_pid=80 prev_prio=120 prev_state=S ==> next_comm=sensors.qcom next_pid=859 next_prio=120
    sensors.qcom-859   [000] ...2   405.808155: sched_switch: prev_comm=sensors.qcom prev_pid=859 prev_prio=120 prev_state=S ==> next_comm=sensors.qcom next_pid=733 next_prio=120
    sensors.qcom-733   [000] ...2   405.808215: sched_switch: prev_comm=sensors.qcom prev_pid=733 prev_prio=120 prev_state=S ==> next_comm=system_server next_pid=732 next_prio=118
   system_server-732   [000] ...2   405.808393: sched_switch: prev_comm=system_server prev_pid=732 prev_prio=118 prev_state=S ==> next_comm=system_server next_pid=740 next_prio=118
   system_server-740   [000] ...2   405.808426: sched_switch: prev_comm=system_server prev_pid=740 prev_prio=118 prev_state=S ==> next_comm=SensorService next_pid=781 next_prio=112
   SensorService-781   [000] ...2   405.808505: sched_switch: prev_comm=SensorService prev_pid=781 prev_prio=112 prev_state=S ==> next_comm=android.ui next_pid=786 next_prio=118
      android.ui-786   [000] ...2   405.808601: sched_switch: prev_comm=android.ui prev_pid=786 prev_prio=118 prev_state=S ==> next_comm=ksoftirqd/0 next_pid=3 next_prio=120
           <...>-3     [000] ...2   405.808615: sched_switch: prev_comm=ksoftirqd/0 prev_pid=3 prev_prio=120 prev_state=S ==> next_comm=swapper/0 next_pid=0 next_prio=120
          traced-202   [001] ...2   405.809059: sched_switch: prev_comm=traced prev_pid=202 prev_prio=120 prev_state=R ==> next_comm=ple.kvbenchmark next_pid=7536 next_prio=120
           <...>-7536  [001] ...2   405.809132: sched_switch: prev_comm=ple.kvbenchmark prev_pid=7536 prev_prio=120 prev_state=S ==> next_comm=traced next_pid=202 next_prio=120
          traced-202   [001] ...2   405.810182: sched_switch: prev_comm=traced prev_pid=202 prev_prio=120 prev_state=R ==> next_comm=ple.kvbenchmark next_pid=7536 next_prio=120
           <...>-7536  [001] ...2   405.810280: sched_switch: prev_comm=ple.kvbenchmark prev_pid=7536 prev_prio=120 prev_state=S ==> next_comm=traced next_pid=202 next_prio=120
          traced-202   [001] ...2   405.811332: sched_switch: prev_comm=traced prev_pid=202 prev_prio=120 prev_state=R ==> next_comm=ple.kvbenchmark next_pid=7536 next_prio=120
           <...>-7536  [001] ...2   405.811394: sched_switch: prev_comm=ple.kvbenchmark prev_pid=7536 prev_prio=120 prev_state=S ==> next_comm=traced next_pid=202 next_prio=120
          traced-202   [001] ...2   405.812445: sched_switch: prev_comm=traced prev_pid=202 prev_prio=120 prev_state=R ==> next_comm=ple.kvbenchmark next_pid=7536 next_prio=120
           <...>-7536  [001] ...2   405.812673: sched_switch: prev_comm=ple.kvbenchmark prev_pid=7536 prev_prio=120 prev_state=S ==> next_comm=traced next_pid=202 next_prio=120
          traced-202   [001] ...2   405.813724: sched_switch: prev_comm=traced prev_pid=202 prev_prio=120 prev_state=R ==> next_comm=ple.kvbenchmark next_pid=7536 next_prio=120
           <...>-7536  [001] ...2   405.813822: sched_switch: prev_comm=ple.kvbenchmark prev_pid=7536 prev_prio=120 prev_state=S ==> next_comm=traced next_pid=202 next_prio=120
          traced-202   [001] ...2   405.814873: sched_switch: prev_comm=traced prev_pid=202 prev_prio=120 prev_state=R ==> next_comm=ple.kvbenchmark next_pid=7536 next_prio=120
           <...>-7536  [001] ...2   405.814969: sched_switch: prev_comm=ple.kvbenchmark prev_pid=7536 prev_prio=120 prev_state=S ==> next_comm=traced next_pid=202 next_prio=120
          traced-202   [001] ...2   405.816020: sched_switch: prev_comm=traced prev_pid=202 prev_prio=120 prev_state=R ==> next_comm=ple.kvbenchmark next_pid=7536 next_prio=120
           <...>-7536  [001] ...2   405.816069: sched_switch: prev_comm=ple.kvbenchmark prev_pid=7536 prev_prio=120 prev_state=S ==> next_comm=traced next_pid=202 next_prio=120
          traced-202   [001] ...2   405.817121: sched_switch: prev_comm=traced prev_pid=202 prev_prio=120 prev_state=R ==> next_comm=ple.kvbenchmark next_pid=7536 next_prio=120
           <...>-7536  [001] ...2   405.817390: sched_switch: prev_comm=ple.kvbenchmark prev_pid=7536 prev_prio=120 prev_state=S ==> next_comm=traced next_pid=202 next_prio=120
          traced-202   [001] ...2   405.818441: sched_switch: prev_comm=traced prev_pid=202 prev_prio=120 prev_state=R ==> next_comm=ple.kvbenchmark next_pid=7536 next_prio=120
           <...>-7536  [001] ...2   405.818702: sched_switch: prev_comm=ple.kvbenchmark prev_pid=7536 prev_prio=120 prev_state=S ==> next_comm=traced next_pid=202 next_prio=120
          traced-202   [001] ...2   405.819753: sched_switch: prev_comm=traced prev_pid=202 prev_prio=120 prev_state=R ==> next_comm=ple.kvbenchmark next_pid=7536 next_prio=120
           <...>-7536  [001] ...2   405.819798: sched_switch: prev_comm=ple.kvbenchmark prev_pid=7536 prev_prio=120 prev_state=S ==> next_comm=traced next_pid=202 next_prio=120
          traced-202   [001] ...2   405.820849: sched_switch: prev_comm=traced prev_pid=202 prev_prio=120 prev_state=R ==> next_comm=ple.kvbenchmark next_pid=7536 next_prio=120
           <...>-7536  [001] ...2   405.820892: sched_switch: prev_comm=ple.kvbenchmark prev_pid=7536 prev_prio=120 prev_state=S ==> next_comm=traced next_pid=202 next_prio=120
          <idle>-0     [000] ...2   405.821369: sched_switch: prev_comm=swapper/0 prev_pid=0 prev_prio=120 prev_state=R ==> next_comm=kworker/u:2 next_pid=80 next_prio=120
     kworker/u:2-80    [000] ...2   405.821391: sched_switch: prev_comm=kworker/u:2 prev_pid=80 prev_prio=120 prev_state=S ==> next_comm=mpdecision next_pid=1738 next_prio=113
      mpdecision-1738  [000] ...2   405.821771: sched_switch: prev_comm=mpdecision prev_pid=1738 prev_prio=113 prev_state=R+ ==> next_comm=kthreadd next_pid=2 next_prio=98
          traced-202   [001] ...2   405.821814: sched_switch: prev_comm=traced prev_pid=202 prev_prio=120 prev_state=R ==> next_comm=kthreadd next_pid=9380 next_prio=98
           <...>-2     [000] ...2   405.821820: sched_switch: prev_comm=kthreadd prev_pid=2 prev_prio=98 prev_state=S ==> next_comm=mpdecision next_pid=1738 next_prio=113
           <...>-9380  [001] ...2   405.821822: sched_switch: prev_comm=kthreadd prev_pid=9380 prev_prio=98 prev_state=D ==> next_comm=traced next_pid=202 next_prio=120
      mpdecision-1738  [000] ...2   405.821846: sched_switch: prev_comm=mpdecision prev_pid=1738 prev_prio=113 prev_state=R+ ==> next_comm=kthreadd next_pid=2 next_prio=98
          traced-202   [001] ...2   405.821878: sched_switch: prev_comm=traced prev_pid=202 prev_prio=120 prev_state=R ==> next_comm=kthreadd next_pid=9381 next_prio=98
           <...>-2     [000] ...2   405.821884: sched_switch: prev_comm=kthreadd prev_pid=2 prev_prio=98 prev_state=S ==> next_comm=mpdecision next_pid=1738 next_prio=113
           <...>-9381  [001] ...2   405.821885: sched_switch: prev_comm=kthreadd prev_pid=9381 prev_prio=98 prev_state=D ==> next_comm=traced next_pid=202 next_prio=120
      mpdecision-1738  [000] ...2   405.821906: sched_switch: prev_comm=mpdecision prev_pid=1738 prev_prio=113 prev_state=R+ ==> next_comm=kthreadd next_pid=2 next_prio=98
           <...>-2     [000] ...2   405.821942: sched_switch: prev_comm=kthreadd prev_pid=2 prev_prio=98 prev_state=S ==> next_comm=mpdecision next_pid=1738 next_prio=113
          traced-202   [001] ...2   405.821945: sched_switch: prev_comm=traced prev_pid=202 prev_prio=120 prev_state=R ==> next_comm=kthreadd next_pid=9382 next_prio=98
           <...>-9382  [001] ...2   405.821958: sched_switch: prev_comm=kthreadd prev_pid=9382 prev_prio=98 prev_state=D ==> next_comm=ple.kvbenchmark next_pid=7536 next_prio=120
          <idle>-0     [002] ...2   405.821990: sched_switch: prev_comm=swapper/2 prev_pid=0 prev_prio=120 prev_state=R ==> next_comm=workqueue_trust next_pid=9380 next_prio=120
      mpdecision-1738  [000] ...2   405.821990: sched_switch: prev_comm=mpdecision prev_pid=1738 prev_prio=113 prev_state=D ==> next_comm=swapper/0 next_pid=0 next_prio=120
           <...>-7536  [001] ...2   405.822005: sched_switch: prev_comm=ple.kvbenchmark prev_pid=7536 prev_prio=120 prev_state=S ==> next_comm=traced next_pid=202 next_prio=120
          <idle>-0     [000] ...2   405.822022: sched_switch: prev_comm=swapper/0 prev_pid=0 prev_prio=120 prev_state=R ==> next_comm=ksoftirqd/0 next_pid=3 next_prio=120
           <...>-9380  [002] ...2   405.822023: sched_switch: prev_comm=workqueue_trust prev_pid=9380 prev_prio=120 prev_state=D ==> next_comm=swapper/2 next_pid=0 next_prio=120
           <...>-3     [000] ...2   405.822036: sched_switch: prev_comm=ksoftirqd/0 prev_pid=3 prev_prio=120 prev_state=S ==> next_comm=mpdecision next_pid=1738 next_prio=113
      mpdecision-1738  [000] ...1   405.822179: phonelab_periodic_warning_cpu: warning=notify_down cpu=0
      mpdecision-1738  [000] ...1   405.822194: phonelab_periodic_warning_cpu: warning=destroy_periodic_work cpu=2
          traced-202   [001] ...2   405.822371: sched_switch: prev_comm=traced prev_pid=202 prev_prio=120 prev_state=R ==> next_comm=migration/1 next_pid=7411 next_prio=0
      mpdecision-1738  [000] ...2   405.822375: sched_switch: prev_comm=mpdecision prev_pid=1738 prev_prio=113 prev_state=R+ ==> next_comm=migration/0 next_pid=8 next_prio=0
          <idle>-0     [002] ...2   405.822387: sched_switch: prev_comm=swapper/2 prev_pid=0 prev_prio=120 prev_state=R ==> next_comm=migration/2 next_pid=9373 next_prio=0
     migration/0-8     [000] ...2   405.823048: sched_switch: prev_comm=migration/0 prev_pid=8 prev_prio=0 prev_state=S ==> next_comm=mpdecision next_pid=1738 next_prio=113
           <...>-9373  [002] ...2   405.823048: sched_switch: prev_comm=migration/2 prev_pid=9373 prev_prio=0 prev_state=S ==> next_comm=swapper/2 next_pid=0 next_prio=120
     migration/1-7411  [001] ...2   405.823066: sched_switch: prev_comm=migration/1 prev_pid=7411 prev_prio=0 prev_state=S ==> next_comm=traced next_pid=202 next_prio=120
          traced-202   [001] ...2   405.823072: sched_switch: prev_comm=traced prev_pid=202 prev_prio=120 prev_state=R ==> next_comm=ple.kvbenchmark next_pid=7536 next_prio=120
           <...>-7536  [001] ...2   405.823196: sched_switch: prev_comm=ple.kvbenchmark prev_pid=7536 prev_prio=120 prev_state=S ==> next_comm=traced next_pid=202 next_prio=120
      mpdecision-1738  [000] ...2   405.823310: sched_switch: prev_comm=mpdecision prev_pid=1738 prev_prio=113 prev_state=R+ ==> next_comm=ksoftirqd/2 next_pid=9376 next_prio=0
           <...>-9376  [000] ...3   405.823365: sched_switch: prev_comm=ksoftirqd/2 prev_pid=9376 prev_prio=0 prev_state=x ==> next_comm=mpdecision next_pid=1738 next_prio=113
      mpdecision-1738  [000] ...1   405.823611: sched_cpu_hotplug: cpu 2 offline error=0
      mpdecision-1738  [000] ...2   405.823626: sched_switch: prev_comm=mpdecision prev_pid=1738 prev_prio=113 prev_state=R+ ==> next_comm=migration/2 next_pid=9373 next_prio=0
           <...>-9373  [000] ...3   405.823665: sched_switch: prev_comm=migration/2 prev_pid=9373 prev_prio=0 prev_state=x ==> next_comm=ksoftirqd/0 next_pid=3 next_prio=120
           <...>-3     [000] ...2   405.823679: sched_switch: prev_comm=ksoftirqd/0 prev_pid=3 prev_prio=120 prev_state=S ==> next_comm=mpdecision next_pid=1738 next_prio=113
          traced-202   [001] ...2   405.823699: sched_switch: prev_comm=traced prev_pid=202 prev_prio=120 prev_state=R ==> next_comm=kworker/2:2 next_pid=9381 next_prio=120
           <...>-9381  [001] ...3   405.823726: sched_switch: prev_comm=kworker/2:2 prev_pid=9381 prev_prio=120 prev_state=x ==> next_comm=kworker/2:3H next_pid=9382 next_prio=100
