     kworker/0:1-15    [000] ...2   286.792094: phonelab_periodic_ctx_switch_info: cpu=0 pid=200 tgid=200 nice=0 comm=kmsgd utime=0 stime=0 rtime=183438 bg_utime=0 bg_stime=0 bg_rtime=0 s_run=1 s_int=1 s_unint=0 s_oth=0 log_idx=286
     kworker/0:1-15    [000] ...2   286.792110: phonelab_periodic_ctx_switch_marker: END cpu=0 count=55 log_idx=286
     kworker/0:1-15    [000] ...2   286.792114: phonelab_timing: func=periodic_ctx_switch_info time=88177ns cpu=0
     kworker/0:1-15    [000] ...2   286.792119: sched_switch: prev_comm=kworker/0:1 prev_pid=15 prev_prio=120 prev_state=S ==> next_comm=mpdecision next_pid=1747 next_prio=113
    kworker/1:1H-4170  [001] ...1   286.792136: cpu_frequency_switch_end: cpu_id=1
    kworker/1:1H-4170  [001] ...1   286.792138: cpu_frequency: state=2265600 cpu_id=1
    kworker/1:1H-4170  [001] ...2   286.792159: sched_switch: prev_comm=kworker/1:1H prev_pid=4170 prev_prio=100 prev_state=S ==> next_comm=kworker/1:0H next_pid=4160 next_prio=100
    kworker/1:0H-4160  [001] ...2   286.792167: sched_switch: prev_comm=kworker/1:0H prev_pid=4160 prev_prio=100 prev_state=S ==> next_comm=traced next_pid=201 next_prio=120
      mpdecision-1747  [000] ...2   286.792329: sched_switch: prev_comm=mpdecision prev_pid=1747 prev_prio=113 prev_state=S ==> next_comm=swapper/0 next_pid=0 next_prio=120
          <idle>-0     [000] ...2   286.792344: sched_switch: prev_comm=swapper/0 prev_pid=0 prev_prio=120 prev_state=R ==> next_comm=ksoftirqd/0 next_pid=3 next_prio=120
           <...>-3     [000] ...2   286.792352: sched_switch: prev_comm=ksoftirqd/0 prev_pid=3 prev_prio=120 prev_state=S ==> next_comm=swapper/0 next_pid=0 next_prio=120
          <idle>-0     [000] ...2   286.792365: sched_switch: prev_comm=swapper/0 prev_pid=0 prev_prio=120 prev_state=R ==> next_comm=ksoftirqd/0 next_pid=3 next_prio=120
           <...>-3     [000] ...2   286.792372: sched_switch: prev_comm=ksoftirqd/0 prev_pid=3 prev_prio=120 prev_state=S ==> next_comm=swapper/0 next_pid=0 next_prio=120
          <idle>-0     [000] ...2   286.792384: sched_switch: prev_comm=swapper/0 prev_pid=0 prev_prio=120 prev_state=R ==> next_comm=ksoftirqd/0 next_pid=3 next_prio=120
           <...>-3     [000] ...2   286.792391: sched_switch: prev_comm=ksoftirqd/0 prev_pid=3 prev_prio=120 prev_state=S ==> next_comm=swapper/0 next_pid=0 next_prio=120
          <idle>-0     [000] ...2   286.792404: sched_switch: prev_comm=swapper/0 prev_pid=0 prev_prio=120 prev_state=R ==> next_comm=ksoftirqd/0 next_pid=3 next_prio=120
           <...>-3     [000] ...2   286.792411: sched_switch: prev_comm=ksoftirqd/0 prev_pid=3 prev_prio=120 prev_state=S ==> next_comm=swapper/0 next_pid=0 next_prio=120
          <idle>-0     [000] ...2   286.792423: sched_switch: prev_comm=swapper/0 prev_pid=0 prev_prio=120 prev_state=R ==> next_comm=ksoftirqd/0 next_pid=3 next_prio=120
           <...>-3     [000] ...2   286.792429: sched_switch: prev_comm=ksoftirqd/0 prev_pid=3 prev_prio=120 prev_state=S ==> next_comm=swapper/0 next_pid=0 next_prio=120
          <idle>-0     [000] ...2   286.792440: sched_switch: prev_comm=swapper/0 prev_pid=0 prev_prio=120 prev_state=R ==> next_comm=ksoftirqd/0 next_pid=3 next_prio=120
           <...>-3     [000] ...2   286.792445: sched_switch: prev_comm=ksoftirqd/0 prev_pid=3 prev_prio=120 prev_state=S ==> next_comm=swapper/0 next_pid=0 next_prio=120
          <idle>-0     [000] ...2   286.792999: sched_switch: prev_comm=swapper/0 prev_pid=0 prev_prio=120 prev_state=R ==> next_comm=ple.kvbenchmark next_pid=4317 next_prio=120
           <...>-4317  [000] ...2   286.793128: sched_switch: prev_comm=ple.kvbenchmark prev_pid=4317 prev_prio=120 prev_state=S ==> next_comm=swapper/0 next_pid=0 next_prio=120
          <idle>-0     [000] ...2   286.794184: sched_switch: prev_comm=swapper/0 prev_pid=0 prev_prio=120 prev_state=R ==> next_comm=ple.kvbenchmark next_pid=4317 next_prio=120
           <...>-4317  [000] ...2   286.794232: sched_switch: prev_comm=ple.kvbenchmark prev_pid=4317 prev_prio=120 prev_state=S ==> next_comm=swapper/0 next_pid=0 next_prio=120
          <idle>-0     [000] ...2   286.795284: sched_switch: prev_comm=swapper/0 prev_pid=0 prev_prio=120 prev_state=R ==> next_comm=ple.kvbenchmark next_pid=4317 next_prio=120
           <...>-4317  [000] ...2   286.795412: sched_switch: prev_comm=ple.kvbenchmark prev_pid=4317 prev_prio=120 prev_state=S ==> next_comm=swapper/0 next_pid=0 next_prio=120
          <idle>-0     [000] ...2   286.796466: sched_switch: prev_comm=swapper/0 prev_pid=0 prev_prio=120 prev_state=R ==> next_comm=ple.kvbenchmark next_pid=4317 next_prio=120
           <...>-4317  [000] ...2   286.796596: sched_switch: prev_comm=ple.kvbenchmark prev_pid=4317 prev_prio=120 prev_state=S ==> next_comm=swapper/0 next_pid=0 next_prio=120
          <idle>-0     [000] ...2   286.797650: sched_switch: prev_comm=swapper/0 prev_pid=0 prev_prio=120 prev_state=R ==> next_comm=ple.kvbenchmark next_pid=4317 next_prio=120
           <...>-4317  [000] ...2   286.797782: sched_switch: prev_comm=ple.kvbenchmark prev_pid=4317 prev_prio=120 prev_state=S ==> next_comm=swapper/0 next_pid=0 next_prio=120
          <idle>-0     [000] ...2   286.798835: sched_switch: prev_comm=swapper/0 prev_pid=0 prev_prio=120 prev_state=R ==> next_comm=ple.kvbenchmark next_pid=4317 next_prio=120
           <...>-4317  [000] ...2   286.798952: sched_switch: prev_comm=ple.kvbenchmark prev_pid=4317 prev_prio=120 prev_state=S ==> next_comm=swapper/0 next_pid=0 next_prio=120
          <idle>-0     [000] ...2   286.800006: sched_switch: prev_comm=swapper/0 prev_pid=0 prev_prio=120 prev_state=R ==> next_comm=ple.kvbenchmark next_pid=4317 next_prio=120
           <...>-4317  [000] ...2   286.800050: sched_switch: prev_comm=ple.kvbenchmark prev_pid=4317 prev_prio=120 prev_state=S ==> next_comm=swapper/0 next_pid=0 next_prio=120
          <idle>-0     [000] ...2   286.801105: sched_switch: prev_comm=swapper/0 prev_pid=0 prev_prio=120 prev_state=R ==> next_comm=ple.kvbenchmark next_pid=4317 next_prio=120
           <...>-4317  [000] ...2   286.801237: sched_switch: prev_comm=ple.kvbenchmark prev_pid=4317 prev_prio=120 prev_state=S ==> next_comm=swapper/0 next_pid=0 next_prio=120
          <idle>-0     [000] ...2   286.802005: sched_switch: prev_comm=swapper/0 prev_pid=0 prev_prio=120 prev_state=R ==> next_comm=ksoftirqd/0 next_pid=3 next_prio=120
           <...>-3     [000] ...2   286.802013: sched_switch: prev_comm=ksoftirqd/0 prev_pid=3 prev_prio=120 prev_state=S ==> next_comm=swapper/0 next_pid=0 next_prio=120
          <idle>-0     [000] ...2   286.802026: sched_switch: prev_comm=swapper/0 prev_pid=0 prev_prio=120 prev_state=R ==> next_comm=ksoftirqd/0 next_pid=3 next_prio=120
           <...>-3     [000] ...2   286.802034: sched_switch: prev_comm=ksoftirqd/0 prev_pid=3 prev_prio=120 prev_state=S ==> next_comm=swapper/0 next_pid=0 next_prio=120
          <idle>-0     [000] ...2   286.802046: sched_switch: prev_comm=swapper/0 prev_pid=0 prev_prio=120 prev_state=R ==> next_comm=ksoftirqd/0 next_pid=3 next_prio=120
           <...>-3     [000] ...2   286.802053: sched_switch: prev_comm=ksoftirqd/0 prev_pid=3 prev_prio=120 prev_state=S ==> next_comm=swapper/0 next_pid=0 next_prio=120
          <idle>-0     [000] ...2   286.802294: sched_switch: prev_comm=swapper/0 prev_pid=0 prev_prio=120 prev_state=R ==> next_comm=ple.kvbenchmark next_pid=4317 next_prio=120
           <...>-4317  [000] ...2   286.802341: sched_switch: prev_comm=ple.kvbenchmark prev_pid=4317 prev_prio=120 prev_state=S ==> next_comm=swapper/0 next_pid=0 next_prio=120
          <idle>-0     [000] ...2   286.803394: sched_switch: prev_comm=swapper/0 prev_pid=0 prev_prio=120 prev_state=R ==> next_comm=ple.kvbenchmark next_pid=4317 next_prio=120
           <...>-4317  [000] ...2   286.803438: sched_switch: prev_comm=ple.kvbenchmark prev_pid=4317 prev_prio=120 prev_state=S ==> next_comm=swapper/0 next_pid=0 next_prio=120
          <idle>-0     [000] ...2   286.804493: sched_switch: prev_comm=swapper/0 prev_pid=0 prev_prio=120 prev_state=R ==> next_comm=ple.kvbenchmark next_pid=4317 next_prio=120
           <...>-4317  [000] ...2   286.804537: sched_switch: prev_comm=ple.kvbenchmark prev_pid=4317 prev_prio=120 prev_state=S ==> next_comm=swapper/0 next_pid=0 next_prio=120
          <idle>-0     [000] ...2   286.805592: sched_switch: prev_comm=swapper/0 prev_pid=0 prev_prio=120 prev_state=R ==> next_comm=ple.kvbenchmark next_pid=4317 next_prio=120
           <...>-4317  [000] ...2   286.805711: sched_switch: prev_comm=ple.kvbenchmark prev_pid=4317 prev_prio=120 prev_state=S ==> next_comm=swapper/0 next_pid=0 next_prio=120
          <idle>-0     [000] ...2   286.806764: sched_switch: prev_comm=swapper/0 prev_pid=0 prev_prio=120 prev_state=R ==> next_comm=ple.kvbenchmark next_pid=4317 next_prio=120
           <...>-4317  [000] ...2   286.806897: sched_switch: prev_comm=ple.kvbenchmark prev_pid=4317 prev_prio=120 prev_state=S ==> next_comm=swapper/0 next_pid=0 next_prio=120
          <idle>-0     [000] ...2   286.807951: sched_switch: prev_comm=swapper/0 prev_pid=0 prev_prio=120 prev_state=R ==> next_comm=ple.kvbenchmark next_pid=4317 next_prio=120
           <...>-4317  [000] ...2   286.807996: sched_switch: prev_comm=ple.kvbenchmark prev_pid=4317 prev_prio=120 prev_state=S ==> next_comm=swapper/0 next_pid=0 next_prio=120
          <idle>-0     [000] ...2   286.809050: sched_switch: prev_comm=swapper/0 prev_pid=0 prev_prio=120 prev_state=R ==> next_comm=ple.kvbenchmark next_pid=4317 next_prio=120
           <...>-4317  [000] ...2   286.809095: sched_switch: prev_comm=ple.kvbenchmark prev_pid=4317 prev_prio=120 prev_state=S ==> next_comm=swapper/0 next_pid=0 next_prio=120
          <idle>-0     [000] ...2   286.810150: sched_switch: prev_comm=swapper/0 prev_pid=0 prev_prio=120 prev_state=R ==> next_comm=ple.kvbenchmark next_pid=4317 next_prio=120
           <...>-4317  [000] ...2   286.810277: sched_switch: prev_comm=ple.kvbenchmark prev_pid=4317 prev_prio=120 prev_state=S ==> next_comm=swapper/0 next_pid=0 next_prio=120
          <idle>-0     [000] ...2   286.811331: sched_switch: prev_comm=swapper/0 prev_pid=0 prev_prio=120 prev_state=R ==> next_comm=ple.kvbenchmark next_pid=4317 next_prio=120
           <...>-4317  [000] ...2   286.811461: sched_switch: prev_comm=ple.kvbenchmark prev_pid=4317 prev_prio=120 prev_state=S ==> next_comm=swapper/0 next_pid=0 next_prio=120
          <idle>-0     [000] ...2   286.812004: sched_switch: prev_comm=swapper/0 prev_pid=0 prev_prio=120 prev_state=R ==> next_comm=ksoftirqd/0 next_pid=3 next_prio=120
           <...>-3     [000] ...2   286.812012: sched_switch: prev_comm=ksoftirqd/0 prev_pid=3 prev_prio=120 prev_state=S ==> next_comm=swapper/0 next_pid=0 next_prio=120
          <idle>-0     [000] ...2   286.812024: sched_switch: prev_comm=swapper/0 prev_pid=0 prev_prio=120 prev_state=R ==> next_comm=ksoftirqd/0 next_pid=3 next_prio=120
           <...>-3     [000] ...2   286.812032: sched_switch: prev_comm=ksoftirqd/0 prev_pid=3 prev_prio=120 prev_state=S ==> next_comm=swapper/0 next_pid=0 next_prio=120
          <idle>-0     [000] ...2   286.812043: sched_switch: prev_comm=swapper/0 prev_pid=0 prev_prio=120 prev_state=R ==> next_comm=ksoftirqd/0 next_pid=3 next_prio=120
           <...>-3     [000] ...2   286.812051: sched_switch: prev_comm=ksoftirqd/0 prev_pid=3 prev_prio=120 prev_state=S ==> next_comm=swapper/0 next_pid=0 next_prio=120
          <idle>-0     [000] ...2   286.812518: sched_switch: prev_comm=swapper/0 prev_pid=0 prev_prio=120 prev_state=R ==> next_comm=ple.kvbenchmark next_pid=4317 next_prio=120
           <...>-4317  [000] ...2   286.812563: sched_switch: prev_comm=ple.kvbenchmark prev_pid=4317 prev_prio=120 prev_state=S ==> next_comm=swapper/0 next_pid=0 next_prio=120
          <idle>-0     [000] ...2   286.813617: sched_switch: prev_comm=swapper/0 prev_pid=0 prev_prio=120 prev_state=R ==> next_comm=ple.kvbenchmark next_pid=4317 next_prio=120
           <...>-4317  [000] ...2   286.813742: sched_switch: prev_comm=ple.kvbenchmark prev_pid=4317 prev_prio=120 prev_state=S ==> next_comm=swapper/0 next_pid=0 next_prio=120
          <idle>-0     [000] ...2   286.814796: sched_switch: prev_comm=swapper/0 prev_pid=0 prev_prio=120 prev_state=R ==> next_comm=ple.kvbenchmark next_pid=4317 next_prio=120
           <...>-4317  [000] ...2   286.814916: sched_switch: prev_comm=ple.kvbenchmark prev_pid=4317 prev_prio=120 prev_state=S ==> next_comm=swapper/0 next_pid=0 next_prio=120
          <idle>-0     [000] ...2   286.815971: sched_switch: prev_comm=swapper/0 prev_pid=0 prev_prio=120 prev_state=R ==> next_comm=ple.kvbenchmark next_pid=4317 next_prio=120
           <...>-4317  [000] ...2   286.816110: sched_switch: prev_comm=ple.kvbenchmark prev_pid=4317 prev_prio=120 prev_state=S ==> next_comm=swapper/0 next_pid=0 next_prio=120
          <idle>-0     [000] ...2   286.817166: sched_switch: prev_comm=swapper/0 prev_pid=0 prev_prio=120 prev_state=R ==> next_comm=ple.kvbenchmark next_pid=4317 next_prio=120
           <...>-4317  [000] ...2   286.817211: sched_switch: prev_comm=ple.kvbenchmark prev_pid=4317 prev_prio=120 prev_state=S ==> next_comm=swapper/0 next_pid=0 next_prio=120
          <idle>-0     [000] ...2   286.818265: sched_switch: prev_comm=swapper/0 prev_pid=0 prev_prio=120 prev_state=R ==> next_comm=ple.kvbenchmark next_pid=4317 next_prio=120
           <...>-4317  [000] ...2   286.818307: sched_switch: prev_comm=ple.kvbenchmark prev_pid=4317 prev_prio=120 prev_state=S ==> next_comm=swapper/0 next_pid=0 next_prio=120
          <idle>-0     [000] ...2   286.819362: sched_switch: prev_comm=swapper/0 prev_pid=0 prev_prio=120 prev_state=R ==> next_comm=ple.kvbenchmark next_pid=4317 next_prio=120
           <...>-4317  [000] ...2   286.819404: sched_switch: prev_comm=ple.kvbenchmark prev_pid=4317 prev_prio=120 prev_state=S ==> next_comm=swapper/0 next_pid=0 next_prio=120
          <idle>-0     [000] ...2   286.820458: sched_switch: prev_comm=swapper/0 prev_pid=0 prev_prio=120 prev_state=R ==> next_comm=ple.kvbenchmark next_pid=4317 next_prio=120
           <...>-4317  [000] ...2   286.820574: sched_switch: prev_comm=ple.kvbenchmark prev_pid=4317 prev_prio=120 prev_state=S ==> next_comm=swapper/0 next_pid=0 next_prio=120
          <idle>-0     [000] ...2   286.821629: sched_switch: prev_comm=swapper/0 prev_pid=0 prev_prio=120 prev_state=R ==> next_comm=ple.kvbenchmark next_pid=4317 next_prio=120
           <...>-4317  [000] ...2   286.821672: sched_switch: prev_comm=ple.kvbenchmark prev_pid=4317 prev_prio=120 prev_state=S ==> next_comm=swapper/0 next_pid=0 next_prio=120
          <idle>-0     [000] ...2   286.822003: sched_switch: prev_comm=swapper/0 prev_pid=0 prev_prio=120 prev_state=R ==> next_comm=ksoftirqd/0 next_pid=3 next_prio=120
           <...>-3     [000] ...2   286.822013: sched_switch: prev_comm=ksoftirqd/0 prev_pid=3 prev_prio=120 prev_state=S ==> next_comm=swapper/0 next_pid=0 next_prio=120
          <idle>-0     [000] ...2   286.822731: sched_switch: prev_comm=swapper/0 prev_pid=0 prev_prio=120 prev_state=R ==> next_comm=ple.kvbenchmark next_pid=4317 next_prio=120
           <...>-4317  [000] ...2   286.822780: sched_switch: prev_comm=ple.kvbenchmark prev_pid=4317 prev_prio=120 prev_state=S ==> next_comm=swapper/0 next_pid=0 next_prio=120
          <idle>-0     [000] ...2   286.823837: sched_switch: prev_comm=swapper/0 prev_pid=0 prev_prio=120 prev_state=R ==> next_comm=ple.kvbenchmark next_pid=4317 next_prio=120
           <...>-4317  [000] ...2   286.823959: sched_switch: prev_comm=ple.kvbenchmark prev_pid=4317 prev_prio=120 prev_state=S ==> next_comm=swapper/0 next_pid=0 next_prio=120
          <idle>-0     [000] ...2   286.825015: sched_switch: prev_comm=swapper/0 prev_pid=0 prev_prio=120 prev_state=R ==> next_comm=ple.kvbenchmark next_pid=4317 next_prio=120
           <...>-4317  [000] ...2   286.825134: sched_switch: prev_comm=ple.kvbenchmark prev_pid=4317 prev_prio=120 prev_state=S ==> next_comm=swapper/0 next_pid=0 next_prio=120
          <idle>-0     [000] ...2   286.826190: sched_switch: prev_comm=swapper/0 prev_pid=0 prev_prio=120 prev_state=R ==> next_comm=ple.kvbenchmark next_pid=4317 next_prio=120
           <...>-4317  [000] ...2   286.826234: sched_switch: prev_comm=ple.kvbenchmark prev_pid=4317 prev_prio=120 prev_state=S ==> next_comm=swapper/0 next_pid=0 next_prio=120
          <idle>-0     [000] ...2   286.827291: sched_switch: prev_comm=swapper/0 prev_pid=0 prev_prio=120 prev_state=R ==> next_comm=ple.kvbenchmark next_pid=4317 next_prio=120
           <...>-4317  [000] ...2   286.827335: sched_switch: prev_comm=ple.kvbenchmark prev_pid=4317 prev_prio=120 prev_state=S ==> next_comm=swapper/0 next_pid=0 next_prio=120
          <idle>-0     [000] ...2   286.828392: sched_switch: prev_comm=swapper/0 prev_pid=0 prev_prio=120 prev_state=R ==> next_comm=ple.kvbenchmark next_pid=4317 next_prio=120
           <...>-4317  [000] ...2   286.828527: sched_switch: prev_comm=ple.kvbenchmark prev_pid=4317 prev_prio=120 prev_state=S ==> next_comm=swapper/0 next_pid=0 next_prio=120
          <idle>-0     [000] ...2   286.829584: sched_switch: prev_comm=swapper/0 prev_pid=0 prev_prio=120 prev_state=R ==> next_comm=ple.kvbenchmark next_pid=4317 next_prio=120
           <...>-4317  [000] ...2   286.829702: sched_switch: prev_comm=ple.kvbenchmark prev_pid=4317 prev_prio=120 prev_state=S ==> next_comm=swapper/0 next_pid=0 next_prio=120
          <idle>-0     [000] ...2   286.830758: sched_switch: prev_comm=swapper/0 prev_pid=0 prev_prio=120 prev_state=R ==> next_comm=ple.kvbenchmark next_pid=4317 next_prio=120
           <...>-4317  [000] ...2   286.830802: sched_switch: prev_comm=ple.kvbenchmark prev_pid=4317 prev_prio=120 prev_state=S ==> next_comm=swapper/0 next_pid=0 next_prio=120
          <idle>-0     [000] ...2   286.831858: sched_switch: prev_comm=swapper/0 prev_pid=0 prev_prio=120 prev_state=R ==> next_comm=ple.kvbenchmark next_pid=4317 next_prio=120
           <...>-4317  [000] ...2   286.832010: sched_switch: prev_comm=ple.kvbenchmark prev_pid=4317 prev_prio=120 prev_state=S ==> next_comm=swapper/0 next_pid=0 next_prio=120
          <idle>-0     [000] ...2   286.833067: sched_switch: prev_comm=swapper/0 prev_pid=0 prev_prio=120 prev_state=R ==> next_comm=ple.kvbenchmark next_pid=4317 next_prio=120
           <...>-4317  [000] ...2   286.833111: sched_switch: prev_comm=ple.kvbenchmark prev_pid=4317 prev_prio=120 prev_state=S ==> next_comm=swapper/0 next_pid=0 next_prio=120
          <idle>-0     [000] ...2   286.834168: sched_switch: prev_comm=swapper/0 prev_pid=0 prev_prio=120 prev_state=R ==> next_comm=ple.kvbenchmark next_pid=4317 next_prio=120
           <...>-4317  [000] ...2   286.834301: sched_switch: prev_comm=ple.kvbenchmark prev_pid=4317 prev_prio=120 prev_state=S ==> next_comm=swapper/0 next_pid=0 next_prio=120
          <idle>-0     [000] ...2   286.835356: sched_switch: prev_comm=swapper/0 prev_pid=0 prev_prio=120 prev_state=R ==> next_comm=ple.kvbenchmark next_pid=4317 next_prio=120
           <...>-4317  [000] ...2   286.835475: sched_switch: prev_comm=ple.kvbenchmark prev_pid=4317 prev_prio=120 prev_state=S ==> next_comm=swapper/0 next_pid=0 next_prio=120
          <idle>-0     [000] ...2   286.836532: sched_switch: prev_comm=swapper/0 prev_pid=0 prev_prio=120 prev_state=R ==> next_comm=ple.kvbenchmark next_pid=4317 next_prio=120
           <...>-4317  [000] ...2   286.836652: sched_switch: prev_comm=ple.kvbenchmark prev_pid=4317 prev_prio=120 prev_state=S ==> next_comm=swapper/0 next_pid=0 next_prio=120
          <idle>-0     [000] ...2   286.837708: sched_switch: prev_comm=swapper/0 prev_pid=0 prev_prio=120 prev_state=R ==> next_comm=ple.kvbenchmark next_pid=4317 next_prio=120
           <...>-4317  [000] ...2   286.837821: sched_switch: prev_comm=ple.kvbenchmark prev_pid=4317 prev_prio=120 prev_state=S ==> next_comm=swapper/0 next_pid=0 next_prio=120
          <idle>-0     [000] ...2   286.838878: sched_switch: prev_comm=swapper/0 prev_pid=0 prev_prio=120 prev_state=R ==> next_comm=ple.kvbenchmark next_pid=4317 next_prio=120
           <...>-4317  [000] ...2   286.839012: sched_switch: prev_comm=ple.kvbenchmark prev_pid=4317 prev_prio=120 prev_state=S ==> next_comm=swapper/0 next_pid=0 next_prio=120
          <idle>-0     [000] ...2   286.840069: sched_switch: prev_comm=swapper/0 prev_pid=0 prev_prio=120 prev_state=R ==> next_comm=ple.kvbenchmark next_pid=4317 next_prio=120
           <...>-4317  [000] ...2   286.840113: sched_switch: prev_comm=ple.kvbenchmark prev_pid=4317 prev_prio=120 prev_state=S ==> next_comm=swapper/0 next_pid=0 next_prio=120
          <idle>-0     [000] ...2   286.841169: sched_switch: prev_comm=swapper/0 prev_pid=0 prev_prio=120 prev_state=R ==> next_comm=ple.kvbenchmark next_pid=4317 next_prio=120
           <...>-4317  [000] ...2   286.841212: sched_switch: prev_comm=ple.kvbenchmark prev_pid=4317 prev_prio=120 prev_state=S ==> next_comm=swapper/0 next_pid=0 next_prio=120
          <idle>-0     [000] ...2   286.842000: sched_switch: prev_comm=swapper/0 prev_pid=0 prev_prio=120 prev_state=R ==> next_comm=kworker/u:1 next_pid=21 next_prio=120
     kworker/u:1-21    [000] ...2   286.842013: sched_switch: prev_comm=kworker/u:1 prev_pid=21 prev_prio=120 prev_state=S ==> next_comm=mpdecision next_pid=1747 next_prio=113
      mpdecision-1747  [000] ...2   286.842211: sched_switch: prev_comm=mpdecision prev_pid=1747 prev_prio=113 prev_state=S ==> next_comm=swapper/0 next_pid=0 next_prio=120
          <idle>-0     [000] ...2   286.842224: sched_switch: prev_comm=swapper/0 prev_pid=0 prev_prio=120 prev_state=R ==> next_comm=ksoftirqd/0 next_pid=3 next_prio=120
           <...>-3     [000] ...2   286.842233: sched_switch: prev_comm=ksoftirqd/0 prev_pid=3 prev_prio=120 prev_state=S ==> next_comm=swapper/0 next_pid=0 next_prio=120
          <idle>-0     [000] ...2   286.842245: sched_switch: prev_comm=swapper/0 prev_pid=0 prev_prio=120 prev_state=R ==> next_comm=ksoftirqd/0 next_pid=3 next_prio=120
           <...>-3     [000] ...2   286.842261: sched_switch: prev_comm=ksoftirqd/0 prev_pid=3 prev_prio=120 prev_state=S ==> next_comm=swapper/0 next_pid=0 next_prio=120
          <idle>-0     [000] ...2   286.842265: sched_switch: prev_comm=swapper/0 prev_pid=0 prev_prio=120 prev_state=R ==> next_comm=ple.kvbenchmark next_pid=4317 next_prio=120
           <...>-4317  [000] ...2   286.842311: sched_switch: prev_comm=ple.kvbenchmark prev_pid=4317 prev_prio=120 prev_state=S ==> next_comm=swapper/0 next_pid=0 next_prio=120
          <idle>-0     [000] ...2   286.842324: sched_switch: prev_comm=swapper/0 prev_pid=0 prev_prio=120 prev_state=R ==> next_comm=ksoftirqd/0 next_pid=3 next_prio=120
           <...>-3     [000] ...2   286.842332: sched_switch: prev_comm=ksoftirqd/0 prev_pid=3 prev_prio=120 prev_state=S ==> next_comm=swapper/0 next_pid=0 next_prio=120
          <idle>-0     [000] ...2   286.843368: sched_switch: prev_comm=swapper/0 prev_pid=0 prev_prio=120 prev_state=R ==> next_comm=ple.kvbenchmark next_pid=4317 next_prio=120
           <...>-4317  [000] ...2   286.843412: sched_switch: prev_comm=ple.kvbenchmark prev_pid=4317 prev_prio=120 prev_state=S ==> next_comm=swapper/0 next_pid=0 next_prio=120
          <idle>-0     [000] ...2   286.844467: sched_switch: prev_comm=swapper/0 prev_pid=0 prev_prio=120 prev_state=R ==> next_comm=ple.kvbenchmark next_pid=4317 next_prio=120
           <...>-4317  [000] ...2   286.844511: sched_switch: prev_comm=ple.kvbenchmark prev_pid=4317 prev_prio=120 prev_state=S ==> next_comm=swapper/0 next_pid=0 next_prio=120
          <idle>-0     [000] ...2   286.845565: sched_switch: prev_comm=swapper/0 prev_pid=0 prev_prio=120 prev_state=R ==> next_comm=ple.kvbenchmark next_pid=4317 next_prio=120
           <...>-4317  [000] ...2   286.845684: sched_switch: prev_comm=ple.kvbenchmark prev_pid=4317 prev_prio=120 prev_state=S ==> next_comm=swapper/0 next_pid=0 next_prio=120
          <idle>-0     [000] ...2   286.846738: sched_switch: prev_comm=swapper/0 prev_pid=0 prev_prio=120 prev_state=R ==> next_comm=ple.kvbenchmark next_pid=4317 next_prio=120
           <...>-4317  [000] ...2   286.846781: sched_switch: prev_comm=ple.kvbenchmark prev_pid=4317 prev_prio=120 prev_state=S ==> next_comm=swapper/0 next_pid=0 next_prio=120
          <idle>-0     [000] ...2   286.847835: sched_switch: prev_comm=swapper/0 prev_pid=0 prev_prio=120 prev_state=R ==> next_comm=ple.kvbenchmark next_pid=4317 next_prio=120
           <...>-4317  [000] ...2   286.847880: sched_switch: prev_comm=ple.kvbenchmark prev_pid=4317 prev_prio=120 prev_state=S ==> next_comm=swapper/0 next_pid=0 next_prio=120
          <idle>-0     [000] ...2   286.848934: sched_switch: prev_comm=swapper/0 prev_pid=0 prev_prio=120 prev_state=R ==> next_comm=ple.kvbenchmark next_pid=4317 next_prio=120
           <...>-4317  [000] ...2   286.849061: sched_switch: prev_comm=ple.kvbenchmark prev_pid=4317 prev_prio=120 prev_state=S ==> next_comm=swapper/0 next_pid=0 next_prio=120
          <idle>-0     [000] ...2   286.850115: sched_switch: prev_comm=swapper/0 prev_pid=0 prev_prio=120 prev_state=R ==> next_comm=ple.kvbenchmark next_pid=4317 next_prio=120
           <...>-4317  [000] ...2   286.850159: sched_switch: prev_comm=ple.kvbenchmark prev_pid=4317 prev_prio=120 prev_state=S ==> next_comm=swapper/0 next_pid=0 next_prio=120
          <idle>-0     [000] ...2   286.850680: sched_switch: prev_comm=swapper/0 prev_pid=0 prev_prio=120 prev_state=R ==> next_comm=kworker/u:1 next_pid=21 next_prio=120
     kworker/u:1-21    [000] ...2   286.850718: sched_switch: prev_comm=kworker/u:1 prev_pid=21 prev_prio=120 prev_state=S ==> next_comm=kworker/u:0 next_pid=6 next_prio=120
     kworker/u:0-6     [000] ...2   286.850724: sched_switch: prev_comm=kworker/u:0 prev_pid=6 prev_prio=120 prev_state=S ==> next_comm=sensors.qcom next_pid=859 next_prio=120
    sensors.qcom-859   [000] ...2   286.850784: sched_switch: prev_comm=sensors.qcom prev_pid=859 prev_prio=120 prev_state=S ==> next_comm=sensors.qcom next_pid=714 next_prio=120
    sensors.qcom-714   [000] ...2   286.850823: sched_switch: prev_comm=sensors.qcom prev_pid=714 prev_prio=120 prev_state=S ==> next_comm=system_server next_pid=737 next_prio=118
   system_server-737   [000] ...2   286.850931: sched_switch: prev_comm=system_server prev_pid=737 prev_prio=118 prev_state=S ==> next_comm=system_server next_pid=741 next_prio=118
   system_server-741   [000] ...2   286.850956: sched_switch: prev_comm=system_server prev_pid=741 prev_prio=118 prev_state=S ==> next_comm=SensorService next_pid=782 next_prio=112
          traced-201   [001] ...2   286.850992: sched_switch: prev_comm=traced prev_pid=201 prev_prio=120 prev_state=R ==> next_comm=android.ui next_pid=787 next_prio=118
   SensorService-782   [000] ...2   286.851010: sched_switch: prev_comm=SensorService prev_pid=782 prev_prio=112 prev_state=S ==> next_comm=swapper/0 next_pid=0 next_prio=120
      android.ui-787   [001] ...2   286.851058: sched_switch: prev_comm=android.ui prev_pid=787 prev_prio=118 prev_state=S ==> next_comm=traced next_pid=201 next_prio=120
          <idle>-0     [000] ...2   286.851215: sched_switch: prev_comm=swapper/0 prev_pid=0 prev_prio=120 prev_state=R ==> next_comm=ple.kvbenchmark next_pid=4317 next_prio=120
           <...>-4317  [000] ...2   286.851266: sched_switch: prev_comm=ple.kvbenchmark prev_pid=4317 prev_prio=120 prev_state=S ==> next_comm=swapper/0 next_pid=0 next_prio=120
          <idle>-0     [000] ...2   286.852007: sched_switch: prev_comm=swapper/0 prev_pid=0 prev_prio=120 prev_state=R ==> next_comm=ksoftirqd/0 next_pid=3 next_prio=120
           <...>-3     [000] ...2   286.852015: sched_switch: prev_comm=ksoftirqd/0 prev_pid=3 prev_prio=120 prev_state=S ==> next_comm=swapper/0 next_pid=0 next_prio=120
          <idle>-0     [000] ...2   286.852027: sched_switch: prev_comm=swapper/0 prev_pid=0 prev_prio=120 prev_state=R ==> next_comm=ksoftirqd/0 next_pid=3 next_prio=120
           <...>-3     [000] ...2   286.852035: sched_switch: prev_comm=ksoftirqd/0 prev_pid=3 prev_prio=120 prev_state=S ==> next_comm=swapper/0 next_pid=0 next_prio=120
          <idle>-0     [000] ...2   286.852047: sched_switch: prev_comm=swapper/0 prev_pid=0 prev_prio=120 prev_state=R ==> next_comm=ksoftirqd/0 next_pid=3 next_prio=120
           <...>-3     [000] ...2   286.852054: sched_switch: prev_comm=ksoftirqd/0 prev_pid=3 prev_prio=120 prev_state=S ==> next_comm=swapper/0 next_pid=0 next_prio=120
          <idle>-0     [000] ...2   286.852323: sched_switch: prev_comm=swapper/0 prev_pid=0 prev_prio=120 prev_state=R ==> next_comm=ple.kvbenchmark next_pid=4317 next_prio=120
           <...>-4317  [000] ...2   286.852443: sched_switch: prev_comm=ple.kvbenchmark prev_pid=4317 prev_prio=120 prev_state=S ==> next_comm=swapper/0 next_pid=0 next_prio=120
          <idle>-0     [000] ...2   286.853497: sched_switch: prev_comm=swapper/0 prev_pid=0 prev_prio=120 prev_state=R ==> next_comm=ple.kvbenchmark next_pid=4317 next_prio=120
           <...>-4317  [000] ...2   286.853639: sched_switch: prev_comm=ple.kvbenchmark prev_pid=4317 prev_prio=120 prev_state=S ==> next_comm=swapper/0 next_pid=0 next_prio=120
          <idle>-0     [000] ...2   286.854693: sched_switch: prev_comm=swapper/0 prev_pid=0 prev_prio=120 prev_state=R ==> next_comm=ple.kvbenchmark next_pid=4317 next_prio=120
           <...>-4317  [000] ...2   286.854736: sched_switch: prev_comm=ple.kvbenchmark prev_pid=4317 prev_prio=120 prev_state=S ==> next_comm=swapper/0 next_pid=0 next_prio=120
          <idle>-0     [000] ...2   286.855790: sched_switch: prev_comm=swapper/0 prev_pid=0 prev_prio=120 prev_state=R ==> next_comm=ple.kvbenchmark next_pid=4317 next_prio=120
           <...>-4317  [000] ...2   286.855835: sched_switch: prev_comm=ple.kvbenchmark prev_pid=4317 prev_prio=120 prev_state=S ==> next_comm=swapper/0 next_pid=0 next_prio=120
          <idle>-0     [000] ...2   286.856890: sched_switch: prev_comm=swapper/0 prev_pid=0 prev_prio=120 prev_state=R ==> next_comm=ple.kvbenchmark next_pid=4317 next_prio=120
           <...>-4317  [000] ...2   286.856934: sched_switch: prev_comm=ple.kvbenchmark prev_pid=4317 prev_prio=120 prev_state=S ==> next_comm=swapper/0 next_pid=0 next_prio=120
          <idle>-0     [000] ...2   286.857988: sched_switch: prev_comm=swapper/0 prev_pid=0 prev_prio=120 prev_state=R ==> next_comm=ple.kvbenchmark next_pid=4317 next_prio=120
           <...>-4317  [000] ...2   286.858131: sched_switch: prev_comm=ple.kvbenchmark prev_pid=4317 prev_prio=120 prev_state=S ==> next_comm=swapper/0 next_pid=0 next_prio=120
          <idle>-0     [000] ...2   286.859185: sched_switch: prev_comm=swapper/0 prev_pid=0 prev_prio=120 prev_state=R ==> next_comm=ple.kvbenchmark next_pid=4317 next_prio=120
           <...>-4317  [000] ...2   286.859237: sched_switch: prev_comm=ple.kvbenchmark prev_pid=4317 prev_prio=120 prev_state=S ==> next_comm=swapper/0 next_pid=0 next_prio=120
          <idle>-0     [000] ...2   286.860291: sched_switch: prev_comm=swapper/0 prev_pid=0 prev_prio=120 prev_state=R ==> next_comm=ple.kvbenchmark next_pid=4317 next_prio=120
           <...>-4317  [000] ...2   286.860346: sched_switch: prev_comm=ple.kvbenchmark prev_pid=4317 prev_prio=120 prev_state=S ==> next_comm=swapper/0 next_pid=0 next_prio=120
          <idle>-0     [000] ...2   286.861400: sched_switch: prev_comm=swapper/0 prev_pid=0 prev_prio=120 prev_state=R ==> next_comm=ple.kvbenchmark next_pid=4317 next_prio=120
           <...>-4317  [000] ...2   286.861521: sched_switch: prev_comm=ple.kvbenchmark prev_pid=4317 prev_prio=120 prev_state=S ==> next_comm=swapper/0 next_pid=0 next_prio=120
          <idle>-0     [000] ...2   286.862004: sched_switch: prev_comm=swapper/0 prev_pid=0 prev_prio=120 prev_state=R ==> next_comm=ksoftirqd/0 next_pid=3 next_prio=120
           <...>-3     [000] ...2   286.862014: sched_switch: prev_comm=ksoftirqd/0 prev_pid=3 prev_prio=120 prev_state=S ==> next_comm=swapper/0 next_pid=0 next_prio=120
          <idle>-0     [000] ...2   286.862577: sched_switch: prev_comm=swapper/0 prev_pid=0 prev_prio=120 prev_state=R ==> next_comm=ple.kvbenchmark next_pid=4317 next_prio=120
           <...>-4317  [000] ...2   286.862620: sched_switch: prev_comm=ple.kvbenchmark prev_pid=4317 prev_prio=120 prev_state=S ==> next_comm=swapper/0 next_pid=0 next_prio=120
          <idle>-0     [000] ...2   286.863676: sched_switch: prev_comm=swapper/0 prev_pid=0 prev_prio=120 prev_state=R ==> next_comm=ple.kvbenchmark next_pid=4317 next_prio=120
           <...>-4317  [000] ...2   286.863720: sched_switch: prev_comm=ple.kvbenchmark prev_pid=4317 prev_prio=120 prev_state=S ==> next_comm=swapper/0 next_pid=0 next_prio=120
          <idle>-0     [000] ...2   286.864777: sched_switch: prev_comm=swapper/0 prev_pid=0 prev_prio=120 prev_state=R ==> next_comm=ple.kvbenchmark next_pid=4317 next_prio=120
           <...>-4317  [000] ...2   286.864821: sched_switch: prev_comm=ple.kvbenchmark prev_pid=4317 prev_prio=120 prev_state=S ==> next_comm=swapper/0 next_pid=0 next_prio=120
          <idle>-0     [000] ...2   286.865710: sched_switch: prev_comm=swapper/0 prev_pid=0 prev_prio=120 prev_state=R ==> next_comm=kworker/u:0 next_pid=6 next_prio=120
     kworker/u:0-6     [000] ...2   286.865745: sched_switch: prev_comm=kworker/u:0 prev_pid=6 prev_prio=120 prev_state=S ==> next_comm=kworker/u:1 next_pid=21 next_prio=120
     kworker/u:1-21    [000] ...2   286.865750: sched_switch: prev_comm=kworker/u:1 prev_pid=21 prev_prio=120 prev_state=S ==> next_comm=sensors.qcom next_pid=859 next_prio=120
    sensors.qcom-859   [000] ...2   286.865801: sched_switch: prev_comm=sensors.qcom prev_pid=859 prev_prio=120 prev_state=S ==> next_comm=sensors.qcom next_pid=714 next_prio=120
    sensors.qcom-714   [000] ...2   286.865836: sched_switch: prev_comm=sensors.qcom prev_pid=714 prev_prio=120 prev_state=S ==> next_comm=system_server next_pid=737 next_prio=118
   system_server-737   [000] ...2   286.865940: sched_switch: prev_comm=system_server prev_pid=737 prev_prio=118 prev_state=S ==> next_comm=system_server next_pid=741 next_prio=118
   system_server-741   [000] ...2   286.865954: sched_switch: prev_comm=system_server prev_pid=741 prev_prio=118 prev_state=S ==> next_comm=ple.kvbenchmark next_pid=4317 next_prio=120
           <...>-4317  [000] ...2   286.866074: sched_switch: prev_comm=ple.kvbenchmark prev_pid=4317 prev_prio=120 prev_state=S ==> next_comm=swapper/0 next_pid=0 next_prio=120
          <idle>-0     [000] ...2   286.867129: sched_switch: prev_comm=swapper/0 prev_pid=0 prev_prio=120 prev_state=R ==> next_comm=ple.kvbenchmark next_pid=4317 next_prio=120
           <...>-4317  [000] ...2   286.867174: sched_switch: prev_comm=ple.kvbenchmark prev_pid=4317 prev_prio=120 prev_state=S ==> next_comm=swapper/0 next_pid=0 next_prio=120
          <idle>-0     [000] ...2   286.868231: sched_switch: prev_comm=swapper/0 prev_pid=0 prev_prio=120 prev_state=R ==> next_comm=ple.kvbenchmark next_pid=4317 next_prio=120
           <...>-4317  [000] ...2   286.868359: sched_switch: prev_comm=ple.kvbenchmark prev_pid=4317 prev_prio=120 prev_state=S ==> next_comm=swapper/0 next_pid=0 next_prio=120
          <idle>-0     [000] ...2   286.869415: sched_switch: prev_comm=swapper/0 prev_pid=0 prev_prio=120 prev_state=R ==> next_comm=ple.kvbenchmark next_pid=4317 next_prio=120
           <...>-4317  [000] ...2   286.869459: sched_switch: prev_comm=ple.kvbenchmark prev_pid=4317 prev_prio=120 prev_state=S ==> next_comm=swapper/0 next_pid=0 next_prio=120
          <idle>-0     [000] ...2   286.870516: sched_switch: prev_comm=swapper/0 prev_pid=0 prev_prio=120 prev_state=R ==> next_comm=ple.kvbenchmark next_pid=4317 next_prio=120
           <...>-4317  [000] ...2   286.870559: sched_switch: prev_comm=ple.kvbenchmark prev_pid=4317 prev_prio=120 prev_state=S ==> next_comm=swapper/0 next_pid=0 next_prio=120
          <idle>-0     [000] ...2   286.871616: sched_switch: prev_comm=swapper/0 prev_pid=0 prev_prio=120 prev_state=R ==> next_comm=ple.kvbenchmark next_pid=4317 next_prio=120
           <...>-4317  [000] ...2   286.871657: sched_switch: prev_comm=ple.kvbenchmark prev_pid=4317 prev_prio=120 prev_state=S ==> next_comm=swapper/0 next_pid=0 next_prio=120
          <idle>-0     [000] ...2   286.872714: sched_switch: prev_comm=swapper/0 prev_pid=0 prev_prio=120 prev_state=R ==> next_comm=ple.kvbenchmark next_pid=4317 next_prio=120
           <...>-4317  [000] ...2   286.872759: sched_switch: prev_comm=ple.kvbenchmark prev_pid=4317 prev_prio=120 prev_state=S ==> next_comm=swapper/0 next_pid=0 next_prio=120
          <idle>-0     [000] ...2   286.873815: sched_switch: prev_comm=swapper/0 prev_pid=0 prev_prio=120 prev_state=R ==> next_comm=ple.kvbenchmark next_pid=4317 next_prio=120
           <...>-4317  [000] ...2   286.873859: sched_switch: prev_comm=ple.kvbenchmark prev_pid=4317 prev_prio=120 prev_state=S ==> next_comm=swapper/0 next_pid=0 next_prio=120
          <idle>-0     [000] ...2   286.874915: sched_switch: prev_comm=swapper/0 prev_pid=0 prev_prio=120 prev_state=R ==> next_comm=ple.kvbenchmark next_pid=4317 next_prio=120
           <...>-4317  [000] ...2   286.875039: sched_switch: prev_comm=ple.kvbenchmark prev_pid=4317 prev_prio=120 prev_state=S ==> next_comm=swapper/0 next_pid=0 next_prio=120
          <idle>-0     [000] ...2   286.876095: sched_switch: prev_comm=swapper/0 prev_pid=0 prev_prio=120 prev_state=R ==> next_comm=ple.kvbenchmark next_pid=4317 next_prio=120
           <...>-4317  [000] ...2   286.876141: sched_switch: prev_comm=ple.kvbenchmark prev_pid=4317 prev_prio=120 prev_state=S ==> next_comm=swapper/0 next_pid=0 next_prio=120
          <idle>-0     [000] ...2   286.877195: sched_switch: prev_comm=swapper/0 prev_pid=0 prev_prio=120 prev_state=R ==> next_comm=ple.kvbenchmark next_pid=4317 next_prio=120
           <...>-4317  [000] ...2   286.877314: sched_switch: prev_comm=ple.kvbenchmark prev_pid=4317 prev_prio=120 prev_state=S ==> next_comm=swapper/0 next_pid=0 next_prio=120
          <idle>-0     [000] ...2   286.878371: sched_switch: prev_comm=swapper/0 prev_pid=0 prev_prio=120 prev_state=R ==> next_comm=ple.kvbenchmark next_pid=4317 next_prio=120
           <...>-4317  [000] ...2   286.878414: sched_switch: prev_comm=ple.kvbenchmark prev_pid=4317 prev_prio=120 prev_state=S ==> next_comm=swapper/0 next_pid=0 next_prio=120
          <idle>-0     [000] ...2   286.879471: sched_switch: prev_comm=swapper/0 prev_pid=0 prev_prio=120 prev_state=R ==> next_comm=ple.kvbenchmark next_pid=4317 next_prio=120
           <...>-4317  [000] ...2   286.879516: sched_switch: prev_comm=ple.kvbenchmark prev_pid=4317 prev_prio=120 prev_state=S ==> next_comm=swapper/0 next_pid=0 next_prio=120
          <idle>-0     [000] ...2   286.880573: sched_switch: prev_comm=swapper/0 prev_pid=0 prev_prio=120 prev_state=R ==> next_comm=ple.kvbenchmark next_pid=4317 next_prio=120
           <...>-4317  [000] ...2   286.880688: sched_switch: prev_comm=ple.kvbenchmark prev_pid=4317 prev_prio=120 prev_state=S ==> next_comm=swapper/0 next_pid=0 next_prio=120
          <idle>-0     [000] ...2   286.881744: sched_switch: prev_comm=swapper/0 prev_pid=0 prev_prio=120 prev_state=R ==> next_comm=ple.kvbenchmark next_pid=4317 next_prio=120
           <...>-4317  [000] ...2   286.881858: sched_switch: prev_comm=ple.kvbenchmark prev_pid=4317 prev_prio=120 prev_state=S ==> next_comm=swapper/0 next_pid=0 next_prio=120
          <idle>-0     [000] ...2   286.882916: sched_switch: prev_comm=swapper/0 prev_pid=0 prev_prio=120 prev_state=R ==> next_comm=ple.kvbenchmark next_pid=4317 next_prio=120
           <...>-4317  [000] ...2   286.882960: sched_switch: prev_comm=ple.kvbenchmark prev_pid=4317 prev_prio=120 prev_state=S ==> next_comm=swapper/0 next_pid=0 next_prio=120
          <idle>-0     [000] ...2   286.884016: sched_switch: prev_comm=swapper/0 prev_pid=0 prev_prio=120 prev_state=R ==> next_comm=ple.kvbenchmark next_pid=4317 next_prio=120
           <...>-4317  [000] ...2   286.884164: sched_switch: prev_comm=ple.kvbenchmark prev_pid=4317 prev_prio=120 prev_state=S ==> next_comm=swapper/0 next_pid=0 next_prio=120
          <idle>-0     [000] ...2   286.885220: sched_switch: prev_comm=swapper/0 prev_pid=0 prev_prio=120 prev_state=R ==> next_comm=ple.kvbenchmark next_pid=4317 next_prio=120
           <...>-4317  [000] ...2   286.885345: sched_switch: prev_comm=ple.kvbenchmark prev_pid=4317 prev_prio=120 prev_state=S ==> next_comm=swapper/0 next_pid=0 next_prio=120
          <idle>-0     [000] ...2   286.886402: sched_switch: prev_comm=swapper/0 prev_pid=0 prev_prio=120 prev_state=R ==> next_comm=ple.kvbenchmark next_pid=4317 next_prio=120
           <...>-4317  [000] ...2   286.886522: sched_switch: prev_comm=ple.kvbenchmark prev_pid=4317 prev_prio=120 prev_state=S ==> next_comm=swapper/0 next_pid=0 next_prio=120
          <idle>-0     [000] ...2   286.887578: sched_switch: prev_comm=swapper/0 prev_pid=0 prev_prio=120 prev_state=R ==> next_comm=ple.kvbenchmark next_pid=4317 next_prio=120
           <...>-4317  [000] ...2   286.887622: sched_switch: prev_comm=ple.kvbenchmark prev_pid=4317 prev_prio=120 prev_state=S ==> next_comm=swapper/0 next_pid=0 next_prio=120
          <idle>-0     [000] ...2   286.888679: sched_switch: prev_comm=swapper/0 prev_pid=0 prev_prio=120 prev_state=R ==> next_comm=ple.kvbenchmark next_pid=4317 next_prio=120
           <...>-4317  [000] ...2   286.888720: sched_switch: prev_comm=ple.kvbenchmark prev_pid=4317 prev_prio=120 prev_state=S ==> next_comm=swapper/0 next_pid=0 next_prio=120
          <idle>-0     [000] ...2   286.889777: sched_switch: prev_comm=swapper/0 prev_pid=0 prev_prio=120 prev_state=R ==> next_comm=ple.kvbenchmark next_pid=4317 next_prio=120
           <...>-4317  [000] ...2   286.889821: sched_switch: prev_comm=ple.kvbenchmark prev_pid=4317 prev_prio=120 prev_state=S ==> next_comm=swapper/0 next_pid=0 next_prio=120
          <idle>-0     [000] ...2   286.890878: sched_switch: prev_comm=swapper/0 prev_pid=0 prev_prio=120 prev_state=R ==> next_comm=ple.kvbenchmark next_pid=4317 next_prio=120
           <...>-4317  [000] ...2   286.891001: sched_switch: prev_comm=ple.kvbenchmark prev_pid=4317 prev_prio=120 prev_state=S ==> next_comm=swapper/0 next_pid=0 next_prio=120
          <idle>-0     [000] ...2   286.892000: sched_switch: prev_comm=swapper/0 prev_pid=0 prev_prio=120 prev_state=R ==> next_comm=kworker/u:1 next_pid=21 next_prio=120
     kworker/u:1-21    [000] ...2   286.892014: sched_switch: prev_comm=kworker/u:1 prev_pid=21 prev_prio=120 prev_state=S ==> next_comm=mpdecision next_pid=1747 next_prio=113
      mpdecision-1747  [000] ...2   286.892229: sched_switch: prev_comm=mpdecision prev_pid=1747 prev_prio=113 prev_state=S ==> next_comm=ple.kvbenchmark next_pid=4317 next_prio=120
           <...>-4317  [000] ...2   286.892367: sched_switch: prev_comm=ple.kvbenchmark prev_pid=4317 prev_prio=120 prev_state=S ==> next_comm=swapper/0 next_pid=0 next_prio=120
          <idle>-0     [000] ...2   286.892379: sched_switch: prev_comm=swapper/0 prev_pid=0 prev_prio=120 prev_state=R ==> next_comm=ksoftirqd/0 next_pid=3 next_prio=120
           <...>-3     [000] ...2   286.892389: sched_switch: prev_comm=ksoftirqd/0 prev_pid=3 prev_prio=120 prev_state=S ==> next_comm=swapper/0 next_pid=0 next_prio=120
          <idle>-0     [000] ...2   286.892401: sched_switch: prev_comm=swapper/0 prev_pid=0 prev_prio=120 prev_state=R ==> next_comm=ksoftirqd/0 next_pid=3 next_prio=120
           <...>-3     [000] ...2   286.892409: sched_switch: prev_comm=ksoftirqd/0 prev_pid=3 prev_prio=120 prev_state=S ==> next_comm=swapper/0 next_pid=0 next_prio=120
          <idle>-0     [000] ...2   286.892420: sched_switch: prev_comm=swapper/0 prev_pid=0 prev_prio=120 prev_state=R ==> next_comm=ksoftirqd/0 next_pid=3 next_prio=120
           <...>-3     [000] ...2   286.892428: sched_switch: prev_comm=ksoftirqd/0 prev_pid=3 prev_prio=120 prev_state=S ==> next_comm=swapper/0 next_pid=0 next_prio=120
          <idle>-0     [000] ...2   286.893423: sched_switch: prev_comm=swapper/0 prev_pid=0 prev_prio=120 prev_state=R ==> next_comm=ple.kvbenchmark next_pid=4317 next_prio=120
           <...>-4317  [000] ...2   286.893469: sched_switch: prev_comm=ple.kvbenchmark prev_pid=4317 prev_prio=120 prev_state=S ==> next_comm=swapper/0 next_pid=0 next_prio=120
          <idle>-0     [000] ...2   286.894524: sched_switch: prev_comm=swapper/0 prev_pid=0 prev_prio=120 prev_state=R ==> next_comm=ple.kvbenchmark next_pid=4317 next_prio=120
           <...>-4317  [000] ...2   286.894655: sched_switch: prev_comm=ple.kvbenchmark prev_pid=4317 prev_prio=120 prev_state=S ==> next_comm=swapper/0 next_pid=0 next_prio=120
          <idle>-0     [000] ...2   286.895709: sched_switch: prev_comm=swapper/0 prev_pid=0 prev_prio=120 prev_state=R ==> next_comm=ple.kvbenchmark next_pid=4317 next_prio=120
           <...>-4317  [000] ...2   286.895751: sched_switch: prev_comm=ple.kvbenchmark prev_pid=4317 prev_prio=120 prev_state=S ==> next_comm=swapper/0 next_pid=0 next_prio=120
          <idle>-0     [000] ...2   286.896805: sched_switch: prev_comm=swapper/0 prev_pid=0 prev_prio=120 prev_state=R ==> next_comm=ple.kvbenchmark next_pid=4317 next_prio=120
           <...>-4317  [000] ...2   286.896850: sched_switch: prev_comm=ple.kvbenchmark prev_pid=4317 prev_prio=120 prev_state=S ==> next_comm=swapper/0 next_pid=0 next_prio=120
          <idle>-0     [000] ...2   286.897904: sched_switch: prev_comm=swapper/0 prev_pid=0 prev_prio=120 prev_state=R ==> next_comm=ple.kvbenchmark next_pid=4317 next_prio=120
           <...>-4317  [000] ...2   286.898028: sched_switch: prev_comm=ple.kvbenchmark prev_pid=4317 prev_prio=120 prev_state=S ==> next_comm=swapper/0 next_pid=0 next_prio=120
          <idle>-0     [000] ...2   286.899082: sched_switch: prev_comm=swapper/0 prev_pid=0 prev_prio=120 prev_state=R ==> next_comm=ple.kvbenchmark next_pid=4317 next_prio=120
           <...>-4317  [000] ...2   286.899125: sched_switch: prev_comm=ple.kvbenchmark prev_pid=4317 prev_prio=120 prev_state=S ==> next_comm=swapper/0 next_pid=0 next_prio=120
          <idle>-0     [000] ...2   286.900023: sched_switch: prev_comm=swapper/0 prev_pid=0 prev_prio=120 prev_state=R ==> next_comm=kworker/u:1 next_pid=21 next_prio=120
     kworker/u:1-21    [000] ...2   286.900059: sched_switch: prev_comm=kworker/u:1 prev_pid=21 prev_prio=120 prev_state=S ==> next_comm=kworker/u:0 next_pid=6 next_prio=120
     kworker/u:0-6     [000] ...2   286.900065: sched_switch: prev_comm=kworker/u:0 prev_pid=6 prev_prio=120 prev_state=S ==> next_comm=sensors.qcom next_pid=859 next_prio=120
    sensors.qcom-859   [000] ...2   286.900119: sched_switch: prev_comm=sensors.qcom prev_pid=859 prev_prio=120 prev_state=S ==> next_comm=sensors.qcom next_pid=714 next_prio=120
    sensors.qcom-714   [000] ...2   286.900153: sched_switch: prev_comm=sensors.qcom prev_pid=714 prev_prio=120 prev_state=S ==> next_comm=system_server next_pid=737 next_prio=118
   system_server-737   [000] ...2   286.900260: sched_switch: prev_comm=system_server prev_pid=737 prev_prio=118 prev_state=S ==> next_comm=system_server next_pid=741 next_prio=118
   system_server-741   [000] ...2   286.900283: sched_switch: prev_comm=system_server prev_pid=741 prev_prio=118 prev_state=S ==> next_comm=SensorService next_pid=782 next_prio=112
          traced-201   [001] ...2   286.900316: sched_switch: prev_comm=traced prev_pid=201 prev_prio=120 prev_state=R ==> next_comm=android.ui next_pid=787 next_prio=118
   SensorService-782   [000] ...2   286.900331: sched_switch: prev_comm=SensorService prev_pid=782 prev_prio=112 prev_state=S ==> next_comm=ple.kvbenchmark next_pid=4317 next_prio=120
      android.ui-787   [001] ...2   286.900376: sched_switch: prev_comm=android.ui prev_pid=787 prev_prio=118 prev_state=S ==> next_comm=traced next_pid=201 next_prio=120
           <...>-4317  [000] ...2   286.900380: sched_switch: prev_comm=ple.kvbenchmark prev_pid=4317 prev_prio=120 prev_state=S ==> next_comm=swapper/0 next_pid=0 next_prio=120
          <idle>-0     [000] ...2   286.901434: sched_switch: prev_comm=swapper/0 prev_pid=0 prev_prio=120 prev_state=R ==> next_comm=ple.kvbenchmark next_pid=4317 next_prio=120
           <...>-4317  [000] ...2   286.901477: sched_switch: prev_comm=ple.kvbenchmark prev_pid=4317 prev_prio=120 prev_state=S ==> next_comm=swapper/0 next_pid=0 next_prio=120
          <idle>-0     [000] ...2   286.902007: sched_switch: prev_comm=swapper/0 prev_pid=0 prev_prio=120 prev_state=R ==> next_comm=ksoftirqd/0 next_pid=3 next_prio=120
           <...>-3     [000] ...2   286.902015: sched_switch: prev_comm=ksoftirqd/0 prev_pid=3 prev_prio=120 prev_state=S ==> next_comm=swapper/0 next_pid=0 next_prio=120
          <idle>-0     [000] ...2   286.902028: sched_switch: prev_comm=swapper/0 prev_pid=0 prev_prio=120 prev_state=R ==> next_comm=ksoftirqd/0 next_pid=3 next_prio=120
           <...>-3     [000] ...2   286.902037: sched_switch: prev_comm=ksoftirqd/0 prev_pid=3 prev_prio=120 prev_state=S ==> next_comm=swapper/0 next_pid=0 next_prio=120
          <idle>-0     [000] ...2   286.902048: sched_switch: prev_comm=swapper/0 prev_pid=0 prev_prio=120 prev_state=R ==> next_comm=ksoftirqd/0 next_pid=3 next_prio=120
           <...>-3     [000] ...2   286.902056: sched_switch: prev_comm=ksoftirqd/0 prev_pid=3 prev_prio=120 prev_state=S ==> next_comm=swapper/0 next_pid=0 next_prio=120
          <idle>-0     [000] ...2   286.902534: sched_switch: prev_comm=swapper/0 prev_pid=0 prev_prio=120 prev_state=R ==> next_comm=ple.kvbenchmark next_pid=4317 next_prio=120
