          traced-202   [001] ...2   405.988900: sched_switch: prev_comm=traced prev_pid=202 prev_prio=120 prev_state=R ==> next_comm=ple.kvbenchmark next_pid=7536 next_prio=120
           <...>-7536  [001] ...2   405.989014: sched_switch: prev_comm=ple.kvbenchmark prev_pid=7536 prev_prio=120 prev_state=S ==> next_comm=traced next_pid=202 next_prio=120
          traced-202   [001] ...2   405.990065: sched_switch: prev_comm=traced prev_pid=202 prev_prio=120 prev_state=R ==> next_comm=ple.kvbenchmark next_pid=7536 next_prio=120
           <...>-7536  [001] ...2   405.990112: sched_switch: prev_comm=ple.kvbenchmark prev_pid=7536 prev_prio=120 prev_state=S ==> next_comm=traced next_pid=202 next_prio=120
          traced-202   [001] ...2   405.991163: sched_switch: prev_comm=traced prev_pid=202 prev_prio=120 prev_state=R ==> next_comm=ple.kvbenchmark next_pid=7536 next_prio=120
          <idle>-0     [000] ...2   405.991385: sched_switch: prev_comm=swapper/0 prev_pid=0 prev_prio=120 prev_state=R ==> next_comm=ksoftirqd/0 next_pid=3 next_prio=120
           <...>-7536  [001] ...2   405.991394: sched_switch: prev_comm=ple.kvbenchmark prev_pid=7536 prev_prio=120 prev_state=S ==> next_comm=traced next_pid=202 next_prio=120
           <...>-3     [000] ...2   405.991406: sched_switch: prev_comm=ksoftirqd/0 prev_pid=3 prev_prio=120 prev_state=S ==> next_comm=swapper/0 next_pid=0 next_prio=120
          <idle>-0     [000] ...2   405.991430: sched_switch: prev_comm=swapper/0 prev_pid=0 prev_prio=120 prev_state=R ==> next_comm=ksoftirqd/0 next_pid=3 next_prio=120
           <...>-3     [000] ...2   405.991443: sched_switch: prev_comm=ksoftirqd/0 prev_pid=3 prev_prio=120 prev_state=S ==> next_comm=swapper/0 next_pid=0 next_prio=120
          <idle>-0     [000] ...2   405.991466: sched_switch: prev_comm=swapper/0 prev_pid=0 prev_prio=120 prev_state=R ==> next_comm=ksoftirqd/0 next_pid=3 next_prio=120
           <...>-3     [000] ...2   405.991479: sched_switch: prev_comm=ksoftirqd/0 prev_pid=3 prev_prio=120 prev_state=S ==> next_comm=swapper/0 next_pid=0 next_prio=120
          traced-202   [001] ...2   405.992445: sched_switch: prev_comm=traced prev_pid=202 prev_prio=120 prev_state=R ==> next_comm=ple.kvbenchmark next_pid=7536 next_prio=120
           <...>-7536  [001] ...2   405.992490: sched_switch: prev_comm=ple.kvbenchmark prev_pid=7536 prev_prio=120 prev_state=S ==> next_comm=traced next_pid=202 next_prio=120
          traced-202   [001] ...2   405.993542: sched_switch: prev_comm=traced prev_pid=202 prev_prio=120 prev_state=R ==> next_comm=ple.kvbenchmark next_pid=7536 next_prio=120
           <...>-7536  [001] ...2   405.993589: sched_switch: prev_comm=ple.kvbenchmark prev_pid=7536 prev_prio=120 prev_state=S ==> next_comm=traced next_pid=202 next_prio=120
          traced-202   [001] ...2   405.994640: sched_switch: prev_comm=traced prev_pid=202 prev_prio=120 prev_state=R ==> next_comm=ple.kvbenchmark next_pid=7536 next_prio=120
           <...>-7536  [001] ...2   405.994752: sched_switch: prev_comm=ple.kvbenchmark prev_pid=7536 prev_prio=120 prev_state=S ==> next_comm=traced next_pid=202 next_prio=120
          traced-202   [001] ...2   405.995803: sched_switch: prev_comm=traced prev_pid=202 prev_prio=120 prev_state=R ==> next_comm=ple.kvbenchmark next_pid=7536 next_prio=120
           <...>-7536  [001] ...2   405.995848: sched_switch: prev_comm=ple.kvbenchmark prev_pid=7536 prev_prio=120 prev_state=S ==> next_comm=traced next_pid=202 next_prio=120
          traced-202   [001] ...2   405.996901: sched_switch: prev_comm=traced prev_pid=202 prev_prio=120 prev_state=R ==> next_comm=ple.kvbenchmark next_pid=7536 next_prio=120
           <...>-7536  [001] ...2   405.996947: sched_switch: prev_comm=ple.kvbenchmark prev_pid=7536 prev_prio=120 prev_state=S ==> next_comm=traced next_pid=202 next_prio=120
          traced-202   [001] ...2   405.997999: sched_switch: prev_comm=traced prev_pid=202 prev_prio=120 prev_state=R ==> next_comm=ple.kvbenchmark next_pid=7536 next_prio=120
           <...>-7536  [001] ...2   405.998086: sched_switch: prev_comm=ple.kvbenchmark prev_pid=7536 prev_prio=120 prev_state=S ==> next_comm=traced next_pid=202 next_prio=120
          traced-202   [001] ...2   405.999137: sched_switch: prev_comm=traced prev_pid=202 prev_prio=120 prev_state=R ==> next_comm=ple.kvbenchmark next_pid=7536 next_prio=120
           <...>-7536  [001] ...2   405.999385: sched_switch: prev_comm=ple.kvbenchmark prev_pid=7536 prev_prio=120 prev_state=S ==> next_comm=traced next_pid=202 next_prio=120
          traced-202   [001] ...2   406.000436: sched_switch: prev_comm=traced prev_pid=202 prev_prio=120 prev_state=R ==> next_comm=ple.kvbenchmark next_pid=7536 next_prio=120
           <...>-7536  [001] ...2   406.000539: sched_switch: prev_comm=ple.kvbenchmark prev_pid=7536 prev_prio=120 prev_state=S ==> next_comm=traced next_pid=202 next_prio=120
          traced-202   [001] ...2   406.001590: sched_switch: prev_comm=traced prev_pid=202 prev_prio=120 prev_state=R ==> next_comm=ple.kvbenchmark next_pid=7536 next_prio=120
           <...>-7536  [001] ...2   406.001857: sched_switch: prev_comm=ple.kvbenchmark prev_pid=7536 prev_prio=120 prev_state=S ==> next_comm=traced next_pid=202 next_prio=120
          traced-202   [001] ...2   406.002908: sched_switch: prev_comm=traced prev_pid=202 prev_prio=120 prev_state=R ==> next_comm=ple.kvbenchmark next_pid=7536 next_prio=120
           <...>-7536  [001] ...2   406.002952: sched_switch: prev_comm=ple.kvbenchmark prev_pid=7536 prev_prio=120 prev_state=S ==> next_comm=traced next_pid=202 next_prio=120
          traced-202   [001] ...2   406.004004: sched_switch: prev_comm=traced prev_pid=202 prev_prio=120 prev_state=R ==> next_comm=ple.kvbenchmark next_pid=7536 next_prio=120
           <...>-7536  [001] ...2   406.004050: sched_switch: prev_comm=ple.kvbenchmark prev_pid=7536 prev_prio=120 prev_state=S ==> next_comm=traced next_pid=202 next_prio=120
          traced-202   [001] ...2   406.005101: sched_switch: prev_comm=traced prev_pid=202 prev_prio=120 prev_state=R ==> next_comm=ple.kvbenchmark next_pid=7536 next_prio=120
           <...>-7536  [001] ...2   406.005147: sched_switch: prev_comm=ple.kvbenchmark prev_pid=7536 prev_prio=120 prev_state=S ==> next_comm=traced next_pid=202 next_prio=120
          <idle>-0     [000] ...2   406.005207: sched_switch: prev_comm=swapper/0 prev_pid=0 prev_prio=120 prev_state=R ==> next_comm=kworker/u:2 next_pid=80 next_prio=120
     kworker/u:2-80    [000] ...2   406.005262: sched_switch: prev_comm=kworker/u:2 prev_pid=80 prev_prio=120 prev_state=S ==> next_comm=kworker/u:4 next_pid=7452 next_prio=120
     kworker/u:4-7452  [000] ...2   406.005273: sched_switch: prev_comm=kworker/u:4 prev_pid=7452 prev_prio=120 prev_state=S ==> next_comm=sensors.qcom next_pid=859 next_prio=120
    sensors.qcom-859   [000] ...2   406.005366: sched_switch: prev_comm=sensors.qcom prev_pid=859 prev_prio=120 prev_state=S ==> next_comm=sensors.qcom next_pid=733 next_prio=120
    sensors.qcom-733   [000] ...2   406.005425: sched_switch: prev_comm=sensors.qcom prev_pid=733 prev_prio=120 prev_state=S ==> next_comm=system_server next_pid=732 next_prio=118
   system_server-732   [000] ...2   406.005590: sched_switch: prev_comm=system_server prev_pid=732 prev_prio=118 prev_state=S ==> next_comm=system_server next_pid=740 next_prio=118
   system_server-740   [000] ...2   406.005623: sched_switch: prev_comm=system_server prev_pid=740 prev_prio=118 prev_state=S ==> next_comm=SensorService next_pid=781 next_prio=112
   SensorService-781   [000] ...2   406.005702: sched_switch: prev_comm=SensorService prev_pid=781 prev_prio=112 prev_state=S ==> next_comm=android.ui next_pid=786 next_prio=118
      android.ui-786   [000] ...2   406.005791: sched_switch: prev_comm=android.ui prev_pid=786 prev_prio=118 prev_state=S ==> next_comm=ksoftirqd/0 next_pid=3 next_prio=120
           <...>-3     [000] ...2   406.005804: sched_switch: prev_comm=ksoftirqd/0 prev_pid=3 prev_prio=120 prev_state=S ==> next_comm=swapper/0 next_pid=0 next_prio=120
          <idle>-0     [000] ...2   406.005823: sched_switch: prev_comm=swapper/0 prev_pid=0 prev_prio=120 prev_state=R ==> next_comm=ksoftirqd/0 next_pid=3 next_prio=120
           <...>-3     [000] ...2   406.005836: sched_switch: prev_comm=ksoftirqd/0 prev_pid=3 prev_prio=120 prev_state=S ==> next_comm=swapper/0 next_pid=0 next_prio=120
          <idle>-0     [000] ...2   406.005852: sched_switch: prev_comm=swapper/0 prev_pid=0 prev_prio=120 prev_state=R ==> next_comm=ksoftirqd/0 next_pid=3 next_prio=120
           <...>-3     [000] ...2   406.005865: sched_switch: prev_comm=ksoftirqd/0 prev_pid=3 prev_prio=120 prev_state=S ==> next_comm=swapper/0 next_pid=0 next_prio=120
          traced-202   [001] ...2   406.006200: sched_switch: prev_comm=traced prev_pid=202 prev_prio=120 prev_state=R ==> next_comm=ple.kvbenchmark next_pid=7536 next_prio=120
           <...>-7536  [001] ...2   406.006248: sched_switch: prev_comm=ple.kvbenchmark prev_pid=7536 prev_prio=120 prev_state=S ==> next_comm=traced next_pid=202 next_prio=120
          traced-202   [001] ...2   406.007299: sched_switch: prev_comm=traced prev_pid=202 prev_prio=120 prev_state=R ==> next_comm=ple.kvbenchmark next_pid=7536 next_prio=120
           <...>-7536  [001] ...2   406.007346: sched_switch: prev_comm=ple.kvbenchmark prev_pid=7536 prev_prio=120 prev_state=S ==> next_comm=traced next_pid=202 next_prio=120
          traced-202   [001] ...2   406.008397: sched_switch: prev_comm=traced prev_pid=202 prev_prio=120 prev_state=R ==> next_comm=ple.kvbenchmark next_pid=7536 next_prio=120
           <...>-7536  [001] ...2   406.008637: sched_switch: prev_comm=ple.kvbenchmark prev_pid=7536 prev_prio=120 prev_state=S ==> next_comm=traced next_pid=202 next_prio=120
          traced-202   [001] ...2   406.009688: sched_switch: prev_comm=traced prev_pid=202 prev_prio=120 prev_state=R ==> next_comm=ple.kvbenchmark next_pid=7536 next_prio=120
           <...>-7536  [001] ...2   406.009735: sched_switch: prev_comm=ple.kvbenchmark prev_pid=7536 prev_prio=120 prev_state=S ==> next_comm=traced next_pid=202 next_prio=120
          traced-202   [001] ...2   406.010786: sched_switch: prev_comm=traced prev_pid=202 prev_prio=120 prev_state=R ==> next_comm=ple.kvbenchmark next_pid=7536 next_prio=120
           <...>-7536  [001] ...2   406.010832: sched_switch: prev_comm=ple.kvbenchmark prev_pid=7536 prev_prio=120 prev_state=S ==> next_comm=traced next_pid=202 next_prio=120
          <idle>-0     [000] ...2   406.011401: sched_switch: prev_comm=swapper/0 prev_pid=0 prev_prio=120 prev_state=R ==> next_comm=kworker/0:2H next_pid=177 next_prio=100
    kworker/0:2H-177   [000] ...2   406.011429: sched_switch: prev_comm=kworker/0:2H prev_pid=177 prev_prio=100 prev_state=D ==> next_comm=kworker/0:1H next_pid=17 next_prio=100
    kworker/0:1H-17    [000] ...1   406.011435: cpu_frequency_switch_start: start=960000 end=960000 cpu_id=0
    kworker/0:1H-17    [000] ...1   406.011439: cpu_frequency_switch_end: cpu_id=0
    kworker/0:1H-17    [000] ...1   406.011441: cpu_frequency: state=960000 cpu_id=0
    kworker/0:1H-17    [000] ...2   406.011464: sched_switch: prev_comm=kworker/0:1H prev_pid=17 prev_prio=100 prev_state=S ==> next_comm=kworker/0:2H next_pid=177 next_prio=100
    kworker/0:2H-177   [000] ...2   406.011477: sched_switch: prev_comm=kworker/0:2H prev_pid=177 prev_prio=100 prev_state=S ==> next_comm=kworker/0:1 next_pid=15 next_prio=120
     kworker/0:1-15    [000] ...1   406.011486: thermal_temp: sensor_id=5 temp=63
     kworker/0:1-15    [000] ...2   406.011546: sched_switch: prev_comm=kworker/0:1 prev_pid=15 prev_prio=120 prev_state=S ==> next_comm=ksoftirqd/0 next_pid=3 next_prio=120
           <...>-3     [000] ...2   406.011560: sched_switch: prev_comm=ksoftirqd/0 prev_pid=3 prev_prio=120 prev_state=S ==> next_comm=swapper/0 next_pid=0 next_prio=120
          <idle>-0     [000] ...2   406.011585: sched_switch: prev_comm=swapper/0 prev_pid=0 prev_prio=120 prev_state=R ==> next_comm=ksoftirqd/0 next_pid=3 next_prio=120
           <...>-3     [000] ...2   406.011598: sched_switch: prev_comm=ksoftirqd/0 prev_pid=3 prev_prio=120 prev_state=S ==> next_comm=swapper/0 next_pid=0 next_prio=120
          <idle>-0     [000] ...2   406.011620: sched_switch: prev_comm=swapper/0 prev_pid=0 prev_prio=120 prev_state=R ==> next_comm=ksoftirqd/0 next_pid=3 next_prio=120
           <...>-3     [000] ...2   406.011632: sched_switch: prev_comm=ksoftirqd/0 prev_pid=3 prev_prio=120 prev_state=S ==> next_comm=swapper/0 next_pid=0 next_prio=120
          traced-202   [001] ...2   406.011884: sched_switch: prev_comm=traced prev_pid=202 prev_prio=120 prev_state=R ==> next_comm=ple.kvbenchmark next_pid=7536 next_prio=120
           <...>-7536  [001] ...2   406.012061: sched_switch: prev_comm=ple.kvbenchmark prev_pid=7536 prev_prio=120 prev_state=S ==> next_comm=traced next_pid=202 next_prio=120
          traced-202   [001] ...2   406.013111: sched_switch: prev_comm=traced prev_pid=202 prev_prio=120 prev_state=R ==> next_comm=ple.kvbenchmark next_pid=7536 next_prio=120
           <...>-7536  [001] ...2   406.013156: sched_switch: prev_comm=ple.kvbenchmark prev_pid=7536 prev_prio=120 prev_state=S ==> next_comm=traced next_pid=202 next_prio=120
          traced-202   [001] ...2   406.014207: sched_switch: prev_comm=traced prev_pid=202 prev_prio=120 prev_state=R ==> next_comm=ple.kvbenchmark next_pid=7536 next_prio=120
           <...>-7536  [001] ...2   406.014379: sched_switch: prev_comm=ple.kvbenchmark prev_pid=7536 prev_prio=120 prev_state=S ==> next_comm=traced next_pid=202 next_prio=120
          traced-202   [001] ...2   406.015430: sched_switch: prev_comm=traced prev_pid=202 prev_prio=120 prev_state=R ==> next_comm=ple.kvbenchmark next_pid=7536 next_prio=120
           <...>-7536  [001] ...2   406.015475: sched_switch: prev_comm=ple.kvbenchmark prev_pid=7536 prev_prio=120 prev_state=S ==> next_comm=traced next_pid=202 next_prio=120
          traced-202   [001] ...2   406.016525: sched_switch: prev_comm=traced prev_pid=202 prev_prio=120 prev_state=R ==> next_comm=ple.kvbenchmark next_pid=7536 next_prio=120
           <...>-7536  [001] ...2   406.016572: sched_switch: prev_comm=ple.kvbenchmark prev_pid=7536 prev_prio=120 prev_state=S ==> next_comm=traced next_pid=202 next_prio=120
          traced-202   [001] ...2   406.017623: sched_switch: prev_comm=traced prev_pid=202 prev_prio=120 prev_state=R ==> next_comm=ple.kvbenchmark next_pid=7536 next_prio=120
           <...>-7536  [001] ...2   406.017671: sched_switch: prev_comm=ple.kvbenchmark prev_pid=7536 prev_prio=120 prev_state=S ==> next_comm=traced next_pid=202 next_prio=120
          traced-202   [001] ...2   406.018722: sched_switch: prev_comm=traced prev_pid=202 prev_prio=120 prev_state=R ==> next_comm=ple.kvbenchmark next_pid=7536 next_prio=120
           <...>-7536  [001] ...2   406.018768: sched_switch: prev_comm=ple.kvbenchmark prev_pid=7536 prev_prio=120 prev_state=S ==> next_comm=traced next_pid=202 next_prio=120
          traced-202   [001] ...2   406.019820: sched_switch: prev_comm=traced prev_pid=202 prev_prio=120 prev_state=R ==> next_comm=ple.kvbenchmark next_pid=7536 next_prio=120
           <...>-7536  [001] ...2   406.019864: sched_switch: prev_comm=ple.kvbenchmark prev_pid=7536 prev_prio=120 prev_state=S ==> next_comm=traced next_pid=202 next_prio=120
          traced-202   [001] ...2   406.020915: sched_switch: prev_comm=traced prev_pid=202 prev_prio=120 prev_state=R ==> next_comm=ple.kvbenchmark next_pid=7536 next_prio=120
           <...>-7536  [001] ...2   406.020962: sched_switch: prev_comm=ple.kvbenchmark prev_pid=7536 prev_prio=120 prev_state=S ==> next_comm=traced next_pid=202 next_prio=120
          <idle>-0     [000] ...2   406.021368: sched_switch: prev_comm=swapper/0 prev_pid=0 prev_prio=120 prev_state=R ==> next_comm=kworker/u:4 next_pid=7452 next_prio=120
     kworker/u:4-7452  [000] ...2   406.021390: sched_switch: prev_comm=kworker/u:4 prev_pid=7452 prev_prio=120 prev_state=S ==> next_comm=mpdecision next_pid=1738 next_prio=113
      mpdecision-1738  [000] ...2   406.021754: sched_switch: prev_comm=mpdecision prev_pid=1738 prev_prio=113 prev_state=S ==> next_comm=swapper/0 next_pid=0 next_prio=120
          <idle>-0     [000] ...2   406.021778: sched_switch: prev_comm=swapper/0 prev_pid=0 prev_prio=120 prev_state=R ==> next_comm=ksoftirqd/0 next_pid=3 next_prio=120
           <...>-3     [000] ...2   406.021792: sched_switch: prev_comm=ksoftirqd/0 prev_pid=3 prev_prio=120 prev_state=S ==> next_comm=swapper/0 next_pid=0 next_prio=120
          <idle>-0     [000] ...2   406.021814: sched_switch: prev_comm=swapper/0 prev_pid=0 prev_prio=120 prev_state=R ==> next_comm=ksoftirqd/0 next_pid=3 next_prio=120
           <...>-3     [000] ...2   406.021827: sched_switch: prev_comm=ksoftirqd/0 prev_pid=3 prev_prio=120 prev_state=S ==> next_comm=swapper/0 next_pid=0 next_prio=120
          <idle>-0     [000] ...2   406.021848: sched_switch: prev_comm=swapper/0 prev_pid=0 prev_prio=120 prev_state=R ==> next_comm=ksoftirqd/0 next_pid=3 next_prio=120
           <...>-3     [000] ...2   406.021861: sched_switch: prev_comm=ksoftirqd/0 prev_pid=3 prev_prio=120 prev_state=S ==> next_comm=swapper/0 next_pid=0 next_prio=120
          traced-202   [001] ...2   406.022014: sched_switch: prev_comm=traced prev_pid=202 prev_prio=120 prev_state=R ==> next_comm=ple.kvbenchmark next_pid=7536 next_prio=120
           <...>-7536  [001] ...2   406.022074: sched_switch: prev_comm=ple.kvbenchmark prev_pid=7536 prev_prio=120 prev_state=S ==> next_comm=traced next_pid=202 next_prio=120
          traced-202   [001] ...2   406.023125: sched_switch: prev_comm=traced prev_pid=202 prev_prio=120 prev_state=R ==> next_comm=ple.kvbenchmark next_pid=7536 next_prio=120
           <...>-7536  [001] ...2   406.023169: sched_switch: prev_comm=ple.kvbenchmark prev_pid=7536 prev_prio=120 prev_state=S ==> next_comm=traced next_pid=202 next_prio=120
          traced-202   [001] ...2   406.024220: sched_switch: prev_comm=traced prev_pid=202 prev_prio=120 prev_state=R ==> next_comm=ple.kvbenchmark next_pid=7536 next_prio=120
           <...>-7536  [001] ...2   406.024514: sched_switch: prev_comm=ple.kvbenchmark prev_pid=7536 prev_prio=120 prev_state=S ==> next_comm=traced next_pid=202 next_prio=120
          traced-202   [001] ...2   406.025565: sched_switch: prev_comm=traced prev_pid=202 prev_prio=120 prev_state=R ==> next_comm=ple.kvbenchmark next_pid=7536 next_prio=120
           <...>-7536  [001] ...2   406.025609: sched_switch: prev_comm=ple.kvbenchmark prev_pid=7536 prev_prio=120 prev_state=S ==> next_comm=traced next_pid=202 next_prio=120
          traced-202   [001] ...2   406.026660: sched_switch: prev_comm=traced prev_pid=202 prev_prio=120 prev_state=R ==> next_comm=ple.kvbenchmark next_pid=7536 next_prio=120
           <...>-7536  [001] ...2   406.026707: sched_switch: prev_comm=ple.kvbenchmark prev_pid=7536 prev_prio=120 prev_state=S ==> next_comm=traced next_pid=202 next_prio=120
          traced-202   [001] ...2   406.027758: sched_switch: prev_comm=traced prev_pid=202 prev_prio=120 prev_state=R ==> next_comm=ple.kvbenchmark next_pid=7536 next_prio=120
           <...>-7536  [001] ...2   406.027805: sched_switch: prev_comm=ple.kvbenchmark prev_pid=7536 prev_prio=120 prev_state=S ==> next_comm=traced next_pid=202 next_prio=120
          traced-202   [001] ...2   406.028856: sched_switch: prev_comm=traced prev_pid=202 prev_prio=120 prev_state=R ==> next_comm=ple.kvbenchmark next_pid=7536 next_prio=120
           <...>-7536  [001] ...2   406.028952: sched_switch: prev_comm=ple.kvbenchmark prev_pid=7536 prev_prio=120 prev_state=S ==> next_comm=traced next_pid=202 next_prio=120
          traced-202   [001] ...2   406.030003: sched_switch: prev_comm=traced prev_pid=202 prev_prio=120 prev_state=R ==> next_comm=ple.kvbenchmark next_pid=7536 next_prio=120
           <...>-7536  [001] ...2   406.030196: sched_switch: prev_comm=ple.kvbenchmark prev_pid=7536 prev_prio=120 prev_state=S ==> next_comm=traced next_pid=202 next_prio=120
          traced-202   [001] ...2   406.031247: sched_switch: prev_comm=traced prev_pid=202 prev_prio=120 prev_state=R ==> next_comm=ple.kvbenchmark next_pid=7536 next_prio=120
          <idle>-0     [000] ...2   406.031384: sched_switch: prev_comm=swapper/0 prev_pid=0 prev_prio=120 prev_state=R ==> next_comm=ksoftirqd/0 next_pid=3 next_prio=120
           <...>-3     [000] ...2   406.031403: sched_switch: prev_comm=ksoftirqd/0 prev_pid=3 prev_prio=120 prev_state=S ==> next_comm=swapper/0 next_pid=0 next_prio=120
          <idle>-0     [000] ...2   406.031425: sched_switch: prev_comm=swapper/0 prev_pid=0 prev_prio=120 prev_state=R ==> next_comm=ksoftirqd/0 next_pid=3 next_prio=120
           <...>-3     [000] ...2   406.031441: sched_switch: prev_comm=ksoftirqd/0 prev_pid=3 prev_prio=120 prev_state=S ==> next_comm=swapper/0 next_pid=0 next_prio=120
           <...>-7536  [001] ...2   406.031464: sched_switch: prev_comm=ple.kvbenchmark prev_pid=7536 prev_prio=120 prev_state=S ==> next_comm=traced next_pid=202 next_prio=120
          <idle>-0     [000] ...2   406.031466: sched_switch: prev_comm=swapper/0 prev_pid=0 prev_prio=120 prev_state=R ==> next_comm=ksoftirqd/0 next_pid=3 next_prio=120
           <...>-3     [000] ...2   406.031479: sched_switch: prev_comm=ksoftirqd/0 prev_pid=3 prev_prio=120 prev_state=S ==> next_comm=swapper/0 next_pid=0 next_prio=120
          traced-202   [001] ...2   406.032516: sched_switch: prev_comm=traced prev_pid=202 prev_prio=120 prev_state=R ==> next_comm=ple.kvbenchmark next_pid=7536 next_prio=120
           <...>-7536  [001] ...2   406.032723: sched_switch: prev_comm=ple.kvbenchmark prev_pid=7536 prev_prio=120 prev_state=S ==> next_comm=traced next_pid=202 next_prio=120
          traced-202   [001] ...2   406.033771: sched_switch: prev_comm=traced prev_pid=202 prev_prio=120 prev_state=R ==> next_comm=ple.kvbenchmark next_pid=7536 next_prio=120
           <...>-7536  [001] ...2   406.033817: sched_switch: prev_comm=ple.kvbenchmark prev_pid=7536 prev_prio=120 prev_state=S ==> next_comm=traced next_pid=202 next_prio=120
          traced-202   [001] ...2   406.034869: sched_switch: prev_comm=traced prev_pid=202 prev_prio=120 prev_state=R ==> next_comm=ple.kvbenchmark next_pid=7536 next_prio=120
           <...>-7536  [001] ...2   406.034916: sched_switch: prev_comm=ple.kvbenchmark prev_pid=7536 prev_prio=120 prev_state=S ==> next_comm=traced next_pid=202 next_prio=120
          traced-202   [001] ...2   406.035967: sched_switch: prev_comm=traced prev_pid=202 prev_prio=120 prev_state=R ==> next_comm=ple.kvbenchmark next_pid=7536 next_prio=120
           <...>-7536  [001] ...2   406.036010: sched_switch: prev_comm=ple.kvbenchmark prev_pid=7536 prev_prio=120 prev_state=S ==> next_comm=traced next_pid=202 next_prio=120
          traced-202   [001] ...2   406.037061: sched_switch: prev_comm=traced prev_pid=202 prev_prio=120 prev_state=R ==> next_comm=ple.kvbenchmark next_pid=7536 next_prio=120
           <...>-7536  [001] ...2   406.037108: sched_switch: prev_comm=ple.kvbenchmark prev_pid=7536 prev_prio=120 prev_state=S ==> next_comm=traced next_pid=202 next_prio=120
          traced-202   [001] ...2   406.038159: sched_switch: prev_comm=traced prev_pid=202 prev_prio=120 prev_state=R ==> next_comm=ple.kvbenchmark next_pid=7536 next_prio=120
           <...>-7536  [001] ...2   406.038287: sched_switch: prev_comm=ple.kvbenchmark prev_pid=7536 prev_prio=120 prev_state=S ==> next_comm=traced next_pid=202 next_prio=120
          traced-202   [001] ...2   406.039338: sched_switch: prev_comm=traced prev_pid=202 prev_prio=120 prev_state=R ==> next_comm=ple.kvbenchmark next_pid=7536 next_prio=120
           <...>-7536  [001] ...2   406.039600: sched_switch: prev_comm=ple.kvbenchmark prev_pid=7536 prev_prio=120 prev_state=S ==> next_comm=traced next_pid=202 next_prio=120
          traced-202   [001] ...2   406.040651: sched_switch: prev_comm=traced prev_pid=202 prev_prio=120 prev_state=R ==> next_comm=ple.kvbenchmark next_pid=7536 next_prio=120
           <...>-7536  [001] ...2   406.040716: sched_switch: prev_comm=ple.kvbenchmark prev_pid=7536 prev_prio=120 prev_state=S ==> next_comm=traced next_pid=202 next_prio=120
          traced-202   [001] ...2   406.041767: sched_switch: prev_comm=traced prev_pid=202 prev_prio=120 prev_state=R ==> next_comm=ple.kvbenchmark next_pid=7536 next_prio=120
           <...>-7536  [001] ...2   406.041815: sched_switch: prev_comm=ple.kvbenchmark prev_pid=7536 prev_prio=120 prev_state=S ==> next_comm=traced next_pid=202 next_prio=120
          traced-202   [001] ...2   406.042866: sched_switch: prev_comm=traced prev_pid=202 prev_prio=120 prev_state=R ==> next_comm=ple.kvbenchmark next_pid=7536 next_prio=120
           <...>-7536  [001] ...2   406.042912: sched_switch: prev_comm=ple.kvbenchmark prev_pid=7536 prev_prio=120 prev_state=S ==> next_comm=traced next_pid=202 next_prio=120
          traced-202   [001] ...2   406.043963: sched_switch: prev_comm=traced prev_pid=202 prev_prio=120 prev_state=R ==> next_comm=ple.kvbenchmark next_pid=7536 next_prio=120
           <...>-7536  [001] ...2   406.044010: sched_switch: prev_comm=ple.kvbenchmark prev_pid=7536 prev_prio=120 prev_state=S ==> next_comm=traced next_pid=202 next_prio=120
          traced-202   [001] ...2   406.045061: sched_switch: prev_comm=traced prev_pid=202 prev_prio=120 prev_state=R ==> next_comm=ple.kvbenchmark next_pid=7536 next_prio=120
           <...>-7536  [001] ...2   406.045138: sched_switch: prev_comm=ple.kvbenchmark prev_pid=7536 prev_prio=120 prev_state=S ==> next_comm=traced next_pid=202 next_prio=120
          traced-202   [001] ...2   406.046189: sched_switch: prev_comm=traced prev_pid=202 prev_prio=120 prev_state=R ==> next_comm=ple.kvbenchmark next_pid=7536 next_prio=120
           <...>-7536  [001] ...2   406.046234: sched_switch: prev_comm=ple.kvbenchmark prev_pid=7536 prev_prio=120 prev_state=S ==> next_comm=traced next_pid=202 next_prio=120
          traced-202   [001] ...2   406.047285: sched_switch: prev_comm=traced prev_pid=202 prev_prio=120 prev_state=R ==> next_comm=ple.kvbenchmark next_pid=7536 next_prio=120
           <...>-7536  [001] ...2   406.047346: sched_switch: prev_comm=ple.kvbenchmark prev_pid=7536 prev_prio=120 prev_state=S ==> next_comm=traced next_pid=202 next_prio=120
          <idle>-0     [000] ...2   406.048249: sched_switch: prev_comm=swapper/0 prev_pid=0 prev_prio=120 prev_state=R ==> next_comm=kworker/u:4 next_pid=7452 next_prio=120
     kworker/u:4-7452  [000] ...2   406.048302: sched_switch: prev_comm=kworker/u:4 prev_pid=7452 prev_prio=120 prev_state=S ==> next_comm=kworker/u:2 next_pid=80 next_prio=120
     kworker/u:2-80    [000] ...2   406.048312: sched_switch: prev_comm=kworker/u:2 prev_pid=80 prev_prio=120 prev_state=S ==> next_comm=sensors.qcom next_pid=859 next_prio=120
          traced-202   [001] ...2   406.048397: sched_switch: prev_comm=traced prev_pid=202 prev_prio=120 prev_state=R ==> next_comm=ple.kvbenchmark next_pid=7536 next_prio=120
    sensors.qcom-859   [000] ...2   406.048402: sched_switch: prev_comm=sensors.qcom prev_pid=859 prev_prio=120 prev_state=S ==> next_comm=sensors.qcom next_pid=733 next_prio=120
           <...>-7536  [001] ...2   406.048443: sched_switch: prev_comm=ple.kvbenchmark prev_pid=7536 prev_prio=120 prev_state=S ==> next_comm=traced next_pid=202 next_prio=120
    sensors.qcom-733   [000] ...2   406.048465: sched_switch: prev_comm=sensors.qcom prev_pid=733 prev_prio=120 prev_state=S ==> next_comm=system_server next_pid=732 next_prio=118
   system_server-732   [000] ...2   406.048625: sched_switch: prev_comm=system_server prev_pid=732 prev_prio=118 prev_state=S ==> next_comm=system_server next_pid=740 next_prio=118
   system_server-740   [000] ...2   406.048650: sched_switch: prev_comm=system_server prev_pid=740 prev_prio=118 prev_state=S ==> next_comm=ksoftirqd/0 next_pid=3 next_prio=120
           <...>-3     [000] ...2   406.048663: sched_switch: prev_comm=ksoftirqd/0 prev_pid=3 prev_prio=120 prev_state=S ==> next_comm=swapper/0 next_pid=0 next_prio=120
          <idle>-0     [000] ...2   406.048686: sched_switch: prev_comm=swapper/0 prev_pid=0 prev_prio=120 prev_state=R ==> next_comm=ksoftirqd/0 next_pid=3 next_prio=120
           <...>-3     [000] ...2   406.048699: sched_switch: prev_comm=ksoftirqd/0 prev_pid=3 prev_prio=120 prev_state=S ==> next_comm=swapper/0 next_pid=0 next_prio=120
          <idle>-0     [000] ...2   406.048721: sched_switch: prev_comm=swapper/0 prev_pid=0 prev_prio=120 prev_state=R ==> next_comm=ksoftirqd/0 next_pid=3 next_prio=120
           <...>-3     [000] ...2   406.048734: sched_switch: prev_comm=ksoftirqd/0 prev_pid=3 prev_prio=120 prev_state=S ==> next_comm=swapper/0 next_pid=0 next_prio=120
          traced-202   [001] ...2   406.049494: sched_switch: prev_comm=traced prev_pid=202 prev_prio=120 prev_state=R ==> next_comm=ple.kvbenchmark next_pid=7536 next_prio=120
           <...>-7536  [001] ...2   406.049765: sched_switch: prev_comm=ple.kvbenchmark prev_pid=7536 prev_prio=120 prev_state=S ==> next_comm=traced next_pid=202 next_prio=120
          traced-202   [001] ...2   406.050815: sched_switch: prev_comm=traced prev_pid=202 prev_prio=120 prev_state=R ==> next_comm=ple.kvbenchmark next_pid=7536 next_prio=120
           <...>-7536  [001] ...2   406.050861: sched_switch: prev_comm=ple.kvbenchmark prev_pid=7536 prev_prio=120 prev_state=S ==> next_comm=traced next_pid=202 next_prio=120
          traced-202   [001] ...2   406.051913: sched_switch: prev_comm=traced prev_pid=202 prev_prio=120 prev_state=R ==> next_comm=ple.kvbenchmark next_pid=7536 next_prio=120
           <...>-7536  [001] ...2   406.051957: sched_switch: prev_comm=ple.kvbenchmark prev_pid=7536 prev_prio=120 prev_state=S ==> next_comm=traced next_pid=202 next_prio=120
          traced-202   [001] ...2   406.053008: sched_switch: prev_comm=traced prev_pid=202 prev_prio=120 prev_state=R ==> next_comm=ple.kvbenchmark next_pid=7536 next_prio=120
           <...>-7536  [001] ...2   406.053055: sched_switch: prev_comm=ple.kvbenchmark prev_pid=7536 prev_prio=120 prev_state=S ==> next_comm=traced next_pid=202 next_prio=120
          traced-202   [001] ...2   406.054106: sched_switch: prev_comm=traced prev_pid=202 prev_prio=120 prev_state=R ==> next_comm=ple.kvbenchmark next_pid=7536 next_prio=120
           <...>-7536  [001] ...2   406.054299: sched_switch: prev_comm=ple.kvbenchmark prev_pid=7536 prev_prio=120 prev_state=S ==> next_comm=traced next_pid=202 next_prio=120
          <idle>-0     [000] ...2   406.054490: sched_switch: prev_comm=swapper/0 prev_pid=0 prev_prio=120 prev_state=R ==> next_comm=kworker/u:2 next_pid=80 next_prio=120
     kworker/u:2-80    [000] ...2   406.054570: sched_switch: prev_comm=kworker/u:2 prev_pid=80 prev_prio=120 prev_state=S ==> next_comm=kworker/u:4 next_pid=7452 next_prio=120
     kworker/u:4-7452  [000] ...2   406.054580: sched_switch: prev_comm=kworker/u:4 prev_pid=7452 prev_prio=120 prev_state=S ==> next_comm=sensors.qcom next_pid=859 next_prio=120
    sensors.qcom-859   [000] ...2   406.054670: sched_switch: prev_comm=sensors.qcom prev_pid=859 prev_prio=120 prev_state=S ==> next_comm=sensors.qcom next_pid=733 next_prio=120
    sensors.qcom-733   [000] ...2   406.054726: sched_switch: prev_comm=sensors.qcom prev_pid=733 prev_prio=120 prev_state=S ==> next_comm=system_server next_pid=732 next_prio=118
   system_server-732   [000] ...2   406.054880: sched_switch: prev_comm=system_server prev_pid=732 prev_prio=118 prev_state=S ==> next_comm=system_server next_pid=740 next_prio=118
   system_server-740   [000] ...2   406.054915: sched_switch: prev_comm=system_server prev_pid=740 prev_prio=118 prev_state=S ==> next_comm=SensorService next_pid=781 next_prio=112
   SensorService-781   [000] ...2   406.054989: sched_switch: prev_comm=SensorService prev_pid=781 prev_prio=112 prev_state=S ==> next_comm=android.ui next_pid=786 next_prio=118
      android.ui-786   [000] ...2   406.055076: sched_switch: prev_comm=android.ui prev_pid=786 prev_prio=118 prev_state=S ==> next_comm=ksoftirqd/0 next_pid=3 next_prio=120
           <...>-3     [000] ...2   406.055089: sched_switch: prev_comm=ksoftirqd/0 prev_pid=3 prev_prio=120 prev_state=S ==> next_comm=swapper/0 next_pid=0 next_prio=120
          traced-202   [001] ...2   406.055350: sched_switch: prev_comm=traced prev_pid=202 prev_prio=120 prev_state=R ==> next_comm=ple.kvbenchmark next_pid=7536 next_prio=120
           <...>-7536  [001] ...2   406.055397: sched_switch: prev_comm=ple.kvbenchmark prev_pid=7536 prev_prio=120 prev_state=S ==> next_comm=traced next_pid=202 next_prio=120
          traced-202   [001] ...2   406.056448: sched_switch: prev_comm=traced prev_pid=202 prev_prio=120 prev_state=R ==> next_comm=ple.kvbenchmark next_pid=7536 next_prio=120
           <...>-7536  [001] ...2   406.056496: sched_switch: prev_comm=ple.kvbenchmark prev_pid=7536 prev_prio=120 prev_state=S ==> next_comm=traced next_pid=202 next_prio=120
          traced-202   [001] ...2   406.057546: sched_switch: prev_comm=traced prev_pid=202 prev_prio=120 prev_state=R ==> next_comm=ple.kvbenchmark next_pid=7536 next_prio=120
           <...>-7536  [001] ...2   406.057715: sched_switch: prev_comm=ple.kvbenchmark prev_pid=7536 prev_prio=120 prev_state=S ==> next_comm=traced next_pid=202 next_prio=120
          traced-202   [001] ...2   406.058766: sched_switch: prev_comm=traced prev_pid=202 prev_prio=120 prev_state=R ==> next_comm=ple.kvbenchmark next_pid=7536 next_prio=120
           <...>-7536  [001] ...2   406.059078: sched_switch: prev_comm=ple.kvbenchmark prev_pid=7536 prev_prio=120 prev_state=S ==> next_comm=traced next_pid=202 next_prio=120
          traced-202   [001] ...2   406.060129: sched_switch: prev_comm=traced prev_pid=202 prev_prio=120 prev_state=R ==> next_comm=ple.kvbenchmark next_pid=7536 next_prio=120
           <...>-7536  [001] ...2   406.060228: sched_switch: prev_comm=ple.kvbenchmark prev_pid=7536 prev_prio=120 prev_state=S ==> next_comm=traced next_pid=202 next_prio=120
          traced-202   [001] ...2   406.061280: sched_switch: prev_comm=traced prev_pid=202 prev_prio=120 prev_state=R ==> next_comm=ple.kvbenchmark next_pid=7536 next_prio=120
           <...>-7536  [001] ...2   406.061325: sched_switch: prev_comm=ple.kvbenchmark prev_pid=7536 prev_prio=120 prev_state=S ==> next_comm=traced next_pid=202 next_prio=120
          traced-202   [001] ...2   406.061362: sched_switch: prev_comm=traced prev_pid=202 prev_prio=120 prev_state=R ==> next_comm=kworker/1:1 next_pid=7415 next_prio=120
     kworker/1:1-7415  [001] ...2   406.061373: sched_switch: prev_comm=kworker/1:1 prev_pid=7415 prev_prio=120 prev_state=S ==> next_comm=traced next_pid=202 next_prio=120
          traced-202   [001] ...2   406.062377: sched_switch: prev_comm=traced prev_pid=202 prev_prio=120 prev_state=R ==> next_comm=ple.kvbenchmark next_pid=7536 next_prio=120
           <...>-7536  [001] ...2   406.062424: sched_switch: prev_comm=ple.kvbenchmark prev_pid=7536 prev_prio=120 prev_state=S ==> next_comm=traced next_pid=202 next_prio=120
          traced-202   [001] ...2   406.063476: sched_switch: prev_comm=traced prev_pid=202 prev_prio=120 prev_state=R ==> next_comm=ple.kvbenchmark next_pid=7536 next_prio=120
           <...>-7536  [001] ...2   406.063664: sched_switch: prev_comm=ple.kvbenchmark prev_pid=7536 prev_prio=120 prev_state=S ==> next_comm=traced next_pid=202 next_prio=120
          traced-202   [001] ...2   406.064715: sched_switch: prev_comm=traced prev_pid=202 prev_prio=120 prev_state=R ==> next_comm=ple.kvbenchmark next_pid=7536 next_prio=120
           <...>-7536  [001] ...2   406.064762: sched_switch: prev_comm=ple.kvbenchmark prev_pid=7536 prev_prio=120 prev_state=S ==> next_comm=traced next_pid=202 next_prio=120
          traced-202   [001] ...2   406.065813: sched_switch: prev_comm=traced prev_pid=202 prev_prio=120 prev_state=R ==> next_comm=ple.kvbenchmark next_pid=7536 next_prio=120
           <...>-7536  [001] ...2   406.065860: sched_switch: prev_comm=ple.kvbenchmark prev_pid=7536 prev_prio=120 prev_state=S ==> next_comm=traced next_pid=202 next_prio=120
          traced-202   [001] ...2   406.066911: sched_switch: prev_comm=traced prev_pid=202 prev_prio=120 prev_state=R ==> next_comm=ple.kvbenchmark next_pid=7536 next_prio=120
           <...>-7536  [001] ...2   406.066957: sched_switch: prev_comm=ple.kvbenchmark prev_pid=7536 prev_prio=120 prev_state=S ==> next_comm=traced next_pid=202 next_prio=120
          traced-202   [001] ...2   406.068011: sched_switch: prev_comm=traced prev_pid=202 prev_prio=120 prev_state=R ==> next_comm=ple.kvbenchmark next_pid=7536 next_prio=120
           <...>-7536  [001] ...2   406.068160: sched_switch: prev_comm=ple.kvbenchmark prev_pid=7536 prev_prio=120 prev_state=S ==> next_comm=traced next_pid=202 next_prio=120
          traced-202   [001] ...2   406.069211: sched_switch: prev_comm=traced prev_pid=202 prev_prio=120 prev_state=R ==> next_comm=ple.kvbenchmark next_pid=7536 next_prio=120
           <...>-7536  [001] ...2   406.069257: sched_switch: prev_comm=ple.kvbenchmark prev_pid=7536 prev_prio=120 prev_state=S ==> next_comm=traced next_pid=202 next_prio=120
          <idle>-0     [000] ...2   406.070114: sched_switch: prev_comm=swapper/0 prev_pid=0 prev_prio=120 prev_state=R ==> next_comm=adbd next_pid=3738 next_prio=120
            adbd-3738  [000] ...2   406.070140: sched_switch: prev_comm=adbd prev_pid=3738 prev_prio=120 prev_state=S ==> next_comm=swapper/0 next_pid=0 next_prio=120
          <idle>-0     [000] ...2   406.070255: sched_switch: prev_comm=swapper/0 prev_pid=0 prev_prio=120 prev_state=R ==> next_comm=adbd next_pid=3738 next_prio=120
          traced-202   [001] ...2   406.070308: sched_switch: prev_comm=traced prev_pid=202 prev_prio=120 prev_state=R ==> next_comm=ple.kvbenchmark next_pid=7536 next_prio=120
            adbd-3738  [000] ...2   406.070312: sched_switch: prev_comm=adbd prev_pid=3738 prev_prio=120 prev_state=S ==> next_comm=adbd next_pid=1508 next_prio=120
           <...>-7536  [001] ...2   406.070355: sched_switch: prev_comm=ple.kvbenchmark prev_pid=7536 prev_prio=120 prev_state=S ==> next_comm=traced next_pid=202 next_prio=120
            adbd-1508  [000] ...2   406.071277: sched_switch: prev_comm=adbd prev_pid=1508 prev_prio=120 prev_state=D ==> next_comm=adbd next_pid=3737 next_prio=120
            adbd-3737  [000] ...2   406.071376: sched_switch: prev_comm=adbd prev_pid=3737 prev_prio=120 prev_state=R+ ==> next_comm=kworker/0:2H next_pid=177 next_prio=100
          traced-202   [001] ...2   406.071407: sched_switch: prev_comm=traced prev_pid=202 prev_prio=120 prev_state=R ==> next_comm=ple.kvbenchmark next_pid=7536 next_prio=120
    kworker/0:2H-177   [000] ...2   406.071414: sched_switch: prev_comm=kworker/0:2H prev_pid=177 prev_prio=100 prev_state=D ==> next_comm=kworker/0:1H next_pid=17 next_prio=100
    kworker/0:1H-17    [000] ...1   406.071420: cpu_frequency_switch_start: start=960000 end=960000 cpu_id=0
    kworker/0:1H-17    [000] ...1   406.071425: cpu_frequency_switch_end: cpu_id=0
    kworker/0:1H-17    [000] ...1   406.071427: cpu_frequency: state=960000 cpu_id=0
    kworker/0:1H-17    [000] ...2   406.071451: sched_switch: prev_comm=kworker/0:1H prev_pid=17 prev_prio=100 prev_state=S ==> next_comm=kworker/0:2H next_pid=177 next_prio=100
    kworker/0:2H-177   [000] ...2   406.071466: sched_switch: prev_comm=kworker/0:2H prev_pid=177 prev_prio=100 prev_state=S ==> next_comm=kworker/u:4 next_pid=7452 next_prio=120
     kworker/u:4-7452  [000] ...2   406.071486: sched_switch: prev_comm=kworker/u:4 prev_pid=7452 prev_prio=120 prev_state=S ==> next_comm=mpdecision next_pid=1738 next_prio=113
           <...>-7536  [001] ...2   406.071698: sched_switch: prev_comm=ple.kvbenchmark prev_pid=7536 prev_prio=120 prev_state=S ==> next_comm=traced next_pid=202 next_prio=120
      mpdecision-1738  [000] ...2   406.071864: sched_switch: prev_comm=mpdecision prev_pid=1738 prev_prio=113 prev_state=S ==> next_comm=kworker/0:1 next_pid=15 next_prio=120
     kworker/0:1-15    [000] ...2   406.071888: sched_switch: prev_comm=kworker/0:1 prev_pid=15 prev_prio=120 prev_state=S ==> next_comm=adbd next_pid=3737 next_prio=120
            adbd-3737  [000] ...2   406.071963: sched_switch: prev_comm=adbd prev_pid=3737 prev_prio=120 prev_state=S ==> next_comm=adbd next_pid=1508 next_prio=120
            adbd-1508  [000] ...2   406.071996: sched_switch: prev_comm=adbd prev_pid=1508 prev_prio=120 prev_state=S ==> next_comm=adbd next_pid=9384 next_prio=120
           <...>-9384  [000] ...2   406.072033: sched_switch: prev_comm=adbd prev_pid=9384 prev_prio=120 prev_state=S ==> next_comm=adbd next_pid=9383 next_prio=120
          traced-202   [001] ...2   406.072750: sched_switch: prev_comm=traced prev_pid=202 prev_prio=120 prev_state=R ==> next_comm=ple.kvbenchmark next_pid=7536 next_prio=120
           <...>-7536  [001] ...2   406.072807: sched_switch: prev_comm=ple.kvbenchmark prev_pid=7536 prev_prio=120 prev_state=S ==> next_comm=traced next_pid=202 next_prio=120
          traced-202   [001] ...2   406.073859: sched_switch: prev_comm=traced prev_pid=202 prev_prio=120 prev_state=R ==> next_comm=ple.kvbenchmark next_pid=7536 next_prio=120
           <...>-7536  [001] ...2   406.074188: sched_switch: prev_comm=ple.kvbenchmark prev_pid=7536 prev_prio=120 prev_state=S ==> next_comm=traced next_pid=202 next_prio=120
          traced-202   [001] ...2   406.075238: sched_switch: prev_comm=traced prev_pid=202 prev_prio=120 prev_state=R ==> next_comm=ple.kvbenchmark next_pid=7536 next_prio=120
           <...>-7536  [001] ...2   406.075578: sched_switch: prev_comm=ple.kvbenchmark prev_pid=7536 prev_prio=120 prev_state=S ==> next_comm=traced next_pid=202 next_prio=120
          traced-202   [001] ...2   406.076629: sched_switch: prev_comm=traced prev_pid=202 prev_prio=120 prev_state=R ==> next_comm=ple.kvbenchmark next_pid=7536 next_prio=120
           <...>-7536  [001] ...2   406.076791: sched_switch: prev_comm=ple.kvbenchmark prev_pid=7536 prev_prio=120 prev_state=S ==> next_comm=traced next_pid=202 next_prio=120
          traced-202   [001] ...2   406.077844: sched_switch: prev_comm=traced prev_pid=202 prev_prio=120 prev_state=R ==> next_comm=ple.kvbenchmark next_pid=7536 next_prio=120
           <...>-7536  [001] ...2   406.077965: sched_switch: prev_comm=ple.kvbenchmark prev_pid=7536 prev_prio=120 prev_state=S ==> next_comm=traced next_pid=202 next_prio=120
          traced-202   [001] ...2   406.079017: sched_switch: prev_comm=traced prev_pid=202 prev_prio=120 prev_state=R ==> next_comm=ple.kvbenchmark next_pid=7536 next_prio=120
           <...>-7536  [001] ...2   406.079063: sched_switch: prev_comm=ple.kvbenchmark prev_pid=7536 prev_prio=120 prev_state=S ==> next_comm=traced next_pid=202 next_prio=120
          traced-202   [001] ...2   406.080116: sched_switch: prev_comm=traced prev_pid=202 prev_prio=120 prev_state=R ==> next_comm=ple.kvbenchmark next_pid=7536 next_prio=120
           <...>-7536  [001] ...2   406.080293: sched_switch: prev_comm=ple.kvbenchmark prev_pid=7536 prev_prio=120 prev_state=S ==> next_comm=traced next_pid=202 next_prio=120
          traced-202   [001] ...2   406.081359: sched_switch: prev_comm=traced prev_pid=202 prev_prio=120 prev_state=R ==> next_comm=ple.kvbenchmark next_pid=7536 next_prio=120
           <...>-7536  [001] ...2   406.081413: sched_switch: prev_comm=ple.kvbenchmark prev_pid=7536 prev_prio=120 prev_state=S ==> next_comm=traced next_pid=202 next_prio=120
          traced-202   [001] ...2   406.082467: sched_switch: prev_comm=traced prev_pid=202 prev_prio=120 prev_state=R ==> next_comm=ple.kvbenchmark next_pid=7536 next_prio=120
           <...>-7536  [001] ...2   406.082525: sched_switch: prev_comm=ple.kvbenchmark prev_pid=7536 prev_prio=120 prev_state=S ==> next_comm=traced next_pid=202 next_prio=120
          traced-202   [001] ...2   406.083576: sched_switch: prev_comm=traced prev_pid=202 prev_prio=120 prev_state=R ==> next_comm=ple.kvbenchmark next_pid=7536 next_prio=120
           <...>-7536  [001] ...2   406.083629: sched_switch: prev_comm=ple.kvbenchmark prev_pid=7536 prev_prio=120 prev_state=S ==> next_comm=traced next_pid=202 next_prio=120
           <...>-9383  [000] ...2   406.083999: sched_switch: prev_comm=sh prev_pid=9383 prev_prio=120 prev_state=R+ ==> next_comm=kworker/0:1 next_pid=15 next_prio=120
     kworker/0:1-15    [000] ...2   406.084026: sched_switch: prev_comm=kworker/0:1 prev_pid=15 prev_prio=120 prev_state=S ==> next_comm=adbd next_pid=1508 next_prio=120
            adbd-1508  [000] ...2   406.084254: sched_switch: prev_comm=adbd prev_pid=1508 prev_prio=120 prev_state=S ==> next_comm=adbd next_pid=3737 next_prio=120
            adbd-3737  [000] ...2   406.084347: sched_switch: prev_comm=adbd prev_pid=3737 prev_prio=120 prev_state=S ==> next_comm=sh next_pid=9383 next_prio=120
           <...>-9383  [000] ...2   406.084370: sched_switch: prev_comm=sh prev_pid=9383 prev_prio=120 prev_state=R+ ==> next_comm=kworker/0:1 next_pid=15 next_prio=120
     kworker/0:1-15    [000] ...2   406.084385: sched_switch: prev_comm=kworker/0:1 prev_pid=15 prev_prio=120 prev_state=S ==> next_comm=sh next_pid=9383 next_prio=120
           <...>-9383  [000] ...2   406.084640: sched_switch: prev_comm=sh prev_pid=9383 prev_prio=120 prev_state=R ==> next_comm=adbd next_pid=3738 next_prio=120
          traced-202   [001] ...2   406.084680: sched_switch: prev_comm=traced prev_pid=202 prev_prio=120 prev_state=R ==> next_comm=ple.kvbenchmark next_pid=7536 next_prio=120
            adbd-3738  [000] ...2   406.084702: sched_switch: prev_comm=adbd prev_pid=3738 prev_prio=120 prev_state=S ==> next_comm=adbd next_pid=1508 next_prio=120
           <...>-7536  [001] ...2   406.084732: sched_switch: prev_comm=ple.kvbenchmark prev_pid=7536 prev_prio=120 prev_state=S ==> next_comm=traced next_pid=202 next_prio=120
            adbd-1508  [000] ...2   406.084967: sched_switch: prev_comm=adbd prev_pid=1508 prev_prio=120 prev_state=S ==> next_comm=adbd next_pid=3737 next_prio=120
            adbd-3737  [000] ...2   406.085036: sched_switch: prev_comm=adbd prev_pid=3737 prev_prio=120 prev_state=S ==> next_comm=sh next_pid=9383 next_prio=120
           <...>-9383  [000] ...2   406.085385: sched_switch: prev_comm=sh prev_pid=9383 prev_prio=120 prev_state=R ==> next_comm=adbd next_pid=3738 next_prio=120
            adbd-3738  [000] ...2   406.085437: sched_switch: prev_comm=adbd prev_pid=3738 prev_prio=120 prev_state=S ==> next_comm=adbd next_pid=1508 next_prio=120
          traced-202   [001] ...2   406.085784: sched_switch: prev_comm=traced prev_pid=202 prev_prio=120 prev_state=R ==> next_comm=ple.kvbenchmark next_pid=7536 next_prio=120
            adbd-1508  [000] ...2   406.085802: sched_switch: prev_comm=adbd prev_pid=1508 prev_prio=120 prev_state=S ==> next_comm=adbd next_pid=3737 next_prio=120
            adbd-3737  [000] ...2   406.085867: sched_switch: prev_comm=adbd prev_pid=3737 prev_prio=120 prev_state=S ==> next_comm=kworker/0:1 next_pid=15 next_prio=120
     kworker/0:1-15    [000] ...2   406.085884: sched_switch: prev_comm=kworker/0:1 prev_pid=15 prev_prio=120 prev_state=S ==> next_comm=sh next_pid=9383 next_prio=120
           <...>-7536  [001] ...2   406.085923: sched_switch: prev_comm=ple.kvbenchmark prev_pid=7536 prev_prio=120 prev_state=S ==> next_comm=traced next_pid=202 next_prio=120
           <...>-9383  [000] ...2   406.086014: sched_switch: prev_comm=sh prev_pid=9383 prev_prio=120 prev_state=R+ ==> next_comm=adbd next_pid=3738 next_prio=120
            adbd-3738  [000] ...2   406.086062: sched_switch: prev_comm=adbd prev_pid=3738 prev_prio=120 prev_state=S ==> next_comm=adbd next_pid=1508 next_prio=120
            adbd-1508  [000] ...2   406.086208: sched_switch: prev_comm=adbd prev_pid=1508 prev_prio=120 prev_state=S ==> next_comm=adbd next_pid=3737 next_prio=120
            adbd-3737  [000] ...2   406.086218: sched_switch: prev_comm=adbd prev_pid=3737 prev_prio=120 prev_state=S ==> next_comm=sh next_pid=9383 next_prio=120
           <...>-9383  [000] ...2   406.086726: sched_switch: prev_comm=sh prev_pid=9383 prev_prio=120 prev_state=R+ ==> next_comm=adbd next_pid=9384 next_prio=120
           <...>-9384  [000] ...3   406.086901: sched_switch: prev_comm=adbd prev_pid=9384 prev_prio=120 prev_state=x ==> next_comm=adbd next_pid=1508 next_prio=120
          traced-202   [001] ...2   406.086974: sched_switch: prev_comm=traced prev_pid=202 prev_prio=120 prev_state=R ==> next_comm=ple.kvbenchmark next_pid=7536 next_prio=120
           <...>-7536  [001] ...2   406.087021: sched_switch: prev_comm=ple.kvbenchmark prev_pid=7536 prev_prio=120 prev_state=S ==> next_comm=traced next_pid=202 next_prio=120
            adbd-1508  [000] ...2   406.087048: sched_switch: prev_comm=adbd prev_pid=1508 prev_prio=120 prev_state=S ==> next_comm=sh next_pid=9383 next_prio=120
           <...>-9383  [000] ...3   406.087063: sched_switch: prev_comm=sh prev_pid=9383 prev_prio=120 prev_state=x ==> next_comm=swapper/0 next_pid=0 next_prio=120
          <idle>-0     [000] ...2   406.087091: sched_switch: prev_comm=swapper/0 prev_pid=0 prev_prio=120 prev_state=R ==> next_comm=ksoftirqd/0 next_pid=3 next_prio=120
           <...>-3     [000] ...2   406.087108: sched_switch: prev_comm=ksoftirqd/0 prev_pid=3 prev_prio=120 prev_state=S ==> next_comm=swapper/0 next_pid=0 next_prio=120
          <idle>-0     [000] ...2   406.087130: sched_switch: prev_comm=swapper/0 prev_pid=0 prev_prio=120 prev_state=R ==> next_comm=ksoftirqd/0 next_pid=3 next_prio=120
