          <idle>-0     [000] ...2   462.774605: sched_switch: prev_comm=swapper/0 prev_pid=0 prev_prio=120 prev_state=R ==> next_comm=ple.kvbenchmark next_pid=3305 next_prio=120
           <...>-3305  [000] ...2   462.774680: sched_switch: prev_comm=ple.kvbenchmark prev_pid=3305 prev_prio=120 prev_state=S ==> next_comm=swapper/0 next_pid=0 next_prio=120
          <idle>-0     [000] ...2   462.775734: sched_switch: prev_comm=swapper/0 prev_pid=0 prev_prio=120 prev_state=R ==> next_comm=ple.kvbenchmark next_pid=3305 next_prio=120
           <...>-3305  [000] ...2   462.775809: sched_switch: prev_comm=ple.kvbenchmark prev_pid=3305 prev_prio=120 prev_state=S ==> next_comm=swapper/0 next_pid=0 next_prio=120
          <idle>-0     [000] ...2   462.776860: sched_switch: prev_comm=swapper/0 prev_pid=0 prev_prio=120 prev_state=R ==> next_comm=ple.kvbenchmark next_pid=3305 next_prio=120
           <...>-3305  [000] ...2   462.776963: sched_switch: prev_comm=ple.kvbenchmark prev_pid=3305 prev_prio=120 prev_state=S ==> next_comm=swapper/0 next_pid=0 next_prio=120
          <idle>-0     [000] ...2   462.777572: sched_switch: prev_comm=swapper/0 prev_pid=0 prev_prio=120 prev_state=R ==> next_comm=kmsgd next_pid=201 next_prio=120
           <...>-201   [000] ...2   462.777707: sched_switch: prev_comm=kmsgd prev_pid=201 prev_prio=120 prev_state=S ==> next_comm=kworker/0:2 next_pid=98 next_prio=120
     kworker/0:2-98    [000] ...1   462.777717: thermal_temp: sensor_id=5 temp=70
     kworker/0:2-98    [000] ...2   462.777781: sched_switch: prev_comm=kworker/0:2 prev_pid=98 prev_prio=120 prev_state=S ==> next_comm=logcat next_pid=2956 next_prio=120
           <...>-2956  [000] ...2   462.777993: sched_switch: prev_comm=logcat prev_pid=2956 prev_prio=120 prev_state=S ==> next_comm=logcat next_pid=3193 next_prio=120
           <...>-3193  [000] ...2   462.778210: sched_switch: prev_comm=logcat prev_pid=3193 prev_prio=120 prev_state=S ==> next_comm=ksoftirqd/0 next_pid=3 next_prio=120
           <...>-3     [000] ...2   462.778220: sched_switch: prev_comm=ksoftirqd/0 prev_pid=3 prev_prio=120 prev_state=S ==> next_comm=kworker/0:2 next_pid=98 next_prio=120
     kworker/0:2-98    [000] ...2   462.778243: sched_switch: prev_comm=kworker/0:2 prev_pid=98 prev_prio=120 prev_state=S ==> next_comm=adbd next_pid=1861 next_prio=120
            adbd-1861  [000] ...2   462.778534: sched_switch: prev_comm=adbd prev_pid=1861 prev_prio=120 prev_state=S ==> next_comm=adbd next_pid=3167 next_prio=120
            adbd-3167  [000] ...2   462.778631: sched_switch: prev_comm=adbd prev_pid=3167 prev_prio=120 prev_state=S ==> next_comm=ple.kvbenchmark next_pid=3305 next_prio=120
           <...>-3305  [000] ...2   462.778745: sched_switch: prev_comm=ple.kvbenchmark prev_pid=3305 prev_prio=120 prev_state=S ==> next_comm=swapper/0 next_pid=0 next_prio=120
          <idle>-0     [000] ...2   462.778774: sched_switch: prev_comm=swapper/0 prev_pid=0 prev_prio=120 prev_state=R ==> next_comm=ksoftirqd/0 next_pid=3 next_prio=120
           <...>-3     [000] ...2   462.778790: sched_switch: prev_comm=ksoftirqd/0 prev_pid=3 prev_prio=120 prev_state=S ==> next_comm=swapper/0 next_pid=0 next_prio=120
          <idle>-0     [000] ...2   462.778828: sched_switch: prev_comm=swapper/0 prev_pid=0 prev_prio=120 prev_state=R ==> next_comm=ksoftirqd/0 next_pid=3 next_prio=120
           <...>-3     [000] ...2   462.778843: sched_switch: prev_comm=ksoftirqd/0 prev_pid=3 prev_prio=120 prev_state=S ==> next_comm=swapper/0 next_pid=0 next_prio=120
          <idle>-0     [000] ...2   462.778866: sched_switch: prev_comm=swapper/0 prev_pid=0 prev_prio=120 prev_state=R ==> next_comm=ksoftirqd/0 next_pid=3 next_prio=120
           <...>-3     [000] ...2   462.778880: sched_switch: prev_comm=ksoftirqd/0 prev_pid=3 prev_prio=120 prev_state=S ==> next_comm=swapper/0 next_pid=0 next_prio=120
          <idle>-0     [000] ...2   462.778900: sched_switch: prev_comm=swapper/0 prev_pid=0 prev_prio=120 prev_state=R ==> next_comm=ksoftirqd/0 next_pid=3 next_prio=120
           <...>-3     [000] ...2   462.778914: sched_switch: prev_comm=ksoftirqd/0 prev_pid=3 prev_prio=120 prev_state=S ==> next_comm=swapper/0 next_pid=0 next_prio=120
          <idle>-0     [000] ...2   462.779046: sched_switch: prev_comm=swapper/0 prev_pid=0 prev_prio=120 prev_state=R ==> next_comm=adbd next_pid=3168 next_prio=120
            adbd-3168  [000] ...2   462.779102: sched_switch: prev_comm=adbd prev_pid=3168 prev_prio=120 prev_state=S ==> next_comm=adbd next_pid=1861 next_prio=120
            adbd-1861  [000] ...2   462.779307: sched_switch: prev_comm=adbd prev_pid=1861 prev_prio=120 prev_state=S ==> next_comm=adbd next_pid=3167 next_prio=120
            adbd-3167  [000] ...2   462.779322: sched_switch: prev_comm=adbd prev_pid=3167 prev_prio=120 prev_state=S ==> next_comm=swapper/0 next_pid=0 next_prio=120
          <idle>-0     [000] ...2   462.779796: sched_switch: prev_comm=swapper/0 prev_pid=0 prev_prio=120 prev_state=R ==> next_comm=ple.kvbenchmark next_pid=3305 next_prio=120
           <...>-3305  [000] ...2   462.779877: sched_switch: prev_comm=ple.kvbenchmark prev_pid=3305 prev_prio=120 prev_state=S ==> next_comm=swapper/0 next_pid=0 next_prio=120
          <idle>-0     [000] ...2   462.780929: sched_switch: prev_comm=swapper/0 prev_pid=0 prev_prio=120 prev_state=R ==> next_comm=ple.kvbenchmark next_pid=3305 next_prio=120
           <...>-3305  [000] ...2   462.781005: sched_switch: prev_comm=ple.kvbenchmark prev_pid=3305 prev_prio=120 prev_state=S ==> next_comm=swapper/0 next_pid=0 next_prio=120
          <idle>-0     [000] ...2   462.782058: sched_switch: prev_comm=swapper/0 prev_pid=0 prev_prio=120 prev_state=R ==> next_comm=ple.kvbenchmark next_pid=3305 next_prio=120
           <...>-3305  [000] ...2   462.782133: sched_switch: prev_comm=ple.kvbenchmark prev_pid=3305 prev_prio=120 prev_state=S ==> next_comm=swapper/0 next_pid=0 next_prio=120
          <idle>-0     [000] ...2   462.783186: sched_switch: prev_comm=swapper/0 prev_pid=0 prev_prio=120 prev_state=R ==> next_comm=ple.kvbenchmark next_pid=3305 next_prio=120
           <...>-3305  [000] ...2   462.783278: sched_switch: prev_comm=ple.kvbenchmark prev_pid=3305 prev_prio=120 prev_state=S ==> next_comm=logcat next_pid=3193 next_prio=120
           <...>-3193  [000] ...2   462.783306: sched_switch: prev_comm=logcat prev_pid=3193 prev_prio=120 prev_state=S ==> next_comm=swapper/0 next_pid=0 next_prio=120
          <idle>-0     [000] ...2   462.784335: sched_switch: prev_comm=swapper/0 prev_pid=0 prev_prio=120 prev_state=R ==> next_comm=ple.kvbenchmark next_pid=3305 next_prio=120
           <...>-3305  [000] ...2   462.784410: sched_switch: prev_comm=ple.kvbenchmark prev_pid=3305 prev_prio=120 prev_state=S ==> next_comm=swapper/0 next_pid=0 next_prio=120
          <idle>-0     [000] ...2   462.785463: sched_switch: prev_comm=swapper/0 prev_pid=0 prev_prio=120 prev_state=R ==> next_comm=ple.kvbenchmark next_pid=3305 next_prio=120
           <...>-3305  [000] ...2   462.785537: sched_switch: prev_comm=ple.kvbenchmark prev_pid=3305 prev_prio=120 prev_state=S ==> next_comm=swapper/0 next_pid=0 next_prio=120
          <idle>-0     [000] ...2   462.786591: sched_switch: prev_comm=swapper/0 prev_pid=0 prev_prio=120 prev_state=R ==> next_comm=ple.kvbenchmark next_pid=3305 next_prio=120
           <...>-3305  [000] ...2   462.786665: sched_switch: prev_comm=ple.kvbenchmark prev_pid=3305 prev_prio=120 prev_state=S ==> next_comm=swapper/0 next_pid=0 next_prio=120
          <idle>-0     [000] ...2   462.787565: sched_switch: prev_comm=swapper/0 prev_pid=0 prev_prio=120 prev_state=R ==> next_comm=ksoftirqd/0 next_pid=3 next_prio=120
           <...>-3     [000] ...2   462.787580: sched_switch: prev_comm=ksoftirqd/0 prev_pid=3 prev_prio=120 prev_state=S ==> next_comm=swapper/0 next_pid=0 next_prio=120
          <idle>-0     [000] ...2   462.787601: sched_switch: prev_comm=swapper/0 prev_pid=0 prev_prio=120 prev_state=R ==> next_comm=ksoftirqd/0 next_pid=3 next_prio=120
           <...>-3     [000] ...2   462.787615: sched_switch: prev_comm=ksoftirqd/0 prev_pid=3 prev_prio=120 prev_state=S ==> next_comm=swapper/0 next_pid=0 next_prio=120
          <idle>-0     [000] ...2   462.787635: sched_switch: prev_comm=swapper/0 prev_pid=0 prev_prio=120 prev_state=R ==> next_comm=ksoftirqd/0 next_pid=3 next_prio=120
           <...>-3     [000] ...2   462.787649: sched_switch: prev_comm=ksoftirqd/0 prev_pid=3 prev_prio=120 prev_state=S ==> next_comm=swapper/0 next_pid=0 next_prio=120
          <idle>-0     [000] ...2   462.787738: sched_switch: prev_comm=swapper/0 prev_pid=0 prev_prio=120 prev_state=R ==> next_comm=ple.kvbenchmark next_pid=3305 next_prio=120
           <...>-3305  [000] ...2   462.787817: sched_switch: prev_comm=ple.kvbenchmark prev_pid=3305 prev_prio=120 prev_state=S ==> next_comm=le.android.tal next_pid=2023 next_prio=120
  le.android.tal-2023  [000] ...2   462.787847: sched_switch: prev_comm=le.android.tal prev_pid=2023 prev_prio=120 prev_state=S ==> next_comm=logcat next_pid=2956 next_prio=120
           <...>-2956  [000] ...2   462.787872: sched_switch: prev_comm=logcat prev_pid=2956 prev_prio=120 prev_state=S ==> next_comm=swapper/0 next_pid=0 next_prio=120
          <idle>-0     [000] ...2   462.788871: sched_switch: prev_comm=swapper/0 prev_pid=0 prev_prio=120 prev_state=R ==> next_comm=ple.kvbenchmark next_pid=3305 next_prio=120
           <...>-3305  [000] ...2   462.788949: sched_switch: prev_comm=ple.kvbenchmark prev_pid=3305 prev_prio=120 prev_state=S ==> next_comm=swapper/0 next_pid=0 next_prio=120
          <idle>-0     [000] ...2   462.790002: sched_switch: prev_comm=swapper/0 prev_pid=0 prev_prio=120 prev_state=R ==> next_comm=ple.kvbenchmark next_pid=3305 next_prio=120
           <...>-3305  [000] ...2   462.790078: sched_switch: prev_comm=ple.kvbenchmark prev_pid=3305 prev_prio=120 prev_state=S ==> next_comm=swapper/0 next_pid=0 next_prio=120
          <idle>-0     [000] ...2   462.791132: sched_switch: prev_comm=swapper/0 prev_pid=0 prev_prio=120 prev_state=R ==> next_comm=ple.kvbenchmark next_pid=3305 next_prio=120
           <...>-3305  [000] ...2   462.791209: sched_switch: prev_comm=ple.kvbenchmark prev_pid=3305 prev_prio=120 prev_state=S ==> next_comm=swapper/0 next_pid=0 next_prio=120
          <idle>-0     [000] ...2   462.792263: sched_switch: prev_comm=swapper/0 prev_pid=0 prev_prio=120 prev_state=R ==> next_comm=ple.kvbenchmark next_pid=3305 next_prio=120
           <...>-3305  [000] ...2   462.792336: sched_switch: prev_comm=ple.kvbenchmark prev_pid=3305 prev_prio=120 prev_state=S ==> next_comm=swapper/0 next_pid=0 next_prio=120
          <idle>-0     [000] ...2   462.793390: sched_switch: prev_comm=swapper/0 prev_pid=0 prev_prio=120 prev_state=R ==> next_comm=ple.kvbenchmark next_pid=3305 next_prio=120
           <...>-3305  [000] ...2   462.793462: sched_switch: prev_comm=ple.kvbenchmark prev_pid=3305 prev_prio=120 prev_state=S ==> next_comm=swapper/0 next_pid=0 next_prio=120
          <idle>-0     [000] ...2   462.794515: sched_switch: prev_comm=swapper/0 prev_pid=0 prev_prio=120 prev_state=R ==> next_comm=ple.kvbenchmark next_pid=3305 next_prio=120
           <...>-3305  [000] ...2   462.794592: sched_switch: prev_comm=ple.kvbenchmark prev_pid=3305 prev_prio=120 prev_state=S ==> next_comm=swapper/0 next_pid=0 next_prio=120
          <idle>-0     [000] ...2   462.795646: sched_switch: prev_comm=swapper/0 prev_pid=0 prev_prio=120 prev_state=R ==> next_comm=ple.kvbenchmark next_pid=3305 next_prio=120
           <...>-3305  [000] ...2   462.795725: sched_switch: prev_comm=ple.kvbenchmark prev_pid=3305 prev_prio=120 prev_state=S ==> next_comm=swapper/0 next_pid=0 next_prio=120
          <idle>-0     [000] ...2   462.796776: sched_switch: prev_comm=swapper/0 prev_pid=0 prev_prio=120 prev_state=R ==> next_comm=ple.kvbenchmark next_pid=3305 next_prio=120
           <...>-3305  [000] ...2   462.796849: sched_switch: prev_comm=ple.kvbenchmark prev_pid=3305 prev_prio=120 prev_state=S ==> next_comm=swapper/0 next_pid=0 next_prio=120
          <idle>-0     [000] ...2   462.797560: sched_switch: prev_comm=swapper/0 prev_pid=0 prev_prio=120 prev_state=R ==> next_comm=kworker/0:1H next_pid=17 next_prio=100
    kworker/0:1H-17    [000] ...2   462.797593: sched_switch: prev_comm=kworker/0:1H prev_pid=17 prev_prio=100 prev_state=D ==> next_comm=kworker/0:0H next_pid=6612 next_prio=100
           <...>-6612  [000] ...1   462.797601: cpu_frequency_switch_start: start=960000 end=960000 cpu_id=0
           <...>-6612  [000] ...1   462.797606: cpu_frequency_switch_end: cpu_id=0
           <...>-6612  [000] ...1   462.797609: cpu_frequency: state=960000 cpu_id=0
           <...>-6612  [000] ...2   462.797635: sched_switch: prev_comm=kworker/0:0H prev_pid=6612 prev_prio=100 prev_state=S ==> next_comm=kworker/0:1H next_pid=17 next_prio=100
    kworker/0:1H-17    [000] ...2   462.797649: sched_switch: prev_comm=kworker/0:1H prev_pid=17 prev_prio=100 prev_state=S ==> next_comm=ksoftirqd/0 next_pid=3 next_prio=120
           <...>-3     [000] ...2   462.797663: sched_switch: prev_comm=ksoftirqd/0 prev_pid=3 prev_prio=120 prev_state=S ==> next_comm=swapper/0 next_pid=0 next_prio=120
          <idle>-0     [000] ...2   462.797685: sched_switch: prev_comm=swapper/0 prev_pid=0 prev_prio=120 prev_state=R ==> next_comm=ksoftirqd/0 next_pid=3 next_prio=120
           <...>-3     [000] ...2   462.797699: sched_switch: prev_comm=ksoftirqd/0 prev_pid=3 prev_prio=120 prev_state=S ==> next_comm=swapper/0 next_pid=0 next_prio=120
          <idle>-0     [000] ...2   462.797720: sched_switch: prev_comm=swapper/0 prev_pid=0 prev_prio=120 prev_state=R ==> next_comm=ksoftirqd/0 next_pid=3 next_prio=120
           <...>-3     [000] ...2   462.797734: sched_switch: prev_comm=ksoftirqd/0 prev_pid=3 prev_prio=120 prev_state=S ==> next_comm=swapper/0 next_pid=0 next_prio=120
          <idle>-0     [000] ...2   462.797908: sched_switch: prev_comm=swapper/0 prev_pid=0 prev_prio=120 prev_state=R ==> next_comm=ple.kvbenchmark next_pid=3305 next_prio=120
           <...>-3305  [000] ...2   462.797986: sched_switch: prev_comm=ple.kvbenchmark prev_pid=3305 prev_prio=120 prev_state=S ==> next_comm=swapper/0 next_pid=0 next_prio=120
          <idle>-0     [000] ...2   462.799038: sched_switch: prev_comm=swapper/0 prev_pid=0 prev_prio=120 prev_state=R ==> next_comm=ple.kvbenchmark next_pid=3305 next_prio=120
           <...>-3305  [000] ...2   462.799114: sched_switch: prev_comm=ple.kvbenchmark prev_pid=3305 prev_prio=120 prev_state=S ==> next_comm=swapper/0 next_pid=0 next_prio=120
          <idle>-0     [000] ...2   462.800167: sched_switch: prev_comm=swapper/0 prev_pid=0 prev_prio=120 prev_state=R ==> next_comm=ple.kvbenchmark next_pid=3305 next_prio=120
           <...>-3305  [000] ...2   462.800245: sched_switch: prev_comm=ple.kvbenchmark prev_pid=3305 prev_prio=120 prev_state=S ==> next_comm=swapper/0 next_pid=0 next_prio=120
          <idle>-0     [000] ...2   462.801298: sched_switch: prev_comm=swapper/0 prev_pid=0 prev_prio=120 prev_state=R ==> next_comm=ple.kvbenchmark next_pid=3305 next_prio=120
           <...>-3305  [000] ...2   462.801372: sched_switch: prev_comm=ple.kvbenchmark prev_pid=3305 prev_prio=120 prev_state=S ==> next_comm=swapper/0 next_pid=0 next_prio=120
          <idle>-0     [000] ...2   462.802425: sched_switch: prev_comm=swapper/0 prev_pid=0 prev_prio=120 prev_state=R ==> next_comm=ple.kvbenchmark next_pid=3305 next_prio=120
           <...>-3305  [000] ...2   462.802502: sched_switch: prev_comm=ple.kvbenchmark prev_pid=3305 prev_prio=120 prev_state=S ==> next_comm=swapper/0 next_pid=0 next_prio=120
          <idle>-0     [000] ...2   462.803556: sched_switch: prev_comm=swapper/0 prev_pid=0 prev_prio=120 prev_state=R ==> next_comm=ple.kvbenchmark next_pid=3305 next_prio=120
           <...>-3305  [000] ...2   462.803630: sched_switch: prev_comm=ple.kvbenchmark prev_pid=3305 prev_prio=120 prev_state=S ==> next_comm=swapper/0 next_pid=0 next_prio=120
          <idle>-0     [000] ...2   462.804683: sched_switch: prev_comm=swapper/0 prev_pid=0 prev_prio=120 prev_state=R ==> next_comm=ple.kvbenchmark next_pid=3305 next_prio=120
           <...>-3305  [000] ...2   462.804760: sched_switch: prev_comm=ple.kvbenchmark prev_pid=3305 prev_prio=120 prev_state=S ==> next_comm=swapper/0 next_pid=0 next_prio=120
          <idle>-0     [000] ...2   462.805813: sched_switch: prev_comm=swapper/0 prev_pid=0 prev_prio=120 prev_state=R ==> next_comm=ple.kvbenchmark next_pid=3305 next_prio=120
           <...>-3305  [000] ...2   462.805892: sched_switch: prev_comm=ple.kvbenchmark prev_pid=3305 prev_prio=120 prev_state=S ==> next_comm=swapper/0 next_pid=0 next_prio=120
          <idle>-0     [000] ...2   462.806945: sched_switch: prev_comm=swapper/0 prev_pid=0 prev_prio=120 prev_state=R ==> next_comm=ple.kvbenchmark next_pid=3305 next_prio=120
           <...>-3305  [000] ...2   462.807022: sched_switch: prev_comm=ple.kvbenchmark prev_pid=3305 prev_prio=120 prev_state=S ==> next_comm=swapper/0 next_pid=0 next_prio=120
          <idle>-0     [000] ...2   462.807558: sched_switch: prev_comm=swapper/0 prev_pid=0 prev_prio=120 prev_state=R ==> next_comm=ksoftirqd/0 next_pid=3 next_prio=120
           <...>-3     [000] ...2   462.807759: sched_switch: prev_comm=ksoftirqd/0 prev_pid=3 prev_prio=120 prev_state=S ==> next_comm=swapper/0 next_pid=0 next_prio=120
          <idle>-0     [000] ...2   462.807781: sched_switch: prev_comm=swapper/0 prev_pid=0 prev_prio=120 prev_state=R ==> next_comm=ksoftirqd/0 next_pid=3 next_prio=120
           <...>-3     [000] ...2   462.807796: sched_switch: prev_comm=ksoftirqd/0 prev_pid=3 prev_prio=120 prev_state=S ==> next_comm=swapper/0 next_pid=0 next_prio=120
          <idle>-0     [000] ...2   462.807816: sched_switch: prev_comm=swapper/0 prev_pid=0 prev_prio=120 prev_state=R ==> next_comm=ksoftirqd/0 next_pid=3 next_prio=120
           <...>-3     [000] ...2   462.807830: sched_switch: prev_comm=ksoftirqd/0 prev_pid=3 prev_prio=120 prev_state=S ==> next_comm=swapper/0 next_pid=0 next_prio=120
          <idle>-0     [000] ...2   462.808081: sched_switch: prev_comm=swapper/0 prev_pid=0 prev_prio=120 prev_state=R ==> next_comm=ple.kvbenchmark next_pid=3305 next_prio=120
           <...>-3305  [000] ...2   462.808160: sched_switch: prev_comm=ple.kvbenchmark prev_pid=3305 prev_prio=120 prev_state=S ==> next_comm=swapper/0 next_pid=0 next_prio=120
          <idle>-0     [000] ...2   462.809213: sched_switch: prev_comm=swapper/0 prev_pid=0 prev_prio=120 prev_state=R ==> next_comm=ple.kvbenchmark next_pid=3305 next_prio=120
           <...>-3305  [000] ...2   462.809287: sched_switch: prev_comm=ple.kvbenchmark prev_pid=3305 prev_prio=120 prev_state=S ==> next_comm=swapper/0 next_pid=0 next_prio=120
          <idle>-0     [000] ...2   462.810340: sched_switch: prev_comm=swapper/0 prev_pid=0 prev_prio=120 prev_state=R ==> next_comm=ple.kvbenchmark next_pid=3305 next_prio=120
           <...>-3305  [000] ...2   462.810415: sched_switch: prev_comm=ple.kvbenchmark prev_pid=3305 prev_prio=120 prev_state=S ==> next_comm=swapper/0 next_pid=0 next_prio=120
          <idle>-0     [000] ...2   462.811469: sched_switch: prev_comm=swapper/0 prev_pid=0 prev_prio=120 prev_state=R ==> next_comm=ple.kvbenchmark next_pid=3305 next_prio=120
           <...>-3305  [000] ...2   462.811567: sched_switch: prev_comm=ple.kvbenchmark prev_pid=3305 prev_prio=120 prev_state=S ==> next_comm=swapper/0 next_pid=0 next_prio=120
          <idle>-0     [000] ...2   462.812620: sched_switch: prev_comm=swapper/0 prev_pid=0 prev_prio=120 prev_state=R ==> next_comm=ple.kvbenchmark next_pid=3305 next_prio=120
           <...>-3305  [000] ...2   462.812697: sched_switch: prev_comm=ple.kvbenchmark prev_pid=3305 prev_prio=120 prev_state=S ==> next_comm=swapper/0 next_pid=0 next_prio=120
          <idle>-0     [000] ...2   462.813750: sched_switch: prev_comm=swapper/0 prev_pid=0 prev_prio=120 prev_state=R ==> next_comm=ple.kvbenchmark next_pid=3305 next_prio=120
           <...>-3305  [000] ...2   462.813827: sched_switch: prev_comm=ple.kvbenchmark prev_pid=3305 prev_prio=120 prev_state=S ==> next_comm=swapper/0 next_pid=0 next_prio=120
          <idle>-0     [000] ...2   462.814881: sched_switch: prev_comm=swapper/0 prev_pid=0 prev_prio=120 prev_state=R ==> next_comm=ple.kvbenchmark next_pid=3305 next_prio=120
           <...>-3305  [000] ...2   462.814955: sched_switch: prev_comm=ple.kvbenchmark prev_pid=3305 prev_prio=120 prev_state=S ==> next_comm=swapper/0 next_pid=0 next_prio=120
          <idle>-0     [000] ...2   462.816008: sched_switch: prev_comm=swapper/0 prev_pid=0 prev_prio=120 prev_state=R ==> next_comm=ple.kvbenchmark next_pid=3305 next_prio=120
           <...>-3305  [000] ...2   462.816083: sched_switch: prev_comm=ple.kvbenchmark prev_pid=3305 prev_prio=120 prev_state=S ==> next_comm=swapper/0 next_pid=0 next_prio=120
          <idle>-0     [000] ...2   462.817136: sched_switch: prev_comm=swapper/0 prev_pid=0 prev_prio=120 prev_state=R ==> next_comm=ple.kvbenchmark next_pid=3305 next_prio=120
           <...>-3305  [000] ...2   462.817212: sched_switch: prev_comm=ple.kvbenchmark prev_pid=3305 prev_prio=120 prev_state=S ==> next_comm=swapper/0 next_pid=0 next_prio=120
          <idle>-0     [000] ...2   462.817558: sched_switch: prev_comm=swapper/0 prev_pid=0 prev_prio=120 prev_state=R ==> next_comm=kworker/u:1 next_pid=21 next_prio=120
           <...>-21    [000] ...2   462.817581: sched_switch: prev_comm=kworker/u:1 prev_pid=21 prev_prio=120 prev_state=S ==> next_comm=mpdecision next_pid=1791 next_prio=113
      mpdecision-1791  [000] ...2   462.817961: sched_switch: prev_comm=mpdecision prev_pid=1791 prev_prio=113 prev_state=S ==> next_comm=ksoftirqd/0 next_pid=3 next_prio=120
           <...>-3     [000] ...2   462.817980: sched_switch: prev_comm=ksoftirqd/0 prev_pid=3 prev_prio=120 prev_state=S ==> next_comm=swapper/0 next_pid=0 next_prio=120
          <idle>-0     [000] ...2   462.818004: sched_switch: prev_comm=swapper/0 prev_pid=0 prev_prio=120 prev_state=R ==> next_comm=ksoftirqd/0 next_pid=3 next_prio=120
           <...>-3     [000] ...2   462.818019: sched_switch: prev_comm=ksoftirqd/0 prev_pid=3 prev_prio=120 prev_state=S ==> next_comm=swapper/0 next_pid=0 next_prio=120
          <idle>-0     [000] ...2   462.818040: sched_switch: prev_comm=swapper/0 prev_pid=0 prev_prio=120 prev_state=R ==> next_comm=ksoftirqd/0 next_pid=3 next_prio=120
           <...>-3     [000] ...2   462.818054: sched_switch: prev_comm=ksoftirqd/0 prev_pid=3 prev_prio=120 prev_state=S ==> next_comm=swapper/0 next_pid=0 next_prio=120
          <idle>-0     [000] ...2   462.818274: sched_switch: prev_comm=swapper/0 prev_pid=0 prev_prio=120 prev_state=R ==> next_comm=ple.kvbenchmark next_pid=3305 next_prio=120
           <...>-3305  [000] ...2   462.818360: sched_switch: prev_comm=ple.kvbenchmark prev_pid=3305 prev_prio=120 prev_state=S ==> next_comm=swapper/0 next_pid=0 next_prio=120
          <idle>-0     [000] ...2   462.819413: sched_switch: prev_comm=swapper/0 prev_pid=0 prev_prio=120 prev_state=R ==> next_comm=ple.kvbenchmark next_pid=3305 next_prio=120
           <...>-3305  [000] ...2   462.819491: sched_switch: prev_comm=ple.kvbenchmark prev_pid=3305 prev_prio=120 prev_state=S ==> next_comm=swapper/0 next_pid=0 next_prio=120
          <idle>-0     [000] ...2   462.820545: sched_switch: prev_comm=swapper/0 prev_pid=0 prev_prio=120 prev_state=R ==> next_comm=ple.kvbenchmark next_pid=3305 next_prio=120
           <...>-3305  [000] ...2   462.820619: sched_switch: prev_comm=ple.kvbenchmark prev_pid=3305 prev_prio=120 prev_state=S ==> next_comm=swapper/0 next_pid=0 next_prio=120
          <idle>-0     [000] ...2   462.821673: sched_switch: prev_comm=swapper/0 prev_pid=0 prev_prio=120 prev_state=R ==> next_comm=ple.kvbenchmark next_pid=3305 next_prio=120
           <...>-3305  [000] ...2   462.821747: sched_switch: prev_comm=ple.kvbenchmark prev_pid=3305 prev_prio=120 prev_state=S ==> next_comm=swapper/0 next_pid=0 next_prio=120
          <idle>-0     [000] ...2   462.822800: sched_switch: prev_comm=swapper/0 prev_pid=0 prev_prio=120 prev_state=R ==> next_comm=ple.kvbenchmark next_pid=3305 next_prio=120
           <...>-3305  [000] ...2   462.822876: sched_switch: prev_comm=ple.kvbenchmark prev_pid=3305 prev_prio=120 prev_state=S ==> next_comm=swapper/0 next_pid=0 next_prio=120
          <idle>-0     [000] ...2   462.823930: sched_switch: prev_comm=swapper/0 prev_pid=0 prev_prio=120 prev_state=R ==> next_comm=ple.kvbenchmark next_pid=3305 next_prio=120
           <...>-3305  [000] ...2   462.824003: sched_switch: prev_comm=ple.kvbenchmark prev_pid=3305 prev_prio=120 prev_state=S ==> next_comm=swapper/0 next_pid=0 next_prio=120
          <idle>-0     [000] ...2   462.825057: sched_switch: prev_comm=swapper/0 prev_pid=0 prev_prio=120 prev_state=R ==> next_comm=ple.kvbenchmark next_pid=3305 next_prio=120
           <...>-3305  [000] ...2   462.825130: sched_switch: prev_comm=ple.kvbenchmark prev_pid=3305 prev_prio=120 prev_state=S ==> next_comm=swapper/0 next_pid=0 next_prio=120
          <idle>-0     [000] ...2   462.826183: sched_switch: prev_comm=swapper/0 prev_pid=0 prev_prio=120 prev_state=R ==> next_comm=ple.kvbenchmark next_pid=3305 next_prio=120
           <...>-3305  [000] ...2   462.826259: sched_switch: prev_comm=ple.kvbenchmark prev_pid=3305 prev_prio=120 prev_state=S ==> next_comm=swapper/0 next_pid=0 next_prio=120
          <idle>-0     [000] ...2   462.827313: sched_switch: prev_comm=swapper/0 prev_pid=0 prev_prio=120 prev_state=R ==> next_comm=ple.kvbenchmark next_pid=3305 next_prio=120
           <...>-3305  [000] ...2   462.827389: sched_switch: prev_comm=ple.kvbenchmark prev_pid=3305 prev_prio=120 prev_state=S ==> next_comm=swapper/0 next_pid=0 next_prio=120
          <idle>-0     [000] ...2   462.827559: sched_switch: prev_comm=swapper/0 prev_pid=0 prev_prio=120 prev_state=R ==> next_comm=ksoftirqd/0 next_pid=3 next_prio=120
           <...>-3     [000] ...2   462.827575: sched_switch: prev_comm=ksoftirqd/0 prev_pid=3 prev_prio=120 prev_state=S ==> next_comm=swapper/0 next_pid=0 next_prio=120
          <idle>-0     [000] ...2   462.827595: sched_switch: prev_comm=swapper/0 prev_pid=0 prev_prio=120 prev_state=R ==> next_comm=ksoftirqd/0 next_pid=3 next_prio=120
           <...>-3     [000] ...2   462.827610: sched_switch: prev_comm=ksoftirqd/0 prev_pid=3 prev_prio=120 prev_state=S ==> next_comm=swapper/0 next_pid=0 next_prio=120
          <idle>-0     [000] ...2   462.827630: sched_switch: prev_comm=swapper/0 prev_pid=0 prev_prio=120 prev_state=R ==> next_comm=ksoftirqd/0 next_pid=3 next_prio=120
           <...>-3     [000] ...2   462.827644: sched_switch: prev_comm=ksoftirqd/0 prev_pid=3 prev_prio=120 prev_state=S ==> next_comm=swapper/0 next_pid=0 next_prio=120
          <idle>-0     [000] ...2   462.828447: sched_switch: prev_comm=swapper/0 prev_pid=0 prev_prio=120 prev_state=R ==> next_comm=ple.kvbenchmark next_pid=3305 next_prio=120
           <...>-3305  [000] ...2   462.828524: sched_switch: prev_comm=ple.kvbenchmark prev_pid=3305 prev_prio=120 prev_state=S ==> next_comm=swapper/0 next_pid=0 next_prio=120
          <idle>-0     [000] ...2   462.829577: sched_switch: prev_comm=swapper/0 prev_pid=0 prev_prio=120 prev_state=R ==> next_comm=ple.kvbenchmark next_pid=3305 next_prio=120
           <...>-3305  [000] ...2   462.829655: sched_switch: prev_comm=ple.kvbenchmark prev_pid=3305 prev_prio=120 prev_state=S ==> next_comm=swapper/0 next_pid=0 next_prio=120
          <idle>-0     [000] ...2   462.830709: sched_switch: prev_comm=swapper/0 prev_pid=0 prev_prio=120 prev_state=R ==> next_comm=ple.kvbenchmark next_pid=3305 next_prio=120
           <...>-3305  [000] ...2   462.830783: sched_switch: prev_comm=ple.kvbenchmark prev_pid=3305 prev_prio=120 prev_state=S ==> next_comm=swapper/0 next_pid=0 next_prio=120
          <idle>-0     [000] ...2   462.831837: sched_switch: prev_comm=swapper/0 prev_pid=0 prev_prio=120 prev_state=R ==> next_comm=ple.kvbenchmark next_pid=3305 next_prio=120
           <...>-3305  [000] ...2   462.831914: sched_switch: prev_comm=ple.kvbenchmark prev_pid=3305 prev_prio=120 prev_state=S ==> next_comm=swapper/0 next_pid=0 next_prio=120
          <idle>-0     [000] ...2   462.832968: sched_switch: prev_comm=swapper/0 prev_pid=0 prev_prio=120 prev_state=R ==> next_comm=ple.kvbenchmark next_pid=3305 next_prio=120
           <...>-3305  [000] ...2   462.833040: sched_switch: prev_comm=ple.kvbenchmark prev_pid=3305 prev_prio=120 prev_state=S ==> next_comm=swapper/0 next_pid=0 next_prio=120
          <idle>-0     [000] ...2   462.834095: sched_switch: prev_comm=swapper/0 prev_pid=0 prev_prio=120 prev_state=R ==> next_comm=ple.kvbenchmark next_pid=3305 next_prio=120
           <...>-3305  [000] ...2   462.834171: sched_switch: prev_comm=ple.kvbenchmark prev_pid=3305 prev_prio=120 prev_state=S ==> next_comm=swapper/0 next_pid=0 next_prio=120
          <idle>-0     [000] ...2   462.835225: sched_switch: prev_comm=swapper/0 prev_pid=0 prev_prio=120 prev_state=R ==> next_comm=ple.kvbenchmark next_pid=3305 next_prio=120
           <...>-3305  [000] ...2   462.835301: sched_switch: prev_comm=ple.kvbenchmark prev_pid=3305 prev_prio=120 prev_state=S ==> next_comm=swapper/0 next_pid=0 next_prio=120
          <idle>-0     [000] ...2   462.836355: sched_switch: prev_comm=swapper/0 prev_pid=0 prev_prio=120 prev_state=R ==> next_comm=ple.kvbenchmark next_pid=3305 next_prio=120
           <...>-3305  [000] ...2   462.836428: sched_switch: prev_comm=ple.kvbenchmark prev_pid=3305 prev_prio=120 prev_state=S ==> next_comm=swapper/0 next_pid=0 next_prio=120
          <idle>-0     [000] ...2   462.837482: sched_switch: prev_comm=swapper/0 prev_pid=0 prev_prio=120 prev_state=R ==> next_comm=ple.kvbenchmark next_pid=3305 next_prio=120
           <...>-3305  [000] ...2   462.837580: sched_switch: prev_comm=ple.kvbenchmark prev_pid=3305 prev_prio=120 prev_state=S ==> next_comm=swapper/0 next_pid=0 next_prio=120
          <idle>-0     [000] ...2   462.837603: sched_switch: prev_comm=swapper/0 prev_pid=0 prev_prio=120 prev_state=R ==> next_comm=ksoftirqd/0 next_pid=3 next_prio=120
           <...>-3     [000] ...2   462.837639: sched_switch: prev_comm=ksoftirqd/0 prev_pid=3 prev_prio=120 prev_state=S ==> next_comm=swapper/0 next_pid=0 next_prio=120
          <idle>-0     [000] ...2   462.837661: sched_switch: prev_comm=swapper/0 prev_pid=0 prev_prio=120 prev_state=R ==> next_comm=ksoftirqd/0 next_pid=3 next_prio=120
           <...>-3     [000] ...2   462.837674: sched_switch: prev_comm=ksoftirqd/0 prev_pid=3 prev_prio=120 prev_state=S ==> next_comm=swapper/0 next_pid=0 next_prio=120
          <idle>-0     [000] ...2   462.837694: sched_switch: prev_comm=swapper/0 prev_pid=0 prev_prio=120 prev_state=R ==> next_comm=ksoftirqd/0 next_pid=3 next_prio=120
           <...>-3     [000] ...2   462.837708: sched_switch: prev_comm=ksoftirqd/0 prev_pid=3 prev_prio=120 prev_state=S ==> next_comm=swapper/0 next_pid=0 next_prio=120
          <idle>-0     [000] ...2   462.837728: sched_switch: prev_comm=swapper/0 prev_pid=0 prev_prio=120 prev_state=R ==> next_comm=ksoftirqd/0 next_pid=3 next_prio=120
           <...>-3     [000] ...2   462.837741: sched_switch: prev_comm=ksoftirqd/0 prev_pid=3 prev_prio=120 prev_state=S ==> next_comm=swapper/0 next_pid=0 next_prio=120
          <idle>-0     [000] ...2   462.837762: sched_switch: prev_comm=swapper/0 prev_pid=0 prev_prio=120 prev_state=R ==> next_comm=ksoftirqd/0 next_pid=3 next_prio=120
           <...>-3     [000] ...2   462.837775: sched_switch: prev_comm=ksoftirqd/0 prev_pid=3 prev_prio=120 prev_state=S ==> next_comm=swapper/0 next_pid=0 next_prio=120
          <idle>-0     [000] ...2   462.837794: sched_switch: prev_comm=swapper/0 prev_pid=0 prev_prio=120 prev_state=R ==> next_comm=ksoftirqd/0 next_pid=3 next_prio=120
           <...>-3     [000] ...2   462.837804: sched_switch: prev_comm=ksoftirqd/0 prev_pid=3 prev_prio=120 prev_state=S ==> next_comm=swapper/0 next_pid=0 next_prio=120
          <idle>-0     [000] ...2   462.838634: sched_switch: prev_comm=swapper/0 prev_pid=0 prev_prio=120 prev_state=R ==> next_comm=ple.kvbenchmark next_pid=3305 next_prio=120
           <...>-3305  [000] ...2   462.838712: sched_switch: prev_comm=ple.kvbenchmark prev_pid=3305 prev_prio=120 prev_state=S ==> next_comm=swapper/0 next_pid=0 next_prio=120
          <idle>-0     [000] ...2   462.839767: sched_switch: prev_comm=swapper/0 prev_pid=0 prev_prio=120 prev_state=R ==> next_comm=ple.kvbenchmark next_pid=3305 next_prio=120
           <...>-3305  [000] ...2   462.839842: sched_switch: prev_comm=ple.kvbenchmark prev_pid=3305 prev_prio=120 prev_state=S ==> next_comm=swapper/0 next_pid=0 next_prio=120
          <idle>-0     [000] ...2   462.840896: sched_switch: prev_comm=swapper/0 prev_pid=0 prev_prio=120 prev_state=R ==> next_comm=ple.kvbenchmark next_pid=3305 next_prio=120
           <...>-3305  [000] ...2   462.840970: sched_switch: prev_comm=ple.kvbenchmark prev_pid=3305 prev_prio=120 prev_state=S ==> next_comm=swapper/0 next_pid=0 next_prio=120
          <idle>-0     [000] ...2   462.842025: sched_switch: prev_comm=swapper/0 prev_pid=0 prev_prio=120 prev_state=R ==> next_comm=ple.kvbenchmark next_pid=3305 next_prio=120
           <...>-3305  [000] ...2   462.842100: sched_switch: prev_comm=ple.kvbenchmark prev_pid=3305 prev_prio=120 prev_state=S ==> next_comm=swapper/0 next_pid=0 next_prio=120
          <idle>-0     [000] ...2   462.843154: sched_switch: prev_comm=swapper/0 prev_pid=0 prev_prio=120 prev_state=R ==> next_comm=ple.kvbenchmark next_pid=3305 next_prio=120
           <...>-3305  [000] ...2   462.843230: sched_switch: prev_comm=ple.kvbenchmark prev_pid=3305 prev_prio=120 prev_state=S ==> next_comm=swapper/0 next_pid=0 next_prio=120
          <idle>-0     [000] ...2   462.844282: sched_switch: prev_comm=swapper/0 prev_pid=0 prev_prio=120 prev_state=R ==> next_comm=ple.kvbenchmark next_pid=3305 next_prio=120
           <...>-3305  [000] ...2   462.844357: sched_switch: prev_comm=ple.kvbenchmark prev_pid=3305 prev_prio=120 prev_state=S ==> next_comm=swapper/0 next_pid=0 next_prio=120
          <idle>-0     [000] ...2   462.845411: sched_switch: prev_comm=swapper/0 prev_pid=0 prev_prio=120 prev_state=R ==> next_comm=ple.kvbenchmark next_pid=3305 next_prio=120
           <...>-3305  [000] ...2   462.845484: sched_switch: prev_comm=ple.kvbenchmark prev_pid=3305 prev_prio=120 prev_state=S ==> next_comm=swapper/0 next_pid=0 next_prio=120
          <idle>-0     [000] ...2   462.846538: sched_switch: prev_comm=swapper/0 prev_pid=0 prev_prio=120 prev_state=R ==> next_comm=ple.kvbenchmark next_pid=3305 next_prio=120
           <...>-3305  [000] ...2   462.846611: sched_switch: prev_comm=ple.kvbenchmark prev_pid=3305 prev_prio=120 prev_state=S ==> next_comm=swapper/0 next_pid=0 next_prio=120
          <idle>-0     [000] ...2   462.847562: sched_switch: prev_comm=swapper/0 prev_pid=0 prev_prio=120 prev_state=R ==> next_comm=kworker/0:1H next_pid=17 next_prio=100
    kworker/0:1H-17    [000] ...2   462.847589: sched_switch: prev_comm=kworker/0:1H prev_pid=17 prev_prio=100 prev_state=D ==> next_comm=kworker/0:0H next_pid=6612 next_prio=100
           <...>-6612  [000] ...1   462.847595: cpu_frequency_switch_start: start=960000 end=960000 cpu_id=0
           <...>-6612  [000] ...1   462.847600: cpu_frequency_switch_end: cpu_id=0
           <...>-6612  [000] ...1   462.847602: cpu_frequency: state=960000 cpu_id=0
           <...>-6612  [000] ...2   462.847625: sched_switch: prev_comm=kworker/0:0H prev_pid=6612 prev_prio=100 prev_state=S ==> next_comm=kworker/0:1H next_pid=17 next_prio=100
    kworker/0:1H-17    [000] ...2   462.847638: sched_switch: prev_comm=kworker/0:1H prev_pid=17 prev_prio=100 prev_state=S ==> next_comm=ksoftirqd/0 next_pid=3 next_prio=120
           <...>-3     [000] ...2   462.847662: sched_switch: prev_comm=ksoftirqd/0 prev_pid=3 prev_prio=120 prev_state=S ==> next_comm=ple.kvbenchmark next_pid=3305 next_prio=120
           <...>-3305  [000] ...2   462.847736: sched_switch: prev_comm=ple.kvbenchmark prev_pid=3305 prev_prio=120 prev_state=S ==> next_comm=swapper/0 next_pid=0 next_prio=120
          <idle>-0     [000] ...2   462.847759: sched_switch: prev_comm=swapper/0 prev_pid=0 prev_prio=120 prev_state=R ==> next_comm=ksoftirqd/0 next_pid=3 next_prio=120
           <...>-3     [000] ...2   462.847772: sched_switch: prev_comm=ksoftirqd/0 prev_pid=3 prev_prio=120 prev_state=S ==> next_comm=swapper/0 next_pid=0 next_prio=120
          <idle>-0     [000] ...2   462.847793: sched_switch: prev_comm=swapper/0 prev_pid=0 prev_prio=120 prev_state=R ==> next_comm=ksoftirqd/0 next_pid=3 next_prio=120
           <...>-3     [000] ...2   462.847805: sched_switch: prev_comm=ksoftirqd/0 prev_pid=3 prev_prio=120 prev_state=S ==> next_comm=swapper/0 next_pid=0 next_prio=120
          <idle>-0     [000] ...2   462.848795: sched_switch: prev_comm=swapper/0 prev_pid=0 prev_prio=120 prev_state=R ==> next_comm=ple.kvbenchmark next_pid=3305 next_prio=120
           <...>-3305  [000] ...2   462.848870: sched_switch: prev_comm=ple.kvbenchmark prev_pid=3305 prev_prio=120 prev_state=S ==> next_comm=swapper/0 next_pid=0 next_prio=120
          <idle>-0     [000] ...2   462.849924: sched_switch: prev_comm=swapper/0 prev_pid=0 prev_prio=120 prev_state=R ==> next_comm=ple.kvbenchmark next_pid=3305 next_prio=120
           <...>-3305  [000] ...2   462.850000: sched_switch: prev_comm=ple.kvbenchmark prev_pid=3305 prev_prio=120 prev_state=S ==> next_comm=swapper/0 next_pid=0 next_prio=120
          <idle>-0     [000] ...2   462.851054: sched_switch: prev_comm=swapper/0 prev_pid=0 prev_prio=120 prev_state=R ==> next_comm=ple.kvbenchmark next_pid=3305 next_prio=120
           <...>-3305  [000] ...2   462.851131: sched_switch: prev_comm=ple.kvbenchmark prev_pid=3305 prev_prio=120 prev_state=S ==> next_comm=swapper/0 next_pid=0 next_prio=120
          <idle>-0     [000] ...2   462.852185: sched_switch: prev_comm=swapper/0 prev_pid=0 prev_prio=120 prev_state=R ==> next_comm=ple.kvbenchmark next_pid=3305 next_prio=120
           <...>-3305  [000] ...2   462.852263: sched_switch: prev_comm=ple.kvbenchmark prev_pid=3305 prev_prio=120 prev_state=S ==> next_comm=swapper/0 next_pid=0 next_prio=120
          <idle>-0     [000] ...2   462.853317: sched_switch: prev_comm=swapper/0 prev_pid=0 prev_prio=120 prev_state=R ==> next_comm=ple.kvbenchmark next_pid=3305 next_prio=120
           <...>-3305  [000] ...2   462.853391: sched_switch: prev_comm=ple.kvbenchmark prev_pid=3305 prev_prio=120 prev_state=S ==> next_comm=swapper/0 next_pid=0 next_prio=120
          <idle>-0     [000] ...2   462.854446: sched_switch: prev_comm=swapper/0 prev_pid=0 prev_prio=120 prev_state=R ==> next_comm=ple.kvbenchmark next_pid=3305 next_prio=120
           <...>-3305  [000] ...2   462.854521: sched_switch: prev_comm=ple.kvbenchmark prev_pid=3305 prev_prio=120 prev_state=S ==> next_comm=swapper/0 next_pid=0 next_prio=120
          <idle>-0     [000] ...2   462.855575: sched_switch: prev_comm=swapper/0 prev_pid=0 prev_prio=120 prev_state=R ==> next_comm=ple.kvbenchmark next_pid=3305 next_prio=120
           <...>-3305  [000] ...2   462.855648: sched_switch: prev_comm=ple.kvbenchmark prev_pid=3305 prev_prio=120 prev_state=S ==> next_comm=swapper/0 next_pid=0 next_prio=120
          <idle>-0     [000] ...2   462.856703: sched_switch: prev_comm=swapper/0 prev_pid=0 prev_prio=120 prev_state=R ==> next_comm=ple.kvbenchmark next_pid=3305 next_prio=120
           <...>-3305  [000] ...2   462.856777: sched_switch: prev_comm=ple.kvbenchmark prev_pid=3305 prev_prio=120 prev_state=S ==> next_comm=swapper/0 next_pid=0 next_prio=120
          <idle>-0     [000] ...2   462.857554: sched_switch: prev_comm=swapper/0 prev_pid=0 prev_prio=120 prev_state=R ==> next_comm=ksoftirqd/0 next_pid=3 next_prio=120
           <...>-3     [000] ...2   462.857567: sched_switch: prev_comm=ksoftirqd/0 prev_pid=3 prev_prio=120 prev_state=S ==> next_comm=swapper/0 next_pid=0 next_prio=120
          <idle>-0     [000] ...2   462.857584: sched_switch: prev_comm=swapper/0 prev_pid=0 prev_prio=120 prev_state=R ==> next_comm=ksoftirqd/0 next_pid=3 next_prio=120
           <...>-3     [000] ...2   462.857597: sched_switch: prev_comm=ksoftirqd/0 prev_pid=3 prev_prio=120 prev_state=S ==> next_comm=swapper/0 next_pid=0 next_prio=120
          <idle>-0     [000] ...2   462.857614: sched_switch: prev_comm=swapper/0 prev_pid=0 prev_prio=120 prev_state=R ==> next_comm=ksoftirqd/0 next_pid=3 next_prio=120
           <...>-3     [000] ...2   462.857626: sched_switch: prev_comm=ksoftirqd/0 prev_pid=3 prev_prio=120 prev_state=S ==> next_comm=swapper/0 next_pid=0 next_prio=120
          <idle>-0     [000] ...2   462.857831: sched_switch: prev_comm=swapper/0 prev_pid=0 prev_prio=120 prev_state=R ==> next_comm=ple.kvbenchmark next_pid=3305 next_prio=120
           <...>-3305  [000] ...2   462.857905: sched_switch: prev_comm=ple.kvbenchmark prev_pid=3305 prev_prio=120 prev_state=S ==> next_comm=swapper/0 next_pid=0 next_prio=120
          <idle>-0     [000] ...2   462.858959: sched_switch: prev_comm=swapper/0 prev_pid=0 prev_prio=120 prev_state=R ==> next_comm=ple.kvbenchmark next_pid=3305 next_prio=120
           <...>-3305  [000] ...2   462.859033: sched_switch: prev_comm=ple.kvbenchmark prev_pid=3305 prev_prio=120 prev_state=S ==> next_comm=swapper/0 next_pid=0 next_prio=120
          <idle>-0     [000] ...2   462.860087: sched_switch: prev_comm=swapper/0 prev_pid=0 prev_prio=120 prev_state=R ==> next_comm=ple.kvbenchmark next_pid=3305 next_prio=120
           <...>-3305  [000] ...2   462.860160: sched_switch: prev_comm=ple.kvbenchmark prev_pid=3305 prev_prio=120 prev_state=S ==> next_comm=swapper/0 next_pid=0 next_prio=120
          <idle>-0     [000] ...2   462.861214: sched_switch: prev_comm=swapper/0 prev_pid=0 prev_prio=120 prev_state=R ==> next_comm=ple.kvbenchmark next_pid=3305 next_prio=120
           <...>-3305  [000] ...2   462.861290: sched_switch: prev_comm=ple.kvbenchmark prev_pid=3305 prev_prio=120 prev_state=S ==> next_comm=swapper/0 next_pid=0 next_prio=120
          <idle>-0     [000] ...2   462.862344: sched_switch: prev_comm=swapper/0 prev_pid=0 prev_prio=120 prev_state=R ==> next_comm=ple.kvbenchmark next_pid=3305 next_prio=120
           <...>-3305  [000] ...2   462.862420: sched_switch: prev_comm=ple.kvbenchmark prev_pid=3305 prev_prio=120 prev_state=S ==> next_comm=swapper/0 next_pid=0 next_prio=120
          <idle>-0     [000] ...2   462.863474: sched_switch: prev_comm=swapper/0 prev_pid=0 prev_prio=120 prev_state=R ==> next_comm=ple.kvbenchmark next_pid=3305 next_prio=120
           <...>-3305  [000] ...2   462.863551: sched_switch: prev_comm=ple.kvbenchmark prev_pid=3305 prev_prio=120 prev_state=S ==> next_comm=swapper/0 next_pid=0 next_prio=120
          <idle>-0     [000] ...2   462.864605: sched_switch: prev_comm=swapper/0 prev_pid=0 prev_prio=120 prev_state=R ==> next_comm=ple.kvbenchmark next_pid=3305 next_prio=120
           <...>-3305  [000] ...2   462.864682: sched_switch: prev_comm=ple.kvbenchmark prev_pid=3305 prev_prio=120 prev_state=S ==> next_comm=swapper/0 next_pid=0 next_prio=120
          <idle>-0     [000] ...2   462.865736: sched_switch: prev_comm=swapper/0 prev_pid=0 prev_prio=120 prev_state=R ==> next_comm=ple.kvbenchmark next_pid=3305 next_prio=120
           <...>-3305  [000] ...2   462.865812: sched_switch: prev_comm=ple.kvbenchmark prev_pid=3305 prev_prio=120 prev_state=S ==> next_comm=swapper/0 next_pid=0 next_prio=120
          <idle>-0     [000] ...2   462.866867: sched_switch: prev_comm=swapper/0 prev_pid=0 prev_prio=120 prev_state=R ==> next_comm=ple.kvbenchmark next_pid=3305 next_prio=120
           <...>-3305  [000] ...2   462.866939: sched_switch: prev_comm=ple.kvbenchmark prev_pid=3305 prev_prio=120 prev_state=S ==> next_comm=swapper/0 next_pid=0 next_prio=120
          <idle>-0     [000] ...2   462.867560: sched_switch: prev_comm=swapper/0 prev_pid=0 prev_prio=120 prev_state=R ==> next_comm=kworker/u:1 next_pid=21 next_prio=120
           <...>-21    [000] ...2   462.867582: sched_switch: prev_comm=kworker/u:1 prev_pid=21 prev_prio=120 prev_state=S ==> next_comm=workqueue_trust next_pid=8485 next_prio=120
           <...>-8485  [000] ...2   462.867603: sched_switch: prev_comm=workqueue_trust prev_pid=8485 prev_prio=120 prev_state=D ==> next_comm=ksoftirqd/0 next_pid=3 next_prio=120
           <...>-3     [000] ...2   462.867619: sched_switch: prev_comm=ksoftirqd/0 prev_pid=3 prev_prio=120 prev_state=S ==> next_comm=mpdecision next_pid=1791 next_prio=113
      mpdecision-1791  [000] ...2   462.867989: sched_switch: prev_comm=mpdecision prev_pid=1791 prev_prio=113 prev_state=S ==> next_comm=kworker/2:1 next_pid=8393 next_prio=120
           <...>-8393  [000] ...3   462.868061: sched_switch: prev_comm=kworker/2:1 prev_pid=8393 prev_prio=120 prev_state=x ==> next_comm=workqueue_trust next_pid=8485 next_prio=120
           <...>-8485  [000] ...2   462.868081: sched_switch: prev_comm=workqueue_trust prev_pid=8485 prev_prio=120 prev_state=D ==> next_comm=kworker/2:0 next_pid=8390 next_prio=120
           <...>-8390  [000] ...3   462.868142: sched_switch: prev_comm=kworker/2:0 prev_pid=8390 prev_prio=120 prev_state=x ==> next_comm=workqueue_trust next_pid=8485 next_prio=120
           <...>-8485  [000] ...2   462.868161: sched_switch: prev_comm=workqueue_trust prev_pid=8485 prev_prio=120 prev_state=R+ ==> next_comm=kworker/2:1H next_pid=8394 next_prio=100
           <...>-8394  [000] ...3   462.868215: sched_switch: prev_comm=kworker/2:1H prev_pid=8394 prev_prio=100 prev_state=x ==> next_comm=workqueue_trust next_pid=8485 next_prio=120
           <...>-8485  [000] ...2   462.868232: sched_switch: prev_comm=workqueue_trust prev_pid=8485 prev_prio=120 prev_state=R+ ==> next_comm=kworker/2:2H next_pid=8411 next_prio=100
           <...>-8411  [000] ...3   462.868287: sched_switch: prev_comm=kworker/2:2H prev_pid=8411 prev_prio=100 prev_state=x ==> next_comm=workqueue_trust next_pid=8485 next_prio=120
           <...>-8485  [000] ...2   462.868304: sched_switch: prev_comm=workqueue_trust prev_pid=8485 prev_prio=120 prev_state=R+ ==> next_comm=kworker/2:0H next_pid=8391 next_prio=100
           <...>-8391  [000] ...3   462.868357: sched_switch: prev_comm=kworker/2:0H prev_pid=8391 prev_prio=100 prev_state=x ==> next_comm=workqueue_trust next_pid=8485 next_prio=120
           <...>-8485  [000] ...3   462.868393: sched_switch: prev_comm=workqueue_trust prev_pid=8485 prev_prio=120 prev_state=x ==> next_comm=ple.kvbenchmark next_pid=3305 next_prio=120
           <...>-3305  [000] ...2   462.868478: sched_switch: prev_comm=ple.kvbenchmark prev_pid=3305 prev_prio=120 prev_state=S ==> next_comm=swapper/0 next_pid=0 next_prio=120
          <idle>-0     [000] ...2   462.868501: sched_switch: prev_comm=swapper/0 prev_pid=0 prev_prio=120 prev_state=R ==> next_comm=ksoftirqd/0 next_pid=3 next_prio=120
           <...>-3     [000] ...2   462.868517: sched_switch: prev_comm=ksoftirqd/0 prev_pid=3 prev_prio=120 prev_state=S ==> next_comm=swapper/0 next_pid=0 next_prio=120
          <idle>-0     [000] ...2   462.868539: sched_switch: prev_comm=swapper/0 prev_pid=0 prev_prio=120 prev_state=R ==> next_comm=ksoftirqd/0 next_pid=3 next_prio=120
           <...>-3     [000] ...2   462.868553: sched_switch: prev_comm=ksoftirqd/0 prev_pid=3 prev_prio=120 prev_state=S ==> next_comm=swapper/0 next_pid=0 next_prio=120
          <idle>-0     [000] ...2   462.869535: sched_switch: prev_comm=swapper/0 prev_pid=0 prev_prio=120 prev_state=R ==> next_comm=ple.kvbenchmark next_pid=3305 next_prio=120
           <...>-3305  [000] ...2   462.869611: sched_switch: prev_comm=ple.kvbenchmark prev_pid=3305 prev_prio=120 prev_state=S ==> next_comm=swapper/0 next_pid=0 next_prio=120
          <idle>-0     [000] ...2   462.870665: sched_switch: prev_comm=swapper/0 prev_pid=0 prev_prio=120 prev_state=R ==> next_comm=ple.kvbenchmark next_pid=3305 next_prio=120
           <...>-3305  [000] ...2   462.870741: sched_switch: prev_comm=ple.kvbenchmark prev_pid=3305 prev_prio=120 prev_state=S ==> next_comm=swapper/0 next_pid=0 next_prio=120
          <idle>-0     [000] ...2   462.871795: sched_switch: prev_comm=swapper/0 prev_pid=0 prev_prio=120 prev_state=R ==> next_comm=ple.kvbenchmark next_pid=3305 next_prio=120
           <...>-3305  [000] ...2   462.871868: sched_switch: prev_comm=ple.kvbenchmark prev_pid=3305 prev_prio=120 prev_state=S ==> next_comm=swapper/0 next_pid=0 next_prio=120
          <idle>-0     [000] ...2   462.872922: sched_switch: prev_comm=swapper/0 prev_pid=0 prev_prio=120 prev_state=R ==> next_comm=ple.kvbenchmark next_pid=3305 next_prio=120
           <...>-3305  [000] ...2   462.872998: sched_switch: prev_comm=ple.kvbenchmark prev_pid=3305 prev_prio=120 prev_state=S ==> next_comm=swapper/0 next_pid=0 next_prio=120
          <idle>-0     [000] ...2   462.874052: sched_switch: prev_comm=swapper/0 prev_pid=0 prev_prio=120 prev_state=R ==> next_comm=ple.kvbenchmark next_pid=3305 next_prio=120
           <...>-3305  [000] ...2   462.874124: sched_switch: prev_comm=ple.kvbenchmark prev_pid=3305 prev_prio=120 prev_state=S ==> next_comm=swapper/0 next_pid=0 next_prio=120
          <idle>-0     [000] ...2   462.875178: sched_switch: prev_comm=swapper/0 prev_pid=0 prev_prio=120 prev_state=R ==> next_comm=ple.kvbenchmark next_pid=3305 next_prio=120
           <...>-3305  [000] ...2   462.875248: sched_switch: prev_comm=ple.kvbenchmark prev_pid=3305 prev_prio=120 prev_state=S ==> next_comm=swapper/0 next_pid=0 next_prio=120
