          <idle>-0     [000] ...2   390.935195: sched_switch: prev_comm=swapper/0 prev_pid=0 prev_prio=120 prev_state=R ==> next_comm=ksoftirqd/0 next_pid=3 next_prio=120
     ksoftirqd/0-3     [000] ...2   390.935205: sched_switch: prev_comm=ksoftirqd/0 prev_pid=3 prev_prio=120 prev_state=S ==> next_comm=swapper/0 next_pid=0 next_prio=120
          <idle>-0     [000] ...2   390.935223: sched_switch: prev_comm=swapper/0 prev_pid=0 prev_prio=120 prev_state=R ==> next_comm=ksoftirqd/0 next_pid=3 next_prio=120
     ksoftirqd/0-3     [000] ...2   390.935232: sched_switch: prev_comm=ksoftirqd/0 prev_pid=3 prev_prio=120 prev_state=S ==> next_comm=swapper/0 next_pid=0 next_prio=120
           <...>-3269  [002] ...1   390.935431: tracing_mark_write: START: App started

           <...>-3269  [002] ...1   390.935715: tracing_mark_write: {"EVENT":"KV_START"}
           <...>-3269  [002] ...1   390.935996: tracing_mark_write: {"EVENT":"LOAD_START"}
           <...>-3269  [002] ...2   390.936244: sched_switch: prev_comm=ple.kvbenchmark prev_pid=3269 prev_prio=120 prev_state=D|W ==> next_comm=swapper/2 next_pid=0 next_prio=120
          <idle>-0     [000] ...2   390.936247: sched_switch: prev_comm=swapper/0 prev_pid=0 prev_prio=120 prev_state=R ==> next_comm=mmcqd/1 next_pid=116 next_prio=120
          <idle>-0     [002] ...2   390.936264: sched_switch: prev_comm=swapper/2 prev_pid=0 prev_prio=120 prev_state=R ==> next_comm=ksoftirqd/2 next_pid=6446 next_prio=120
           <...>-6446  [002] ...2   390.936272: sched_switch: prev_comm=ksoftirqd/2 prev_pid=6446 prev_prio=120 prev_state=S ==> next_comm=swapper/2 next_pid=0 next_prio=120
          <idle>-0     [002] ...2   390.936289: sched_switch: prev_comm=swapper/2 prev_pid=0 prev_prio=120 prev_state=R ==> next_comm=ksoftirqd/2 next_pid=6446 next_prio=120
           <...>-6446  [002] ...2   390.936295: sched_switch: prev_comm=ksoftirqd/2 prev_pid=6446 prev_prio=120 prev_state=S ==> next_comm=swapper/2 next_pid=0 next_prio=120
          <idle>-0     [002] ...2   390.936311: sched_switch: prev_comm=swapper/2 prev_pid=0 prev_prio=120 prev_state=R ==> next_comm=ksoftirqd/2 next_pid=6446 next_prio=120
           <...>-6446  [002] ...2   390.936317: sched_switch: prev_comm=ksoftirqd/2 prev_pid=6446 prev_prio=120 prev_state=S ==> next_comm=swapper/2 next_pid=0 next_prio=120
          <idle>-0     [002] ...2   390.936333: sched_switch: prev_comm=swapper/2 prev_pid=0 prev_prio=120 prev_state=R ==> next_comm=ksoftirqd/2 next_pid=6446 next_prio=120
           <...>-6446  [002] ...2   390.936339: sched_switch: prev_comm=ksoftirqd/2 prev_pid=6446 prev_prio=120 prev_state=S ==> next_comm=swapper/2 next_pid=0 next_prio=120
          <idle>-0     [002] ...2   390.936354: sched_switch: prev_comm=swapper/2 prev_pid=0 prev_prio=120 prev_state=R ==> next_comm=ksoftirqd/2 next_pid=6446 next_prio=120
           <...>-6446  [002] ...2   390.936360: sched_switch: prev_comm=ksoftirqd/2 prev_pid=6446 prev_prio=120 prev_state=S ==> next_comm=swapper/2 next_pid=0 next_prio=120
          <idle>-0     [002] ...2   390.936375: sched_switch: prev_comm=swapper/2 prev_pid=0 prev_prio=120 prev_state=R ==> next_comm=ksoftirqd/2 next_pid=6446 next_prio=120
           <...>-6446  [002] ...2   390.936381: sched_switch: prev_comm=ksoftirqd/2 prev_pid=6446 prev_prio=120 prev_state=S ==> next_comm=swapper/2 next_pid=0 next_prio=120
         mmcqd/1-116   [000] ...2   390.936440: sched_switch: prev_comm=mmcqd/1 prev_pid=116 prev_prio=120 prev_state=D ==> next_comm=swapper/0 next_pid=0 next_prio=120
          <idle>-0     [000] ...2   390.936575: sched_switch: prev_comm=swapper/0 prev_pid=0 prev_prio=120 prev_state=R ==> next_comm=kworker/u:0H next_pid=7 next_prio=100
    kworker/u:0H-7     [000] ...2   390.936607: sched_switch: prev_comm=kworker/u:0H prev_pid=7 prev_prio=100 prev_state=D ==> next_comm=mmcqd/1 next_pid=116 next_prio=120
         mmcqd/1-116   [000] ...2   390.936674: sched_switch: prev_comm=mmcqd/1 prev_pid=116 prev_prio=120 prev_state=D ==> next_comm=swapper/0 next_pid=0 next_prio=120
          <idle>-0     [000] ...2   390.936879: sched_switch: prev_comm=swapper/0 prev_pid=0 prev_prio=120 prev_state=R ==> next_comm=kworker/u:0H next_pid=7 next_prio=100
    kworker/u:0H-7     [000] ...2   390.936909: sched_switch: prev_comm=kworker/u:0H prev_pid=7 prev_prio=100 prev_state=D ==> next_comm=mmcqd/1 next_pid=116 next_prio=120
         mmcqd/1-116   [000] ...2   390.936975: sched_switch: prev_comm=mmcqd/1 prev_pid=116 prev_prio=120 prev_state=D ==> next_comm=swapper/0 next_pid=0 next_prio=120
          <idle>-0     [000] ...2   390.937209: sched_switch: prev_comm=swapper/0 prev_pid=0 prev_prio=120 prev_state=R ==> next_comm=kworker/u:0H next_pid=7 next_prio=100
    kworker/u:0H-7     [000] ...2   390.937238: sched_switch: prev_comm=kworker/u:0H prev_pid=7 prev_prio=100 prev_state=D ==> next_comm=mmcqd/1 next_pid=116 next_prio=120
         mmcqd/1-116   [000] ...2   390.937313: sched_switch: prev_comm=mmcqd/1 prev_pid=116 prev_prio=120 prev_state=D ==> next_comm=swapper/0 next_pid=0 next_prio=120
          <idle>-0     [000] ...2   390.937549: sched_switch: prev_comm=swapper/0 prev_pid=0 prev_prio=120 prev_state=R ==> next_comm=kworker/u:0H next_pid=7 next_prio=100
    kworker/u:0H-7     [000] ...2   390.937578: sched_switch: prev_comm=kworker/u:0H prev_pid=7 prev_prio=100 prev_state=D ==> next_comm=mmcqd/1 next_pid=116 next_prio=120
         mmcqd/1-116   [000] ...2   390.937669: sched_switch: prev_comm=mmcqd/1 prev_pid=116 prev_prio=120 prev_state=D ==> next_comm=swapper/0 next_pid=0 next_prio=120
          <idle>-0     [000] ...2   390.937885: sched_switch: prev_comm=swapper/0 prev_pid=0 prev_prio=120 prev_state=R ==> next_comm=kworker/u:0H next_pid=7 next_prio=100
    kworker/u:0H-7     [000] ...2   390.937914: sched_switch: prev_comm=kworker/u:0H prev_pid=7 prev_prio=100 prev_state=D ==> next_comm=mmcqd/1 next_pid=116 next_prio=120
         mmcqd/1-116   [000] ...2   390.937981: sched_switch: prev_comm=mmcqd/1 prev_pid=116 prev_prio=120 prev_state=D ==> next_comm=swapper/0 next_pid=0 next_prio=120
          <idle>-0     [000] ...2   390.938217: sched_switch: prev_comm=swapper/0 prev_pid=0 prev_prio=120 prev_state=R ==> next_comm=kworker/u:0H next_pid=7 next_prio=100
    kworker/u:0H-7     [000] ...2   390.938246: sched_switch: prev_comm=kworker/u:0H prev_pid=7 prev_prio=100 prev_state=D ==> next_comm=mmcqd/1 next_pid=116 next_prio=120
         mmcqd/1-116   [000] ...2   390.938312: sched_switch: prev_comm=mmcqd/1 prev_pid=116 prev_prio=120 prev_state=D ==> next_comm=swapper/0 next_pid=0 next_prio=120
          <idle>-0     [000] ...2   390.938550: sched_switch: prev_comm=swapper/0 prev_pid=0 prev_prio=120 prev_state=R ==> next_comm=kworker/u:0H next_pid=7 next_prio=100
    kworker/u:0H-7     [000] ...2   390.938579: sched_switch: prev_comm=kworker/u:0H prev_pid=7 prev_prio=100 prev_state=D ==> next_comm=mmcqd/1 next_pid=116 next_prio=120
         mmcqd/1-116   [000] ...2   390.938677: sched_switch: prev_comm=mmcqd/1 prev_pid=116 prev_prio=120 prev_state=S ==> next_comm=swapper/0 next_pid=0 next_prio=120
          <idle>-0     [000] ...2   390.939565: sched_switch: prev_comm=swapper/0 prev_pid=0 prev_prio=120 prev_state=R ==> next_comm=mmcqd/1 next_pid=116 next_prio=120
          <idle>-0     [002] ...2   390.939601: sched_switch: prev_comm=swapper/2 prev_pid=0 prev_prio=120 prev_state=R ==> next_comm=ple.kvbenchmark next_pid=3269 next_prio=120
         mmcqd/1-116   [000] ...2   390.939615: sched_switch: prev_comm=mmcqd/1 prev_pid=116 prev_prio=120 prev_state=R+ ==> next_comm=kworker/0:3H next_pid=810 next_prio=100
    kworker/0:3H-810   [000] ...2   390.939625: sched_switch: prev_comm=kworker/0:3H prev_pid=810 prev_prio=100 prev_state=S ==> next_comm=mmcqd/1 next_pid=116 next_prio=120
         mmcqd/1-116   [000] ...2   390.939640: sched_switch: prev_comm=mmcqd/1 prev_pid=116 prev_prio=120 prev_state=S ==> next_comm=swapper/0 next_pid=0 next_prio=120
           <...>-3269  [002] ...2   390.939712: sched_switch: prev_comm=ple.kvbenchmark prev_pid=3269 prev_prio=120 prev_state=D|W ==> next_comm=swapper/2 next_pid=0 next_prio=120
          <idle>-0     [000] ...2   390.939712: sched_switch: prev_comm=swapper/0 prev_pid=0 prev_prio=120 prev_state=R ==> next_comm=mmcqd/1 next_pid=116 next_prio=120
         mmcqd/1-116   [000] ...2   390.939773: sched_switch: prev_comm=mmcqd/1 prev_pid=116 prev_prio=120 prev_state=S ==> next_comm=swapper/0 next_pid=0 next_prio=120
          <idle>-0     [000] ...2   390.940296: sched_switch: prev_comm=swapper/0 prev_pid=0 prev_prio=120 prev_state=R ==> next_comm=mmcqd/1 next_pid=116 next_prio=120
          <idle>-0     [002] ...2   390.940344: sched_switch: prev_comm=swapper/2 prev_pid=0 prev_prio=120 prev_state=R ==> next_comm=ple.kvbenchmark next_pid=3269 next_prio=120
         mmcqd/1-116   [000] ...2   390.940353: sched_switch: prev_comm=mmcqd/1 prev_pid=116 prev_prio=120 prev_state=S ==> next_comm=swapper/0 next_pid=0 next_prio=120
          <idle>-0     [000] ...2   390.940631: sched_switch: prev_comm=swapper/0 prev_pid=0 prev_prio=120 prev_state=R ==> next_comm=mmcqd/1 next_pid=116 next_prio=120
         mmcqd/1-116   [000] ...2   390.940656: sched_switch: prev_comm=mmcqd/1 prev_pid=116 prev_prio=120 prev_state=R+ ==> next_comm=kworker/0:3H next_pid=810 next_prio=100
    kworker/0:3H-810   [000] ...2   390.940666: sched_switch: prev_comm=kworker/0:3H prev_pid=810 prev_prio=100 prev_state=S ==> next_comm=mmcqd/1 next_pid=116 next_prio=120
         mmcqd/1-116   [000] ...2   390.940677: sched_switch: prev_comm=mmcqd/1 prev_pid=116 prev_prio=120 prev_state=S ==> next_comm=swapper/0 next_pid=0 next_prio=120
          <idle>-0     [000] ...2   390.944791: sched_switch: prev_comm=swapper/0 prev_pid=0 prev_prio=120 prev_state=R ==> next_comm=kworker/0:3H next_pid=810 next_prio=100
    kworker/0:3H-810   [000] ...2   390.944817: sched_switch: prev_comm=kworker/0:3H prev_pid=810 prev_prio=100 prev_state=D ==> next_comm=kworker/0:1H next_pid=17 next_prio=100
    kworker/0:1H-17    [000] ...1   390.944823: cpu_frequency_switch_start: start=1497600 end=960000 cpu_id=0
    kworker/0:1H-17    [000] ...1   390.944911: cpu_frequency_switch_end: cpu_id=0
    kworker/0:1H-17    [000] ...1   390.944914: cpu_frequency: state=960000 cpu_id=0
    kworker/0:1H-17    [000] ...2   390.944942: sched_switch: prev_comm=kworker/0:1H prev_pid=17 prev_prio=100 prev_state=S ==> next_comm=kworker/0:3H next_pid=810 next_prio=100
    kworker/0:3H-810   [000] ...2   390.944958: sched_switch: prev_comm=kworker/0:3H prev_pid=810 prev_prio=100 prev_state=S ==> next_comm=ksoftirqd/0 next_pid=3 next_prio=120
     ksoftirqd/0-3     [000] ...2   390.944974: sched_switch: prev_comm=ksoftirqd/0 prev_pid=3 prev_prio=120 prev_state=S ==> next_comm=swapper/0 next_pid=0 next_prio=120
          <idle>-0     [000] ...2   390.945001: sched_switch: prev_comm=swapper/0 prev_pid=0 prev_prio=120 prev_state=R ==> next_comm=ksoftirqd/0 next_pid=3 next_prio=120
     ksoftirqd/0-3     [000] ...2   390.945015: sched_switch: prev_comm=ksoftirqd/0 prev_pid=3 prev_prio=120 prev_state=S ==> next_comm=swapper/0 next_pid=0 next_prio=120
          <idle>-0     [000] ...2   390.945040: sched_switch: prev_comm=swapper/0 prev_pid=0 prev_prio=120 prev_state=R ==> next_comm=ksoftirqd/0 next_pid=3 next_prio=120
     ksoftirqd/0-3     [000] ...2   390.945054: sched_switch: prev_comm=ksoftirqd/0 prev_pid=3 prev_prio=120 prev_state=S ==> next_comm=swapper/0 next_pid=0 next_prio=120
          <idle>-0     [000] ...2   390.947208: sched_switch: prev_comm=swapper/0 prev_pid=0 prev_prio=120 prev_state=R ==> next_comm=mmcqd/1 next_pid=116 next_prio=120
         mmcqd/1-116   [000] ...2   390.947296: sched_switch: prev_comm=mmcqd/1 prev_pid=116 prev_prio=120 prev_state=S ==> next_comm=swapper/0 next_pid=0 next_prio=120
          <idle>-0     [000] ...2   390.948259: sched_switch: prev_comm=swapper/0 prev_pid=0 prev_prio=120 prev_state=R ==> next_comm=mmcqd/1 next_pid=116 next_prio=120
         mmcqd/1-116   [000] ...2   390.948318: sched_switch: prev_comm=mmcqd/1 prev_pid=116 prev_prio=120 prev_state=R+ ==> next_comm=kworker/0:3H next_pid=810 next_prio=100
    kworker/0:3H-810   [000] ...2   390.948330: sched_switch: prev_comm=kworker/0:3H prev_pid=810 prev_prio=100 prev_state=S ==> next_comm=mmcqd/1 next_pid=116 next_prio=120
         mmcqd/1-116   [000] ...2   390.948349: sched_switch: prev_comm=mmcqd/1 prev_pid=116 prev_prio=120 prev_state=S ==> next_comm=swapper/0 next_pid=0 next_prio=120
          <idle>-0     [000] ...2   390.954801: sched_switch: prev_comm=swapper/0 prev_pid=0 prev_prio=120 prev_state=R ==> next_comm=ksoftirqd/0 next_pid=3 next_prio=120
     ksoftirqd/0-3     [000] ...2   390.954821: sched_switch: prev_comm=ksoftirqd/0 prev_pid=3 prev_prio=120 prev_state=S ==> next_comm=swapper/0 next_pid=0 next_prio=120
          <idle>-0     [000] ...2   390.959843: sched_switch: prev_comm=swapper/0 prev_pid=0 prev_prio=120 prev_state=R ==> next_comm=mmcqd/1 next_pid=116 next_prio=120
         mmcqd/1-116   [000] ...2   390.959933: sched_switch: prev_comm=mmcqd/1 prev_pid=116 prev_prio=120 prev_state=S ==> next_comm=swapper/0 next_pid=0 next_prio=120
          <idle>-0     [000] ...2   390.960985: sched_switch: prev_comm=swapper/0 prev_pid=0 prev_prio=120 prev_state=R ==> next_comm=mmcqd/1 next_pid=116 next_prio=120
         mmcqd/1-116   [000] ...2   390.961045: sched_switch: prev_comm=mmcqd/1 prev_pid=116 prev_prio=120 prev_state=R+ ==> next_comm=kworker/0:3H next_pid=810 next_prio=100
    kworker/0:3H-810   [000] ...2   390.961058: sched_switch: prev_comm=kworker/0:3H prev_pid=810 prev_prio=100 prev_state=S ==> next_comm=mmcqd/1 next_pid=116 next_prio=120
         mmcqd/1-116   [000] ...2   390.961077: sched_switch: prev_comm=mmcqd/1 prev_pid=116 prev_prio=120 prev_state=S ==> next_comm=swapper/0 next_pid=0 next_prio=120
          <idle>-0     [000] ...2   390.984785: sched_switch: prev_comm=swapper/0 prev_pid=0 prev_prio=120 prev_state=R ==> next_comm=kworker/u:0 next_pid=6 next_prio=120
     kworker/u:0-6     [000] ...2   390.984809: sched_switch: prev_comm=kworker/u:0 prev_pid=6 prev_prio=120 prev_state=S ==> next_comm=mpdecision next_pid=1789 next_prio=113
      mpdecision-1789  [000] ...2   390.985213: sched_switch: prev_comm=mpdecision prev_pid=1789 prev_prio=113 prev_state=S ==> next_comm=swapper/0 next_pid=0 next_prio=120
          <idle>-0     [000] ...2   390.985243: sched_switch: prev_comm=swapper/0 prev_pid=0 prev_prio=120 prev_state=R ==> next_comm=ksoftirqd/0 next_pid=3 next_prio=120
     ksoftirqd/0-3     [000] ...2   390.985258: sched_switch: prev_comm=ksoftirqd/0 prev_pid=3 prev_prio=120 prev_state=S ==> next_comm=swapper/0 next_pid=0 next_prio=120
          <idle>-0     [000] ...2   390.985284: sched_switch: prev_comm=swapper/0 prev_pid=0 prev_prio=120 prev_state=R ==> next_comm=ksoftirqd/0 next_pid=3 next_prio=120
     ksoftirqd/0-3     [000] ...2   390.985298: sched_switch: prev_comm=ksoftirqd/0 prev_pid=3 prev_prio=120 prev_state=S ==> next_comm=swapper/0 next_pid=0 next_prio=120
          <idle>-0     [000] ...2   390.985322: sched_switch: prev_comm=swapper/0 prev_pid=0 prev_prio=120 prev_state=R ==> next_comm=ksoftirqd/0 next_pid=3 next_prio=120
     ksoftirqd/0-3     [000] ...2   390.985336: sched_switch: prev_comm=ksoftirqd/0 prev_pid=3 prev_prio=120 prev_state=S ==> next_comm=swapper/0 next_pid=0 next_prio=120
           <...>-3269  [002] ...1   391.026620: tracing_mark_write: {"EVENT":"LOAD_END"}
           <...>-3269  [002] ...1   391.026921: tracing_mark_write: {"EVENT":"QUERIES_START"}
           <...>-3269  [002] ...2   391.027108: sched_switch: prev_comm=ple.kvbenchmark prev_pid=3269 prev_prio=120 prev_state=S ==> next_comm=swapper/2 next_pid=0 next_prio=120
          <idle>-0     [002] ...2   391.027127: sched_switch: prev_comm=swapper/2 prev_pid=0 prev_prio=120 prev_state=R ==> next_comm=ksoftirqd/2 next_pid=6446 next_prio=120
           <...>-6446  [002] ...2   391.027139: sched_switch: prev_comm=ksoftirqd/2 prev_pid=6446 prev_prio=120 prev_state=S ==> next_comm=swapper/2 next_pid=0 next_prio=120
          <idle>-0     [002] ...2   391.027155: sched_switch: prev_comm=swapper/2 prev_pid=0 prev_prio=120 prev_state=R ==> next_comm=ksoftirqd/2 next_pid=6446 next_prio=120
           <...>-6446  [002] ...2   391.027164: sched_switch: prev_comm=ksoftirqd/2 prev_pid=6446 prev_prio=120 prev_state=S ==> next_comm=swapper/2 next_pid=0 next_prio=120
          <idle>-0     [002] ...2   391.027178: sched_switch: prev_comm=swapper/2 prev_pid=0 prev_prio=120 prev_state=R ==> next_comm=ksoftirqd/2 next_pid=6446 next_prio=120
           <...>-6446  [002] ...2   391.027187: sched_switch: prev_comm=ksoftirqd/2 prev_pid=6446 prev_prio=120 prev_state=S ==> next_comm=swapper/2 next_pid=0 next_prio=120
          <idle>-0     [002] ...2   391.028160: sched_switch: prev_comm=swapper/2 prev_pid=0 prev_prio=120 prev_state=R ==> next_comm=ple.kvbenchmark next_pid=3269 next_prio=120
           <...>-3269  [002] ...2   391.028211: sched_switch: prev_comm=ple.kvbenchmark prev_pid=3269 prev_prio=120 prev_state=S ==> next_comm=swapper/2 next_pid=0 next_prio=120
          <idle>-0     [002] ...2   391.029264: sched_switch: prev_comm=swapper/2 prev_pid=0 prev_prio=120 prev_state=R ==> next_comm=ple.kvbenchmark next_pid=3269 next_prio=120
           <...>-3269  [002] ...2   391.029312: sched_switch: prev_comm=ple.kvbenchmark prev_pid=3269 prev_prio=120 prev_state=S ==> next_comm=swapper/2 next_pid=0 next_prio=120
          <idle>-0     [002] ...2   391.030365: sched_switch: prev_comm=swapper/2 prev_pid=0 prev_prio=120 prev_state=R ==> next_comm=ple.kvbenchmark next_pid=3269 next_prio=120
           <...>-3269  [002] ...2   391.030412: sched_switch: prev_comm=ple.kvbenchmark prev_pid=3269 prev_prio=120 prev_state=S ==> next_comm=swapper/2 next_pid=0 next_prio=120
          <idle>-0     [002] ...2   391.031465: sched_switch: prev_comm=swapper/2 prev_pid=0 prev_prio=120 prev_state=R ==> next_comm=ple.kvbenchmark next_pid=3269 next_prio=120
           <...>-3269  [002] ...2   391.031516: sched_switch: prev_comm=ple.kvbenchmark prev_pid=3269 prev_prio=120 prev_state=S ==> next_comm=swapper/2 next_pid=0 next_prio=120
          <idle>-0     [002] ...2   391.032569: sched_switch: prev_comm=swapper/2 prev_pid=0 prev_prio=120 prev_state=R ==> next_comm=ple.kvbenchmark next_pid=3269 next_prio=120
           <...>-3269  [002] ...2   391.032617: sched_switch: prev_comm=ple.kvbenchmark prev_pid=3269 prev_prio=120 prev_state=S ==> next_comm=swapper/2 next_pid=0 next_prio=120
          <idle>-0     [002] ...2   391.033669: sched_switch: prev_comm=swapper/2 prev_pid=0 prev_prio=120 prev_state=R ==> next_comm=ple.kvbenchmark next_pid=3269 next_prio=120
           <...>-3269  [002] ...2   391.033714: sched_switch: prev_comm=ple.kvbenchmark prev_pid=3269 prev_prio=120 prev_state=S ==> next_comm=swapper/2 next_pid=0 next_prio=120
          <idle>-0     [002] ...2   391.034784: sched_switch: prev_comm=swapper/2 prev_pid=0 prev_prio=120 prev_state=R ==> next_comm=kworker/2:1 next_pid=6447 next_prio=120
           <...>-6447  [002] ...2   391.034795: sched_switch: prev_comm=kworker/2:1 prev_pid=6447 prev_prio=120 prev_state=S ==> next_comm=ksoftirqd/2 next_pid=6446 next_prio=120
           <...>-6446  [002] ...2   391.034802: sched_switch: prev_comm=ksoftirqd/2 prev_pid=6446 prev_prio=120 prev_state=S ==> next_comm=ple.kvbenchmark next_pid=3269 next_prio=120
          <idle>-0     [000] ...2   391.034814: sched_switch: prev_comm=swapper/0 prev_pid=0 prev_prio=120 prev_state=R ==> next_comm=kworker/0:3H next_pid=810 next_prio=100
    kworker/0:3H-810   [000] ...2   391.034845: sched_switch: prev_comm=kworker/0:3H prev_pid=810 prev_prio=100 prev_state=D ==> next_comm=kworker/0:1H next_pid=17 next_prio=100
    kworker/0:1H-17    [000] ...1   391.034852: cpu_frequency_switch_start: start=960000 end=960000 cpu_id=0
           <...>-3269  [002] ...2   391.034855: sched_switch: prev_comm=ple.kvbenchmark prev_pid=3269 prev_prio=120 prev_state=S ==> next_comm=kworker/u:0 next_pid=6 next_prio=120
    kworker/0:1H-17    [000] ...1   391.034856: cpu_frequency_switch_end: cpu_id=0
    kworker/0:1H-17    [000] ...1   391.034858: cpu_frequency: state=960000 cpu_id=0
     kworker/u:0-6     [002] ...2   391.034873: sched_switch: prev_comm=kworker/u:0 prev_pid=6 prev_prio=120 prev_state=S ==> next_comm=swapper/2 next_pid=0 next_prio=120
    kworker/0:1H-17    [000] ...2   391.034882: sched_switch: prev_comm=kworker/0:1H prev_pid=17 prev_prio=100 prev_state=S ==> next_comm=kworker/0:3H next_pid=810 next_prio=100
          <idle>-0     [002] ...2   391.034886: sched_switch: prev_comm=swapper/2 prev_pid=0 prev_prio=120 prev_state=R ==> next_comm=ksoftirqd/2 next_pid=6446 next_prio=120
    kworker/0:3H-810   [000] ...2   391.034896: sched_switch: prev_comm=kworker/0:3H prev_pid=810 prev_prio=100 prev_state=S ==> next_comm=kworker/0:1 next_pid=15 next_prio=120
           <...>-6446  [002] ...2   391.034898: sched_switch: prev_comm=ksoftirqd/2 prev_pid=6446 prev_prio=120 prev_state=S ==> next_comm=swapper/2 next_pid=0 next_prio=120
     kworker/0:1-15    [000] ...1   391.034904: thermal_temp: sensor_id=5 temp=61
          <idle>-0     [002] ...2   391.034911: sched_switch: prev_comm=swapper/2 prev_pid=0 prev_prio=120 prev_state=R ==> next_comm=ksoftirqd/2 next_pid=6446 next_prio=120
           <...>-6446  [002] ...2   391.034920: sched_switch: prev_comm=ksoftirqd/2 prev_pid=6446 prev_prio=120 prev_state=S ==> next_comm=swapper/2 next_pid=0 next_prio=120
     kworker/0:1-15    [000] ...2   391.034965: sched_switch: prev_comm=kworker/0:1 prev_pid=15 prev_prio=120 prev_state=S ==> next_comm=mpdecision next_pid=1789 next_prio=113
      mpdecision-1789  [000] ...2   391.035344: sched_switch: prev_comm=mpdecision prev_pid=1789 prev_prio=113 prev_state=S ==> next_comm=swapper/0 next_pid=0 next_prio=120
          <idle>-0     [000] ...2   391.035373: sched_switch: prev_comm=swapper/0 prev_pid=0 prev_prio=120 prev_state=R ==> next_comm=ksoftirqd/0 next_pid=3 next_prio=120
     ksoftirqd/0-3     [000] ...2   391.035387: sched_switch: prev_comm=ksoftirqd/0 prev_pid=3 prev_prio=120 prev_state=S ==> next_comm=swapper/0 next_pid=0 next_prio=120
          <idle>-0     [000] ...2   391.035411: sched_switch: prev_comm=swapper/0 prev_pid=0 prev_prio=120 prev_state=R ==> next_comm=ksoftirqd/0 next_pid=3 next_prio=120
     ksoftirqd/0-3     [000] ...2   391.035425: sched_switch: prev_comm=ksoftirqd/0 prev_pid=3 prev_prio=120 prev_state=S ==> next_comm=swapper/0 next_pid=0 next_prio=120
          <idle>-0     [000] ...2   391.035447: sched_switch: prev_comm=swapper/0 prev_pid=0 prev_prio=120 prev_state=R ==> next_comm=ksoftirqd/0 next_pid=3 next_prio=120
     ksoftirqd/0-3     [000] ...2   391.035461: sched_switch: prev_comm=ksoftirqd/0 prev_pid=3 prev_prio=120 prev_state=S ==> next_comm=swapper/0 next_pid=0 next_prio=120
          <idle>-0     [002] ...2   391.035905: sched_switch: prev_comm=swapper/2 prev_pid=0 prev_prio=120 prev_state=R ==> next_comm=ple.kvbenchmark next_pid=3269 next_prio=120
           <...>-3269  [002] ...2   391.035954: sched_switch: prev_comm=ple.kvbenchmark prev_pid=3269 prev_prio=120 prev_state=S ==> next_comm=swapper/2 next_pid=0 next_prio=120
          <idle>-0     [002] ...2   391.037006: sched_switch: prev_comm=swapper/2 prev_pid=0 prev_prio=120 prev_state=R ==> next_comm=ple.kvbenchmark next_pid=3269 next_prio=120
           <...>-3269  [002] ...2   391.037052: sched_switch: prev_comm=ple.kvbenchmark prev_pid=3269 prev_prio=120 prev_state=S ==> next_comm=swapper/2 next_pid=0 next_prio=120
          <idle>-0     [002] ...2   391.038105: sched_switch: prev_comm=swapper/2 prev_pid=0 prev_prio=120 prev_state=R ==> next_comm=ple.kvbenchmark next_pid=3269 next_prio=120
           <...>-3269  [002] ...2   391.038154: sched_switch: prev_comm=ple.kvbenchmark prev_pid=3269 prev_prio=120 prev_state=S ==> next_comm=swapper/2 next_pid=0 next_prio=120
          <idle>-0     [002] ...2   391.039207: sched_switch: prev_comm=swapper/2 prev_pid=0 prev_prio=120 prev_state=R ==> next_comm=ple.kvbenchmark next_pid=3269 next_prio=120
           <...>-3269  [002] ...2   391.039253: sched_switch: prev_comm=ple.kvbenchmark prev_pid=3269 prev_prio=120 prev_state=S ==> next_comm=swapper/2 next_pid=0 next_prio=120
          <idle>-0     [002] ...2   391.040306: sched_switch: prev_comm=swapper/2 prev_pid=0 prev_prio=120 prev_state=R ==> next_comm=ple.kvbenchmark next_pid=3269 next_prio=120
           <...>-3269  [002] ...2   391.040351: sched_switch: prev_comm=ple.kvbenchmark prev_pid=3269 prev_prio=120 prev_state=S ==> next_comm=swapper/2 next_pid=0 next_prio=120
          <idle>-0     [002] ...2   391.041404: sched_switch: prev_comm=swapper/2 prev_pid=0 prev_prio=120 prev_state=R ==> next_comm=ple.kvbenchmark next_pid=3269 next_prio=120
           <...>-3269  [002] ...2   391.041450: sched_switch: prev_comm=ple.kvbenchmark prev_pid=3269 prev_prio=120 prev_state=S ==> next_comm=swapper/2 next_pid=0 next_prio=120
          <idle>-0     [002] ...2   391.042503: sched_switch: prev_comm=swapper/2 prev_pid=0 prev_prio=120 prev_state=R ==> next_comm=ple.kvbenchmark next_pid=3269 next_prio=120
           <...>-3269  [002] ...2   391.042549: sched_switch: prev_comm=ple.kvbenchmark prev_pid=3269 prev_prio=120 prev_state=S ==> next_comm=swapper/2 next_pid=0 next_prio=120
          <idle>-0     [002] ...2   391.043602: sched_switch: prev_comm=swapper/2 prev_pid=0 prev_prio=120 prev_state=R ==> next_comm=ple.kvbenchmark next_pid=3269 next_prio=120
           <...>-3269  [002] ...2   391.043647: sched_switch: prev_comm=ple.kvbenchmark prev_pid=3269 prev_prio=120 prev_state=S ==> next_comm=swapper/2 next_pid=0 next_prio=120
          <idle>-0     [002] ...2   391.044700: sched_switch: prev_comm=swapper/2 prev_pid=0 prev_prio=120 prev_state=R ==> next_comm=ple.kvbenchmark next_pid=3269 next_prio=120
           <...>-3269  [002] ...2   391.044745: sched_switch: prev_comm=ple.kvbenchmark prev_pid=3269 prev_prio=120 prev_state=S ==> next_comm=swapper/2 next_pid=0 next_prio=120
          <idle>-0     [002] ...2   391.044783: sched_switch: prev_comm=swapper/2 prev_pid=0 prev_prio=120 prev_state=R ==> next_comm=ksoftirqd/2 next_pid=6446 next_prio=120
           <...>-6446  [002] ...2   391.044805: sched_switch: prev_comm=ksoftirqd/2 prev_pid=6446 prev_prio=120 prev_state=S ==> next_comm=oid.voicediale next_pid=2504 next_prio=120
  oid.voicediale-2504  [002] ...2   391.044827: sched_switch: prev_comm=oid.voicediale prev_pid=2504 prev_prio=120 prev_state=S ==> next_comm=swapper/2 next_pid=0 next_prio=120
          <idle>-0     [002] ...2   391.045801: sched_switch: prev_comm=swapper/2 prev_pid=0 prev_prio=120 prev_state=R ==> next_comm=ple.kvbenchmark next_pid=3269 next_prio=120
           <...>-3269  [002] ...2   391.045850: sched_switch: prev_comm=ple.kvbenchmark prev_pid=3269 prev_prio=120 prev_state=S ==> next_comm=swapper/2 next_pid=0 next_prio=120
          <idle>-0     [002] ...2   391.046905: sched_switch: prev_comm=swapper/2 prev_pid=0 prev_prio=120 prev_state=R ==> next_comm=ple.kvbenchmark next_pid=3269 next_prio=120
           <...>-3269  [002] ...2   391.046952: sched_switch: prev_comm=ple.kvbenchmark prev_pid=3269 prev_prio=120 prev_state=S ==> next_comm=swapper/2 next_pid=0 next_prio=120
          <idle>-0     [002] ...2   391.048007: sched_switch: prev_comm=swapper/2 prev_pid=0 prev_prio=120 prev_state=R ==> next_comm=ple.kvbenchmark next_pid=3269 next_prio=120
           <...>-3269  [002] ...2   391.048054: sched_switch: prev_comm=ple.kvbenchmark prev_pid=3269 prev_prio=120 prev_state=S ==> next_comm=swapper/2 next_pid=0 next_prio=120
          <idle>-0     [002] ...2   391.049108: sched_switch: prev_comm=swapper/2 prev_pid=0 prev_prio=120 prev_state=R ==> next_comm=ple.kvbenchmark next_pid=3269 next_prio=120
           <...>-3269  [002] ...2   391.049156: sched_switch: prev_comm=ple.kvbenchmark prev_pid=3269 prev_prio=120 prev_state=S ==> next_comm=swapper/2 next_pid=0 next_prio=120
          <idle>-0     [002] ...2   391.050210: sched_switch: prev_comm=swapper/2 prev_pid=0 prev_prio=120 prev_state=R ==> next_comm=ple.kvbenchmark next_pid=3269 next_prio=120
           <...>-3269  [002] ...2   391.050260: sched_switch: prev_comm=ple.kvbenchmark prev_pid=3269 prev_prio=120 prev_state=S ==> next_comm=swapper/2 next_pid=0 next_prio=120
          <idle>-0     [002] ...2   391.051314: sched_switch: prev_comm=swapper/2 prev_pid=0 prev_prio=120 prev_state=R ==> next_comm=ple.kvbenchmark next_pid=3269 next_prio=120
           <...>-3269  [002] ...2   391.051362: sched_switch: prev_comm=ple.kvbenchmark prev_pid=3269 prev_prio=120 prev_state=S ==> next_comm=swapper/2 next_pid=0 next_prio=120
          <idle>-0     [002] ...2   391.052416: sched_switch: prev_comm=swapper/2 prev_pid=0 prev_prio=120 prev_state=R ==> next_comm=ple.kvbenchmark next_pid=3269 next_prio=120
           <...>-3269  [002] ...2   391.052463: sched_switch: prev_comm=ple.kvbenchmark prev_pid=3269 prev_prio=120 prev_state=S ==> next_comm=swapper/2 next_pid=0 next_prio=120
          <idle>-0     [002] ...2   391.053518: sched_switch: prev_comm=swapper/2 prev_pid=0 prev_prio=120 prev_state=R ==> next_comm=ple.kvbenchmark next_pid=3269 next_prio=120
           <...>-3269  [002] ...2   391.053564: sched_switch: prev_comm=ple.kvbenchmark prev_pid=3269 prev_prio=120 prev_state=S ==> next_comm=swapper/2 next_pid=0 next_prio=120
          <idle>-0     [000] ...2   391.054175: sched_switch: prev_comm=swapper/0 prev_pid=0 prev_prio=120 prev_state=R ==> next_comm=adbd next_pid=3127 next_prio=120
            adbd-3127  [000] ...2   391.054201: sched_switch: prev_comm=adbd prev_pid=3127 prev_prio=120 prev_state=S ==> next_comm=ksoftirqd/0 next_pid=3 next_prio=120
     ksoftirqd/0-3     [000] ...2   391.054216: sched_switch: prev_comm=ksoftirqd/0 prev_pid=3 prev_prio=120 prev_state=S ==> next_comm=swapper/0 next_pid=0 next_prio=120
          <idle>-0     [000] ...2   391.054241: sched_switch: prev_comm=swapper/0 prev_pid=0 prev_prio=120 prev_state=R ==> next_comm=ksoftirqd/0 next_pid=3 next_prio=120
     ksoftirqd/0-3     [000] ...2   391.054280: sched_switch: prev_comm=ksoftirqd/0 prev_pid=3 prev_prio=120 prev_state=S ==> next_comm=swapper/0 next_pid=0 next_prio=120
          <idle>-0     [000] ...2   391.054287: sched_switch: prev_comm=swapper/0 prev_pid=0 prev_prio=120 prev_state=R ==> next_comm=adbd next_pid=3127 next_prio=120
            adbd-3127  [000] ...2   391.054355: sched_switch: prev_comm=adbd prev_pid=3127 prev_prio=120 prev_state=S ==> next_comm=adbd next_pid=1849 next_prio=120
          traced-201   [001] ...2   391.054563: sched_switch: prev_comm=traced prev_pid=201 prev_prio=120 prev_state=R ==> next_comm=JDWP next_pid=3280 next_prio=120
          <idle>-0     [002] ...2   391.054620: sched_switch: prev_comm=swapper/2 prev_pid=0 prev_prio=120 prev_state=R ==> next_comm=ple.kvbenchmark next_pid=3269 next_prio=120
           <...>-3269  [002] ...2   391.054677: sched_switch: prev_comm=ple.kvbenchmark prev_pid=3269 prev_prio=120 prev_state=S ==> next_comm=adbd next_pid=3126 next_prio=120
            adbd-1849  [000] ...2   391.054689: sched_switch: prev_comm=adbd prev_pid=1849 prev_prio=120 prev_state=S ==> next_comm=swapper/0 next_pid=0 next_prio=120
            adbd-3126  [002] ...2   391.054736: sched_switch: prev_comm=adbd prev_pid=3126 prev_prio=120 prev_state=S ==> next_comm=swapper/2 next_pid=0 next_prio=120
          <idle>-0     [000] ...2   391.054810: sched_switch: prev_comm=swapper/0 prev_pid=0 prev_prio=120 prev_state=R ==> next_comm=ksoftirqd/0 next_pid=3 next_prio=120
     ksoftirqd/0-3     [000] ...2   391.054828: sched_switch: prev_comm=ksoftirqd/0 prev_pid=3 prev_prio=120 prev_state=S ==> next_comm=swapper/0 next_pid=0 next_prio=120
          <idle>-0     [000] ...2   391.054855: sched_switch: prev_comm=swapper/0 prev_pid=0 prev_prio=120 prev_state=R ==> next_comm=ksoftirqd/0 next_pid=3 next_prio=120
     ksoftirqd/0-3     [000] ...2   391.054878: sched_switch: prev_comm=ksoftirqd/0 prev_pid=3 prev_prio=120 prev_state=S ==> next_comm=swapper/0 next_pid=0 next_prio=120
          <idle>-0     [000] ...2   391.054903: sched_switch: prev_comm=swapper/0 prev_pid=0 prev_prio=120 prev_state=R ==> next_comm=ksoftirqd/0 next_pid=3 next_prio=120
     ksoftirqd/0-3     [000] ...2   391.054919: sched_switch: prev_comm=ksoftirqd/0 prev_pid=3 prev_prio=120 prev_state=S ==> next_comm=swapper/0 next_pid=0 next_prio=120
          <idle>-0     [002] ...2   391.055729: sched_switch: prev_comm=swapper/2 prev_pid=0 prev_prio=120 prev_state=R ==> next_comm=ple.kvbenchmark next_pid=3269 next_prio=120
           <...>-3269  [002] ...2   391.055759: sched_switch: prev_comm=ple.kvbenchmark prev_pid=3269 prev_prio=120 prev_state=S ==> next_comm=swapper/2 next_pid=0 next_prio=120
          <idle>-0     [002] ...2   391.056235: sched_switch: prev_comm=swapper/2 prev_pid=0 prev_prio=120 prev_state=R ==> next_comm=ple.kvbenchmark next_pid=3269 next_prio=120
          <idle>-0     [000] ...2   391.056260: sched_switch: prev_comm=swapper/0 prev_pid=0 prev_prio=120 prev_state=R ==> next_comm=adbd next_pid=1849 next_prio=120
           <...>-3269  [002] ...2   391.056288: sched_switch: prev_comm=ple.kvbenchmark prev_pid=3269 prev_prio=120 prev_state=S ==> next_comm=swapper/2 next_pid=0 next_prio=120
            JDWP-3280  [001] ...2   391.056304: sched_switch: prev_comm=JDWP prev_pid=3280 prev_prio=120 prev_state=S ==> next_comm=traced next_pid=201 next_prio=120
            adbd-1849  [000] ...2   391.056513: sched_switch: prev_comm=adbd prev_pid=1849 prev_prio=120 prev_state=S ==> next_comm=adbd next_pid=3126 next_prio=120
            adbd-3126  [000] ...2   391.056597: sched_switch: prev_comm=adbd prev_pid=3126 prev_prio=120 prev_state=S ==> next_comm=swapper/0 next_pid=0 next_prio=120
          <idle>-0     [000] ...2   391.057010: sched_switch: prev_comm=swapper/0 prev_pid=0 prev_prio=120 prev_state=R ==> next_comm=adbd next_pid=3127 next_prio=120
            adbd-3127  [000] ...2   391.057059: sched_switch: prev_comm=adbd prev_pid=3127 prev_prio=120 prev_state=S ==> next_comm=adbd next_pid=1849 next_prio=120
            adbd-1849  [000] ...2   391.057285: sched_switch: prev_comm=adbd prev_pid=1849 prev_prio=120 prev_state=S ==> next_comm=adbd next_pid=3126 next_prio=120
            adbd-3126  [000] ...2   391.057299: sched_switch: prev_comm=adbd prev_pid=3126 prev_prio=120 prev_state=S ==> next_comm=swapper/0 next_pid=0 next_prio=120
          <idle>-0     [002] ...2   391.057343: sched_switch: prev_comm=swapper/2 prev_pid=0 prev_prio=120 prev_state=R ==> next_comm=ple.kvbenchmark next_pid=3269 next_prio=120
           <...>-3269  [002] ...2   391.057393: sched_switch: prev_comm=ple.kvbenchmark prev_pid=3269 prev_prio=120 prev_state=S ==> next_comm=swapper/2 next_pid=0 next_prio=120
          <idle>-0     [002] ...2   391.058447: sched_switch: prev_comm=swapper/2 prev_pid=0 prev_prio=120 prev_state=R ==> next_comm=ple.kvbenchmark next_pid=3269 next_prio=120
           <...>-3269  [002] ...2   391.058512: sched_switch: prev_comm=ple.kvbenchmark prev_pid=3269 prev_prio=120 prev_state=S ==> next_comm=swapper/2 next_pid=0 next_prio=120
          <idle>-0     [002] ...2   391.059566: sched_switch: prev_comm=swapper/2 prev_pid=0 prev_prio=120 prev_state=R ==> next_comm=ple.kvbenchmark next_pid=3269 next_prio=120
           <...>-3269  [002] ...2   391.059614: sched_switch: prev_comm=ple.kvbenchmark prev_pid=3269 prev_prio=120 prev_state=S ==> next_comm=swapper/2 next_pid=0 next_prio=120
          <idle>-0     [002] ...2   391.060668: sched_switch: prev_comm=swapper/2 prev_pid=0 prev_prio=120 prev_state=R ==> next_comm=ple.kvbenchmark next_pid=3269 next_prio=120
           <...>-3269  [002] ...2   391.060715: sched_switch: prev_comm=ple.kvbenchmark prev_pid=3269 prev_prio=120 prev_state=S ==> next_comm=swapper/2 next_pid=0 next_prio=120
          <idle>-0     [002] ...2   391.061770: sched_switch: prev_comm=swapper/2 prev_pid=0 prev_prio=120 prev_state=R ==> next_comm=ple.kvbenchmark next_pid=3269 next_prio=120
           <...>-3269  [002] ...2   391.061817: sched_switch: prev_comm=ple.kvbenchmark prev_pid=3269 prev_prio=120 prev_state=S ==> next_comm=swapper/2 next_pid=0 next_prio=120
          <idle>-0     [002] ...2   391.062871: sched_switch: prev_comm=swapper/2 prev_pid=0 prev_prio=120 prev_state=R ==> next_comm=ple.kvbenchmark next_pid=3269 next_prio=120
           <...>-3269  [002] ...2   391.062921: sched_switch: prev_comm=ple.kvbenchmark prev_pid=3269 prev_prio=120 prev_state=S ==> next_comm=swapper/2 next_pid=0 next_prio=120
          <idle>-0     [002] ...2   391.063975: sched_switch: prev_comm=swapper/2 prev_pid=0 prev_prio=120 prev_state=R ==> next_comm=ple.kvbenchmark next_pid=3269 next_prio=120
           <...>-3269  [002] ...2   391.064022: sched_switch: prev_comm=ple.kvbenchmark prev_pid=3269 prev_prio=120 prev_state=S ==> next_comm=swapper/2 next_pid=0 next_prio=120
          traced-201   [001] ...2   391.064782: sched_switch: prev_comm=traced prev_pid=201 prev_prio=120 prev_state=R ==> next_comm=kworker/1:1 next_pid=5940 next_prio=120
     kworker/1:1-5940  [001] ...2   391.064793: sched_switch: prev_comm=kworker/1:1 prev_pid=5940 prev_prio=120 prev_state=S ==> next_comm=traced next_pid=201 next_prio=120
          <idle>-0     [000] ...2   391.064799: sched_switch: prev_comm=swapper/0 prev_pid=0 prev_prio=120 prev_state=R ==> next_comm=kworker/0:3H next_pid=810 next_prio=100
    kworker/0:3H-810   [000] ...2   391.064831: sched_switch: prev_comm=kworker/0:3H prev_pid=810 prev_prio=100 prev_state=D ==> next_comm=kworker/0:1H next_pid=17 next_prio=100
    kworker/0:1H-17    [000] ...1   391.064838: cpu_frequency_switch_start: start=960000 end=960000 cpu_id=0
    kworker/0:1H-17    [000] ...1   391.064842: cpu_frequency_switch_end: cpu_id=0
    kworker/0:1H-17    [000] ...1   391.064845: cpu_frequency: state=960000 cpu_id=0
    kworker/0:1H-17    [000] ...2   391.064870: sched_switch: prev_comm=kworker/0:1H prev_pid=17 prev_prio=100 prev_state=S ==> next_comm=kworker/0:3H next_pid=810 next_prio=100
    kworker/0:3H-810   [000] ...2   391.064883: sched_switch: prev_comm=kworker/0:3H prev_pid=810 prev_prio=100 prev_state=S ==> next_comm=ksoftirqd/0 next_pid=3 next_prio=120
     ksoftirqd/0-3     [000] ...2   391.064901: sched_switch: prev_comm=ksoftirqd/0 prev_pid=3 prev_prio=120 prev_state=S ==> next_comm=swapper/0 next_pid=0 next_prio=120
          <idle>-0     [002] ...2   391.065078: sched_switch: prev_comm=swapper/2 prev_pid=0 prev_prio=120 prev_state=R ==> next_comm=ple.kvbenchmark next_pid=3269 next_prio=120
           <...>-3269  [002] ...2   391.065125: sched_switch: prev_comm=ple.kvbenchmark prev_pid=3269 prev_prio=120 prev_state=S ==> next_comm=swapper/2 next_pid=0 next_prio=120
          <idle>-0     [002] ...2   391.066179: sched_switch: prev_comm=swapper/2 prev_pid=0 prev_prio=120 prev_state=R ==> next_comm=ple.kvbenchmark next_pid=3269 next_prio=120
           <...>-3269  [002] ...2   391.066227: sched_switch: prev_comm=ple.kvbenchmark prev_pid=3269 prev_prio=120 prev_state=S ==> next_comm=swapper/2 next_pid=0 next_prio=120
          <idle>-0     [002] ...2   391.067281: sched_switch: prev_comm=swapper/2 prev_pid=0 prev_prio=120 prev_state=R ==> next_comm=ple.kvbenchmark next_pid=3269 next_prio=120
           <...>-3269  [002] ...2   391.067328: sched_switch: prev_comm=ple.kvbenchmark prev_pid=3269 prev_prio=120 prev_state=S ==> next_comm=swapper/2 next_pid=0 next_prio=120
          <idle>-0     [002] ...2   391.068383: sched_switch: prev_comm=swapper/2 prev_pid=0 prev_prio=120 prev_state=R ==> next_comm=ple.kvbenchmark next_pid=3269 next_prio=120
           <...>-3269  [002] ...2   391.068430: sched_switch: prev_comm=ple.kvbenchmark prev_pid=3269 prev_prio=120 prev_state=S ==> next_comm=swapper/2 next_pid=0 next_prio=120
          <idle>-0     [002] ...2   391.069485: sched_switch: prev_comm=swapper/2 prev_pid=0 prev_prio=120 prev_state=R ==> next_comm=ple.kvbenchmark next_pid=3269 next_prio=120
           <...>-3269  [002] ...2   391.069531: sched_switch: prev_comm=ple.kvbenchmark prev_pid=3269 prev_prio=120 prev_state=S ==> next_comm=swapper/2 next_pid=0 next_prio=120
          <idle>-0     [002] ...2   391.070585: sched_switch: prev_comm=swapper/2 prev_pid=0 prev_prio=120 prev_state=R ==> next_comm=ple.kvbenchmark next_pid=3269 next_prio=120
           <...>-3269  [002] ...2   391.070632: sched_switch: prev_comm=ple.kvbenchmark prev_pid=3269 prev_prio=120 prev_state=S ==> next_comm=swapper/2 next_pid=0 next_prio=120
          <idle>-0     [002] ...2   391.071687: sched_switch: prev_comm=swapper/2 prev_pid=0 prev_prio=120 prev_state=R ==> next_comm=ple.kvbenchmark next_pid=3269 next_prio=120
           <...>-3269  [002] ...2   391.071735: sched_switch: prev_comm=ple.kvbenchmark prev_pid=3269 prev_prio=120 prev_state=S ==> next_comm=swapper/2 next_pid=0 next_prio=120
          <idle>-0     [002] ...2   391.072789: sched_switch: prev_comm=swapper/2 prev_pid=0 prev_prio=120 prev_state=R ==> next_comm=ple.kvbenchmark next_pid=3269 next_prio=120
           <...>-3269  [002] ...2   391.072836: sched_switch: prev_comm=ple.kvbenchmark prev_pid=3269 prev_prio=120 prev_state=S ==> next_comm=swapper/2 next_pid=0 next_prio=120
          <idle>-0     [002] ...2   391.073890: sched_switch: prev_comm=swapper/2 prev_pid=0 prev_prio=120 prev_state=R ==> next_comm=ple.kvbenchmark next_pid=3269 next_prio=120
           <...>-3269  [002] ...2   391.073940: sched_switch: prev_comm=ple.kvbenchmark prev_pid=3269 prev_prio=120 prev_state=S ==> next_comm=swapper/2 next_pid=0 next_prio=120
          <idle>-0     [002] ...2   391.074996: sched_switch: prev_comm=swapper/2 prev_pid=0 prev_prio=120 prev_state=R ==> next_comm=ple.kvbenchmark next_pid=3269 next_prio=120
           <...>-3269  [002] ...2   391.075043: sched_switch: prev_comm=ple.kvbenchmark prev_pid=3269 prev_prio=120 prev_state=S ==> next_comm=swapper/2 next_pid=0 next_prio=120
          <idle>-0     [002] ...2   391.076098: sched_switch: prev_comm=swapper/2 prev_pid=0 prev_prio=120 prev_state=R ==> next_comm=ple.kvbenchmark next_pid=3269 next_prio=120
           <...>-3269  [002] ...2   391.076146: sched_switch: prev_comm=ple.kvbenchmark prev_pid=3269 prev_prio=120 prev_state=S ==> next_comm=swapper/2 next_pid=0 next_prio=120
          <idle>-0     [002] ...2   391.077200: sched_switch: prev_comm=swapper/2 prev_pid=0 prev_prio=120 prev_state=R ==> next_comm=ple.kvbenchmark next_pid=3269 next_prio=120
           <...>-3269  [002] ...2   391.077249: sched_switch: prev_comm=ple.kvbenchmark prev_pid=3269 prev_prio=120 prev_state=S ==> next_comm=swapper/2 next_pid=0 next_prio=120
          <idle>-0     [002] ...2   391.078301: sched_switch: prev_comm=swapper/2 prev_pid=0 prev_prio=120 prev_state=R ==> next_comm=ple.kvbenchmark next_pid=3269 next_prio=120
           <...>-3269  [002] ...2   391.078349: sched_switch: prev_comm=ple.kvbenchmark prev_pid=3269 prev_prio=120 prev_state=S ==> next_comm=swapper/2 next_pid=0 next_prio=120
          <idle>-0     [002] ...2   391.079403: sched_switch: prev_comm=swapper/2 prev_pid=0 prev_prio=120 prev_state=R ==> next_comm=ple.kvbenchmark next_pid=3269 next_prio=120
           <...>-3269  [002] ...2   391.079449: sched_switch: prev_comm=ple.kvbenchmark prev_pid=3269 prev_prio=120 prev_state=S ==> next_comm=swapper/2 next_pid=0 next_prio=120
          <idle>-0     [002] ...2   391.080504: sched_switch: prev_comm=swapper/2 prev_pid=0 prev_prio=120 prev_state=R ==> next_comm=ple.kvbenchmark next_pid=3269 next_prio=120
           <...>-3269  [002] ...2   391.080551: sched_switch: prev_comm=ple.kvbenchmark prev_pid=3269 prev_prio=120 prev_state=S ==> next_comm=swapper/2 next_pid=0 next_prio=120
          <idle>-0     [002] ...2   391.081605: sched_switch: prev_comm=swapper/2 prev_pid=0 prev_prio=120 prev_state=R ==> next_comm=ple.kvbenchmark next_pid=3269 next_prio=120
           <...>-3269  [002] ...2   391.081652: sched_switch: prev_comm=ple.kvbenchmark prev_pid=3269 prev_prio=120 prev_state=S ==> next_comm=swapper/2 next_pid=0 next_prio=120
          <idle>-0     [002] ...2   391.082707: sched_switch: prev_comm=swapper/2 prev_pid=0 prev_prio=120 prev_state=R ==> next_comm=ple.kvbenchmark next_pid=3269 next_prio=120
           <...>-3269  [002] ...2   391.082754: sched_switch: prev_comm=ple.kvbenchmark prev_pid=3269 prev_prio=120 prev_state=S ==> next_comm=swapper/2 next_pid=0 next_prio=120
          <idle>-0     [002] ...2   391.083808: sched_switch: prev_comm=swapper/2 prev_pid=0 prev_prio=120 prev_state=R ==> next_comm=ple.kvbenchmark next_pid=3269 next_prio=120
           <...>-3269  [002] ...2   391.083855: sched_switch: prev_comm=ple.kvbenchmark prev_pid=3269 prev_prio=120 prev_state=S ==> next_comm=swapper/2 next_pid=0 next_prio=120
          <idle>-0     [002] ...2   391.084776: sched_switch: prev_comm=swapper/2 prev_pid=0 prev_prio=120 prev_state=R ==> next_comm=kworker/u:0 next_pid=6 next_prio=120
     kworker/u:0-6     [002] ...2   391.084793: sched_switch: prev_comm=kworker/u:0 prev_pid=6 prev_prio=120 prev_state=S ==> next_comm=swapper/2 next_pid=0 next_prio=120
          <idle>-0     [000] ...2   391.084802: sched_switch: prev_comm=swapper/0 prev_pid=0 prev_prio=120 prev_state=R ==> next_comm=mpdecision next_pid=1789 next_prio=113
          <idle>-0     [002] ...2   391.084909: sched_switch: prev_comm=swapper/2 prev_pid=0 prev_prio=120 prev_state=R ==> next_comm=ple.kvbenchmark next_pid=3269 next_prio=120
           <...>-3269  [002] ...2   391.084957: sched_switch: prev_comm=ple.kvbenchmark prev_pid=3269 prev_prio=120 prev_state=S ==> next_comm=swapper/2 next_pid=0 next_prio=120
      mpdecision-1789  [000] ...2   391.085187: sched_switch: prev_comm=mpdecision prev_pid=1789 prev_prio=113 prev_state=R+ ==> next_comm=kthreadd next_pid=2 next_prio=98
          traced-201   [001] ...2   391.085235: sched_switch: prev_comm=traced prev_pid=201 prev_prio=120 prev_state=R ==> next_comm=kthreadd next_pid=7080 next_prio=98
           <...>-2     [000] ...2   391.085241: sched_switch: prev_comm=kthreadd prev_pid=2 prev_prio=98 prev_state=S ==> next_comm=mpdecision next_pid=1789 next_prio=113
           <...>-7080  [001] ...2   391.085243: sched_switch: prev_comm=kthreadd prev_pid=7080 prev_prio=98 prev_state=D ==> next_comm=traced next_pid=201 next_prio=120
      mpdecision-1789  [000] ...2   391.085264: sched_switch: prev_comm=mpdecision prev_pid=1789 prev_prio=113 prev_state=R+ ==> next_comm=kthreadd next_pid=2 next_prio=98
          traced-201   [001] ...2   391.085295: sched_switch: prev_comm=traced prev_pid=201 prev_prio=120 prev_state=R ==> next_comm=kthreadd next_pid=7081 next_prio=98
           <...>-2     [000] ...2   391.085301: sched_switch: prev_comm=kthreadd prev_pid=2 prev_prio=98 prev_state=S ==> next_comm=mpdecision next_pid=1789 next_prio=113
           <...>-7081  [001] ...2   391.085302: sched_switch: prev_comm=kthreadd prev_pid=7081 prev_prio=98 prev_state=D ==> next_comm=traced next_pid=201 next_prio=120
      mpdecision-1789  [000] ...2   391.085322: sched_switch: prev_comm=mpdecision prev_pid=1789 prev_prio=113 prev_state=R+ ==> next_comm=kthreadd next_pid=2 next_prio=98
          traced-201   [001] ...2   391.085353: sched_switch: prev_comm=traced prev_pid=201 prev_prio=120 prev_state=R ==> next_comm=kthreadd next_pid=7082 next_prio=98
           <...>-2     [000] ...2   391.085358: sched_switch: prev_comm=kthreadd prev_pid=2 prev_prio=98 prev_state=S ==> next_comm=mpdecision next_pid=1789 next_prio=113
           <...>-7082  [001] ...2   391.085359: sched_switch: prev_comm=kthreadd prev_pid=7082 prev_prio=98 prev_state=D ==> next_comm=traced next_pid=201 next_prio=120
          <idle>-0     [002] ...2   391.085384: sched_switch: prev_comm=swapper/2 prev_pid=0 prev_prio=120 prev_state=R ==> next_comm=workqueue_trust next_pid=7080 next_prio=120
      mpdecision-1789  [000] ...2   391.085387: sched_switch: prev_comm=mpdecision prev_pid=1789 prev_prio=113 prev_state=D ==> next_comm=swapper/0 next_pid=0 next_prio=120
           <...>-7080  [002] ...2   391.085402: sched_switch: prev_comm=workqueue_trust prev_pid=7080 prev_prio=120 prev_state=D ==> next_comm=swapper/2 next_pid=0 next_prio=120
          <idle>-0     [000] ...2   391.085414: sched_switch: prev_comm=swapper/0 prev_pid=0 prev_prio=120 prev_state=R ==> next_comm=mpdecision next_pid=1789 next_prio=113
      mpdecision-1789  [000] ...1   391.085554: phonelab_periodic_warning_cpu: warning=notify_down cpu=0
      mpdecision-1789  [000] ...1   391.085570: phonelab_periodic_warning_cpu: warning=destroy_periodic_work cpu=2
          traced-201   [001] ...2   391.085776: sched_switch: prev_comm=traced prev_pid=201 prev_prio=120 prev_state=R ==> next_comm=migration/1 next_pid=5936 next_prio=0
      mpdecision-1789  [000] ...2   391.085782: sched_switch: prev_comm=mpdecision prev_pid=1789 prev_prio=113 prev_state=R+ ==> next_comm=migration/0 next_pid=8 next_prio=0
          <idle>-0     [002] ...2   391.085787: sched_switch: prev_comm=swapper/2 prev_pid=0 prev_prio=120 prev_state=R ==> next_comm=migration/2 next_pid=6443 next_prio=0
     migration/1-5936  [001] ...2   391.086368: sched_switch: prev_comm=migration/1 prev_pid=5936 prev_prio=0 prev_state=S ==> next_comm=traced next_pid=201 next_prio=120
           <...>-6443  [002] ...2   391.086368: sched_switch: prev_comm=migration/2 prev_pid=6443 prev_prio=0 prev_state=S ==> next_comm=swapper/2 next_pid=0 next_prio=120
