          <idle>-0     [000] ...2   462.709924: sched_switch: prev_comm=swapper/0 prev_pid=0 prev_prio=120 prev_state=R ==> next_comm=ple.kvbenchmark next_pid=3305 next_prio=120
           <...>-3305  [000] ...2   462.709988: sched_switch: prev_comm=ple.kvbenchmark prev_pid=3305 prev_prio=120 prev_state=S ==> next_comm=swapper/0 next_pid=0 next_prio=120
          <idle>-0     [000] ...2   462.711046: sched_switch: prev_comm=swapper/0 prev_pid=0 prev_prio=120 prev_state=R ==> next_comm=ple.kvbenchmark next_pid=3305 next_prio=120
           <...>-3305  [000] ...2   462.711113: sched_switch: prev_comm=ple.kvbenchmark prev_pid=3305 prev_prio=120 prev_state=S ==> next_comm=swapper/0 next_pid=0 next_prio=120
          <idle>-0     [000] ...2   462.712171: sched_switch: prev_comm=swapper/0 prev_pid=0 prev_prio=120 prev_state=R ==> next_comm=ple.kvbenchmark next_pid=3305 next_prio=120
           <...>-3305  [000] ...2   462.712237: sched_switch: prev_comm=ple.kvbenchmark prev_pid=3305 prev_prio=120 prev_state=S ==> next_comm=swapper/0 next_pid=0 next_prio=120
          <idle>-0     [000] ...2   462.713295: sched_switch: prev_comm=swapper/0 prev_pid=0 prev_prio=120 prev_state=R ==> next_comm=ple.kvbenchmark next_pid=3305 next_prio=120
           <...>-3305  [000] ...2   462.713359: sched_switch: prev_comm=ple.kvbenchmark prev_pid=3305 prev_prio=120 prev_state=S ==> next_comm=swapper/0 next_pid=0 next_prio=120
          <idle>-0     [000] ...2   462.714417: sched_switch: prev_comm=swapper/0 prev_pid=0 prev_prio=120 prev_state=R ==> next_comm=ple.kvbenchmark next_pid=3305 next_prio=120
           <...>-3305  [000] ...2   462.714484: sched_switch: prev_comm=ple.kvbenchmark prev_pid=3305 prev_prio=120 prev_state=S ==> next_comm=swapper/0 next_pid=0 next_prio=120
          <idle>-0     [000] ...2   462.715544: sched_switch: prev_comm=swapper/0 prev_pid=0 prev_prio=120 prev_state=R ==> next_comm=ple.kvbenchmark next_pid=3305 next_prio=120
           <...>-3305  [000] ...2   462.715612: sched_switch: prev_comm=ple.kvbenchmark prev_pid=3305 prev_prio=120 prev_state=S ==> next_comm=swapper/0 next_pid=0 next_prio=120
          <idle>-0     [000] ...2   462.716670: sched_switch: prev_comm=swapper/0 prev_pid=0 prev_prio=120 prev_state=R ==> next_comm=ple.kvbenchmark next_pid=3305 next_prio=120
           <...>-3305  [000] ...2   462.716734: sched_switch: prev_comm=ple.kvbenchmark prev_pid=3305 prev_prio=120 prev_state=S ==> next_comm=swapper/0 next_pid=0 next_prio=120
          <idle>-0     [000] ...2   462.717543: sched_switch: prev_comm=swapper/0 prev_pid=0 prev_prio=120 prev_state=R ==> next_comm=kworker/u:1 next_pid=21 next_prio=120
           <...>-21    [000] ...2   462.717565: sched_switch: prev_comm=kworker/u:1 prev_pid=21 prev_prio=120 prev_state=S ==> next_comm=mpdecision next_pid=1791 next_prio=113
      mpdecision-1791  [000] ...2   462.717924: sched_switch: prev_comm=mpdecision prev_pid=1791 prev_prio=113 prev_state=S ==> next_comm=ple.kvbenchmark next_pid=3305 next_prio=120
           <...>-3305  [000] ...2   462.718001: sched_switch: prev_comm=ple.kvbenchmark prev_pid=3305 prev_prio=120 prev_state=S ==> next_comm=swapper/0 next_pid=0 next_prio=120
          <idle>-0     [000] ...2   462.718022: sched_switch: prev_comm=swapper/0 prev_pid=0 prev_prio=120 prev_state=R ==> next_comm=ksoftirqd/0 next_pid=3 next_prio=120
           <...>-3     [000] ...2   462.718037: sched_switch: prev_comm=ksoftirqd/0 prev_pid=3 prev_prio=120 prev_state=S ==> next_comm=swapper/0 next_pid=0 next_prio=120
          <idle>-0     [000] ...2   462.718058: sched_switch: prev_comm=swapper/0 prev_pid=0 prev_prio=120 prev_state=R ==> next_comm=ksoftirqd/0 next_pid=3 next_prio=120
           <...>-3     [000] ...2   462.718071: sched_switch: prev_comm=ksoftirqd/0 prev_pid=3 prev_prio=120 prev_state=S ==> next_comm=swapper/0 next_pid=0 next_prio=120
          <idle>-0     [000] ...2   462.718090: sched_switch: prev_comm=swapper/0 prev_pid=0 prev_prio=120 prev_state=R ==> next_comm=ksoftirqd/0 next_pid=3 next_prio=120
           <...>-3     [000] ...2   462.718102: sched_switch: prev_comm=ksoftirqd/0 prev_pid=3 prev_prio=120 prev_state=S ==> next_comm=swapper/0 next_pid=0 next_prio=120
          <idle>-0     [000] ...2   462.719058: sched_switch: prev_comm=swapper/0 prev_pid=0 prev_prio=120 prev_state=R ==> next_comm=ple.kvbenchmark next_pid=3305 next_prio=120
           <...>-3305  [000] ...2   462.719129: sched_switch: prev_comm=ple.kvbenchmark prev_pid=3305 prev_prio=120 prev_state=S ==> next_comm=swapper/0 next_pid=0 next_prio=120
          <idle>-0     [000] ...2   462.720182: sched_switch: prev_comm=swapper/0 prev_pid=0 prev_prio=120 prev_state=R ==> next_comm=ple.kvbenchmark next_pid=3305 next_prio=120
           <...>-3305  [000] ...2   462.720248: sched_switch: prev_comm=ple.kvbenchmark prev_pid=3305 prev_prio=120 prev_state=S ==> next_comm=swapper/0 next_pid=0 next_prio=120
          <idle>-0     [000] ...2   462.720782: sched_switch: prev_comm=swapper/0 prev_pid=0 prev_prio=120 prev_state=R ==> next_comm=adbd next_pid=3168 next_prio=120
            adbd-3168  [000] ...2   462.720804: sched_switch: prev_comm=adbd prev_pid=3168 prev_prio=120 prev_state=S ==> next_comm=swapper/0 next_pid=0 next_prio=120
          <idle>-0     [000] ...2   462.721043: sched_switch: prev_comm=swapper/0 prev_pid=0 prev_prio=120 prev_state=R ==> next_comm=adbd next_pid=3168 next_prio=120
            adbd-3168  [000] ...2   462.721092: sched_switch: prev_comm=adbd prev_pid=3168 prev_prio=120 prev_state=S ==> next_comm=adbd next_pid=1861 next_prio=120
          <idle>-0     [002] ...2   462.721649: sched_switch: prev_comm=swapper/2 prev_pid=0 prev_prio=120 prev_state=R ==> next_comm=adbd next_pid=8481 next_prio=120
            adbd-1861  [000] ...2   462.722005: sched_switch: prev_comm=adbd prev_pid=1861 prev_prio=120 prev_state=D ==> next_comm=adbd next_pid=3167 next_prio=120
            adbd-3167  [000] ...2   462.722114: sched_switch: prev_comm=adbd prev_pid=3167 prev_prio=120 prev_state=S ==> next_comm=kworker/0:2 next_pid=98 next_prio=120
     kworker/0:2-98    [000] ...2   462.722137: sched_switch: prev_comm=kworker/0:2 prev_pid=98 prev_prio=120 prev_state=S ==> next_comm=adbd next_pid=1861 next_prio=120
            adbd-1861  [000] ...2   462.722204: sched_switch: prev_comm=adbd prev_pid=1861 prev_prio=120 prev_state=S ==> next_comm=ple.kvbenchmark next_pid=3305 next_prio=120
           <...>-3305  [000] ...2   462.722299: sched_switch: prev_comm=ple.kvbenchmark prev_pid=3305 prev_prio=120 prev_state=S ==> next_comm=adbd next_pid=8482 next_prio=120
           <...>-8482  [000] ...2   462.722328: sched_switch: prev_comm=adbd prev_pid=8482 prev_prio=120 prev_state=S ==> next_comm=swapper/0 next_pid=0 next_prio=120
          <idle>-0     [000] ...2   462.723347: sched_switch: prev_comm=swapper/0 prev_pid=0 prev_prio=120 prev_state=R ==> next_comm=ple.kvbenchmark next_pid=3305 next_prio=120
           <...>-3305  [000] ...2   462.723425: sched_switch: prev_comm=ple.kvbenchmark prev_pid=3305 prev_prio=120 prev_state=S ==> next_comm=swapper/0 next_pid=0 next_prio=120
          <idle>-0     [000] ...2   462.724479: sched_switch: prev_comm=swapper/0 prev_pid=0 prev_prio=120 prev_state=R ==> next_comm=ple.kvbenchmark next_pid=3305 next_prio=120
           <...>-3305  [000] ...2   462.724548: sched_switch: prev_comm=ple.kvbenchmark prev_pid=3305 prev_prio=120 prev_state=S ==> next_comm=swapper/0 next_pid=0 next_prio=120
          <idle>-0     [000] ...2   462.725605: sched_switch: prev_comm=swapper/0 prev_pid=0 prev_prio=120 prev_state=R ==> next_comm=ple.kvbenchmark next_pid=3305 next_prio=120
           <...>-3305  [000] ...2   462.725681: sched_switch: prev_comm=ple.kvbenchmark prev_pid=3305 prev_prio=120 prev_state=S ==> next_comm=swapper/0 next_pid=0 next_prio=120
          <idle>-0     [000] ...2   462.726736: sched_switch: prev_comm=swapper/0 prev_pid=0 prev_prio=120 prev_state=R ==> next_comm=ple.kvbenchmark next_pid=3305 next_prio=120
           <...>-3305  [000] ...2   462.726801: sched_switch: prev_comm=ple.kvbenchmark prev_pid=3305 prev_prio=120 prev_state=S ==> next_comm=swapper/0 next_pid=0 next_prio=120
          <idle>-0     [000] ...2   462.727561: sched_switch: prev_comm=swapper/0 prev_pid=0 prev_prio=120 prev_state=R ==> next_comm=ksoftirqd/0 next_pid=3 next_prio=120
           <...>-3     [000] ...2   462.727578: sched_switch: prev_comm=ksoftirqd/0 prev_pid=3 prev_prio=120 prev_state=S ==> next_comm=swapper/0 next_pid=0 next_prio=120
          <idle>-0     [000] ...2   462.727597: sched_switch: prev_comm=swapper/0 prev_pid=0 prev_prio=120 prev_state=R ==> next_comm=ksoftirqd/0 next_pid=3 next_prio=120
           <...>-3     [000] ...2   462.727611: sched_switch: prev_comm=ksoftirqd/0 prev_pid=3 prev_prio=120 prev_state=S ==> next_comm=swapper/0 next_pid=0 next_prio=120
          <idle>-0     [000] ...2   462.727630: sched_switch: prev_comm=swapper/0 prev_pid=0 prev_prio=120 prev_state=R ==> next_comm=ksoftirqd/0 next_pid=3 next_prio=120
           <...>-8481  [002] ...2   462.727640: sched_switch: prev_comm=sh prev_pid=8481 prev_prio=120 prev_state=R ==> next_comm=kworker/2:1H next_pid=8394 next_prio=100
           <...>-3     [000] ...2   462.727643: sched_switch: prev_comm=ksoftirqd/0 prev_pid=3 prev_prio=120 prev_state=S ==> next_comm=swapper/0 next_pid=0 next_prio=120
           <...>-8394  [002] ...2   462.727674: sched_switch: prev_comm=kworker/2:1H prev_pid=8394 prev_prio=100 prev_state=D ==> next_comm=kworker/2:2H next_pid=8411 next_prio=100
           <...>-8411  [002] ...1   462.727681: cpu_frequency_switch_start: start=960000 end=960000 cpu_id=2
           <...>-8411  [002] ...1   462.727686: cpu_frequency_switch_end: cpu_id=2
           <...>-8411  [002] ...1   462.727688: cpu_frequency: state=960000 cpu_id=2
           <...>-8411  [002] ...2   462.727716: sched_switch: prev_comm=kworker/2:2H prev_pid=8411 prev_prio=100 prev_state=S ==> next_comm=kworker/2:1H next_pid=8394 next_prio=100
           <...>-8394  [002] ...2   462.727731: sched_switch: prev_comm=kworker/2:1H prev_pid=8394 prev_prio=100 prev_state=S ==> next_comm=sh next_pid=8481 next_prio=120
          <idle>-0     [000] ...2   462.727859: sched_switch: prev_comm=swapper/0 prev_pid=0 prev_prio=120 prev_state=R ==> next_comm=ple.kvbenchmark next_pid=3305 next_prio=120
           <...>-3305  [000] ...2   462.727931: sched_switch: prev_comm=ple.kvbenchmark prev_pid=3305 prev_prio=120 prev_state=S ==> next_comm=swapper/0 next_pid=0 next_prio=120
          <idle>-0     [000] ...2   462.728989: sched_switch: prev_comm=swapper/0 prev_pid=0 prev_prio=120 prev_state=R ==> next_comm=ple.kvbenchmark next_pid=3305 next_prio=120
           <...>-3305  [000] ...2   462.729063: sched_switch: prev_comm=ple.kvbenchmark prev_pid=3305 prev_prio=120 prev_state=S ==> next_comm=swapper/0 next_pid=0 next_prio=120
          <idle>-0     [000] ...2   462.730119: sched_switch: prev_comm=swapper/0 prev_pid=0 prev_prio=120 prev_state=R ==> next_comm=ple.kvbenchmark next_pid=3305 next_prio=120
           <...>-3305  [000] ...2   462.730190: sched_switch: prev_comm=ple.kvbenchmark prev_pid=3305 prev_prio=120 prev_state=S ==> next_comm=swapper/0 next_pid=0 next_prio=120
          <idle>-0     [000] ...2   462.731247: sched_switch: prev_comm=swapper/0 prev_pid=0 prev_prio=120 prev_state=R ==> next_comm=ple.kvbenchmark next_pid=3305 next_prio=120
           <...>-3305  [000] ...2   462.731315: sched_switch: prev_comm=ple.kvbenchmark prev_pid=3305 prev_prio=120 prev_state=S ==> next_comm=swapper/0 next_pid=0 next_prio=120
          <idle>-0     [000] ...2   462.732374: sched_switch: prev_comm=swapper/0 prev_pid=0 prev_prio=120 prev_state=R ==> next_comm=ple.kvbenchmark next_pid=3305 next_prio=120
           <...>-3305  [000] ...2   462.732453: sched_switch: prev_comm=ple.kvbenchmark prev_pid=3305 prev_prio=120 prev_state=S ==> next_comm=swapper/0 next_pid=0 next_prio=120
          <idle>-0     [000] ...2   462.733509: sched_switch: prev_comm=swapper/0 prev_pid=0 prev_prio=120 prev_state=R ==> next_comm=ple.kvbenchmark next_pid=3305 next_prio=120
           <...>-3305  [000] ...2   462.733584: sched_switch: prev_comm=ple.kvbenchmark prev_pid=3305 prev_prio=120 prev_state=S ==> next_comm=swapper/0 next_pid=0 next_prio=120
          <idle>-0     [000] ...2   462.734397: sched_switch: prev_comm=swapper/0 prev_pid=0 prev_prio=120 prev_state=R ==> next_comm=sh next_pid=8483 next_prio=120
           <...>-8483  [000] ...2   462.734635: sched_switch: prev_comm=sh prev_pid=8483 prev_prio=120 prev_state=R+ ==> next_comm=ple.kvbenchmark next_pid=3305 next_prio=120
           <...>-3305  [000] ...2   462.734715: sched_switch: prev_comm=ple.kvbenchmark prev_pid=3305 prev_prio=120 prev_state=S ==> next_comm=sh next_pid=8483 next_prio=120
           <...>-8481  [002] ...2   462.735187: sched_switch: prev_comm=sh prev_pid=8481 prev_prio=120 prev_state=S ==> next_comm=sh next_pid=8484 next_prio=120
           <...>-8483  [000] ...2   462.735769: sched_switch: prev_comm=sh prev_pid=8483 prev_prio=120 prev_state=R ==> next_comm=ple.kvbenchmark next_pid=3305 next_prio=120
           <...>-3305  [000] ...2   462.735856: sched_switch: prev_comm=ple.kvbenchmark prev_pid=3305 prev_prio=120 prev_state=S ==> next_comm=sh next_pid=8483 next_prio=120
           <...>-8484  [002] ...2   462.736714: sched_switch: prev_comm=grep prev_pid=8484 prev_prio=120 prev_state=R+ ==> next_comm=sh next_pid=8481 next_prio=120
           <...>-8483  [000] ...3   462.736722: sched_switch: prev_comm=sh prev_pid=8483 prev_prio=120 prev_state=x ==> next_comm=swapper/0 next_pid=0 next_prio=120
           <...>-8481  [002] ...2   462.736807: sched_switch: prev_comm=sh prev_pid=8481 prev_prio=120 prev_state=S ==> next_comm=grep next_pid=8484 next_prio=120
          <idle>-0     [000] ...2   462.736915: sched_switch: prev_comm=swapper/0 prev_pid=0 prev_prio=120 prev_state=R ==> next_comm=ple.kvbenchmark next_pid=3305 next_prio=120
           <...>-3305  [000] ...2   462.737000: sched_switch: prev_comm=ple.kvbenchmark prev_pid=3305 prev_prio=120 prev_state=S ==> next_comm=swapper/0 next_pid=0 next_prio=120
          <idle>-0     [000] ...2   462.737561: sched_switch: prev_comm=swapper/0 prev_pid=0 prev_prio=120 prev_state=R ==> next_comm=ksoftirqd/0 next_pid=3 next_prio=120
           <...>-3     [000] ...2   462.737582: sched_switch: prev_comm=ksoftirqd/0 prev_pid=3 prev_prio=120 prev_state=S ==> next_comm=swapper/0 next_pid=0 next_prio=120
          <idle>-0     [000] ...2   462.737602: sched_switch: prev_comm=swapper/0 prev_pid=0 prev_prio=120 prev_state=R ==> next_comm=ksoftirqd/0 next_pid=3 next_prio=120
           <...>-3     [000] ...2   462.737614: sched_switch: prev_comm=ksoftirqd/0 prev_pid=3 prev_prio=120 prev_state=S ==> next_comm=swapper/0 next_pid=0 next_prio=120
          <idle>-0     [000] ...2   462.737632: sched_switch: prev_comm=swapper/0 prev_pid=0 prev_prio=120 prev_state=R ==> next_comm=ksoftirqd/0 next_pid=3 next_prio=120
           <...>-3     [000] ...2   462.737645: sched_switch: prev_comm=ksoftirqd/0 prev_pid=3 prev_prio=120 prev_state=S ==> next_comm=swapper/0 next_pid=0 next_prio=120
          <idle>-0     [000] ...2   462.738060: sched_switch: prev_comm=swapper/0 prev_pid=0 prev_prio=120 prev_state=R ==> next_comm=ple.kvbenchmark next_pid=3305 next_prio=120
           <...>-3305  [000] ...2   462.738133: sched_switch: prev_comm=ple.kvbenchmark prev_pid=3305 prev_prio=120 prev_state=S ==> next_comm=swapper/0 next_pid=0 next_prio=120
          <idle>-0     [000] ...2   462.739188: sched_switch: prev_comm=swapper/0 prev_pid=0 prev_prio=120 prev_state=R ==> next_comm=ple.kvbenchmark next_pid=3305 next_prio=120
           <...>-3305  [000] ...2   462.739257: sched_switch: prev_comm=ple.kvbenchmark prev_pid=3305 prev_prio=120 prev_state=S ==> next_comm=swapper/0 next_pid=0 next_prio=120
          <idle>-0     [000] ...2   462.740313: sched_switch: prev_comm=swapper/0 prev_pid=0 prev_prio=120 prev_state=R ==> next_comm=ple.kvbenchmark next_pid=3305 next_prio=120
           <...>-3305  [000] ...2   462.740385: sched_switch: prev_comm=ple.kvbenchmark prev_pid=3305 prev_prio=120 prev_state=S ==> next_comm=swapper/0 next_pid=0 next_prio=120
          <idle>-0     [000] ...2   462.741441: sched_switch: prev_comm=swapper/0 prev_pid=0 prev_prio=120 prev_state=R ==> next_comm=ple.kvbenchmark next_pid=3305 next_prio=120
           <...>-3305  [000] ...2   462.741512: sched_switch: prev_comm=ple.kvbenchmark prev_pid=3305 prev_prio=120 prev_state=S ==> next_comm=swapper/0 next_pid=0 next_prio=120
          <idle>-0     [000] ...2   462.742565: sched_switch: prev_comm=swapper/0 prev_pid=0 prev_prio=120 prev_state=R ==> next_comm=ple.kvbenchmark next_pid=3305 next_prio=120
           <...>-3305  [000] ...2   462.742634: sched_switch: prev_comm=ple.kvbenchmark prev_pid=3305 prev_prio=120 prev_state=S ==> next_comm=swapper/0 next_pid=0 next_prio=120
          <idle>-0     [000] ...2   462.743689: sched_switch: prev_comm=swapper/0 prev_pid=0 prev_prio=120 prev_state=R ==> next_comm=ple.kvbenchmark next_pid=3305 next_prio=120
           <...>-3305  [000] ...2   462.743755: sched_switch: prev_comm=ple.kvbenchmark prev_pid=3305 prev_prio=120 prev_state=S ==> next_comm=swapper/0 next_pid=0 next_prio=120
          <idle>-0     [000] ...2   462.744811: sched_switch: prev_comm=swapper/0 prev_pid=0 prev_prio=120 prev_state=R ==> next_comm=ple.kvbenchmark next_pid=3305 next_prio=120
           <...>-3305  [000] ...2   462.744881: sched_switch: prev_comm=ple.kvbenchmark prev_pid=3305 prev_prio=120 prev_state=S ==> next_comm=swapper/0 next_pid=0 next_prio=120
          <idle>-0     [000] ...2   462.745939: sched_switch: prev_comm=swapper/0 prev_pid=0 prev_prio=120 prev_state=R ==> next_comm=ple.kvbenchmark next_pid=3305 next_prio=120
           <...>-3305  [000] ...2   462.746013: sched_switch: prev_comm=ple.kvbenchmark prev_pid=3305 prev_prio=120 prev_state=S ==> next_comm=swapper/0 next_pid=0 next_prio=120
          <idle>-0     [000] ...2   462.747067: sched_switch: prev_comm=swapper/0 prev_pid=0 prev_prio=120 prev_state=R ==> next_comm=ple.kvbenchmark next_pid=3305 next_prio=120
           <...>-3305  [000] ...2   462.747136: sched_switch: prev_comm=ple.kvbenchmark prev_pid=3305 prev_prio=120 prev_state=S ==> next_comm=swapper/0 next_pid=0 next_prio=120
          <idle>-0     [000] ...2   462.747561: sched_switch: prev_comm=swapper/0 prev_pid=0 prev_prio=120 prev_state=R ==> next_comm=kworker/0:1H next_pid=17 next_prio=100
    kworker/0:1H-17    [000] ...2   462.747592: sched_switch: prev_comm=kworker/0:1H prev_pid=17 prev_prio=100 prev_state=D ==> next_comm=kworker/0:0H next_pid=6612 next_prio=100
           <...>-8484  [002] ...2   462.747597: sched_switch: prev_comm=grep prev_pid=8484 prev_prio=120 prev_state=R ==> next_comm=kworker/2:1H next_pid=8394 next_prio=100
           <...>-6612  [000] ...1   462.747598: cpu_frequency_switch_start: start=1190400 end=960000 cpu_id=0
           <...>-8394  [002] ...2   462.747633: sched_switch: prev_comm=kworker/2:1H prev_pid=8394 prev_prio=100 prev_state=D ==> next_comm=kworker/2:2H next_pid=8411 next_prio=100
           <...>-8411  [002] ...1   462.747650: cpu_frequency_switch_start: start=960000 end=2265600 cpu_id=2
           <...>-8411  [002] ...2   462.747663: sched_switch: prev_comm=kworker/2:2H prev_pid=8411 prev_prio=0 prev_state=D ==> next_comm=grep next_pid=8484 next_prio=120
           <...>-6612  [000] ...1   462.747672: cpu_frequency_switch_end: cpu_id=0
           <...>-6612  [000] ...1   462.747675: cpu_frequency: state=960000 cpu_id=0
           <...>-8484  [002] ...2   462.747676: sched_switch: prev_comm=grep prev_pid=8484 prev_prio=120 prev_state=R ==> next_comm=kworker/2:2H next_pid=8411 next_prio=0
           <...>-6612  [000] ...2   462.747703: sched_switch: prev_comm=kworker/0:0H prev_pid=6612 prev_prio=100 prev_state=S ==> next_comm=kworker/0:1H next_pid=17 next_prio=100
    kworker/0:1H-17    [000] ...2   462.747718: sched_switch: prev_comm=kworker/0:1H prev_pid=17 prev_prio=100 prev_state=S ==> next_comm=ksoftirqd/0 next_pid=3 next_prio=120
           <...>-3     [000] ...2   462.747738: sched_switch: prev_comm=ksoftirqd/0 prev_pid=3 prev_prio=120 prev_state=S ==> next_comm=swapper/0 next_pid=0 next_prio=120
           <...>-8411  [002] ...1   462.747752: cpu_frequency_switch_end: cpu_id=2
           <...>-8411  [002] ...1   462.747754: cpu_frequency: state=2265600 cpu_id=2
          <idle>-0     [000] ...2   462.747762: sched_switch: prev_comm=swapper/0 prev_pid=0 prev_prio=120 prev_state=R ==> next_comm=ksoftirqd/0 next_pid=3 next_prio=120
           <...>-8411  [002] ...2   462.747775: sched_switch: prev_comm=kworker/2:2H prev_pid=8411 prev_prio=100 prev_state=S ==> next_comm=kworker/2:1H next_pid=8394 next_prio=100
           <...>-3     [000] ...2   462.747780: sched_switch: prev_comm=ksoftirqd/0 prev_pid=3 prev_prio=120 prev_state=S ==> next_comm=swapper/0 next_pid=0 next_prio=120
           <...>-8394  [002] ...2   462.747784: sched_switch: prev_comm=kworker/2:1H prev_pid=8394 prev_prio=100 prev_state=S ==> next_comm=grep next_pid=8484 next_prio=120
          <idle>-0     [000] ...2   462.747801: sched_switch: prev_comm=swapper/0 prev_pid=0 prev_prio=120 prev_state=R ==> next_comm=ksoftirqd/0 next_pid=3 next_prio=120
           <...>-3     [000] ...2   462.747814: sched_switch: prev_comm=ksoftirqd/0 prev_pid=3 prev_prio=120 prev_state=S ==> next_comm=swapper/0 next_pid=0 next_prio=120
          <idle>-0     [000] ...2   462.748201: sched_switch: prev_comm=swapper/0 prev_pid=0 prev_prio=120 prev_state=R ==> next_comm=ple.kvbenchmark next_pid=3305 next_prio=120
           <...>-3305  [000] ...2   462.748290: sched_switch: prev_comm=ple.kvbenchmark prev_pid=3305 prev_prio=120 prev_state=S ==> next_comm=swapper/0 next_pid=0 next_prio=120
          <idle>-0     [000] ...2   462.749346: sched_switch: prev_comm=swapper/0 prev_pid=0 prev_prio=120 prev_state=R ==> next_comm=ple.kvbenchmark next_pid=3305 next_prio=120
           <...>-3305  [000] ...2   462.749434: sched_switch: prev_comm=ple.kvbenchmark prev_pid=3305 prev_prio=120 prev_state=S ==> next_comm=swapper/0 next_pid=0 next_prio=120
          <idle>-0     [000] ...2   462.750492: sched_switch: prev_comm=swapper/0 prev_pid=0 prev_prio=120 prev_state=R ==> next_comm=ple.kvbenchmark next_pid=3305 next_prio=120
           <...>-3305  [000] ...2   462.750586: sched_switch: prev_comm=ple.kvbenchmark prev_pid=3305 prev_prio=120 prev_state=S ==> next_comm=swapper/0 next_pid=0 next_prio=120
           <...>-8484  [002] ...2   462.751275: sched_switch: prev_comm=grep prev_pid=8484 prev_prio=120 prev_state=R+ ==> next_comm=sh next_pid=8481 next_prio=120
          <idle>-0     [000] ...2   462.751525: sched_switch: prev_comm=swapper/0 prev_pid=0 prev_prio=120 prev_state=R ==> next_comm=adbd next_pid=1861 next_prio=120
            adbd-1861  [000] ...2   462.751960: sched_switch: prev_comm=adbd prev_pid=1861 prev_prio=120 prev_state=S ==> next_comm=adbd next_pid=3167 next_prio=120
           <...>-8481  [002] ...3   462.751979: sched_switch: prev_comm=sh prev_pid=8481 prev_prio=120 prev_state=x ==> next_comm=adbd next_pid=8482 next_prio=120
            adbd-3167  [000] ...2   462.752048: sched_switch: prev_comm=adbd prev_pid=3167 prev_prio=120 prev_state=S ==> next_comm=kworker/0:2 next_pid=98 next_prio=120
     kworker/0:2-98    [000] ...2   462.752065: sched_switch: prev_comm=kworker/0:2 prev_pid=98 prev_prio=120 prev_state=S ==> next_comm=ple.kvbenchmark next_pid=3305 next_prio=120
           <...>-8482  [002] ...3   462.752082: sched_switch: prev_comm=adbd prev_pid=8482 prev_prio=120 prev_state=x ==> next_comm=adbd next_pid=1861 next_prio=120
           <...>-3305  [000] ...2   462.752174: sched_switch: prev_comm=ple.kvbenchmark prev_pid=3305 prev_prio=120 prev_state=S ==> next_comm=grep next_pid=8484 next_prio=120
           <...>-8484  [000] ...3   462.752189: sched_switch: prev_comm=grep prev_pid=8484 prev_prio=120 prev_state=x ==> next_comm=swapper/0 next_pid=0 next_prio=120
            adbd-1861  [002] ...2   462.752209: sched_switch: prev_comm=adbd prev_pid=1861 prev_prio=120 prev_state=S ==> next_comm=swapper/2 next_pid=0 next_prio=120
          <idle>-0     [002] ...2   462.752231: sched_switch: prev_comm=swapper/2 prev_pid=0 prev_prio=120 prev_state=R ==> next_comm=ksoftirqd/2 next_pid=8392 next_prio=120
           <...>-8392  [002] ...2   462.752242: sched_switch: prev_comm=ksoftirqd/2 prev_pid=8392 prev_prio=120 prev_state=S ==> next_comm=swapper/2 next_pid=0 next_prio=120
          <idle>-0     [002] ...2   462.752260: sched_switch: prev_comm=swapper/2 prev_pid=0 prev_prio=120 prev_state=R ==> next_comm=ksoftirqd/2 next_pid=8392 next_prio=120
           <...>-8392  [002] ...2   462.752268: sched_switch: prev_comm=ksoftirqd/2 prev_pid=8392 prev_prio=120 prev_state=S ==> next_comm=swapper/2 next_pid=0 next_prio=120
          <idle>-0     [002] ...2   462.752285: sched_switch: prev_comm=swapper/2 prev_pid=0 prev_prio=120 prev_state=R ==> next_comm=ksoftirqd/2 next_pid=8392 next_prio=120
           <...>-8392  [002] ...2   462.752293: sched_switch: prev_comm=ksoftirqd/2 prev_pid=8392 prev_prio=120 prev_state=S ==> next_comm=swapper/2 next_pid=0 next_prio=120
          <idle>-0     [000] ...2   462.752347: sched_switch: prev_comm=swapper/0 prev_pid=0 prev_prio=120 prev_state=R ==> next_comm=adbd next_pid=3168 next_prio=120
            adbd-3168  [000] ...2   462.752412: sched_switch: prev_comm=adbd prev_pid=3168 prev_prio=120 prev_state=S ==> next_comm=adbd next_pid=1861 next_prio=120
            adbd-1861  [000] ...2   462.752633: sched_switch: prev_comm=adbd prev_pid=1861 prev_prio=120 prev_state=S ==> next_comm=adbd next_pid=3167 next_prio=120
            adbd-3167  [000] ...2   462.752647: sched_switch: prev_comm=adbd prev_pid=3167 prev_prio=120 prev_state=S ==> next_comm=swapper/0 next_pid=0 next_prio=120
          <idle>-0     [000] ...2   462.753216: sched_switch: prev_comm=swapper/0 prev_pid=0 prev_prio=120 prev_state=R ==> next_comm=ple.kvbenchmark next_pid=3305 next_prio=120
           <...>-3305  [000] ...2   462.753299: sched_switch: prev_comm=ple.kvbenchmark prev_pid=3305 prev_prio=120 prev_state=S ==> next_comm=swapper/0 next_pid=0 next_prio=120
          <idle>-0     [000] ...2   462.754353: sched_switch: prev_comm=swapper/0 prev_pid=0 prev_prio=120 prev_state=R ==> next_comm=ple.kvbenchmark next_pid=3305 next_prio=120
           <...>-3305  [000] ...2   462.754428: sched_switch: prev_comm=ple.kvbenchmark prev_pid=3305 prev_prio=120 prev_state=S ==> next_comm=swapper/0 next_pid=0 next_prio=120
          <idle>-0     [000] ...2   462.755482: sched_switch: prev_comm=swapper/0 prev_pid=0 prev_prio=120 prev_state=R ==> next_comm=ple.kvbenchmark next_pid=3305 next_prio=120
           <...>-3305  [000] ...2   462.755558: sched_switch: prev_comm=ple.kvbenchmark prev_pid=3305 prev_prio=120 prev_state=S ==> next_comm=swapper/0 next_pid=0 next_prio=120
          <idle>-0     [000] ...2   462.756613: sched_switch: prev_comm=swapper/0 prev_pid=0 prev_prio=120 prev_state=R ==> next_comm=ple.kvbenchmark next_pid=3305 next_prio=120
           <...>-3305  [000] ...2   462.756687: sched_switch: prev_comm=ple.kvbenchmark prev_pid=3305 prev_prio=120 prev_state=S ==> next_comm=swapper/0 next_pid=0 next_prio=120
          <idle>-0     [000] ...2   462.757560: sched_switch: prev_comm=swapper/0 prev_pid=0 prev_prio=120 prev_state=R ==> next_comm=ksoftirqd/0 next_pid=3 next_prio=120
           <...>-3     [000] ...2   462.757586: sched_switch: prev_comm=ksoftirqd/0 prev_pid=3 prev_prio=120 prev_state=S ==> next_comm=swapper/0 next_pid=0 next_prio=120
          <idle>-0     [000] ...2   462.757609: sched_switch: prev_comm=swapper/0 prev_pid=0 prev_prio=120 prev_state=R ==> next_comm=ksoftirqd/0 next_pid=3 next_prio=120
           <...>-3     [000] ...2   462.757623: sched_switch: prev_comm=ksoftirqd/0 prev_pid=3 prev_prio=120 prev_state=S ==> next_comm=swapper/0 next_pid=0 next_prio=120
          <idle>-0     [000] ...2   462.757644: sched_switch: prev_comm=swapper/0 prev_pid=0 prev_prio=120 prev_state=R ==> next_comm=ksoftirqd/0 next_pid=3 next_prio=120
           <...>-3     [000] ...2   462.757658: sched_switch: prev_comm=ksoftirqd/0 prev_pid=3 prev_prio=120 prev_state=S ==> next_comm=swapper/0 next_pid=0 next_prio=120
          <idle>-0     [000] ...2   462.757748: sched_switch: prev_comm=swapper/0 prev_pid=0 prev_prio=120 prev_state=R ==> next_comm=ple.kvbenchmark next_pid=3305 next_prio=120
           <...>-3305  [000] ...2   462.757826: sched_switch: prev_comm=ple.kvbenchmark prev_pid=3305 prev_prio=120 prev_state=S ==> next_comm=swapper/0 next_pid=0 next_prio=120
          <idle>-0     [000] ...2   462.758879: sched_switch: prev_comm=swapper/0 prev_pid=0 prev_prio=120 prev_state=R ==> next_comm=ple.kvbenchmark next_pid=3305 next_prio=120
           <...>-3305  [000] ...2   462.758959: sched_switch: prev_comm=ple.kvbenchmark prev_pid=3305 prev_prio=120 prev_state=S ==> next_comm=swapper/0 next_pid=0 next_prio=120
          <idle>-0     [000] ...2   462.760012: sched_switch: prev_comm=swapper/0 prev_pid=0 prev_prio=120 prev_state=R ==> next_comm=ple.kvbenchmark next_pid=3305 next_prio=120
           <...>-3305  [000] ...2   462.760087: sched_switch: prev_comm=ple.kvbenchmark prev_pid=3305 prev_prio=120 prev_state=S ==> next_comm=swapper/0 next_pid=0 next_prio=120
          <idle>-0     [000] ...2   462.761140: sched_switch: prev_comm=swapper/0 prev_pid=0 prev_prio=120 prev_state=R ==> next_comm=ple.kvbenchmark next_pid=3305 next_prio=120
           <...>-3305  [000] ...2   462.761215: sched_switch: prev_comm=ple.kvbenchmark prev_pid=3305 prev_prio=120 prev_state=S ==> next_comm=swapper/0 next_pid=0 next_prio=120
          <idle>-0     [000] ...2   462.762269: sched_switch: prev_comm=swapper/0 prev_pid=0 prev_prio=120 prev_state=R ==> next_comm=ple.kvbenchmark next_pid=3305 next_prio=120
           <...>-3305  [000] ...2   462.762343: sched_switch: prev_comm=ple.kvbenchmark prev_pid=3305 prev_prio=120 prev_state=S ==> next_comm=swapper/0 next_pid=0 next_prio=120
          <idle>-0     [000] ...2   462.763396: sched_switch: prev_comm=swapper/0 prev_pid=0 prev_prio=120 prev_state=R ==> next_comm=ple.kvbenchmark next_pid=3305 next_prio=120
           <...>-3305  [000] ...2   462.763474: sched_switch: prev_comm=ple.kvbenchmark prev_pid=3305 prev_prio=120 prev_state=S ==> next_comm=swapper/0 next_pid=0 next_prio=120
          <idle>-0     [000] ...2   462.764528: sched_switch: prev_comm=swapper/0 prev_pid=0 prev_prio=120 prev_state=R ==> next_comm=ple.kvbenchmark next_pid=3305 next_prio=120
           <...>-3305  [000] ...2   462.764604: sched_switch: prev_comm=ple.kvbenchmark prev_pid=3305 prev_prio=120 prev_state=S ==> next_comm=swapper/0 next_pid=0 next_prio=120
          <idle>-0     [000] ...2   462.765658: sched_switch: prev_comm=swapper/0 prev_pid=0 prev_prio=120 prev_state=R ==> next_comm=ple.kvbenchmark next_pid=3305 next_prio=120
           <...>-3305  [000] ...2   462.765732: sched_switch: prev_comm=ple.kvbenchmark prev_pid=3305 prev_prio=120 prev_state=S ==> next_comm=swapper/0 next_pid=0 next_prio=120
          <idle>-0     [000] ...2   462.766786: sched_switch: prev_comm=swapper/0 prev_pid=0 prev_prio=120 prev_state=R ==> next_comm=ple.kvbenchmark next_pid=3305 next_prio=120
           <...>-3305  [000] ...2   462.766860: sched_switch: prev_comm=ple.kvbenchmark prev_pid=3305 prev_prio=120 prev_state=S ==> next_comm=swapper/0 next_pid=0 next_prio=120
          <idle>-0     [000] ...2   462.767557: sched_switch: prev_comm=swapper/0 prev_pid=0 prev_prio=120 prev_state=R ==> next_comm=kworker/u:1 next_pid=21 next_prio=120
           <...>-21    [000] ...2   462.767581: sched_switch: prev_comm=kworker/u:1 prev_pid=21 prev_prio=120 prev_state=S ==> next_comm=mpdecision next_pid=1791 next_prio=113
          <idle>-0     [002] ...2   462.767593: sched_switch: prev_comm=swapper/2 prev_pid=0 prev_prio=120 prev_state=R ==> next_comm=kworker/2:1 next_pid=8393 next_prio=120
           <...>-8393  [002] ...2   462.767597: phonelab_periodic_ctx_switch_marker: BEGIN cpu=2 count=0 log_idx=168
           <...>-8393  [002] ...2   462.767599: phonelab_periodic_ctx_switch_info: cpu=2 pid=8472 tgid=1861 nice=0 comm=adbd utime=0 stime=0 rtime=126771 bg_utime=0 bg_stime=0 bg_rtime=0 s_run=0 s_int=0 s_unint=0 s_oth=1 log_idx=168
           <...>-8393  [002] ...2   462.767601: phonelab_periodic_ctx_switch_info: cpu=2 pid=3314 tgid=3305 nice=0 comm=Heap thread poo utime=0 stime=0 rtime=112657 bg_utime=0 bg_stime=0 bg_rtime=0 s_run=0 s_int=4 s_unint=0 s_oth=0 log_idx=168
           <...>-8393  [002] ...2   462.767602: phonelab_periodic_ctx_switch_info: cpu=2 pid=8481 tgid=8481 nice=0 comm=adbd utime=1 stime=0 rtime=14179115 bg_utime=0 bg_stime=0 bg_rtime=0 s_run=1 s_int=2 s_unint=0 s_oth=1 log_idx=168
           <...>-8393  [002] ...2   462.767603: phonelab_periodic_ctx_switch_info: cpu=2 pid=8471 tgid=8471 nice=0 comm=adbd utime=0 stime=1 rtime=13118696 bg_utime=0 bg_stime=0 bg_rtime=0 s_run=28 s_int=1 s_unint=0 s_oth=1 log_idx=168
           <...>-8393  [002] ...2   462.767604: phonelab_periodic_ctx_switch_info: cpu=2 pid=0 tgid=0 nice=0 comm=swapper/2 utime=0 stime=0 rtime=512350099 bg_utime=0 bg_stime=0 bg_rtime=0 s_run=359 s_int=0 s_unint=0 s_oth=0 log_idx=168
           <...>-8393  [002] ...2   462.767606: phonelab_periodic_ctx_switch_info: cpu=2 pid=8473 tgid=8473 nice=0 comm=adbd utime=0 stime=0 rtime=2870313 bg_utime=0 bg_stime=0 bg_rtime=0 s_run=3 s_int=0 s_unint=0 s_oth=0 log_idx=168
           <...>-8393  [002] ...2   462.767607: phonelab_periodic_ctx_switch_info: cpu=2 pid=3305 tgid=3305 nice=0 comm=ple.kvbenchmark utime=8 stime=13 rtime=205110157 bg_utime=0 bg_stime=0 bg_rtime=0 s_run=18 s_int=19 s_unint=51 s_oth=0 log_idx=168
           <...>-8393  [002] ...2   462.767608: phonelab_periodic_ctx_switch_info: cpu=2 pid=8479 tgid=8479 nice=0 comm=adbd utime=0 stime=1 rtime=14000518 bg_utime=0 bg_stime=0 bg_rtime=0 s_run=28 s_int=1 s_unint=0 s_oth=1 log_idx=168
           <...>-8393  [002] ...2   462.767609: phonelab_periodic_ctx_switch_info: cpu=2 pid=3321 tgid=3305 nice=0 comm=GCDaemon utime=14 stime=5 rtime=188316720 bg_utime=0 bg_stime=0 bg_rtime=0 s_run=25 s_int=55 s_unint=61 s_oth=0 log_idx=168
           <...>-8393  [002] ...2   462.767610: phonelab_periodic_ctx_switch_info: cpu=2 pid=8482 tgid=1861 nice=0 comm=adbd utime=0 stime=0 rtime=103334 bg_utime=0 bg_stime=0 bg_rtime=0 s_run=0 s_int=0 s_unint=0 s_oth=1 log_idx=168
           <...>-8393  [002] ...2   462.767611: phonelab_periodic_ctx_switch_info: cpu=2 pid=8394 tgid=8394 nice=-20 comm=kworker/2:1H utime=0 stime=0 rtime=1086718 bg_utime=0 bg_stime=0 bg_rtime=0 s_run=0 s_int=15 s_unint=12 s_oth=0 log_idx=168
           <...>-8393  [002] ...2   462.767613: phonelab_periodic_ctx_switch_info: cpu=2 pid=21 tgid=21 nice=0 comm=kworker/u:1 utime=0 stime=0 rtime=197500 bg_utime=0 bg_stime=0 bg_rtime=0 s_run=0 s_int=4 s_unint=0 s_oth=0 log_idx=168
           <...>-8393  [002] ...2   462.767614: phonelab_periodic_ctx_switch_info: cpu=2 pid=2655 tgid=2643 nice=0 comm=nelab.conducto utime=0 stime=0 rtime=22292 bg_utime=0 bg_stime=0 bg_rtime=22292 s_run=0 s_int=1 s_unint=0 s_oth=0 log_idx=168
           <...>-8393  [002] ...2   462.767615: phonelab_periodic_ctx_switch_info: cpu=2 pid=8484 tgid=8484 nice=0 comm=sh utime=0 stime=1 rtime=15761927 bg_utime=0 bg_stime=0 bg_rtime=0 s_run=4 s_int=0 s_unint=0 s_oth=0 log_idx=168
           <...>-8393  [002] ...2   462.767616: phonelab_periodic_ctx_switch_info: cpu=2 pid=2592 tgid=2581 nice=0 comm=ndroid.exchang utime=0 stime=0 rtime=24427 bg_utime=0 bg_stime=0 bg_rtime=24427 s_run=0 s_int=1 s_unint=0 s_oth=0 log_idx=168
           <...>-8393  [002] ...2   462.767617: phonelab_periodic_ctx_switch_info: cpu=2 pid=8480 tgid=1861 nice=0 comm=adbd utime=0 stime=0 rtime=185989 bg_utime=0 bg_stime=0 bg_rtime=0 s_run=0 s_int=0 s_unint=0 s_oth=1 log_idx=168
           <...>-8393  [002] ...2   462.767618: phonelab_periodic_ctx_switch_info: cpu=2 pid=8393 tgid=8393 nice=0 comm=kworker/2:1 utime=0 stime=0 rtime=966932 bg_utime=0 bg_stime=0 bg_rtime=0 s_run=1 s_int=56 s_unint=0 s_oth=0 log_idx=168
           <...>-8393  [002] ...2   462.767619: phonelab_periodic_ctx_switch_info: cpu=2 pid=3167 tgid=1861 nice=0 comm=adbd utime=0 stime=1 rtime=1313542 bg_utime=0 bg_stime=0 bg_rtime=0 s_run=1 s_int=24 s_unint=0 s_oth=0 log_idx=168
           <...>-8393  [002] ...2   462.767622: phonelab_periodic_ctx_switch_info: cpu=2 pid=1861 tgid=1861 nice=0 comm=adbd utime=0 stime=0 rtime=9263905 bg_utime=0 bg_stime=0 bg_rtime=0 s_run=0 s_int=27 s_unint=2 s_oth=0 log_idx=168
           <...>-8393  [002] ...2   462.767623: phonelab_periodic_ctx_switch_info: cpu=2 pid=8392 tgid=8392 nice=0 comm=ksoftirqd/2 utime=1 stime=0 rtime=3422346 bg_utime=0 bg_stime=0 bg_rtime=0 s_run=0 s_int=183 s_unint=0 s_oth=0 log_idx=168
           <...>-8393  [002] ...2   462.767624: phonelab_periodic_ctx_switch_info: cpu=2 pid=2606 tgid=2589 nice=0 comm=d.process.acor utime=0 stime=0 rtime=16250 bg_utime=0 bg_stime=0 bg_rtime=16250 s_run=0 s_int=1 s_unint=0 s_oth=0 log_idx=168
           <...>-8393  [002] ...2   462.767625: phonelab_periodic_ctx_switch_info: cpu=2 pid=3313 tgid=3305 nice=0 comm=Heap thread poo utime=0 stime=0 rtime=2524948 bg_utime=0 bg_stime=0 bg_rtime=0 s_run=0 s_int=20 s_unint=3 s_oth=0 log_idx=168
           <...>-8393  [002] ...2   462.767627: phonelab_periodic_ctx_switch_info: cpu=2 pid=3211 tgid=3204 nice=0 comm=android.musicf utime=0 stime=0 rtime=25104 bg_utime=0 bg_stime=0 bg_rtime=25104 s_run=0 s_int=1 s_unint=0 s_oth=0 log_idx=168
           <...>-8393  [002] ...2   462.767628: phonelab_periodic_ctx_switch_info: cpu=2 pid=8478 tgid=1861 nice=0 comm=adbd utime=0 stime=0 rtime=190833 bg_utime=0 bg_stime=0 bg_rtime=0 s_run=1 s_int=0 s_unint=0 s_oth=1 log_idx=168
           <...>-8393  [002] ...2   462.767629: phonelab_periodic_ctx_switch_info: cpu=2 pid=8477 tgid=8477 nice=0 comm=adbd utime=1 stime=0 rtime=13671304 bg_utime=0 bg_stime=0 bg_rtime=0 s_run=4 s_int=1 s_unint=0 s_oth=1 log_idx=168
           <...>-8393  [002] ...2   462.767630: phonelab_periodic_ctx_switch_info: cpu=2 pid=8411 tgid=8411 nice=-20 comm=kworker/2:2H utime=0 stime=0 rtime=976874 bg_utime=0 bg_stime=0 bg_rtime=0 s_run=0 s_int=12 s_unint=1 s_oth=0 log_idx=168
           <...>-8393  [002] ...2   462.767639: phonelab_periodic_ctx_switch_marker: END cpu=2 count=26 log_idx=168
           <...>-8393  [002] ...2   462.767643: phonelab_timing: func=periodic_ctx_switch_info time=45364ns cpu=2
           <...>-8393  [002] ...2   462.767649: sched_switch: prev_comm=kworker/2:1 prev_pid=8393 prev_prio=120 prev_state=S ==> next_comm=ksoftirqd/2 next_pid=8392 next_prio=120
           <...>-8392  [002] ...2   462.767660: sched_switch: prev_comm=ksoftirqd/2 prev_pid=8392 prev_prio=120 prev_state=S ==> next_comm=swapper/2 next_pid=0 next_prio=120
          <idle>-0     [002] ...2   462.767678: sched_switch: prev_comm=swapper/2 prev_pid=0 prev_prio=120 prev_state=R ==> next_comm=ksoftirqd/2 next_pid=8392 next_prio=120
           <...>-8392  [002] ...2   462.767688: sched_switch: prev_comm=ksoftirqd/2 prev_pid=8392 prev_prio=120 prev_state=S ==> next_comm=swapper/2 next_pid=0 next_prio=120
          <idle>-0     [002] ...2   462.767703: sched_switch: prev_comm=swapper/2 prev_pid=0 prev_prio=120 prev_state=R ==> next_comm=ksoftirqd/2 next_pid=8392 next_prio=120
           <...>-8392  [002] ...2   462.767713: sched_switch: prev_comm=ksoftirqd/2 prev_pid=8392 prev_prio=120 prev_state=S ==> next_comm=swapper/2 next_pid=0 next_prio=120
      mpdecision-1791  [000] ...2   462.768013: sched_switch: prev_comm=mpdecision prev_pid=1791 prev_prio=113 prev_state=R+ ==> next_comm=kthreadd next_pid=2 next_prio=98
          traced-202   [001] ...2   462.768060: sched_switch: prev_comm=traced prev_pid=202 prev_prio=120 prev_state=R ==> next_comm=kthreadd next_pid=8485 next_prio=98
           <...>-2     [000] ...2   462.768065: sched_switch: prev_comm=kthreadd prev_pid=2 prev_prio=98 prev_state=S ==> next_comm=mpdecision next_pid=1791 next_prio=113
           <...>-8485  [001] ...2   462.768068: sched_switch: prev_comm=kthreadd prev_pid=8485 prev_prio=98 prev_state=D ==> next_comm=traced next_pid=202 next_prio=120
      mpdecision-1791  [000] ...2   462.768090: sched_switch: prev_comm=mpdecision prev_pid=1791 prev_prio=113 prev_state=R+ ==> next_comm=kthreadd next_pid=2 next_prio=98
          traced-202   [001] ...2   462.768125: sched_switch: prev_comm=traced prev_pid=202 prev_prio=120 prev_state=R ==> next_comm=kthreadd next_pid=8486 next_prio=98
           <...>-2     [000] ...2   462.768130: sched_switch: prev_comm=kthreadd prev_pid=2 prev_prio=98 prev_state=S ==> next_comm=mpdecision next_pid=1791 next_prio=113
           <...>-8486  [001] ...2   462.768132: sched_switch: prev_comm=kthreadd prev_pid=8486 prev_prio=98 prev_state=D ==> next_comm=traced next_pid=202 next_prio=120
      mpdecision-1791  [000] ...2   462.768151: sched_switch: prev_comm=mpdecision prev_pid=1791 prev_prio=113 prev_state=R+ ==> next_comm=kthreadd next_pid=2 next_prio=98
          traced-202   [001] ...2   462.768182: sched_switch: prev_comm=traced prev_pid=202 prev_prio=120 prev_state=R ==> next_comm=kthreadd next_pid=8487 next_prio=98
           <...>-2     [000] ...2   462.768187: sched_switch: prev_comm=kthreadd prev_pid=2 prev_prio=98 prev_state=S ==> next_comm=mpdecision next_pid=1791 next_prio=113
           <...>-8487  [001] ...2   462.768188: sched_switch: prev_comm=kthreadd prev_pid=8487 prev_prio=98 prev_state=D ==> next_comm=traced next_pid=202 next_prio=120
      mpdecision-1791  [000] ...2   462.768212: sched_switch: prev_comm=mpdecision prev_pid=1791 prev_prio=113 prev_state=D ==> next_comm=ksoftirqd/0 next_pid=3 next_prio=120
          <idle>-0     [002] ...2   462.768214: sched_switch: prev_comm=swapper/2 prev_pid=0 prev_prio=120 prev_state=R ==> next_comm=workqueue_trust next_pid=8485 next_prio=120
           <...>-3     [000] ...2   462.768221: sched_switch: prev_comm=ksoftirqd/0 prev_pid=3 prev_prio=120 prev_state=S ==> next_comm=ple.kvbenchmark next_pid=3305 next_prio=120
           <...>-3305  [000] ...2   462.768231: sched_switch: prev_comm=ple.kvbenchmark prev_pid=3305 prev_prio=120 prev_state=R ==> next_comm=mpdecision next_pid=1791 next_prio=113
           <...>-8485  [002] ...2   462.768234: sched_switch: prev_comm=workqueue_trust prev_pid=8485 prev_prio=120 prev_state=D ==> next_comm=swapper/2 next_pid=0 next_prio=120
      mpdecision-1791  [000] ...1   462.768367: phonelab_periodic_warning_cpu: warning=notify_down cpu=0
      mpdecision-1791  [000] ...1   462.768382: phonelab_periodic_warning_cpu: warning=destroy_periodic_work cpu=2
          traced-202   [001] ...2   462.768523: sched_switch: prev_comm=traced prev_pid=202 prev_prio=120 prev_state=R ==> next_comm=migration/1 next_pid=6171 next_prio=0
      mpdecision-1791  [000] ...2   462.768528: sched_switch: prev_comm=mpdecision prev_pid=1791 prev_prio=113 prev_state=R+ ==> next_comm=migration/0 next_pid=8 next_prio=0
          <idle>-0     [002] ...2   462.768532: sched_switch: prev_comm=swapper/2 prev_pid=0 prev_prio=120 prev_state=R ==> next_comm=migration/2 next_pid=8389 next_prio=0
     migration/1-6171  [001] ...2   462.769054: sched_switch: prev_comm=migration/1 prev_pid=6171 prev_prio=0 prev_state=S ==> next_comm=traced next_pid=202 next_prio=120
           <...>-8389  [002] ...2   462.769055: sched_switch: prev_comm=migration/2 prev_pid=8389 prev_prio=0 prev_state=S ==> next_comm=swapper/2 next_pid=0 next_prio=120
     migration/0-8     [000] ...2   462.769055: sched_switch: prev_comm=migration/0 prev_pid=8 prev_prio=0 prev_state=S ==> next_comm=mpdecision next_pid=1791 next_prio=113
      mpdecision-1791  [000] ...2   462.769583: sched_switch: prev_comm=mpdecision prev_pid=1791 prev_prio=113 prev_state=R+ ==> next_comm=ksoftirqd/2 next_pid=8392 next_prio=0
           <...>-8392  [000] ...3   462.769667: sched_switch: prev_comm=ksoftirqd/2 prev_pid=8392 prev_prio=0 prev_state=x ==> next_comm=mpdecision next_pid=1791 next_prio=113
      mpdecision-1791  [000] ...1   462.769920: sched_cpu_hotplug: cpu 2 offline error=0
      mpdecision-1791  [000] ...2   462.769937: sched_switch: prev_comm=mpdecision prev_pid=1791 prev_prio=113 prev_state=R+ ==> next_comm=migration/2 next_pid=8389 next_prio=0
           <...>-8389  [000] ...3   462.769996: sched_switch: prev_comm=migration/2 prev_pid=8389 prev_prio=0 prev_state=x ==> next_comm=mpdecision next_pid=1791 next_prio=113
          traced-202   [001] ...2   462.770017: sched_switch: prev_comm=traced prev_pid=202 prev_prio=120 prev_state=R ==> next_comm=kworker/2:2 next_pid=8486 next_prio=120
      mpdecision-1791  [000] ...2   462.770020: sched_switch: prev_comm=mpdecision prev_pid=1791 prev_prio=113 prev_state=D ==> next_comm=ple.kvbenchmark next_pid=3305 next_prio=120
           <...>-8486  [001] ...3   462.770044: sched_switch: prev_comm=kworker/2:2 prev_pid=8486 prev_prio=120 prev_state=x ==> next_comm=traced next_pid=202 next_prio=120
           <...>-3305  [000] ...2   462.770151: sched_switch: prev_comm=ple.kvbenchmark prev_pid=3305 prev_prio=120 prev_state=S ==> next_comm=ksoftirqd/0 next_pid=3 next_prio=120
           <...>-3     [000] ...2   462.770165: sched_switch: prev_comm=ksoftirqd/0 prev_pid=3 prev_prio=120 prev_state=S ==> next_comm=mpdecision next_pid=1791 next_prio=113
          traced-202   [001] ...2   462.770183: sched_switch: prev_comm=traced prev_pid=202 prev_prio=120 prev_state=R ==> next_comm=kworker/2:3H next_pid=8487 next_prio=100
           <...>-8487  [001] ...3   462.770206: sched_switch: prev_comm=kworker/2:3H prev_pid=8487 prev_prio=100 prev_state=x ==> next_comm=traced next_pid=202 next_prio=120
      mpdecision-1791  [000] ...1   462.770207: phonelab_num_online_cpus: num_online_cpus=2
      mpdecision-1791  [000] ...2   462.770462: sched_switch: prev_comm=mpdecision prev_pid=1791 prev_prio=113 prev_state=S ==> next_comm=mpdecision next_pid=1781 next_prio=113
           <...>-1781  [000] ...2   462.770507: sched_switch: prev_comm=mpdecision prev_pid=1781 prev_prio=113 prev_state=S ==> next_comm=bridgemgrd next_pid=1703 next_prio=120
           <...>-1703  [000] ...2   462.770574: sched_switch: prev_comm=bridgemgrd prev_pid=1703 prev_prio=120 prev_state=S ==> next_comm=UEventObserver next_pid=797 next_prio=120
           <...>-797   [000] ...2   462.770619: sched_switch: prev_comm=UEventObserver prev_pid=797 prev_prio=120 prev_state=S ==> next_comm=system_server next_pid=790 next_prio=118
           <...>-790   [000] ...2   462.770645: sched_switch: prev_comm=system_server prev_pid=790 prev_prio=118 prev_state=S ==> next_comm=netd next_pid=525 next_prio=120
           <...>-525   [000] ...2   462.770709: sched_switch: prev_comm=netd prev_pid=525 prev_prio=120 prev_state=S ==> next_comm=healthd next_pid=170 next_prio=120
           <...>-170   [000] ...2   462.770748: sched_switch: prev_comm=healthd prev_pid=170 prev_prio=120 prev_state=S ==> next_comm=hwcUeventThread next_pid=284 next_prio=112
           <...>-284   [000] ...2   462.770802: sched_switch: prev_comm=hwcUeventThread prev_pid=284 prev_prio=112 prev_state=S ==> next_comm=vold next_pid=236 next_prio=120
           <...>-236   [000] ...2   462.770856: sched_switch: prev_comm=vold prev_pid=236 prev_prio=120 prev_state=S ==> next_comm=ueventd next_pid=127 next_prio=120
           <...>-127   [000] ...2   462.770894: sched_switch: prev_comm=ueventd prev_pid=127 prev_prio=120 prev_state=S ==> next_comm=bridgemgrd next_pid=566 next_prio=120
           <...>-566   [000] ...2   462.770927: sched_switch: prev_comm=bridgemgrd prev_pid=566 prev_prio=120 prev_state=S ==> next_comm=swapper/0 next_pid=0 next_prio=120
          <idle>-0     [000] ...2   462.770950: sched_switch: prev_comm=swapper/0 prev_pid=0 prev_prio=120 prev_state=R ==> next_comm=ksoftirqd/0 next_pid=3 next_prio=120
           <...>-3     [000] ...2   462.770967: sched_switch: prev_comm=ksoftirqd/0 prev_pid=3 prev_prio=120 prev_state=S ==> next_comm=swapper/0 next_pid=0 next_prio=120
          <idle>-0     [000] ...2   462.770986: sched_switch: prev_comm=swapper/0 prev_pid=0 prev_prio=120 prev_state=R ==> next_comm=ksoftirqd/0 next_pid=3 next_prio=120
           <...>-3     [000] ...2   462.770999: sched_switch: prev_comm=ksoftirqd/0 prev_pid=3 prev_prio=120 prev_state=S ==> next_comm=swapper/0 next_pid=0 next_prio=120
          <idle>-0     [000] ...2   462.771209: sched_switch: prev_comm=swapper/0 prev_pid=0 prev_prio=120 prev_state=R ==> next_comm=ple.kvbenchmark next_pid=3305 next_prio=120
           <...>-3305  [000] ...2   462.771291: sched_switch: prev_comm=ple.kvbenchmark prev_pid=3305 prev_prio=120 prev_state=S ==> next_comm=swapper/0 next_pid=0 next_prio=120
          <idle>-0     [000] ...2   462.772346: sched_switch: prev_comm=swapper/0 prev_pid=0 prev_prio=120 prev_state=R ==> next_comm=ple.kvbenchmark next_pid=3305 next_prio=120
           <...>-3305  [000] ...2   462.772422: sched_switch: prev_comm=ple.kvbenchmark prev_pid=3305 prev_prio=120 prev_state=S ==> next_comm=swapper/0 next_pid=0 next_prio=120
          <idle>-0     [000] ...2   462.773477: sched_switch: prev_comm=swapper/0 prev_pid=0 prev_prio=120 prev_state=R ==> next_comm=ple.kvbenchmark next_pid=3305 next_prio=120
           <...>-3305  [000] ...2   462.773551: sched_switch: prev_comm=ple.kvbenchmark prev_pid=3305 prev_prio=120 prev_state=S ==> next_comm=swapper/0 next_pid=0 next_prio=120
