           <...>-3     [000] ...2   286.042295: sched_switch: prev_comm=ksoftirqd/0 prev_pid=3 prev_prio=120 prev_state=S ==> next_comm=swapper/0 next_pid=0 next_prio=120
          <idle>-0     [000] ...2   286.042308: sched_switch: prev_comm=swapper/0 prev_pid=0 prev_prio=120 prev_state=R ==> next_comm=ksoftirqd/0 next_pid=3 next_prio=120
           <...>-3     [000] ...2   286.042316: sched_switch: prev_comm=ksoftirqd/0 prev_pid=3 prev_prio=120 prev_state=S ==> next_comm=swapper/0 next_pid=0 next_prio=120
          <idle>-0     [000] ...2   286.042330: sched_switch: prev_comm=swapper/0 prev_pid=0 prev_prio=120 prev_state=R ==> next_comm=ksoftirqd/0 next_pid=3 next_prio=120
           <...>-3     [000] ...2   286.042337: sched_switch: prev_comm=ksoftirqd/0 prev_pid=3 prev_prio=120 prev_state=S ==> next_comm=swapper/0 next_pid=0 next_prio=120
          <idle>-0     [000] ...2   286.043329: sched_switch: prev_comm=swapper/0 prev_pid=0 prev_prio=120 prev_state=R ==> next_comm=ple.kvbenchmark next_pid=4317 next_prio=120
           <...>-4317  [000] ...2   286.043376: sched_switch: prev_comm=ple.kvbenchmark prev_pid=4317 prev_prio=120 prev_state=S ==> next_comm=swapper/0 next_pid=0 next_prio=120
          <idle>-0     [000] ...2   286.044430: sched_switch: prev_comm=swapper/0 prev_pid=0 prev_prio=120 prev_state=R ==> next_comm=ple.kvbenchmark next_pid=4317 next_prio=120
           <...>-4317  [000] ...2   286.044476: sched_switch: prev_comm=ple.kvbenchmark prev_pid=4317 prev_prio=120 prev_state=S ==> next_comm=swapper/0 next_pid=0 next_prio=120
          <idle>-0     [000] ...2   286.045530: sched_switch: prev_comm=swapper/0 prev_pid=0 prev_prio=120 prev_state=R ==> next_comm=ple.kvbenchmark next_pid=4317 next_prio=120
           <...>-4317  [000] ...2   286.045666: sched_switch: prev_comm=ple.kvbenchmark prev_pid=4317 prev_prio=120 prev_state=S ==> next_comm=swapper/0 next_pid=0 next_prio=120
          <idle>-0     [000] ...2   286.046720: sched_switch: prev_comm=swapper/0 prev_pid=0 prev_prio=120 prev_state=R ==> next_comm=ple.kvbenchmark next_pid=4317 next_prio=120
           <...>-4317  [000] ...2   286.046839: sched_switch: prev_comm=ple.kvbenchmark prev_pid=4317 prev_prio=120 prev_state=S ==> next_comm=swapper/0 next_pid=0 next_prio=120
          <idle>-0     [000] ...2   286.047893: sched_switch: prev_comm=swapper/0 prev_pid=0 prev_prio=120 prev_state=R ==> next_comm=ple.kvbenchmark next_pid=4317 next_prio=120
           <...>-4317  [000] ...2   286.047937: sched_switch: prev_comm=ple.kvbenchmark prev_pid=4317 prev_prio=120 prev_state=S ==> next_comm=swapper/0 next_pid=0 next_prio=120
          <idle>-0     [000] ...2   286.048991: sched_switch: prev_comm=swapper/0 prev_pid=0 prev_prio=120 prev_state=R ==> next_comm=ple.kvbenchmark next_pid=4317 next_prio=120
           <...>-4317  [000] ...2   286.049035: sched_switch: prev_comm=ple.kvbenchmark prev_pid=4317 prev_prio=120 prev_state=S ==> next_comm=swapper/0 next_pid=0 next_prio=120
          <idle>-0     [000] ...2   286.050090: sched_switch: prev_comm=swapper/0 prev_pid=0 prev_prio=120 prev_state=R ==> next_comm=ple.kvbenchmark next_pid=4317 next_prio=120
           <...>-4317  [000] ...2   286.050135: sched_switch: prev_comm=ple.kvbenchmark prev_pid=4317 prev_prio=120 prev_state=S ==> next_comm=swapper/0 next_pid=0 next_prio=120
          <idle>-0     [000] ...2   286.051189: sched_switch: prev_comm=swapper/0 prev_pid=0 prev_prio=120 prev_state=R ==> next_comm=ple.kvbenchmark next_pid=4317 next_prio=120
           <...>-4317  [000] ...2   286.051319: sched_switch: prev_comm=ple.kvbenchmark prev_pid=4317 prev_prio=120 prev_state=S ==> next_comm=swapper/0 next_pid=0 next_prio=120
          <idle>-0     [000] ...2   286.052005: sched_switch: prev_comm=swapper/0 prev_pid=0 prev_prio=120 prev_state=R ==> next_comm=ksoftirqd/0 next_pid=3 next_prio=120
           <...>-3     [000] ...2   286.052013: sched_switch: prev_comm=ksoftirqd/0 prev_pid=3 prev_prio=120 prev_state=S ==> next_comm=swapper/0 next_pid=0 next_prio=120
          <idle>-0     [000] ...2   286.052025: sched_switch: prev_comm=swapper/0 prev_pid=0 prev_prio=120 prev_state=R ==> next_comm=ksoftirqd/0 next_pid=3 next_prio=120
           <...>-3     [000] ...2   286.052033: sched_switch: prev_comm=ksoftirqd/0 prev_pid=3 prev_prio=120 prev_state=S ==> next_comm=swapper/0 next_pid=0 next_prio=120
          <idle>-0     [000] ...2   286.052045: sched_switch: prev_comm=swapper/0 prev_pid=0 prev_prio=120 prev_state=R ==> next_comm=ksoftirqd/0 next_pid=3 next_prio=120
           <...>-3     [000] ...2   286.052052: sched_switch: prev_comm=ksoftirqd/0 prev_pid=3 prev_prio=120 prev_state=S ==> next_comm=swapper/0 next_pid=0 next_prio=120
          <idle>-0     [000] ...2   286.052377: sched_switch: prev_comm=swapper/0 prev_pid=0 prev_prio=120 prev_state=R ==> next_comm=ple.kvbenchmark next_pid=4317 next_prio=120
           <...>-4317  [000] ...2   286.052423: sched_switch: prev_comm=ple.kvbenchmark prev_pid=4317 prev_prio=120 prev_state=S ==> next_comm=swapper/0 next_pid=0 next_prio=120
          <idle>-0     [000] ...2   286.053477: sched_switch: prev_comm=swapper/0 prev_pid=0 prev_prio=120 prev_state=R ==> next_comm=ple.kvbenchmark next_pid=4317 next_prio=120
           <...>-4317  [000] ...2   286.053608: sched_switch: prev_comm=ple.kvbenchmark prev_pid=4317 prev_prio=120 prev_state=S ==> next_comm=swapper/0 next_pid=0 next_prio=120
          <idle>-0     [000] ...2   286.054663: sched_switch: prev_comm=swapper/0 prev_pid=0 prev_prio=120 prev_state=R ==> next_comm=ple.kvbenchmark next_pid=4317 next_prio=120
           <...>-4317  [000] ...2   286.054780: sched_switch: prev_comm=ple.kvbenchmark prev_pid=4317 prev_prio=120 prev_state=S ==> next_comm=swapper/0 next_pid=0 next_prio=120
          <idle>-0     [000] ...2   286.055834: sched_switch: prev_comm=swapper/0 prev_pid=0 prev_prio=120 prev_state=R ==> next_comm=ple.kvbenchmark next_pid=4317 next_prio=120
           <...>-4317  [000] ...2   286.055876: sched_switch: prev_comm=ple.kvbenchmark prev_pid=4317 prev_prio=120 prev_state=S ==> next_comm=swapper/0 next_pid=0 next_prio=120
          <idle>-0     [000] ...2   286.056930: sched_switch: prev_comm=swapper/0 prev_pid=0 prev_prio=120 prev_state=R ==> next_comm=ple.kvbenchmark next_pid=4317 next_prio=120
           <...>-4317  [000] ...2   286.057054: sched_switch: prev_comm=ple.kvbenchmark prev_pid=4317 prev_prio=120 prev_state=S ==> next_comm=swapper/0 next_pid=0 next_prio=120
          <idle>-0     [000] ...2   286.058108: sched_switch: prev_comm=swapper/0 prev_pid=0 prev_prio=120 prev_state=R ==> next_comm=ple.kvbenchmark next_pid=4317 next_prio=120
           <...>-4317  [000] ...2   286.058153: sched_switch: prev_comm=ple.kvbenchmark prev_pid=4317 prev_prio=120 prev_state=S ==> next_comm=swapper/0 next_pid=0 next_prio=120
          <idle>-0     [000] ...2   286.059208: sched_switch: prev_comm=swapper/0 prev_pid=0 prev_prio=120 prev_state=R ==> next_comm=ple.kvbenchmark next_pid=4317 next_prio=120
           <...>-4317  [000] ...2   286.059252: sched_switch: prev_comm=ple.kvbenchmark prev_pid=4317 prev_prio=120 prev_state=S ==> next_comm=swapper/0 next_pid=0 next_prio=120
          <idle>-0     [000] ...2   286.060306: sched_switch: prev_comm=swapper/0 prev_pid=0 prev_prio=120 prev_state=R ==> next_comm=ple.kvbenchmark next_pid=4317 next_prio=120
           <...>-4317  [000] ...2   286.060352: sched_switch: prev_comm=ple.kvbenchmark prev_pid=4317 prev_prio=120 prev_state=S ==> next_comm=swapper/0 next_pid=0 next_prio=120
          <idle>-0     [000] ...2   286.061406: sched_switch: prev_comm=swapper/0 prev_pid=0 prev_prio=120 prev_state=R ==> next_comm=ple.kvbenchmark next_pid=4317 next_prio=120
           <...>-4317  [000] ...2   286.061449: sched_switch: prev_comm=ple.kvbenchmark prev_pid=4317 prev_prio=120 prev_state=S ==> next_comm=swapper/0 next_pid=0 next_prio=120
          <idle>-0     [000] ...2   286.061543: sched_switch: prev_comm=swapper/0 prev_pid=0 prev_prio=120 prev_state=R ==> next_comm=kworker/u:1 next_pid=21 next_prio=120
          traced-201   [001] ...2   286.061582: sched_switch: prev_comm=traced prev_pid=201 prev_prio=120 prev_state=R ==> next_comm=sensors.qcom next_pid=859 next_prio=120
     kworker/u:1-21    [000] ...2   286.061585: sched_switch: prev_comm=kworker/u:1 prev_pid=21 prev_prio=120 prev_state=S ==> next_comm=kworker/u:0 next_pid=6 next_prio=120
     kworker/u:0-6     [000] ...2   286.061596: sched_switch: prev_comm=kworker/u:0 prev_pid=6 prev_prio=120 prev_state=S ==> next_comm=swapper/0 next_pid=0 next_prio=120
          <idle>-0     [000] ...2   286.061646: sched_switch: prev_comm=swapper/0 prev_pid=0 prev_prio=120 prev_state=R ==> next_comm=sensors.qcom next_pid=714 next_prio=120
    sensors.qcom-859   [001] ...2   286.061648: sched_switch: prev_comm=sensors.qcom prev_pid=859 prev_prio=120 prev_state=S ==> next_comm=traced next_pid=201 next_prio=120
    sensors.qcom-714   [000] ...2   286.061689: sched_switch: prev_comm=sensors.qcom prev_pid=714 prev_prio=120 prev_state=S ==> next_comm=system_server next_pid=737 next_prio=118
   system_server-737   [000] ...2   286.061803: sched_switch: prev_comm=system_server prev_pid=737 prev_prio=118 prev_state=S ==> next_comm=system_server next_pid=741 next_prio=118
   system_server-741   [000] ...2   286.061823: sched_switch: prev_comm=system_server prev_pid=741 prev_prio=118 prev_state=S ==> next_comm=swapper/0 next_pid=0 next_prio=120
          <idle>-0     [000] ...2   286.062008: sched_switch: prev_comm=swapper/0 prev_pid=0 prev_prio=120 prev_state=R ==> next_comm=ksoftirqd/0 next_pid=3 next_prio=120
           <...>-3     [000] ...2   286.062029: sched_switch: prev_comm=ksoftirqd/0 prev_pid=3 prev_prio=120 prev_state=S ==> next_comm=swapper/0 next_pid=0 next_prio=120
          <idle>-0     [000] ...2   286.062041: sched_switch: prev_comm=swapper/0 prev_pid=0 prev_prio=120 prev_state=R ==> next_comm=ksoftirqd/0 next_pid=3 next_prio=120
           <...>-3     [000] ...2   286.062049: sched_switch: prev_comm=ksoftirqd/0 prev_pid=3 prev_prio=120 prev_state=S ==> next_comm=swapper/0 next_pid=0 next_prio=120
          <idle>-0     [000] ...2   286.062060: sched_switch: prev_comm=swapper/0 prev_pid=0 prev_prio=120 prev_state=R ==> next_comm=ksoftirqd/0 next_pid=3 next_prio=120
           <...>-3     [000] ...2   286.062068: sched_switch: prev_comm=ksoftirqd/0 prev_pid=3 prev_prio=120 prev_state=S ==> next_comm=swapper/0 next_pid=0 next_prio=120
          <idle>-0     [000] ...2   286.062080: sched_switch: prev_comm=swapper/0 prev_pid=0 prev_prio=120 prev_state=R ==> next_comm=ksoftirqd/0 next_pid=3 next_prio=120
           <...>-3     [000] ...2   286.062085: sched_switch: prev_comm=ksoftirqd/0 prev_pid=3 prev_prio=120 prev_state=S ==> next_comm=swapper/0 next_pid=0 next_prio=120
          <idle>-0     [000] ...2   286.062097: sched_switch: prev_comm=swapper/0 prev_pid=0 prev_prio=120 prev_state=R ==> next_comm=ksoftirqd/0 next_pid=3 next_prio=120
           <...>-3     [000] ...2   286.062103: sched_switch: prev_comm=ksoftirqd/0 prev_pid=3 prev_prio=120 prev_state=S ==> next_comm=swapper/0 next_pid=0 next_prio=120
          <idle>-0     [000] ...2   286.062114: sched_switch: prev_comm=swapper/0 prev_pid=0 prev_prio=120 prev_state=R ==> next_comm=ksoftirqd/0 next_pid=3 next_prio=120
           <...>-3     [000] ...2   286.062120: sched_switch: prev_comm=ksoftirqd/0 prev_pid=3 prev_prio=120 prev_state=S ==> next_comm=swapper/0 next_pid=0 next_prio=120
          <idle>-0     [000] ...2   286.062506: sched_switch: prev_comm=swapper/0 prev_pid=0 prev_prio=120 prev_state=R ==> next_comm=ple.kvbenchmark next_pid=4317 next_prio=120
           <...>-4317  [000] ...2   286.062664: sched_switch: prev_comm=ple.kvbenchmark prev_pid=4317 prev_prio=120 prev_state=S ==> next_comm=swapper/0 next_pid=0 next_prio=120
          <idle>-0     [000] ...2   286.063721: sched_switch: prev_comm=swapper/0 prev_pid=0 prev_prio=120 prev_state=R ==> next_comm=ple.kvbenchmark next_pid=4317 next_prio=120
           <...>-4317  [000] ...2   286.063840: sched_switch: prev_comm=ple.kvbenchmark prev_pid=4317 prev_prio=120 prev_state=S ==> next_comm=swapper/0 next_pid=0 next_prio=120
          <idle>-0     [000] ...2   286.064894: sched_switch: prev_comm=swapper/0 prev_pid=0 prev_prio=120 prev_state=R ==> next_comm=ple.kvbenchmark next_pid=4317 next_prio=120
           <...>-4317  [000] ...2   286.065007: sched_switch: prev_comm=ple.kvbenchmark prev_pid=4317 prev_prio=120 prev_state=S ==> next_comm=swapper/0 next_pid=0 next_prio=120
          <idle>-0     [000] ...2   286.066061: sched_switch: prev_comm=swapper/0 prev_pid=0 prev_prio=120 prev_state=R ==> next_comm=ple.kvbenchmark next_pid=4317 next_prio=120
           <...>-4317  [000] ...2   286.066185: sched_switch: prev_comm=ple.kvbenchmark prev_pid=4317 prev_prio=120 prev_state=S ==> next_comm=swapper/0 next_pid=0 next_prio=120
          <idle>-0     [000] ...2   286.067240: sched_switch: prev_comm=swapper/0 prev_pid=0 prev_prio=120 prev_state=R ==> next_comm=ple.kvbenchmark next_pid=4317 next_prio=120
           <...>-4317  [000] ...2   286.067354: sched_switch: prev_comm=ple.kvbenchmark prev_pid=4317 prev_prio=120 prev_state=S ==> next_comm=swapper/0 next_pid=0 next_prio=120
          <idle>-0     [000] ...2   286.068408: sched_switch: prev_comm=swapper/0 prev_pid=0 prev_prio=120 prev_state=R ==> next_comm=ple.kvbenchmark next_pid=4317 next_prio=120
           <...>-4317  [000] ...2   286.068452: sched_switch: prev_comm=ple.kvbenchmark prev_pid=4317 prev_prio=120 prev_state=S ==> next_comm=swapper/0 next_pid=0 next_prio=120
          <idle>-0     [000] ...2   286.069506: sched_switch: prev_comm=swapper/0 prev_pid=0 prev_prio=120 prev_state=R ==> next_comm=ple.kvbenchmark next_pid=4317 next_prio=120
           <...>-4317  [000] ...2   286.069636: sched_switch: prev_comm=ple.kvbenchmark prev_pid=4317 prev_prio=120 prev_state=S ==> next_comm=swapper/0 next_pid=0 next_prio=120
          <idle>-0     [000] ...2   286.070690: sched_switch: prev_comm=swapper/0 prev_pid=0 prev_prio=120 prev_state=R ==> next_comm=ple.kvbenchmark next_pid=4317 next_prio=120
           <...>-4317  [000] ...2   286.070811: sched_switch: prev_comm=ple.kvbenchmark prev_pid=4317 prev_prio=120 prev_state=S ==> next_comm=swapper/0 next_pid=0 next_prio=120
          <idle>-0     [000] ...2   286.071864: sched_switch: prev_comm=swapper/0 prev_pid=0 prev_prio=120 prev_state=R ==> next_comm=ple.kvbenchmark next_pid=4317 next_prio=120
           <...>-4317  [000] ...2   286.072005: sched_switch: prev_comm=ple.kvbenchmark prev_pid=4317 prev_prio=120 prev_state=S ==> next_comm=swapper/0 next_pid=0 next_prio=120
          <idle>-0     [000] ...2   286.072019: sched_switch: prev_comm=swapper/0 prev_pid=0 prev_prio=120 prev_state=R ==> next_comm=ksoftirqd/0 next_pid=3 next_prio=120
           <...>-3     [000] ...2   286.072026: sched_switch: prev_comm=ksoftirqd/0 prev_pid=3 prev_prio=120 prev_state=S ==> next_comm=swapper/0 next_pid=0 next_prio=120
          <idle>-0     [000] ...2   286.072039: sched_switch: prev_comm=swapper/0 prev_pid=0 prev_prio=120 prev_state=R ==> next_comm=ksoftirqd/0 next_pid=3 next_prio=120
           <...>-3     [000] ...2   286.072046: sched_switch: prev_comm=ksoftirqd/0 prev_pid=3 prev_prio=120 prev_state=S ==> next_comm=swapper/0 next_pid=0 next_prio=120
          <idle>-0     [000] ...2   286.072058: sched_switch: prev_comm=swapper/0 prev_pid=0 prev_prio=120 prev_state=R ==> next_comm=ksoftirqd/0 next_pid=3 next_prio=120
           <...>-3     [000] ...2   286.072065: sched_switch: prev_comm=ksoftirqd/0 prev_pid=3 prev_prio=120 prev_state=S ==> next_comm=swapper/0 next_pid=0 next_prio=120
          <idle>-0     [000] ...2   286.073045: sched_switch: prev_comm=swapper/0 prev_pid=0 prev_prio=120 prev_state=R ==> next_comm=ple.kvbenchmark next_pid=4317 next_prio=120
           <...>-4317  [000] ...2   286.073174: sched_switch: prev_comm=ple.kvbenchmark prev_pid=4317 prev_prio=120 prev_state=S ==> next_comm=swapper/0 next_pid=0 next_prio=120
          <idle>-0     [000] ...2   286.074228: sched_switch: prev_comm=swapper/0 prev_pid=0 prev_prio=120 prev_state=R ==> next_comm=ple.kvbenchmark next_pid=4317 next_prio=120
           <...>-4317  [000] ...2   286.074356: sched_switch: prev_comm=ple.kvbenchmark prev_pid=4317 prev_prio=120 prev_state=S ==> next_comm=swapper/0 next_pid=0 next_prio=120
          <idle>-0     [000] ...2   286.075410: sched_switch: prev_comm=swapper/0 prev_pid=0 prev_prio=120 prev_state=R ==> next_comm=ple.kvbenchmark next_pid=4317 next_prio=120
           <...>-4317  [000] ...2   286.075454: sched_switch: prev_comm=ple.kvbenchmark prev_pid=4317 prev_prio=120 prev_state=S ==> next_comm=swapper/0 next_pid=0 next_prio=120
          <idle>-0     [000] ...2   286.076509: sched_switch: prev_comm=swapper/0 prev_pid=0 prev_prio=120 prev_state=R ==> next_comm=ple.kvbenchmark next_pid=4317 next_prio=120
           <...>-4317  [000] ...2   286.076552: sched_switch: prev_comm=ple.kvbenchmark prev_pid=4317 prev_prio=120 prev_state=S ==> next_comm=swapper/0 next_pid=0 next_prio=120
          <idle>-0     [000] ...2   286.077607: sched_switch: prev_comm=swapper/0 prev_pid=0 prev_prio=120 prev_state=R ==> next_comm=ple.kvbenchmark next_pid=4317 next_prio=120
           <...>-4317  [000] ...2   286.077744: sched_switch: prev_comm=ple.kvbenchmark prev_pid=4317 prev_prio=120 prev_state=S ==> next_comm=swapper/0 next_pid=0 next_prio=120
          <idle>-0     [000] ...2   286.078798: sched_switch: prev_comm=swapper/0 prev_pid=0 prev_prio=120 prev_state=R ==> next_comm=ple.kvbenchmark next_pid=4317 next_prio=120
           <...>-4317  [000] ...2   286.078842: sched_switch: prev_comm=ple.kvbenchmark prev_pid=4317 prev_prio=120 prev_state=S ==> next_comm=swapper/0 next_pid=0 next_prio=120
          <idle>-0     [000] ...2   286.079897: sched_switch: prev_comm=swapper/0 prev_pid=0 prev_prio=120 prev_state=R ==> next_comm=ple.kvbenchmark next_pid=4317 next_prio=120
           <...>-4317  [000] ...2   286.079938: sched_switch: prev_comm=ple.kvbenchmark prev_pid=4317 prev_prio=120 prev_state=S ==> next_comm=swapper/0 next_pid=0 next_prio=120
          <idle>-0     [000] ...2   286.080993: sched_switch: prev_comm=swapper/0 prev_pid=0 prev_prio=120 prev_state=R ==> next_comm=ple.kvbenchmark next_pid=4317 next_prio=120
           <...>-4317  [000] ...2   286.081037: sched_switch: prev_comm=ple.kvbenchmark prev_pid=4317 prev_prio=120 prev_state=S ==> next_comm=swapper/0 next_pid=0 next_prio=120
          <idle>-0     [000] ...2   286.082004: sched_switch: prev_comm=swapper/0 prev_pid=0 prev_prio=120 prev_state=R ==> next_comm=ksoftirqd/0 next_pid=3 next_prio=120
           <...>-3     [000] ...2   286.082012: sched_switch: prev_comm=ksoftirqd/0 prev_pid=3 prev_prio=120 prev_state=S ==> next_comm=swapper/0 next_pid=0 next_prio=120
          <idle>-0     [000] ...2   286.082024: sched_switch: prev_comm=swapper/0 prev_pid=0 prev_prio=120 prev_state=R ==> next_comm=ksoftirqd/0 next_pid=3 next_prio=120
           <...>-3     [000] ...2   286.082032: sched_switch: prev_comm=ksoftirqd/0 prev_pid=3 prev_prio=120 prev_state=S ==> next_comm=swapper/0 next_pid=0 next_prio=120
          <idle>-0     [000] ...2   286.082043: sched_switch: prev_comm=swapper/0 prev_pid=0 prev_prio=120 prev_state=R ==> next_comm=ksoftirqd/0 next_pid=3 next_prio=120
           <...>-3     [000] ...2   286.082050: sched_switch: prev_comm=ksoftirqd/0 prev_pid=3 prev_prio=120 prev_state=S ==> next_comm=swapper/0 next_pid=0 next_prio=120
          <idle>-0     [000] ...2   286.082095: sched_switch: prev_comm=swapper/0 prev_pid=0 prev_prio=120 prev_state=R ==> next_comm=ple.kvbenchmark next_pid=4317 next_prio=120
           <...>-4317  [000] ...2   286.082211: sched_switch: prev_comm=ple.kvbenchmark prev_pid=4317 prev_prio=120 prev_state=S ==> next_comm=swapper/0 next_pid=0 next_prio=120
          <idle>-0     [000] ...2   286.083265: sched_switch: prev_comm=swapper/0 prev_pid=0 prev_prio=120 prev_state=R ==> next_comm=ple.kvbenchmark next_pid=4317 next_prio=120
           <...>-4317  [000] ...2   286.083379: sched_switch: prev_comm=ple.kvbenchmark prev_pid=4317 prev_prio=120 prev_state=S ==> next_comm=swapper/0 next_pid=0 next_prio=120
          <idle>-0     [000] ...2   286.084433: sched_switch: prev_comm=swapper/0 prev_pid=0 prev_prio=120 prev_state=R ==> next_comm=ple.kvbenchmark next_pid=4317 next_prio=120
           <...>-4317  [000] ...2   286.084569: sched_switch: prev_comm=ple.kvbenchmark prev_pid=4317 prev_prio=120 prev_state=S ==> next_comm=swapper/0 next_pid=0 next_prio=120
          <idle>-0     [000] ...2   286.085623: sched_switch: prev_comm=swapper/0 prev_pid=0 prev_prio=120 prev_state=R ==> next_comm=ple.kvbenchmark next_pid=4317 next_prio=120
           <...>-4317  [000] ...2   286.085667: sched_switch: prev_comm=ple.kvbenchmark prev_pid=4317 prev_prio=120 prev_state=S ==> next_comm=swapper/0 next_pid=0 next_prio=120
          <idle>-0     [000] ...2   286.086722: sched_switch: prev_comm=swapper/0 prev_pid=0 prev_prio=120 prev_state=R ==> next_comm=ple.kvbenchmark next_pid=4317 next_prio=120
           <...>-4317  [000] ...2   286.086837: sched_switch: prev_comm=ple.kvbenchmark prev_pid=4317 prev_prio=120 prev_state=S ==> next_comm=swapper/0 next_pid=0 next_prio=120
          <idle>-0     [000] ...2   286.087891: sched_switch: prev_comm=swapper/0 prev_pid=0 prev_prio=120 prev_state=R ==> next_comm=ple.kvbenchmark next_pid=4317 next_prio=120
           <...>-4317  [000] ...2   286.087936: sched_switch: prev_comm=ple.kvbenchmark prev_pid=4317 prev_prio=120 prev_state=S ==> next_comm=swapper/0 next_pid=0 next_prio=120
          <idle>-0     [000] ...2   286.088969: sched_switch: prev_comm=swapper/0 prev_pid=0 prev_prio=120 prev_state=R ==> next_comm=adbd next_pid=3936 next_prio=120
            adbd-3936  [000] ...2   286.088992: sched_switch: prev_comm=adbd prev_pid=3936 prev_prio=120 prev_state=S ==> next_comm=ple.kvbenchmark next_pid=4317 next_prio=120
           <...>-4317  [000] ...2   286.089131: sched_switch: prev_comm=ple.kvbenchmark prev_pid=4317 prev_prio=120 prev_state=S ==> next_comm=swapper/0 next_pid=0 next_prio=120
          <idle>-0     [000] ...2   286.089238: sched_switch: prev_comm=swapper/0 prev_pid=0 prev_prio=120 prev_state=R ==> next_comm=adbd next_pid=3936 next_prio=120
            adbd-3936  [000] ...2   286.089275: sched_switch: prev_comm=adbd prev_pid=3936 prev_prio=120 prev_state=S ==> next_comm=adbd next_pid=1774 next_prio=120
          traced-201   [001] ...2   286.089620: sched_switch: prev_comm=traced prev_pid=201 prev_prio=120 prev_state=R ==> next_comm=adbd next_pid=7021 next_prio=120
            adbd-1774  [000] ...2   286.089892: sched_switch: prev_comm=adbd prev_pid=1774 prev_prio=120 prev_state=D ==> next_comm=adbd next_pid=3935 next_prio=120
            adbd-3935  [000] ...2   286.089956: sched_switch: prev_comm=adbd prev_pid=3935 prev_prio=120 prev_state=S ==> next_comm=kworker/0:1 next_pid=15 next_prio=120
     kworker/0:1-15    [000] ...2   286.089973: sched_switch: prev_comm=kworker/0:1 prev_pid=15 prev_prio=120 prev_state=S ==> next_comm=adbd next_pid=1774 next_prio=120
            adbd-1774  [000] ...2   286.089995: sched_switch: prev_comm=adbd prev_pid=1774 prev_prio=120 prev_state=S ==> next_comm=adbd next_pid=7022 next_prio=120
           <...>-7022  [000] ...2   286.090014: sched_switch: prev_comm=adbd prev_pid=7022 prev_prio=120 prev_state=S ==> next_comm=swapper/0 next_pid=0 next_prio=120
          <idle>-0     [000] ...2   286.090190: sched_switch: prev_comm=swapper/0 prev_pid=0 prev_prio=120 prev_state=R ==> next_comm=ple.kvbenchmark next_pid=4317 next_prio=120
           <...>-4317  [000] ...2   286.090262: sched_switch: prev_comm=ple.kvbenchmark prev_pid=4317 prev_prio=120 prev_state=S ==> next_comm=swapper/0 next_pid=0 next_prio=120
          <idle>-0     [000] ...2   286.091315: sched_switch: prev_comm=swapper/0 prev_pid=0 prev_prio=120 prev_state=R ==> next_comm=ple.kvbenchmark next_pid=4317 next_prio=120
           <...>-4317  [000] ...2   286.091461: sched_switch: prev_comm=ple.kvbenchmark prev_pid=4317 prev_prio=120 prev_state=S ==> next_comm=swapper/0 next_pid=0 next_prio=120
          <idle>-0     [000] ...2   286.092018: sched_switch: prev_comm=swapper/0 prev_pid=0 prev_prio=120 prev_state=R ==> next_comm=kworker/u:0 next_pid=6 next_prio=120
     kworker/u:0-6     [000] ...2   286.092034: sched_switch: prev_comm=kworker/u:0 prev_pid=6 prev_prio=120 prev_state=S ==> next_comm=ksoftirqd/0 next_pid=3 next_prio=120
           <...>-3     [000] ...2   286.092044: sched_switch: prev_comm=ksoftirqd/0 prev_pid=3 prev_prio=120 prev_state=S ==> next_comm=mpdecision next_pid=1747 next_prio=113
      mpdecision-1747  [000] ...2   286.092277: sched_switch: prev_comm=mpdecision prev_pid=1747 prev_prio=113 prev_state=S ==> next_comm=traced next_pid=201 next_prio=120
          traced-201   [000] ...2   286.092512: sched_switch: prev_comm=traced prev_pid=201 prev_prio=120 prev_state=R ==> next_comm=ple.kvbenchmark next_pid=4317 next_prio=120
           <...>-4317  [000] ...2   286.092665: sched_switch: prev_comm=ple.kvbenchmark prev_pid=4317 prev_prio=120 prev_state=S ==> next_comm=traced next_pid=201 next_prio=120
          traced-201   [000] ...2   286.093718: sched_switch: prev_comm=traced prev_pid=201 prev_prio=120 prev_state=R ==> next_comm=ple.kvbenchmark next_pid=4317 next_prio=120
           <...>-4317  [000] ...2   286.093767: sched_switch: prev_comm=ple.kvbenchmark prev_pid=4317 prev_prio=120 prev_state=S ==> next_comm=traced next_pid=201 next_prio=120
          traced-201   [000] ...2   286.094820: sched_switch: prev_comm=traced prev_pid=201 prev_prio=120 prev_state=R ==> next_comm=ple.kvbenchmark next_pid=4317 next_prio=120
           <...>-4317  [000] ...2   286.094953: sched_switch: prev_comm=ple.kvbenchmark prev_pid=4317 prev_prio=120 prev_state=S ==> next_comm=traced next_pid=201 next_prio=120
          traced-201   [000] ...2   286.096007: sched_switch: prev_comm=traced prev_pid=201 prev_prio=120 prev_state=R ==> next_comm=ple.kvbenchmark next_pid=4317 next_prio=120
           <...>-4317  [000] ...2   286.096060: sched_switch: prev_comm=ple.kvbenchmark prev_pid=4317 prev_prio=120 prev_state=S ==> next_comm=traced next_pid=201 next_prio=120
           <...>-7021  [001] ...2   286.096121: sched_switch: prev_comm=sh prev_pid=7021 prev_prio=120 prev_state=R+ ==> next_comm=kworker/1:1 next_pid=4162 next_prio=120
          traced-201   [000] ...2   286.096138: sched_switch: prev_comm=traced prev_pid=201 prev_prio=120 prev_state=R ==> next_comm=adbd next_pid=1774 next_prio=120
     kworker/1:1-4162  [001] ...2   286.096140: sched_switch: prev_comm=kworker/1:1 prev_pid=4162 prev_prio=120 prev_state=S ==> next_comm=sh next_pid=7021 next_prio=120
           <...>-7021  [001] ...2   286.096152: sched_switch: prev_comm=sh prev_pid=7021 prev_prio=120 prev_state=R+ ==> next_comm=kworker/1:1 next_pid=4162 next_prio=120
     kworker/1:1-4162  [001] ...2   286.096161: sched_switch: prev_comm=kworker/1:1 prev_pid=4162 prev_prio=120 prev_state=S ==> next_comm=sh next_pid=7021 next_prio=120
            adbd-1774  [000] ...2   286.096293: sched_switch: prev_comm=adbd prev_pid=1774 prev_prio=120 prev_state=S ==> next_comm=adbd next_pid=3935 next_prio=120
            adbd-3935  [000] ...2   286.096354: sched_switch: prev_comm=adbd prev_pid=3935 prev_prio=120 prev_state=S ==> next_comm=traced next_pid=201 next_prio=120
           <...>-7021  [001] ...2   286.096718: sched_switch: prev_comm=sh prev_pid=7021 prev_prio=120 prev_state=R+ ==> next_comm=adbd next_pid=7022 next_prio=120
          traced-201   [000] ...2   286.096744: sched_switch: prev_comm=traced prev_pid=201 prev_prio=120 prev_state=R ==> next_comm=adbd next_pid=3936 next_prio=120
            adbd-3936  [000] ...2   286.096781: sched_switch: prev_comm=adbd prev_pid=3936 prev_prio=120 prev_state=S ==> next_comm=adbd next_pid=1774 next_prio=120
           <...>-7022  [001] ...3   286.096823: sched_switch: prev_comm=adbd prev_pid=7022 prev_prio=120 prev_state=x ==> next_comm=sh next_pid=7021 next_prio=120
           <...>-7021  [001] ...3   286.096839: sched_switch: prev_comm=sh prev_pid=7021 prev_prio=120 prev_state=x ==> next_comm=swapper/1 next_pid=0 next_prio=120
          <idle>-0     [001] ...2   286.096862: sched_switch: prev_comm=swapper/1 prev_pid=0 prev_prio=120 prev_state=R ==> next_comm=ksoftirqd/1 next_pid=4161 next_prio=120
     ksoftirqd/1-4161  [001] ...2   286.096877: sched_switch: prev_comm=ksoftirqd/1 prev_pid=4161 prev_prio=120 prev_state=S ==> next_comm=adbd next_pid=3935 next_prio=120
            adbd-3935  [001] ...2   286.096916: sched_switch: prev_comm=adbd prev_pid=3935 prev_prio=120 prev_state=S ==> next_comm=swapper/1 next_pid=0 next_prio=120
          <idle>-0     [001] ...2   286.096932: sched_switch: prev_comm=swapper/1 prev_pid=0 prev_prio=120 prev_state=R ==> next_comm=ksoftirqd/1 next_pid=4161 next_prio=120
     ksoftirqd/1-4161  [001] ...2   286.096939: sched_switch: prev_comm=ksoftirqd/1 prev_pid=4161 prev_prio=120 prev_state=S ==> next_comm=adbd next_pid=3935 next_prio=120
            adbd-3935  [001] ...2   286.096948: sched_switch: prev_comm=adbd prev_pid=3935 prev_prio=120 prev_state=S ==> next_comm=swapper/1 next_pid=0 next_prio=120
            adbd-1774  [000] ...2   286.096984: sched_switch: prev_comm=adbd prev_pid=1774 prev_prio=120 prev_state=S ==> next_comm=kworker/0:1 next_pid=15 next_prio=120
     kworker/0:1-15    [000] ...2   286.096995: sched_switch: prev_comm=kworker/0:1 prev_pid=15 prev_prio=120 prev_state=S ==> next_comm=traced next_pid=201 next_prio=120
          traced-201   [000] ...2   286.097116: sched_switch: prev_comm=traced prev_pid=201 prev_prio=120 prev_state=R ==> next_comm=adbd next_pid=3936 next_prio=120
            adbd-3936  [000] ...2   286.097146: sched_switch: prev_comm=adbd prev_pid=3936 prev_prio=120 prev_state=S ==> next_comm=ple.kvbenchmark next_pid=4317 next_prio=120
           <...>-4317  [000] ...2   286.097336: sched_switch: prev_comm=ple.kvbenchmark prev_pid=4317 prev_prio=120 prev_state=S ==> next_comm=adbd next_pid=1774 next_prio=120
          <idle>-0     [001] ...2   286.097406: sched_switch: prev_comm=swapper/1 prev_pid=0 prev_prio=120 prev_state=R ==> next_comm=adbd next_pid=3935 next_prio=120
            adbd-3935  [001] ...2   286.097416: sched_switch: prev_comm=adbd prev_pid=3935 prev_prio=120 prev_state=S ==> next_comm=swapper/1 next_pid=0 next_prio=120
            adbd-1774  [000] ...2   286.097441: sched_switch: prev_comm=adbd prev_pid=1774 prev_prio=120 prev_state=S ==> next_comm=traced next_pid=201 next_prio=120
          traced-201   [000] ...2   286.098388: sched_switch: prev_comm=traced prev_pid=201 prev_prio=120 prev_state=R ==> next_comm=ple.kvbenchmark next_pid=4317 next_prio=120
           <...>-4317  [000] ...2   286.098433: sched_switch: prev_comm=ple.kvbenchmark prev_pid=4317 prev_prio=120 prev_state=S ==> next_comm=traced next_pid=201 next_prio=120
          traced-201   [000] ...2   286.099485: sched_switch: prev_comm=traced prev_pid=201 prev_prio=120 prev_state=R ==> next_comm=ple.kvbenchmark next_pid=4317 next_prio=120
           <...>-4317  [000] ...2   286.099618: sched_switch: prev_comm=ple.kvbenchmark prev_pid=4317 prev_prio=120 prev_state=S ==> next_comm=traced next_pid=201 next_prio=120
          traced-201   [000] ...2   286.100670: sched_switch: prev_comm=traced prev_pid=201 prev_prio=120 prev_state=R ==> next_comm=ple.kvbenchmark next_pid=4317 next_prio=120
           <...>-4317  [000] ...2   286.100713: sched_switch: prev_comm=ple.kvbenchmark prev_pid=4317 prev_prio=120 prev_state=S ==> next_comm=traced next_pid=201 next_prio=120
          traced-201   [000] ...2   286.101764: sched_switch: prev_comm=traced prev_pid=201 prev_prio=120 prev_state=R ==> next_comm=ple.kvbenchmark next_pid=4317 next_prio=120
           <...>-4317  [000] ...2   286.101806: sched_switch: prev_comm=ple.kvbenchmark prev_pid=4317 prev_prio=120 prev_state=S ==> next_comm=traced next_pid=201 next_prio=120
          <idle>-0     [001] ...2   286.102012: sched_switch: prev_comm=swapper/1 prev_pid=0 prev_prio=120 prev_state=R ==> next_comm=ksoftirqd/1 next_pid=4161 next_prio=120
     ksoftirqd/1-4161  [001] ...2   286.102035: sched_switch: prev_comm=ksoftirqd/1 prev_pid=4161 prev_prio=120 prev_state=S ==> next_comm=swapper/1 next_pid=0 next_prio=120
          <idle>-0     [001] ...2   286.102049: sched_switch: prev_comm=swapper/1 prev_pid=0 prev_prio=120 prev_state=R ==> next_comm=ksoftirqd/1 next_pid=4161 next_prio=120
     ksoftirqd/1-4161  [001] ...2   286.102056: sched_switch: prev_comm=ksoftirqd/1 prev_pid=4161 prev_prio=120 prev_state=S ==> next_comm=swapper/1 next_pid=0 next_prio=120
          <idle>-0     [001] ...2   286.102070: sched_switch: prev_comm=swapper/1 prev_pid=0 prev_prio=120 prev_state=R ==> next_comm=ksoftirqd/1 next_pid=4161 next_prio=120
     ksoftirqd/1-4161  [001] ...2   286.102077: sched_switch: prev_comm=ksoftirqd/1 prev_pid=4161 prev_prio=120 prev_state=S ==> next_comm=swapper/1 next_pid=0 next_prio=120
          <idle>-0     [001] ...2   286.102090: sched_switch: prev_comm=swapper/1 prev_pid=0 prev_prio=120 prev_state=R ==> next_comm=ksoftirqd/1 next_pid=4161 next_prio=120
     ksoftirqd/1-4161  [001] ...2   286.102098: sched_switch: prev_comm=ksoftirqd/1 prev_pid=4161 prev_prio=120 prev_state=S ==> next_comm=swapper/1 next_pid=0 next_prio=120
          <idle>-0     [001] ...2   286.102112: sched_switch: prev_comm=swapper/1 prev_pid=0 prev_prio=120 prev_state=R ==> next_comm=ksoftirqd/1 next_pid=4161 next_prio=120
     ksoftirqd/1-4161  [001] ...2   286.102119: sched_switch: prev_comm=ksoftirqd/1 prev_pid=4161 prev_prio=120 prev_state=S ==> next_comm=swapper/1 next_pid=0 next_prio=120
          <idle>-0     [001] ...2   286.102132: sched_switch: prev_comm=swapper/1 prev_pid=0 prev_prio=120 prev_state=R ==> next_comm=ksoftirqd/1 next_pid=4161 next_prio=120
     ksoftirqd/1-4161  [001] ...2   286.102139: sched_switch: prev_comm=ksoftirqd/1 prev_pid=4161 prev_prio=120 prev_state=S ==> next_comm=swapper/1 next_pid=0 next_prio=120
          traced-201   [000] ...2   286.102858: sched_switch: prev_comm=traced prev_pid=201 prev_prio=120 prev_state=R ==> next_comm=ple.kvbenchmark next_pid=4317 next_prio=120
           <...>-4317  [000] ...2   286.102902: sched_switch: prev_comm=ple.kvbenchmark prev_pid=4317 prev_prio=120 prev_state=S ==> next_comm=traced next_pid=201 next_prio=120
          traced-201   [000] ...2   286.103954: sched_switch: prev_comm=traced prev_pid=201 prev_prio=120 prev_state=R ==> next_comm=ple.kvbenchmark next_pid=4317 next_prio=120
           <...>-4317  [000] ...2   286.103997: sched_switch: prev_comm=ple.kvbenchmark prev_pid=4317 prev_prio=120 prev_state=S ==> next_comm=traced next_pid=201 next_prio=120
          traced-201   [000] ...2   286.105049: sched_switch: prev_comm=traced prev_pid=201 prev_prio=120 prev_state=R ==> next_comm=ple.kvbenchmark next_pid=4317 next_prio=120
           <...>-4317  [000] ...2   286.105173: sched_switch: prev_comm=ple.kvbenchmark prev_pid=4317 prev_prio=120 prev_state=S ==> next_comm=traced next_pid=201 next_prio=120
          traced-201   [000] ...2   286.106225: sched_switch: prev_comm=traced prev_pid=201 prev_prio=120 prev_state=R ==> next_comm=ple.kvbenchmark next_pid=4317 next_prio=120
           <...>-4317  [000] ...2   286.106269: sched_switch: prev_comm=ple.kvbenchmark prev_pid=4317 prev_prio=120 prev_state=S ==> next_comm=traced next_pid=201 next_prio=120
          traced-201   [000] ...2   286.107321: sched_switch: prev_comm=traced prev_pid=201 prev_prio=120 prev_state=R ==> next_comm=ple.kvbenchmark next_pid=4317 next_prio=120
           <...>-4317  [000] ...2   286.107455: sched_switch: prev_comm=ple.kvbenchmark prev_pid=4317 prev_prio=120 prev_state=S ==> next_comm=traced next_pid=201 next_prio=120
          traced-201   [000] ...2   286.108506: sched_switch: prev_comm=traced prev_pid=201 prev_prio=120 prev_state=R ==> next_comm=ple.kvbenchmark next_pid=4317 next_prio=120
           <...>-4317  [000] ...2   286.108561: sched_switch: prev_comm=ple.kvbenchmark prev_pid=4317 prev_prio=120 prev_state=S ==> next_comm=traced next_pid=201 next_prio=120
          traced-201   [000] ...2   286.109613: sched_switch: prev_comm=traced prev_pid=201 prev_prio=120 prev_state=R ==> next_comm=ple.kvbenchmark next_pid=4317 next_prio=120
           <...>-4317  [000] ...2   286.109732: sched_switch: prev_comm=ple.kvbenchmark prev_pid=4317 prev_prio=120 prev_state=S ==> next_comm=traced next_pid=201 next_prio=120
          traced-201   [000] ...2   286.110805: sched_switch: prev_comm=traced prev_pid=201 prev_prio=120 prev_state=R ==> next_comm=kworker/u:0 next_pid=6 next_prio=120
     kworker/u:0-6     [000] ...2   286.110848: sched_switch: prev_comm=kworker/u:0 prev_pid=6 prev_prio=120 prev_state=S ==> next_comm=ple.kvbenchmark next_pid=4317 next_prio=120
          <idle>-0     [001] ...2   286.110849: sched_switch: prev_comm=swapper/1 prev_pid=0 prev_prio=120 prev_state=R ==> next_comm=sensors.qcom next_pid=859 next_prio=120
           <...>-4317  [000] ...2   286.110894: sched_switch: prev_comm=ple.kvbenchmark prev_pid=4317 prev_prio=120 prev_state=S ==> next_comm=kworker/u:1 next_pid=21 next_prio=120
     kworker/u:1-21    [000] ...2   286.110900: sched_switch: prev_comm=kworker/u:1 prev_pid=21 prev_prio=120 prev_state=S ==> next_comm=traced next_pid=201 next_prio=120
          traced-201   [000] ...2   286.110918: sched_switch: prev_comm=traced prev_pid=201 prev_prio=120 prev_state=R ==> next_comm=sensors.qcom next_pid=714 next_prio=120
    sensors.qcom-859   [001] ...2   286.110927: sched_switch: prev_comm=sensors.qcom prev_pid=859 prev_prio=120 prev_state=S ==> next_comm=swapper/1 next_pid=0 next_prio=120
    sensors.qcom-714   [000] ...2   286.110963: sched_switch: prev_comm=sensors.qcom prev_pid=714 prev_prio=120 prev_state=S ==> next_comm=system_server next_pid=737 next_prio=118
   system_server-737   [000] ...2   286.111094: sched_switch: prev_comm=system_server prev_pid=737 prev_prio=118 prev_state=S ==> next_comm=system_server next_pid=741 next_prio=118
   system_server-741   [000] ...2   286.111124: sched_switch: prev_comm=system_server prev_pid=741 prev_prio=118 prev_state=S ==> next_comm=SensorService next_pid=782 next_prio=112
          <idle>-0     [001] ...2   286.111174: sched_switch: prev_comm=swapper/1 prev_pid=0 prev_prio=120 prev_state=R ==> next_comm=android.ui next_pid=787 next_prio=118
   SensorService-782   [000] ...2   286.111187: sched_switch: prev_comm=SensorService prev_pid=782 prev_prio=112 prev_state=S ==> next_comm=traced next_pid=201 next_prio=120
      android.ui-787   [001] ...2   286.111264: sched_switch: prev_comm=android.ui prev_pid=787 prev_prio=118 prev_state=S ==> next_comm=swapper/1 next_pid=0 next_prio=120
          traced-201   [000] ...2   286.111946: sched_switch: prev_comm=traced prev_pid=201 prev_prio=120 prev_state=R ==> next_comm=ple.kvbenchmark next_pid=4317 next_prio=120
          <idle>-0     [001] ...2   286.112040: sched_switch: prev_comm=swapper/1 prev_pid=0 prev_prio=120 prev_state=R ==> next_comm=kworker/1:1 next_pid=4162 next_prio=120
     kworker/1:1-4162  [001] ...2   286.112051: sched_switch: prev_comm=kworker/1:1 prev_pid=4162 prev_prio=120 prev_state=S ==> next_comm=ksoftirqd/1 next_pid=4161 next_prio=120
     ksoftirqd/1-4161  [001] ...2   286.112061: sched_switch: prev_comm=ksoftirqd/1 prev_pid=4161 prev_prio=120 prev_state=S ==> next_comm=swapper/1 next_pid=0 next_prio=120
          <idle>-0     [001] ...2   286.112076: sched_switch: prev_comm=swapper/1 prev_pid=0 prev_prio=120 prev_state=R ==> next_comm=ksoftirqd/1 next_pid=4161 next_prio=120
     ksoftirqd/1-4161  [001] ...2   286.112084: sched_switch: prev_comm=ksoftirqd/1 prev_pid=4161 prev_prio=120 prev_state=S ==> next_comm=swapper/1 next_pid=0 next_prio=120
          <idle>-0     [001] ...2   286.112098: sched_switch: prev_comm=swapper/1 prev_pid=0 prev_prio=120 prev_state=R ==> next_comm=ksoftirqd/1 next_pid=4161 next_prio=120
     ksoftirqd/1-4161  [001] ...2   286.112107: sched_switch: prev_comm=ksoftirqd/1 prev_pid=4161 prev_prio=120 prev_state=S ==> next_comm=swapper/1 next_pid=0 next_prio=120
           <...>-4317  [000] ...2   286.112114: sched_switch: prev_comm=ple.kvbenchmark prev_pid=4317 prev_prio=120 prev_state=S ==> next_comm=traced next_pid=201 next_prio=120
          traced-201   [000] ...2   286.113167: sched_switch: prev_comm=traced prev_pid=201 prev_prio=120 prev_state=R ==> next_comm=ple.kvbenchmark next_pid=4317 next_prio=120
           <...>-4317  [000] ...2   286.113215: sched_switch: prev_comm=ple.kvbenchmark prev_pid=4317 prev_prio=120 prev_state=S ==> next_comm=traced next_pid=201 next_prio=120
          traced-201   [000] ...2   286.114266: sched_switch: prev_comm=traced prev_pid=201 prev_prio=120 prev_state=R ==> next_comm=ple.kvbenchmark next_pid=4317 next_prio=120
           <...>-4317  [000] ...2   286.114310: sched_switch: prev_comm=ple.kvbenchmark prev_pid=4317 prev_prio=120 prev_state=S ==> next_comm=traced next_pid=201 next_prio=120
          traced-201   [000] ...2   286.115361: sched_switch: prev_comm=traced prev_pid=201 prev_prio=120 prev_state=R ==> next_comm=ple.kvbenchmark next_pid=4317 next_prio=120
           <...>-4317  [000] ...2   286.115495: sched_switch: prev_comm=ple.kvbenchmark prev_pid=4317 prev_prio=120 prev_state=S ==> next_comm=traced next_pid=201 next_prio=120
          traced-201   [000] ...2   286.116546: sched_switch: prev_comm=traced prev_pid=201 prev_prio=120 prev_state=R ==> next_comm=ple.kvbenchmark next_pid=4317 next_prio=120
           <...>-4317  [000] ...2   286.116588: sched_switch: prev_comm=ple.kvbenchmark prev_pid=4317 prev_prio=120 prev_state=S ==> next_comm=traced next_pid=201 next_prio=120
          traced-201   [000] ...2   286.117639: sched_switch: prev_comm=traced prev_pid=201 prev_prio=120 prev_state=R ==> next_comm=ple.kvbenchmark next_pid=4317 next_prio=120
           <...>-4317  [000] ...2   286.117769: sched_switch: prev_comm=ple.kvbenchmark prev_pid=4317 prev_prio=120 prev_state=S ==> next_comm=traced next_pid=201 next_prio=120
          traced-201   [000] ...2   286.118820: sched_switch: prev_comm=traced prev_pid=201 prev_prio=120 prev_state=R ==> next_comm=ple.kvbenchmark next_pid=4317 next_prio=120
           <...>-4317  [000] ...2   286.118863: sched_switch: prev_comm=ple.kvbenchmark prev_pid=4317 prev_prio=120 prev_state=S ==> next_comm=traced next_pid=201 next_prio=120
          traced-201   [000] ...2   286.119915: sched_switch: prev_comm=traced prev_pid=201 prev_prio=120 prev_state=R ==> next_comm=ple.kvbenchmark next_pid=4317 next_prio=120
           <...>-4317  [000] ...2   286.120033: sched_switch: prev_comm=ple.kvbenchmark prev_pid=4317 prev_prio=120 prev_state=S ==> next_comm=traced next_pid=201 next_prio=120
          traced-201   [000] ...2   286.121085: sched_switch: prev_comm=traced prev_pid=201 prev_prio=120 prev_state=R ==> next_comm=ple.kvbenchmark next_pid=4317 next_prio=120
           <...>-4317  [000] ...2   286.121128: sched_switch: prev_comm=ple.kvbenchmark prev_pid=4317 prev_prio=120 prev_state=S ==> next_comm=traced next_pid=201 next_prio=120
          <idle>-0     [001] ...2   286.122006: sched_switch: prev_comm=swapper/1 prev_pid=0 prev_prio=120 prev_state=R ==> next_comm=ksoftirqd/1 next_pid=4161 next_prio=120
     ksoftirqd/1-4161  [001] ...2   286.122014: sched_switch: prev_comm=ksoftirqd/1 prev_pid=4161 prev_prio=120 prev_state=S ==> next_comm=swapper/1 next_pid=0 next_prio=120
          <idle>-0     [001] ...2   286.122027: sched_switch: prev_comm=swapper/1 prev_pid=0 prev_prio=120 prev_state=R ==> next_comm=ksoftirqd/1 next_pid=4161 next_prio=120
     ksoftirqd/1-4161  [001] ...2   286.122034: sched_switch: prev_comm=ksoftirqd/1 prev_pid=4161 prev_prio=120 prev_state=S ==> next_comm=swapper/1 next_pid=0 next_prio=120
          <idle>-0     [001] ...2   286.122047: sched_switch: prev_comm=swapper/1 prev_pid=0 prev_prio=120 prev_state=R ==> next_comm=ksoftirqd/1 next_pid=4161 next_prio=120
     ksoftirqd/1-4161  [001] ...2   286.122054: sched_switch: prev_comm=ksoftirqd/1 prev_pid=4161 prev_prio=120 prev_state=S ==> next_comm=swapper/1 next_pid=0 next_prio=120
          traced-201   [000] ...2   286.122179: sched_switch: prev_comm=traced prev_pid=201 prev_prio=120 prev_state=R ==> next_comm=ple.kvbenchmark next_pid=4317 next_prio=120
           <...>-4317  [000] ...2   286.122225: sched_switch: prev_comm=ple.kvbenchmark prev_pid=4317 prev_prio=120 prev_state=S ==> next_comm=traced next_pid=201 next_prio=120
          traced-201   [000] ...2   286.123276: sched_switch: prev_comm=traced prev_pid=201 prev_prio=120 prev_state=R ==> next_comm=ple.kvbenchmark next_pid=4317 next_prio=120
           <...>-4317  [000] ...2   286.123393: sched_switch: prev_comm=ple.kvbenchmark prev_pid=4317 prev_prio=120 prev_state=S ==> next_comm=traced next_pid=201 next_prio=120
          traced-201   [000] ...2   286.124444: sched_switch: prev_comm=traced prev_pid=201 prev_prio=120 prev_state=R ==> next_comm=ple.kvbenchmark next_pid=4317 next_prio=120
           <...>-4317  [000] ...2   286.124612: sched_switch: prev_comm=ple.kvbenchmark prev_pid=4317 prev_prio=120 prev_state=S ==> next_comm=traced next_pid=201 next_prio=120
          traced-201   [000] ...2   286.124617: sched_switch: prev_comm=traced prev_pid=201 prev_prio=120 prev_state=R ==> next_comm=adbd next_pid=3936 next_prio=120
            adbd-3936  [000] ...2   286.124630: sched_switch: prev_comm=adbd prev_pid=3936 prev_prio=120 prev_state=S ==> next_comm=traced next_pid=201 next_prio=120
          traced-201   [000] ...2   286.124839: sched_switch: prev_comm=traced prev_pid=201 prev_prio=120 prev_state=R ==> next_comm=adbd next_pid=3936 next_prio=120
            adbd-3936  [000] ...2   286.124871: sched_switch: prev_comm=adbd prev_pid=3936 prev_prio=120 prev_state=S ==> next_comm=adbd next_pid=1774 next_prio=120
          <idle>-0     [001] ...2   286.124945: sched_switch: prev_comm=swapper/1 prev_pid=0 prev_prio=120 prev_state=R ==> next_comm=adbd next_pid=3935 next_prio=120
            adbd-3935  [001] ...2   286.124955: sched_switch: prev_comm=adbd prev_pid=3935 prev_prio=120 prev_state=S ==> next_comm=swapper/1 next_pid=0 next_prio=120
          <idle>-0     [001] ...2   286.125208: sched_switch: prev_comm=swapper/1 prev_pid=0 prev_prio=120 prev_state=R ==> next_comm=adbd next_pid=7023 next_prio=120
           <...>-7023  [001] ...2   286.125431: sched_switch: prev_comm=adbd prev_pid=7023 prev_prio=120 prev_state=R+ ==> next_comm=adbd next_pid=3935 next_prio=120
            adbd-1774  [000] ...2   286.125485: sched_switch: prev_comm=adbd prev_pid=1774 prev_prio=120 prev_state=D ==> next_comm=kworker/0:1 next_pid=15 next_prio=120
            adbd-3935  [001] ...2   286.125494: sched_switch: prev_comm=adbd prev_pid=3935 prev_prio=120 prev_state=S ==> next_comm=adbd next_pid=7024 next_prio=120
     kworker/0:1-15    [000] ...2   286.125500: sched_switch: prev_comm=kworker/0:1 prev_pid=15 prev_prio=120 prev_state=S ==> next_comm=adbd next_pid=1774 next_prio=120
           <...>-7024  [001] ...2   286.125510: sched_switch: prev_comm=adbd prev_pid=7024 prev_prio=120 prev_state=S ==> next_comm=adbd next_pid=7023 next_prio=120
            adbd-1774  [000] ...2   286.125513: sched_switch: prev_comm=adbd prev_pid=1774 prev_prio=120 prev_state=S ==> next_comm=traced next_pid=201 next_prio=120
          traced-201   [000] ...2   286.125643: sched_switch: prev_comm=traced prev_pid=201 prev_prio=120 prev_state=R ==> next_comm=ple.kvbenchmark next_pid=4317 next_prio=120
           <...>-4317  [000] ...2   286.125819: sched_switch: prev_comm=ple.kvbenchmark prev_pid=4317 prev_prio=120 prev_state=S ==> next_comm=traced next_pid=201 next_prio=120
          traced-201   [000] ...2   286.126871: sched_switch: prev_comm=traced prev_pid=201 prev_prio=120 prev_state=R ==> next_comm=ple.kvbenchmark next_pid=4317 next_prio=120
           <...>-4317  [000] ...2   286.127128: sched_switch: prev_comm=ple.kvbenchmark prev_pid=4317 prev_prio=120 prev_state=S ==> next_comm=GCDaemon next_pid=4356 next_prio=120
           <...>-7023  [001] ...2   286.131887: sched_switch: prev_comm=sh prev_pid=7023 prev_prio=120 prev_state=R+ ==> next_comm=kworker/1:1 next_pid=4162 next_prio=120
     kworker/1:1-4162  [001] ...2   286.131912: sched_switch: prev_comm=kworker/1:1 prev_pid=4162 prev_prio=120 prev_state=S ==> next_comm=adbd next_pid=1774 next_prio=120
           <...>-4356  [000] ...2   286.132013: sched_switch: prev_comm=GCDaemon prev_pid=4356 prev_prio=120 prev_state=R ==> next_comm=ple.kvbenchmark next_pid=4317 next_prio=120
            adbd-1774  [001] ...2   286.132111: sched_switch: prev_comm=adbd prev_pid=1774 prev_prio=120 prev_state=S ==> next_comm=adbd next_pid=3935 next_prio=120
            adbd-3935  [001] ...2   286.132169: sched_switch: prev_comm=adbd prev_pid=3935 prev_prio=120 prev_state=S ==> next_comm=sh next_pid=7023 next_prio=120
           <...>-7023  [001] ...2   286.132181: sched_switch: prev_comm=sh prev_pid=7023 prev_prio=120 prev_state=R+ ==> next_comm=kworker/1:1 next_pid=4162 next_prio=120
     kworker/1:1-4162  [001] ...2   286.132190: sched_switch: prev_comm=kworker/1:1 prev_pid=4162 prev_prio=120 prev_state=S ==> next_comm=sh next_pid=7023 next_prio=120
           <...>-7023  [001] ...2   286.132201: sched_switch: prev_comm=sh prev_pid=7023 prev_prio=120 prev_state=R+ ==> next_comm=kworker/1:1 next_pid=4162 next_prio=120
