     ksoftirqd/1-6174  [001] ...2   463.067619: sched_switch: prev_comm=ksoftirqd/1 prev_pid=6174 prev_prio=120 prev_state=S ==> next_comm=swapper/1 next_pid=0 next_prio=120
      mpdecision-1791  [000] ...2   463.067985: sched_switch: prev_comm=mpdecision prev_pid=1791 prev_prio=113 prev_state=S ==> next_comm=traced next_pid=202 next_prio=120
          <idle>-0     [001] ...2   463.068548: sched_switch: prev_comm=swapper/1 prev_pid=0 prev_prio=120 prev_state=R ==> next_comm=ple.kvbenchmark next_pid=3305 next_prio=120
           <...>-3305  [001] ...2   463.068599: sched_switch: prev_comm=ple.kvbenchmark prev_pid=3305 prev_prio=120 prev_state=S ==> next_comm=swapper/1 next_pid=0 next_prio=120
          <idle>-0     [001] ...2   463.069652: sched_switch: prev_comm=swapper/1 prev_pid=0 prev_prio=120 prev_state=R ==> next_comm=ple.kvbenchmark next_pid=3305 next_prio=120
           <...>-3305  [001] ...2   463.069702: sched_switch: prev_comm=ple.kvbenchmark prev_pid=3305 prev_prio=120 prev_state=S ==> next_comm=swapper/1 next_pid=0 next_prio=120
          <idle>-0     [001] ...2   463.070755: sched_switch: prev_comm=swapper/1 prev_pid=0 prev_prio=120 prev_state=R ==> next_comm=ple.kvbenchmark next_pid=3305 next_prio=120
           <...>-3305  [001] ...2   463.070801: sched_switch: prev_comm=ple.kvbenchmark prev_pid=3305 prev_prio=120 prev_state=S ==> next_comm=swapper/1 next_pid=0 next_prio=120
          <idle>-0     [001] ...2   463.071854: sched_switch: prev_comm=swapper/1 prev_pid=0 prev_prio=120 prev_state=R ==> next_comm=ple.kvbenchmark next_pid=3305 next_prio=120
           <...>-3305  [001] ...2   463.071903: sched_switch: prev_comm=ple.kvbenchmark prev_pid=3305 prev_prio=120 prev_state=S ==> next_comm=swapper/1 next_pid=0 next_prio=120
          <idle>-0     [001] ...2   463.072955: sched_switch: prev_comm=swapper/1 prev_pid=0 prev_prio=120 prev_state=R ==> next_comm=ple.kvbenchmark next_pid=3305 next_prio=120
           <...>-3305  [001] ...2   463.073003: sched_switch: prev_comm=ple.kvbenchmark prev_pid=3305 prev_prio=120 prev_state=S ==> next_comm=swapper/1 next_pid=0 next_prio=120
          <idle>-0     [001] ...2   463.074056: sched_switch: prev_comm=swapper/1 prev_pid=0 prev_prio=120 prev_state=R ==> next_comm=ple.kvbenchmark next_pid=3305 next_prio=120
           <...>-3305  [001] ...2   463.074103: sched_switch: prev_comm=ple.kvbenchmark prev_pid=3305 prev_prio=120 prev_state=S ==> next_comm=swapper/1 next_pid=0 next_prio=120
          <idle>-0     [001] ...2   463.075156: sched_switch: prev_comm=swapper/1 prev_pid=0 prev_prio=120 prev_state=R ==> next_comm=ple.kvbenchmark next_pid=3305 next_prio=120
           <...>-3305  [001] ...2   463.075200: sched_switch: prev_comm=ple.kvbenchmark prev_pid=3305 prev_prio=120 prev_state=S ==> next_comm=swapper/1 next_pid=0 next_prio=120
          <idle>-0     [001] ...2   463.076253: sched_switch: prev_comm=swapper/1 prev_pid=0 prev_prio=120 prev_state=R ==> next_comm=ple.kvbenchmark next_pid=3305 next_prio=120
           <...>-3305  [001] ...2   463.076298: sched_switch: prev_comm=ple.kvbenchmark prev_pid=3305 prev_prio=120 prev_state=S ==> next_comm=swapper/1 next_pid=0 next_prio=120
          <idle>-0     [001] ...2   463.077352: sched_switch: prev_comm=swapper/1 prev_pid=0 prev_prio=120 prev_state=R ==> next_comm=ple.kvbenchmark next_pid=3305 next_prio=120
           <...>-3305  [001] ...2   463.077396: sched_switch: prev_comm=ple.kvbenchmark prev_pid=3305 prev_prio=120 prev_state=S ==> next_comm=swapper/1 next_pid=0 next_prio=120
          <idle>-0     [001] ...2   463.077544: sched_switch: prev_comm=swapper/1 prev_pid=0 prev_prio=120 prev_state=R ==> next_comm=ksoftirqd/1 next_pid=6174 next_prio=120
     ksoftirqd/1-6174  [001] ...2   463.077578: sched_switch: prev_comm=ksoftirqd/1 prev_pid=6174 prev_prio=120 prev_state=S ==> next_comm=swapper/1 next_pid=0 next_prio=120
          <idle>-0     [001] ...2   463.077590: sched_switch: prev_comm=swapper/1 prev_pid=0 prev_prio=120 prev_state=R ==> next_comm=ksoftirqd/1 next_pid=6174 next_prio=120
     ksoftirqd/1-6174  [001] ...2   463.077598: sched_switch: prev_comm=ksoftirqd/1 prev_pid=6174 prev_prio=120 prev_state=S ==> next_comm=swapper/1 next_pid=0 next_prio=120
          <idle>-0     [001] ...2   463.077610: sched_switch: prev_comm=swapper/1 prev_pid=0 prev_prio=120 prev_state=R ==> next_comm=ksoftirqd/1 next_pid=6174 next_prio=120
     ksoftirqd/1-6174  [001] ...2   463.077617: sched_switch: prev_comm=ksoftirqd/1 prev_pid=6174 prev_prio=120 prev_state=S ==> next_comm=swapper/1 next_pid=0 next_prio=120
          <idle>-0     [001] ...2   463.077801: sched_switch: prev_comm=swapper/1 prev_pid=0 prev_prio=120 prev_state=R ==> next_comm=adbd next_pid=3168 next_prio=120
            adbd-3168  [001] ...2   463.077813: sched_switch: prev_comm=adbd prev_pid=3168 prev_prio=120 prev_state=S ==> next_comm=swapper/1 next_pid=0 next_prio=120
          <idle>-0     [001] ...2   463.078047: sched_switch: prev_comm=swapper/1 prev_pid=0 prev_prio=120 prev_state=R ==> next_comm=adbd next_pid=3168 next_prio=120
            adbd-3168  [001] ...2   463.078078: sched_switch: prev_comm=adbd prev_pid=3168 prev_prio=120 prev_state=S ==> next_comm=adbd next_pid=1861 next_prio=120
            adbd-1861  [001] ...2   463.078674: sched_switch: prev_comm=adbd prev_pid=1861 prev_prio=120 prev_state=D ==> next_comm=kworker/1:1 next_pid=6175 next_prio=120
     kworker/1:1-6175  [001] ...2   463.078689: sched_switch: prev_comm=kworker/1:1 prev_pid=6175 prev_prio=120 prev_state=S ==> next_comm=adbd next_pid=3167 next_prio=120
            adbd-3167  [001] ...2   463.078751: sched_switch: prev_comm=adbd prev_pid=3167 prev_prio=120 prev_state=S ==> next_comm=ple.kvbenchmark next_pid=3305 next_prio=120
           <...>-3305  [001] ...2   463.078809: sched_switch: prev_comm=ple.kvbenchmark prev_pid=3305 prev_prio=120 prev_state=S ==> next_comm=adbd next_pid=1861 next_prio=120
            adbd-1861  [001] ...2   463.078857: sched_switch: prev_comm=adbd prev_pid=1861 prev_prio=120 prev_state=S ==> next_comm=adbd next_pid=8491 next_prio=120
           <...>-8491  [001] ...2   463.078879: sched_switch: prev_comm=adbd prev_pid=8491 prev_prio=120 prev_state=S ==> next_comm=adbd next_pid=8490 next_prio=120
           <...>-8490  [001] ...2   463.079864: sched_switch: prev_comm=sh prev_pid=8490 prev_prio=120 prev_state=R ==> next_comm=ple.kvbenchmark next_pid=3305 next_prio=120
           <...>-3305  [001] ...2   463.079921: sched_switch: prev_comm=ple.kvbenchmark prev_pid=3305 prev_prio=120 prev_state=S ==> next_comm=sh next_pid=8490 next_prio=120
           <...>-8490  [001] ...2   463.080975: sched_switch: prev_comm=sh prev_pid=8490 prev_prio=120 prev_state=R+ ==> next_comm=ple.kvbenchmark next_pid=3305 next_prio=120
           <...>-3305  [001] ...2   463.081030: sched_switch: prev_comm=ple.kvbenchmark prev_pid=3305 prev_prio=120 prev_state=S ==> next_comm=sh next_pid=8490 next_prio=120
           <...>-8490  [001] ...2   463.082084: sched_switch: prev_comm=sh prev_pid=8490 prev_prio=120 prev_state=R ==> next_comm=ple.kvbenchmark next_pid=3305 next_prio=120
           <...>-3305  [001] ...2   463.082139: sched_switch: prev_comm=ple.kvbenchmark prev_pid=3305 prev_prio=120 prev_state=S ==> next_comm=sh next_pid=8490 next_prio=120
           <...>-8490  [001] ...2   463.083191: sched_switch: prev_comm=sh prev_pid=8490 prev_prio=120 prev_state=R ==> next_comm=ple.kvbenchmark next_pid=3305 next_prio=120
           <...>-3305  [001] ...2   463.083245: sched_switch: prev_comm=ple.kvbenchmark prev_pid=3305 prev_prio=120 prev_state=S ==> next_comm=sh next_pid=8490 next_prio=120
           <...>-8490  [001] ...2   463.084300: sched_switch: prev_comm=sh prev_pid=8490 prev_prio=120 prev_state=R+ ==> next_comm=ple.kvbenchmark next_pid=3305 next_prio=120
           <...>-3305  [001] ...2   463.084359: sched_switch: prev_comm=ple.kvbenchmark prev_pid=3305 prev_prio=120 prev_state=S ==> next_comm=sh next_pid=8490 next_prio=120
           <...>-8490  [001] ...2   463.085414: sched_switch: prev_comm=sh prev_pid=8490 prev_prio=120 prev_state=R ==> next_comm=ple.kvbenchmark next_pid=3305 next_prio=120
           <...>-3305  [001] ...2   463.085475: sched_switch: prev_comm=ple.kvbenchmark prev_pid=3305 prev_prio=120 prev_state=S ==> next_comm=sh next_pid=8490 next_prio=120
           <...>-8490  [001] ...2   463.085736: sched_switch: prev_comm=sh prev_pid=8490 prev_prio=120 prev_state=R+ ==> next_comm=kworker/1:1 next_pid=6175 next_prio=120
     kworker/1:1-6175  [001] ...2   463.085752: sched_switch: prev_comm=kworker/1:1 prev_pid=6175 prev_prio=120 prev_state=S ==> next_comm=adbd next_pid=1861 next_prio=120
            adbd-1861  [001] ...2   463.085938: sched_switch: prev_comm=adbd prev_pid=1861 prev_prio=120 prev_state=S ==> next_comm=adbd next_pid=3167 next_prio=120
            adbd-3167  [001] ...2   463.085990: sched_switch: prev_comm=adbd prev_pid=3167 prev_prio=120 prev_state=S ==> next_comm=sh next_pid=8490 next_prio=120
           <...>-8490  [001] ...2   463.086002: sched_switch: prev_comm=sh prev_pid=8490 prev_prio=120 prev_state=R+ ==> next_comm=kworker/1:1 next_pid=6175 next_prio=120
     kworker/1:1-6175  [001] ...2   463.086013: sched_switch: prev_comm=kworker/1:1 prev_pid=6175 prev_prio=120 prev_state=S ==> next_comm=sh next_pid=8490 next_prio=120
           <...>-8490  [001] ...2   463.086024: sched_switch: prev_comm=sh prev_pid=8490 prev_prio=120 prev_state=R+ ==> next_comm=kworker/1:1 next_pid=6175 next_prio=120
     kworker/1:1-6175  [001] ...2   463.086032: sched_switch: prev_comm=kworker/1:1 prev_pid=6175 prev_prio=120 prev_state=S ==> next_comm=sh next_pid=8490 next_prio=120
           <...>-8490  [001] ...2   463.086041: sched_switch: prev_comm=sh prev_pid=8490 prev_prio=120 prev_state=R+ ==> next_comm=kworker/1:1 next_pid=6175 next_prio=120
     kworker/1:1-6175  [001] ...2   463.086049: sched_switch: prev_comm=kworker/1:1 prev_pid=6175 prev_prio=120 prev_state=S ==> next_comm=sh next_pid=8490 next_prio=120
           <...>-8490  [001] ...2   463.086058: sched_switch: prev_comm=sh prev_pid=8490 prev_prio=120 prev_state=R+ ==> next_comm=kworker/1:1 next_pid=6175 next_prio=120
     kworker/1:1-6175  [001] ...2   463.086066: sched_switch: prev_comm=kworker/1:1 prev_pid=6175 prev_prio=120 prev_state=S ==> next_comm=sh next_pid=8490 next_prio=120
           <...>-8490  [001] ...2   463.086076: sched_switch: prev_comm=sh prev_pid=8490 prev_prio=120 prev_state=R+ ==> next_comm=kworker/1:1 next_pid=6175 next_prio=120
     kworker/1:1-6175  [001] ...2   463.086083: sched_switch: prev_comm=kworker/1:1 prev_pid=6175 prev_prio=120 prev_state=S ==> next_comm=sh next_pid=8490 next_prio=120
           <...>-8490  [001] ...2   463.086093: sched_switch: prev_comm=sh prev_pid=8490 prev_prio=120 prev_state=R+ ==> next_comm=kworker/1:1 next_pid=6175 next_prio=120
     kworker/1:1-6175  [001] ...2   463.086101: sched_switch: prev_comm=kworker/1:1 prev_pid=6175 prev_prio=120 prev_state=S ==> next_comm=sh next_pid=8490 next_prio=120
           <...>-8490  [001] ...2   463.086110: sched_switch: prev_comm=sh prev_pid=8490 prev_prio=120 prev_state=R+ ==> next_comm=kworker/1:1 next_pid=6175 next_prio=120
     kworker/1:1-6175  [001] ...2   463.086118: sched_switch: prev_comm=kworker/1:1 prev_pid=6175 prev_prio=120 prev_state=S ==> next_comm=sh next_pid=8490 next_prio=120
           <...>-8490  [001] ...2   463.086127: sched_switch: prev_comm=sh prev_pid=8490 prev_prio=120 prev_state=R+ ==> next_comm=kworker/1:1 next_pid=6175 next_prio=120
     kworker/1:1-6175  [001] ...2   463.086135: sched_switch: prev_comm=kworker/1:1 prev_pid=6175 prev_prio=120 prev_state=S ==> next_comm=sh next_pid=8490 next_prio=120
           <...>-8490  [001] ...2   463.086144: sched_switch: prev_comm=sh prev_pid=8490 prev_prio=120 prev_state=R+ ==> next_comm=kworker/1:1 next_pid=6175 next_prio=120
     kworker/1:1-6175  [001] ...2   463.086152: sched_switch: prev_comm=kworker/1:1 prev_pid=6175 prev_prio=120 prev_state=S ==> next_comm=sh next_pid=8490 next_prio=120
           <...>-8490  [001] ...2   463.086173: sched_switch: prev_comm=sh prev_pid=8490 prev_prio=120 prev_state=R+ ==> next_comm=kworker/1:1 next_pid=6175 next_prio=120
     kworker/1:1-6175  [001] ...2   463.086181: sched_switch: prev_comm=kworker/1:1 prev_pid=6175 prev_prio=120 prev_state=S ==> next_comm=sh next_pid=8490 next_prio=120
           <...>-8490  [001] ...2   463.086191: sched_switch: prev_comm=sh prev_pid=8490 prev_prio=120 prev_state=R+ ==> next_comm=kworker/1:1 next_pid=6175 next_prio=120
     kworker/1:1-6175  [001] ...2   463.086198: sched_switch: prev_comm=kworker/1:1 prev_pid=6175 prev_prio=120 prev_state=S ==> next_comm=sh next_pid=8490 next_prio=120
           <...>-8490  [001] ...2   463.086208: sched_switch: prev_comm=sh prev_pid=8490 prev_prio=120 prev_state=R+ ==> next_comm=kworker/1:1 next_pid=6175 next_prio=120
     kworker/1:1-6175  [001] ...2   463.086216: sched_switch: prev_comm=kworker/1:1 prev_pid=6175 prev_prio=120 prev_state=S ==> next_comm=sh next_pid=8490 next_prio=120
           <...>-8490  [001] ...2   463.086225: sched_switch: prev_comm=sh prev_pid=8490 prev_prio=120 prev_state=R+ ==> next_comm=kworker/1:1 next_pid=6175 next_prio=120
     kworker/1:1-6175  [001] ...2   463.086232: sched_switch: prev_comm=kworker/1:1 prev_pid=6175 prev_prio=120 prev_state=S ==> next_comm=sh next_pid=8490 next_prio=120
           <...>-8490  [001] ...2   463.086242: sched_switch: prev_comm=sh prev_pid=8490 prev_prio=120 prev_state=R+ ==> next_comm=kworker/1:1 next_pid=6175 next_prio=120
     kworker/1:1-6175  [001] ...2   463.086249: sched_switch: prev_comm=kworker/1:1 prev_pid=6175 prev_prio=120 prev_state=S ==> next_comm=sh next_pid=8490 next_prio=120
           <...>-8490  [001] ...2   463.086259: sched_switch: prev_comm=sh prev_pid=8490 prev_prio=120 prev_state=R+ ==> next_comm=kworker/1:1 next_pid=6175 next_prio=120
     kworker/1:1-6175  [001] ...2   463.086266: sched_switch: prev_comm=kworker/1:1 prev_pid=6175 prev_prio=120 prev_state=S ==> next_comm=sh next_pid=8490 next_prio=120
           <...>-8490  [001] ...2   463.086276: sched_switch: prev_comm=sh prev_pid=8490 prev_prio=120 prev_state=R+ ==> next_comm=kworker/1:1 next_pid=6175 next_prio=120
     kworker/1:1-6175  [001] ...2   463.086283: sched_switch: prev_comm=kworker/1:1 prev_pid=6175 prev_prio=120 prev_state=S ==> next_comm=sh next_pid=8490 next_prio=120
           <...>-8490  [001] ...2   463.086293: sched_switch: prev_comm=sh prev_pid=8490 prev_prio=120 prev_state=R+ ==> next_comm=kworker/1:1 next_pid=6175 next_prio=120
     kworker/1:1-6175  [001] ...2   463.086300: sched_switch: prev_comm=kworker/1:1 prev_pid=6175 prev_prio=120 prev_state=S ==> next_comm=sh next_pid=8490 next_prio=120
           <...>-8490  [001] ...2   463.086317: sched_switch: prev_comm=sh prev_pid=8490 prev_prio=120 prev_state=R+ ==> next_comm=adbd next_pid=3168 next_prio=120
            adbd-3168  [001] ...2   463.086355: sched_switch: prev_comm=adbd prev_pid=3168 prev_prio=120 prev_state=S ==> next_comm=adbd next_pid=1861 next_prio=120
            adbd-1861  [001] ...2   463.086456: sched_switch: prev_comm=adbd prev_pid=1861 prev_prio=120 prev_state=D ==> next_comm=adbd next_pid=3167 next_prio=120
            adbd-3167  [001] ...2   463.086462: sched_switch: prev_comm=adbd prev_pid=3167 prev_prio=120 prev_state=S ==> next_comm=kworker/1:1 next_pid=6175 next_prio=120
     kworker/1:1-6175  [001] ...2   463.086475: sched_switch: prev_comm=kworker/1:1 prev_pid=6175 prev_prio=120 prev_state=S ==> next_comm=adbd next_pid=1861 next_prio=120
            adbd-1861  [001] ...2   463.086595: sched_switch: prev_comm=adbd prev_pid=1861 prev_prio=120 prev_state=S ==> next_comm=ple.kvbenchmark next_pid=3305 next_prio=120
           <...>-3305  [001] ...2   463.086649: sched_switch: prev_comm=ple.kvbenchmark prev_pid=3305 prev_prio=120 prev_state=S ==> next_comm=adbd next_pid=3167 next_prio=120
            adbd-3167  [001] ...2   463.086687: sched_switch: prev_comm=adbd prev_pid=3167 prev_prio=120 prev_state=S ==> next_comm=sh next_pid=8490 next_prio=120
           <...>-8490  [001] ...2   463.086699: sched_switch: prev_comm=sh prev_pid=8490 prev_prio=120 prev_state=R+ ==> next_comm=kworker/1:1 next_pid=6175 next_prio=120
     kworker/1:1-6175  [001] ...2   463.086707: sched_switch: prev_comm=kworker/1:1 prev_pid=6175 prev_prio=120 prev_state=S ==> next_comm=sh next_pid=8490 next_prio=120
           <...>-8490  [001] ...2   463.086717: sched_switch: prev_comm=sh prev_pid=8490 prev_prio=120 prev_state=R+ ==> next_comm=kworker/1:1 next_pid=6175 next_prio=120
     kworker/1:1-6175  [001] ...2   463.086725: sched_switch: prev_comm=kworker/1:1 prev_pid=6175 prev_prio=120 prev_state=S ==> next_comm=sh next_pid=8490 next_prio=120
           <...>-8490  [001] ...2   463.086734: sched_switch: prev_comm=sh prev_pid=8490 prev_prio=120 prev_state=R+ ==> next_comm=kworker/1:1 next_pid=6175 next_prio=120
     kworker/1:1-6175  [001] ...2   463.086742: sched_switch: prev_comm=kworker/1:1 prev_pid=6175 prev_prio=120 prev_state=S ==> next_comm=sh next_pid=8490 next_prio=120
           <...>-8490  [001] ...2   463.086752: sched_switch: prev_comm=sh prev_pid=8490 prev_prio=120 prev_state=R+ ==> next_comm=kworker/1:1 next_pid=6175 next_prio=120
     kworker/1:1-6175  [001] ...2   463.086759: sched_switch: prev_comm=kworker/1:1 prev_pid=6175 prev_prio=120 prev_state=S ==> next_comm=sh next_pid=8490 next_prio=120
           <...>-8490  [001] ...2   463.086768: sched_switch: prev_comm=sh prev_pid=8490 prev_prio=120 prev_state=R+ ==> next_comm=kworker/1:1 next_pid=6175 next_prio=120
     kworker/1:1-6175  [001] ...2   463.086776: sched_switch: prev_comm=kworker/1:1 prev_pid=6175 prev_prio=120 prev_state=S ==> next_comm=sh next_pid=8490 next_prio=120
           <...>-8490  [001] ...2   463.087047: sched_switch: prev_comm=sh prev_pid=8490 prev_prio=120 prev_state=R ==> next_comm=adbd next_pid=3168 next_prio=120
            adbd-3168  [001] ...2   463.087077: sched_switch: prev_comm=adbd prev_pid=3168 prev_prio=120 prev_state=S ==> next_comm=adbd next_pid=1861 next_prio=120
            adbd-1861  [001] ...2   463.087349: sched_switch: prev_comm=adbd prev_pid=1861 prev_prio=120 prev_state=S ==> next_comm=adbd next_pid=3167 next_prio=120
            adbd-3167  [001] ...2   463.087408: sched_switch: prev_comm=adbd prev_pid=3167 prev_prio=120 prev_state=S ==> next_comm=kworker/1:1 next_pid=6175 next_prio=120
     kworker/1:1-6175  [001] ...2   463.087417: sched_switch: prev_comm=kworker/1:1 prev_pid=6175 prev_prio=120 prev_state=S ==> next_comm=sh next_pid=8490 next_prio=120
           <...>-8490  [001] ...2   463.087702: sched_switch: prev_comm=sh prev_pid=8490 prev_prio=120 prev_state=R+ ==> next_comm=ple.kvbenchmark next_pid=3305 next_prio=120
           <...>-3305  [001] ...2   463.087758: sched_switch: prev_comm=ple.kvbenchmark prev_pid=3305 prev_prio=120 prev_state=S ==> next_comm=sh next_pid=8490 next_prio=120
           <...>-8490  [001] ...2   463.087776: sched_switch: prev_comm=sh prev_pid=8490 prev_prio=120 prev_state=R+ ==> next_comm=adbd next_pid=3168 next_prio=120
            adbd-3168  [001] ...2   463.087805: sched_switch: prev_comm=adbd prev_pid=3168 prev_prio=120 prev_state=S ==> next_comm=adbd next_pid=1861 next_prio=120
            adbd-1861  [001] ...2   463.087927: sched_switch: prev_comm=adbd prev_pid=1861 prev_prio=120 prev_state=S ==> next_comm=adbd next_pid=3167 next_prio=120
            adbd-3167  [001] ...2   463.087933: sched_switch: prev_comm=adbd prev_pid=3167 prev_prio=120 prev_state=S ==> next_comm=sh next_pid=8490 next_prio=120
           <...>-8490  [001] ...2   463.087966: sched_switch: prev_comm=sh prev_pid=8490 prev_prio=120 prev_state=R+ ==> next_comm=adbd next_pid=3168 next_prio=120
            adbd-3168  [001] ...2   463.087995: sched_switch: prev_comm=adbd prev_pid=3168 prev_prio=120 prev_state=S ==> next_comm=adbd next_pid=1861 next_prio=120
            adbd-1861  [001] ...2   463.088116: sched_switch: prev_comm=adbd prev_pid=1861 prev_prio=120 prev_state=S ==> next_comm=adbd next_pid=3167 next_prio=120
            adbd-3167  [001] ...2   463.088122: sched_switch: prev_comm=adbd prev_pid=3167 prev_prio=120 prev_state=S ==> next_comm=sh next_pid=8490 next_prio=120
           <...>-8490  [001] ...2   463.088156: sched_switch: prev_comm=sh prev_pid=8490 prev_prio=120 prev_state=R+ ==> next_comm=adbd next_pid=8491 next_prio=120
           <...>-8491  [001] ...3   463.088259: sched_switch: prev_comm=adbd prev_pid=8491 prev_prio=120 prev_state=x ==> next_comm=adbd next_pid=1861 next_prio=120
            adbd-1861  [001] ...2   463.088381: sched_switch: prev_comm=adbd prev_pid=1861 prev_prio=120 prev_state=S ==> next_comm=sh next_pid=8490 next_prio=120
           <...>-8490  [001] ...3   463.088390: sched_switch: prev_comm=sh prev_pid=8490 prev_prio=120 prev_state=x ==> next_comm=swapper/1 next_pid=0 next_prio=120
          <idle>-0     [001] ...2   463.088407: sched_switch: prev_comm=swapper/1 prev_pid=0 prev_prio=120 prev_state=R ==> next_comm=ksoftirqd/1 next_pid=6174 next_prio=120
     ksoftirqd/1-6174  [001] ...2   463.088417: sched_switch: prev_comm=ksoftirqd/1 prev_pid=6174 prev_prio=120 prev_state=S ==> next_comm=swapper/1 next_pid=0 next_prio=120
          <idle>-0     [001] ...2   463.088430: sched_switch: prev_comm=swapper/1 prev_pid=0 prev_prio=120 prev_state=R ==> next_comm=ksoftirqd/1 next_pid=6174 next_prio=120
     ksoftirqd/1-6174  [001] ...2   463.088437: sched_switch: prev_comm=ksoftirqd/1 prev_pid=6174 prev_prio=120 prev_state=S ==> next_comm=swapper/1 next_pid=0 next_prio=120
          <idle>-0     [001] ...2   463.088449: sched_switch: prev_comm=swapper/1 prev_pid=0 prev_prio=120 prev_state=R ==> next_comm=ksoftirqd/1 next_pid=6174 next_prio=120
     ksoftirqd/1-6174  [001] ...2   463.088455: sched_switch: prev_comm=ksoftirqd/1 prev_pid=6174 prev_prio=120 prev_state=S ==> next_comm=swapper/1 next_pid=0 next_prio=120
          <idle>-0     [001] ...2   463.088817: sched_switch: prev_comm=swapper/1 prev_pid=0 prev_prio=120 prev_state=R ==> next_comm=ple.kvbenchmark next_pid=3305 next_prio=120
           <...>-3305  [001] ...2   463.088868: sched_switch: prev_comm=ple.kvbenchmark prev_pid=3305 prev_prio=120 prev_state=S ==> next_comm=swapper/1 next_pid=0 next_prio=120
          <idle>-0     [001] ...2   463.089923: sched_switch: prev_comm=swapper/1 prev_pid=0 prev_prio=120 prev_state=R ==> next_comm=ple.kvbenchmark next_pid=3305 next_prio=120
           <...>-3305  [001] ...2   463.089968: sched_switch: prev_comm=ple.kvbenchmark prev_pid=3305 prev_prio=120 prev_state=S ==> next_comm=swapper/1 next_pid=0 next_prio=120
          <idle>-0     [001] ...2   463.091021: sched_switch: prev_comm=swapper/1 prev_pid=0 prev_prio=120 prev_state=R ==> next_comm=ple.kvbenchmark next_pid=3305 next_prio=120
           <...>-3305  [001] ...2   463.091071: sched_switch: prev_comm=ple.kvbenchmark prev_pid=3305 prev_prio=120 prev_state=S ==> next_comm=swapper/1 next_pid=0 next_prio=120
          <idle>-0     [001] ...2   463.092124: sched_switch: prev_comm=swapper/1 prev_pid=0 prev_prio=120 prev_state=R ==> next_comm=ple.kvbenchmark next_pid=3305 next_prio=120
           <...>-3305  [001] ...2   463.092173: sched_switch: prev_comm=ple.kvbenchmark prev_pid=3305 prev_prio=120 prev_state=S ==> next_comm=swapper/1 next_pid=0 next_prio=120
          <idle>-0     [001] ...2   463.093226: sched_switch: prev_comm=swapper/1 prev_pid=0 prev_prio=120 prev_state=R ==> next_comm=ple.kvbenchmark next_pid=3305 next_prio=120
           <...>-3305  [001] ...2   463.093273: sched_switch: prev_comm=ple.kvbenchmark prev_pid=3305 prev_prio=120 prev_state=S ==> next_comm=swapper/1 next_pid=0 next_prio=120
          <idle>-0     [001] ...2   463.094326: sched_switch: prev_comm=swapper/1 prev_pid=0 prev_prio=120 prev_state=R ==> next_comm=ple.kvbenchmark next_pid=3305 next_prio=120
           <...>-3305  [001] ...2   463.094373: sched_switch: prev_comm=ple.kvbenchmark prev_pid=3305 prev_prio=120 prev_state=S ==> next_comm=swapper/1 next_pid=0 next_prio=120
          <idle>-0     [001] ...2   463.095426: sched_switch: prev_comm=swapper/1 prev_pid=0 prev_prio=120 prev_state=R ==> next_comm=ple.kvbenchmark next_pid=3305 next_prio=120
           <...>-3305  [001] ...2   463.095474: sched_switch: prev_comm=ple.kvbenchmark prev_pid=3305 prev_prio=120 prev_state=S ==> next_comm=swapper/1 next_pid=0 next_prio=120
          <idle>-0     [001] ...2   463.096527: sched_switch: prev_comm=swapper/1 prev_pid=0 prev_prio=120 prev_state=R ==> next_comm=ple.kvbenchmark next_pid=3305 next_prio=120
           <...>-3305  [001] ...2   463.096573: sched_switch: prev_comm=ple.kvbenchmark prev_pid=3305 prev_prio=120 prev_state=S ==> next_comm=swapper/1 next_pid=0 next_prio=120
          <idle>-0     [001] ...2   463.097542: sched_switch: prev_comm=swapper/1 prev_pid=0 prev_prio=120 prev_state=R ==> next_comm=kworker/1:0H next_pid=6173 next_prio=100
    kworker/1:0H-6173  [001] ...2   463.097558: sched_switch: prev_comm=kworker/1:0H prev_pid=6173 prev_prio=100 prev_state=S ==> next_comm=ksoftirqd/1 next_pid=6174 next_prio=120
          traced-202   [000] ...2   463.097569: sched_switch: prev_comm=traced prev_pid=202 prev_prio=120 prev_state=R ==> next_comm=kworker/0:2 next_pid=98 next_prio=120
     ksoftirqd/1-6174  [001] ...2   463.097571: sched_switch: prev_comm=ksoftirqd/1 prev_pid=6174 prev_prio=120 prev_state=S ==> next_comm=swapper/1 next_pid=0 next_prio=120
          <idle>-0     [001] ...2   463.097583: sched_switch: prev_comm=swapper/1 prev_pid=0 prev_prio=120 prev_state=R ==> next_comm=ksoftirqd/1 next_pid=6174 next_prio=120
     kworker/0:2-98    [000] ...2   463.097587: sched_switch: prev_comm=kworker/0:2 prev_pid=98 prev_prio=120 prev_state=S ==> next_comm=kworker/0:1H next_pid=17 next_prio=100
     ksoftirqd/1-6174  [001] ...2   463.097593: sched_switch: prev_comm=ksoftirqd/1 prev_pid=6174 prev_prio=120 prev_state=S ==> next_comm=swapper/1 next_pid=0 next_prio=120
          <idle>-0     [001] ...2   463.097605: sched_switch: prev_comm=swapper/1 prev_pid=0 prev_prio=120 prev_state=R ==> next_comm=ksoftirqd/1 next_pid=6174 next_prio=120
    kworker/0:1H-17    [000] ...2   463.097619: sched_switch: prev_comm=kworker/0:1H prev_pid=17 prev_prio=100 prev_state=D ==> next_comm=kworker/0:0H next_pid=6612 next_prio=100
     ksoftirqd/1-6174  [001] ...2   463.097622: sched_switch: prev_comm=ksoftirqd/1 prev_pid=6174 prev_prio=120 prev_state=S ==> next_comm=swapper/1 next_pid=0 next_prio=120
          <idle>-0     [001] ...2   463.097625: sched_switch: prev_comm=swapper/1 prev_pid=0 prev_prio=120 prev_state=R ==> next_comm=ple.kvbenchmark next_pid=3305 next_prio=120
           <...>-6612  [000] ...1   463.097638: cpu_frequency_switch_start: start=960000 end=2265600 cpu_id=0
           <...>-3305  [001] ...2   463.097676: sched_switch: prev_comm=ple.kvbenchmark prev_pid=3305 prev_prio=120 prev_state=S ==> next_comm=swapper/1 next_pid=0 next_prio=120
           <...>-6612  [000] ...1   463.097722: cpu_frequency_switch_end: cpu_id=0
           <...>-6612  [000] ...1   463.097724: cpu_frequency: state=2265600 cpu_id=0
           <...>-6612  [000] ...2   463.097749: sched_switch: prev_comm=kworker/0:0H prev_pid=6612 prev_prio=100 prev_state=S ==> next_comm=kworker/0:1H next_pid=17 next_prio=100
    kworker/0:1H-17    [000] ...2   463.097757: sched_switch: prev_comm=kworker/0:1H prev_pid=17 prev_prio=100 prev_state=S ==> next_comm=traced next_pid=202 next_prio=120
          <idle>-0     [001] ...2   463.098730: sched_switch: prev_comm=swapper/1 prev_pid=0 prev_prio=120 prev_state=R ==> next_comm=ple.kvbenchmark next_pid=3305 next_prio=120
           <...>-3305  [001] ...2   463.098777: sched_switch: prev_comm=ple.kvbenchmark prev_pid=3305 prev_prio=120 prev_state=S ==> next_comm=swapper/1 next_pid=0 next_prio=120
          <idle>-0     [001] ...2   463.099830: sched_switch: prev_comm=swapper/1 prev_pid=0 prev_prio=120 prev_state=R ==> next_comm=ple.kvbenchmark next_pid=3305 next_prio=120
           <...>-3305  [001] ...2   463.099875: sched_switch: prev_comm=ple.kvbenchmark prev_pid=3305 prev_prio=120 prev_state=S ==> next_comm=swapper/1 next_pid=0 next_prio=120
          <idle>-0     [001] ...2   463.100928: sched_switch: prev_comm=swapper/1 prev_pid=0 prev_prio=120 prev_state=R ==> next_comm=ple.kvbenchmark next_pid=3305 next_prio=120
           <...>-3305  [001] ...2   463.100975: sched_switch: prev_comm=ple.kvbenchmark prev_pid=3305 prev_prio=120 prev_state=S ==> next_comm=swapper/1 next_pid=0 next_prio=120
          <idle>-0     [001] ...2   463.102028: sched_switch: prev_comm=swapper/1 prev_pid=0 prev_prio=120 prev_state=R ==> next_comm=ple.kvbenchmark next_pid=3305 next_prio=120
           <...>-3305  [001] ...2   463.102073: sched_switch: prev_comm=ple.kvbenchmark prev_pid=3305 prev_prio=120 prev_state=S ==> next_comm=swapper/1 next_pid=0 next_prio=120
          <idle>-0     [001] ...2   463.103126: sched_switch: prev_comm=swapper/1 prev_pid=0 prev_prio=120 prev_state=R ==> next_comm=ple.kvbenchmark next_pid=3305 next_prio=120
           <...>-3305  [001] ...2   463.103190: sched_switch: prev_comm=ple.kvbenchmark prev_pid=3305 prev_prio=120 prev_state=S ==> next_comm=swapper/1 next_pid=0 next_prio=120
          <idle>-0     [001] ...2   463.104243: sched_switch: prev_comm=swapper/1 prev_pid=0 prev_prio=120 prev_state=R ==> next_comm=ple.kvbenchmark next_pid=3305 next_prio=120
           <...>-3305  [001] ...2   463.104291: sched_switch: prev_comm=ple.kvbenchmark prev_pid=3305 prev_prio=120 prev_state=S ==> next_comm=swapper/1 next_pid=0 next_prio=120
          <idle>-0     [001] ...2   463.105344: sched_switch: prev_comm=swapper/1 prev_pid=0 prev_prio=120 prev_state=R ==> next_comm=ple.kvbenchmark next_pid=3305 next_prio=120
           <...>-3305  [001] ...2   463.105389: sched_switch: prev_comm=ple.kvbenchmark prev_pid=3305 prev_prio=120 prev_state=S ==> next_comm=swapper/1 next_pid=0 next_prio=120
          <idle>-0     [001] ...2   463.106442: sched_switch: prev_comm=swapper/1 prev_pid=0 prev_prio=120 prev_state=R ==> next_comm=ple.kvbenchmark next_pid=3305 next_prio=120
           <...>-3305  [001] ...2   463.106485: sched_switch: prev_comm=ple.kvbenchmark prev_pid=3305 prev_prio=120 prev_state=S ==> next_comm=swapper/1 next_pid=0 next_prio=120
          <idle>-0     [001] ...2   463.107542: sched_switch: prev_comm=swapper/1 prev_pid=0 prev_prio=120 prev_state=R ==> next_comm=ksoftirqd/1 next_pid=6174 next_prio=120
     ksoftirqd/1-6174  [001] ...2   463.107590: sched_switch: prev_comm=ksoftirqd/1 prev_pid=6174 prev_prio=120 prev_state=S ==> next_comm=ple.kvbenchmark next_pid=3305 next_prio=120
           <...>-3305  [001] ...2   463.107638: sched_switch: prev_comm=ple.kvbenchmark prev_pid=3305 prev_prio=120 prev_state=S ==> next_comm=swapper/1 next_pid=0 next_prio=120
          <idle>-0     [001] ...2   463.107651: sched_switch: prev_comm=swapper/1 prev_pid=0 prev_prio=120 prev_state=R ==> next_comm=ksoftirqd/1 next_pid=6174 next_prio=120
     ksoftirqd/1-6174  [001] ...2   463.107659: sched_switch: prev_comm=ksoftirqd/1 prev_pid=6174 prev_prio=120 prev_state=S ==> next_comm=swapper/1 next_pid=0 next_prio=120
          <idle>-0     [001] ...2   463.107670: sched_switch: prev_comm=swapper/1 prev_pid=0 prev_prio=120 prev_state=R ==> next_comm=ksoftirqd/1 next_pid=6174 next_prio=120
     ksoftirqd/1-6174  [001] ...2   463.107678: sched_switch: prev_comm=ksoftirqd/1 prev_pid=6174 prev_prio=120 prev_state=S ==> next_comm=swapper/1 next_pid=0 next_prio=120
          <idle>-0     [001] ...2   463.108693: sched_switch: prev_comm=swapper/1 prev_pid=0 prev_prio=120 prev_state=R ==> next_comm=ple.kvbenchmark next_pid=3305 next_prio=120
           <...>-3305  [001] ...2   463.108737: sched_switch: prev_comm=ple.kvbenchmark prev_pid=3305 prev_prio=120 prev_state=S ==> next_comm=swapper/1 next_pid=0 next_prio=120
          <idle>-0     [001] ...2   463.109791: sched_switch: prev_comm=swapper/1 prev_pid=0 prev_prio=120 prev_state=R ==> next_comm=ple.kvbenchmark next_pid=3305 next_prio=120
           <...>-3305  [001] ...2   463.109836: sched_switch: prev_comm=ple.kvbenchmark prev_pid=3305 prev_prio=120 prev_state=S ==> next_comm=swapper/1 next_pid=0 next_prio=120
          <idle>-0     [001] ...2   463.110888: sched_switch: prev_comm=swapper/1 prev_pid=0 prev_prio=120 prev_state=R ==> next_comm=ple.kvbenchmark next_pid=3305 next_prio=120
           <...>-3305  [001] ...2   463.110934: sched_switch: prev_comm=ple.kvbenchmark prev_pid=3305 prev_prio=120 prev_state=S ==> next_comm=swapper/1 next_pid=0 next_prio=120
          <idle>-0     [001] ...2   463.111987: sched_switch: prev_comm=swapper/1 prev_pid=0 prev_prio=120 prev_state=R ==> next_comm=ple.kvbenchmark next_pid=3305 next_prio=120
           <...>-3305  [001] ...2   463.112032: sched_switch: prev_comm=ple.kvbenchmark prev_pid=3305 prev_prio=120 prev_state=S ==> next_comm=swapper/1 next_pid=0 next_prio=120
          <idle>-0     [001] ...2   463.113085: sched_switch: prev_comm=swapper/1 prev_pid=0 prev_prio=120 prev_state=R ==> next_comm=ple.kvbenchmark next_pid=3305 next_prio=120
           <...>-3305  [001] ...2   463.113129: sched_switch: prev_comm=ple.kvbenchmark prev_pid=3305 prev_prio=120 prev_state=S ==> next_comm=swapper/1 next_pid=0 next_prio=120
          <idle>-0     [001] ...2   463.114182: sched_switch: prev_comm=swapper/1 prev_pid=0 prev_prio=120 prev_state=R ==> next_comm=ple.kvbenchmark next_pid=3305 next_prio=120
           <...>-3305  [001] ...2   463.114228: sched_switch: prev_comm=ple.kvbenchmark prev_pid=3305 prev_prio=120 prev_state=S ==> next_comm=swapper/1 next_pid=0 next_prio=120
          <idle>-0     [001] ...2   463.115281: sched_switch: prev_comm=swapper/1 prev_pid=0 prev_prio=120 prev_state=R ==> next_comm=ple.kvbenchmark next_pid=3305 next_prio=120
           <...>-3305  [001] ...2   463.115326: sched_switch: prev_comm=ple.kvbenchmark prev_pid=3305 prev_prio=120 prev_state=S ==> next_comm=swapper/1 next_pid=0 next_prio=120
          <idle>-0     [001] ...2   463.116379: sched_switch: prev_comm=swapper/1 prev_pid=0 prev_prio=120 prev_state=R ==> next_comm=ple.kvbenchmark next_pid=3305 next_prio=120
           <...>-3305  [001] ...2   463.116425: sched_switch: prev_comm=ple.kvbenchmark prev_pid=3305 prev_prio=120 prev_state=S ==> next_comm=swapper/1 next_pid=0 next_prio=120
          <idle>-0     [001] ...2   463.117477: sched_switch: prev_comm=swapper/1 prev_pid=0 prev_prio=120 prev_state=R ==> next_comm=ple.kvbenchmark next_pid=3305 next_prio=120
           <...>-3305  [001] ...2   463.117537: sched_switch: prev_comm=ple.kvbenchmark prev_pid=3305 prev_prio=120 prev_state=S ==> next_comm=swapper/1 next_pid=0 next_prio=120
          <idle>-0     [001] ...2   463.117541: sched_switch: prev_comm=swapper/1 prev_pid=0 prev_prio=120 prev_state=R ==> next_comm=kworker/u:1 next_pid=21 next_prio=120
          traced-202   [000] ...2   463.117553: sched_switch: prev_comm=traced prev_pid=202 prev_prio=120 prev_state=R ==> next_comm=mpdecision next_pid=1791 next_prio=113
           <...>-21    [001] ...2   463.117559: sched_switch: prev_comm=kworker/u:1 prev_pid=21 prev_prio=120 prev_state=S ==> next_comm=swapper/1 next_pid=0 next_prio=120
          <idle>-0     [001] ...2   463.117572: sched_switch: prev_comm=swapper/1 prev_pid=0 prev_prio=120 prev_state=R ==> next_comm=ksoftirqd/1 next_pid=6174 next_prio=120
     ksoftirqd/1-6174  [001] ...2   463.117581: sched_switch: prev_comm=ksoftirqd/1 prev_pid=6174 prev_prio=120 prev_state=S ==> next_comm=swapper/1 next_pid=0 next_prio=120
          <idle>-0     [001] ...2   463.117594: sched_switch: prev_comm=swapper/1 prev_pid=0 prev_prio=120 prev_state=R ==> next_comm=ksoftirqd/1 next_pid=6174 next_prio=120
     ksoftirqd/1-6174  [001] ...2   463.117603: sched_switch: prev_comm=ksoftirqd/1 prev_pid=6174 prev_prio=120 prev_state=S ==> next_comm=swapper/1 next_pid=0 next_prio=120
          <idle>-0     [001] ...2   463.117615: sched_switch: prev_comm=swapper/1 prev_pid=0 prev_prio=120 prev_state=R ==> next_comm=ksoftirqd/1 next_pid=6174 next_prio=120
     ksoftirqd/1-6174  [001] ...2   463.117623: sched_switch: prev_comm=ksoftirqd/1 prev_pid=6174 prev_prio=120 prev_state=S ==> next_comm=swapper/1 next_pid=0 next_prio=120
      mpdecision-1791  [000] ...2   463.117782: sched_switch: prev_comm=mpdecision prev_pid=1791 prev_prio=113 prev_state=S ==> next_comm=traced next_pid=202 next_prio=120
          <idle>-0     [001] ...2   463.118579: sched_switch: prev_comm=swapper/1 prev_pid=0 prev_prio=120 prev_state=R ==> next_comm=ple.kvbenchmark next_pid=3305 next_prio=120
           <...>-3305  [001] ...2   463.118631: sched_switch: prev_comm=ple.kvbenchmark prev_pid=3305 prev_prio=120 prev_state=S ==> next_comm=swapper/1 next_pid=0 next_prio=120
          <idle>-0     [001] ...2   463.119683: sched_switch: prev_comm=swapper/1 prev_pid=0 prev_prio=120 prev_state=R ==> next_comm=ple.kvbenchmark next_pid=3305 next_prio=120
           <...>-3305  [001] ...2   463.119728: sched_switch: prev_comm=ple.kvbenchmark prev_pid=3305 prev_prio=120 prev_state=S ==> next_comm=swapper/1 next_pid=0 next_prio=120
          <idle>-0     [001] ...2   463.120781: sched_switch: prev_comm=swapper/1 prev_pid=0 prev_prio=120 prev_state=R ==> next_comm=ple.kvbenchmark next_pid=3305 next_prio=120
           <...>-3305  [001] ...2   463.120827: sched_switch: prev_comm=ple.kvbenchmark prev_pid=3305 prev_prio=120 prev_state=S ==> next_comm=swapper/1 next_pid=0 next_prio=120
          <idle>-0     [001] ...2   463.121880: sched_switch: prev_comm=swapper/1 prev_pid=0 prev_prio=120 prev_state=R ==> next_comm=ple.kvbenchmark next_pid=3305 next_prio=120
           <...>-3305  [001] ...2   463.121928: sched_switch: prev_comm=ple.kvbenchmark prev_pid=3305 prev_prio=120 prev_state=S ==> next_comm=swapper/1 next_pid=0 next_prio=120
          <idle>-0     [001] ...2   463.122981: sched_switch: prev_comm=swapper/1 prev_pid=0 prev_prio=120 prev_state=R ==> next_comm=ple.kvbenchmark next_pid=3305 next_prio=120
           <...>-3305  [001] ...2   463.123028: sched_switch: prev_comm=ple.kvbenchmark prev_pid=3305 prev_prio=120 prev_state=S ==> next_comm=swapper/1 next_pid=0 next_prio=120
          <idle>-0     [001] ...2   463.124081: sched_switch: prev_comm=swapper/1 prev_pid=0 prev_prio=120 prev_state=R ==> next_comm=ple.kvbenchmark next_pid=3305 next_prio=120
           <...>-3305  [001] ...2   463.124125: sched_switch: prev_comm=ple.kvbenchmark prev_pid=3305 prev_prio=120 prev_state=S ==> next_comm=swapper/1 next_pid=0 next_prio=120
          <idle>-0     [001] ...2   463.125178: sched_switch: prev_comm=swapper/1 prev_pid=0 prev_prio=120 prev_state=R ==> next_comm=ple.kvbenchmark next_pid=3305 next_prio=120
           <...>-3305  [001] ...2   463.125220: sched_switch: prev_comm=ple.kvbenchmark prev_pid=3305 prev_prio=120 prev_state=S ==> next_comm=swapper/1 next_pid=0 next_prio=120
          <idle>-0     [001] ...2   463.126273: sched_switch: prev_comm=swapper/1 prev_pid=0 prev_prio=120 prev_state=R ==> next_comm=ple.kvbenchmark next_pid=3305 next_prio=120
           <...>-3305  [001] ...2   463.126318: sched_switch: prev_comm=ple.kvbenchmark prev_pid=3305 prev_prio=120 prev_state=S ==> next_comm=swapper/1 next_pid=0 next_prio=120
          <idle>-0     [001] ...2   463.127371: sched_switch: prev_comm=swapper/1 prev_pid=0 prev_prio=120 prev_state=R ==> next_comm=ple.kvbenchmark next_pid=3305 next_prio=120
           <...>-3305  [001] ...2   463.127415: sched_switch: prev_comm=ple.kvbenchmark prev_pid=3305 prev_prio=120 prev_state=S ==> next_comm=swapper/1 next_pid=0 next_prio=120
          <idle>-0     [001] ...2   463.127544: sched_switch: prev_comm=swapper/1 prev_pid=0 prev_prio=120 prev_state=R ==> next_comm=ksoftirqd/1 next_pid=6174 next_prio=120
     ksoftirqd/1-6174  [001] ...2   463.127553: sched_switch: prev_comm=ksoftirqd/1 prev_pid=6174 prev_prio=120 prev_state=S ==> next_comm=swapper/1 next_pid=0 next_prio=120
          <idle>-0     [001] ...2   463.127566: sched_switch: prev_comm=swapper/1 prev_pid=0 prev_prio=120 prev_state=R ==> next_comm=ksoftirqd/1 next_pid=6174 next_prio=120
     ksoftirqd/1-6174  [001] ...2   463.127573: sched_switch: prev_comm=ksoftirqd/1 prev_pid=6174 prev_prio=120 prev_state=S ==> next_comm=swapper/1 next_pid=0 next_prio=120
          <idle>-0     [001] ...2   463.127585: sched_switch: prev_comm=swapper/1 prev_pid=0 prev_prio=120 prev_state=R ==> next_comm=ksoftirqd/1 next_pid=6174 next_prio=120
     ksoftirqd/1-6174  [001] ...2   463.127592: sched_switch: prev_comm=ksoftirqd/1 prev_pid=6174 prev_prio=120 prev_state=S ==> next_comm=swapper/1 next_pid=0 next_prio=120
          <idle>-0     [001] ...2   463.128472: sched_switch: prev_comm=swapper/1 prev_pid=0 prev_prio=120 prev_state=R ==> next_comm=ple.kvbenchmark next_pid=3305 next_prio=120
           <...>-3305  [001] ...2   463.128516: sched_switch: prev_comm=ple.kvbenchmark prev_pid=3305 prev_prio=120 prev_state=S ==> next_comm=swapper/1 next_pid=0 next_prio=120
          <idle>-0     [001] ...2   463.129569: sched_switch: prev_comm=swapper/1 prev_pid=0 prev_prio=120 prev_state=R ==> next_comm=ple.kvbenchmark next_pid=3305 next_prio=120
           <...>-3305  [001] ...2   463.129615: sched_switch: prev_comm=ple.kvbenchmark prev_pid=3305 prev_prio=120 prev_state=S ==> next_comm=swapper/1 next_pid=0 next_prio=120
          <idle>-0     [001] ...2   463.130668: sched_switch: prev_comm=swapper/1 prev_pid=0 prev_prio=120 prev_state=R ==> next_comm=ple.kvbenchmark next_pid=3305 next_prio=120
           <...>-3305  [001] ...2   463.130713: sched_switch: prev_comm=ple.kvbenchmark prev_pid=3305 prev_prio=120 prev_state=S ==> next_comm=swapper/1 next_pid=0 next_prio=120
          <idle>-0     [001] ...2   463.131766: sched_switch: prev_comm=swapper/1 prev_pid=0 prev_prio=120 prev_state=R ==> next_comm=ple.kvbenchmark next_pid=3305 next_prio=120
           <...>-3305  [001] ...2   463.131810: sched_switch: prev_comm=ple.kvbenchmark prev_pid=3305 prev_prio=120 prev_state=S ==> next_comm=swapper/1 next_pid=0 next_prio=120
          <idle>-0     [001] ...2   463.132863: sched_switch: prev_comm=swapper/1 prev_pid=0 prev_prio=120 prev_state=R ==> next_comm=ple.kvbenchmark next_pid=3305 next_prio=120
           <...>-3305  [001] ...2   463.132908: sched_switch: prev_comm=ple.kvbenchmark prev_pid=3305 prev_prio=120 prev_state=S ==> next_comm=swapper/1 next_pid=0 next_prio=120
          <idle>-0     [001] ...2   463.133961: sched_switch: prev_comm=swapper/1 prev_pid=0 prev_prio=120 prev_state=R ==> next_comm=ple.kvbenchmark next_pid=3305 next_prio=120
           <...>-3305  [001] ...2   463.134006: sched_switch: prev_comm=ple.kvbenchmark prev_pid=3305 prev_prio=120 prev_state=S ==> next_comm=swapper/1 next_pid=0 next_prio=120
          <idle>-0     [001] ...2   463.135059: sched_switch: prev_comm=swapper/1 prev_pid=0 prev_prio=120 prev_state=R ==> next_comm=ple.kvbenchmark next_pid=3305 next_prio=120
           <...>-3305  [001] ...2   463.135105: sched_switch: prev_comm=ple.kvbenchmark prev_pid=3305 prev_prio=120 prev_state=S ==> next_comm=swapper/1 next_pid=0 next_prio=120
          <idle>-0     [001] ...2   463.136158: sched_switch: prev_comm=swapper/1 prev_pid=0 prev_prio=120 prev_state=R ==> next_comm=ple.kvbenchmark next_pid=3305 next_prio=120
           <...>-3305  [001] ...2   463.136204: sched_switch: prev_comm=ple.kvbenchmark prev_pid=3305 prev_prio=120 prev_state=S ==> next_comm=swapper/1 next_pid=0 next_prio=120
          <idle>-0     [001] ...2   463.137255: sched_switch: prev_comm=swapper/1 prev_pid=0 prev_prio=120 prev_state=R ==> next_comm=ple.kvbenchmark next_pid=3305 next_prio=120
           <...>-3305  [001] ...2   463.137301: sched_switch: prev_comm=ple.kvbenchmark prev_pid=3305 prev_prio=120 prev_state=S ==> next_comm=swapper/1 next_pid=0 next_prio=120
          <idle>-0     [001] ...2   463.137542: sched_switch: prev_comm=swapper/1 prev_pid=0 prev_prio=120 prev_state=R ==> next_comm=ksoftirqd/1 next_pid=6174 next_prio=120
     ksoftirqd/1-6174  [001] ...2   463.137554: sched_switch: prev_comm=ksoftirqd/1 prev_pid=6174 prev_prio=120 prev_state=S ==> next_comm=swapper/1 next_pid=0 next_prio=120
          <idle>-0     [001] ...2   463.137565: sched_switch: prev_comm=swapper/1 prev_pid=0 prev_prio=120 prev_state=R ==> next_comm=ksoftirqd/1 next_pid=6174 next_prio=120
     ksoftirqd/1-6174  [001] ...2   463.137573: sched_switch: prev_comm=ksoftirqd/1 prev_pid=6174 prev_prio=120 prev_state=S ==> next_comm=swapper/1 next_pid=0 next_prio=120
          <idle>-0     [001] ...2   463.137585: sched_switch: prev_comm=swapper/1 prev_pid=0 prev_prio=120 prev_state=R ==> next_comm=ksoftirqd/1 next_pid=6174 next_prio=120
     ksoftirqd/1-6174  [001] ...2   463.137593: sched_switch: prev_comm=ksoftirqd/1 prev_pid=6174 prev_prio=120 prev_state=S ==> next_comm=swapper/1 next_pid=0 next_prio=120
          <idle>-0     [001] ...2   463.138357: sched_switch: prev_comm=swapper/1 prev_pid=0 prev_prio=120 prev_state=R ==> next_comm=ple.kvbenchmark next_pid=3305 next_prio=120
           <...>-3305  [001] ...2   463.138404: sched_switch: prev_comm=ple.kvbenchmark prev_pid=3305 prev_prio=120 prev_state=S ==> next_comm=swapper/1 next_pid=0 next_prio=120
          <idle>-0     [001] ...2   463.139457: sched_switch: prev_comm=swapper/1 prev_pid=0 prev_prio=120 prev_state=R ==> next_comm=ple.kvbenchmark next_pid=3305 next_prio=120
           <...>-3305  [001] ...2   463.139501: sched_switch: prev_comm=ple.kvbenchmark prev_pid=3305 prev_prio=120 prev_state=S ==> next_comm=swapper/1 next_pid=0 next_prio=120
          <idle>-0     [001] ...2   463.140554: sched_switch: prev_comm=swapper/1 prev_pid=0 prev_prio=120 prev_state=R ==> next_comm=ple.kvbenchmark next_pid=3305 next_prio=120
           <...>-3305  [001] ...2   463.140599: sched_switch: prev_comm=ple.kvbenchmark prev_pid=3305 prev_prio=120 prev_state=S ==> next_comm=swapper/1 next_pid=0 next_prio=120
          <idle>-0     [001] ...2   463.141652: sched_switch: prev_comm=swapper/1 prev_pid=0 prev_prio=120 prev_state=R ==> next_comm=ple.kvbenchmark next_pid=3305 next_prio=120
           <...>-3305  [001] ...2   463.141697: sched_switch: prev_comm=ple.kvbenchmark prev_pid=3305 prev_prio=120 prev_state=S ==> next_comm=swapper/1 next_pid=0 next_prio=120
          <idle>-0     [001] ...2   463.142751: sched_switch: prev_comm=swapper/1 prev_pid=0 prev_prio=120 prev_state=R ==> next_comm=ple.kvbenchmark next_pid=3305 next_prio=120
           <...>-3305  [001] ...2   463.142797: sched_switch: prev_comm=ple.kvbenchmark prev_pid=3305 prev_prio=120 prev_state=S ==> next_comm=swapper/1 next_pid=0 next_prio=120
          <idle>-0     [001] ...2   463.143850: sched_switch: prev_comm=swapper/1 prev_pid=0 prev_prio=120 prev_state=R ==> next_comm=ple.kvbenchmark next_pid=3305 next_prio=120
           <...>-3305  [001] ...2   463.143895: sched_switch: prev_comm=ple.kvbenchmark prev_pid=3305 prev_prio=120 prev_state=S ==> next_comm=swapper/1 next_pid=0 next_prio=120
          <idle>-0     [001] ...2   463.144948: sched_switch: prev_comm=swapper/1 prev_pid=0 prev_prio=120 prev_state=R ==> next_comm=ple.kvbenchmark next_pid=3305 next_prio=120
           <...>-3305  [001] ...2   463.144994: sched_switch: prev_comm=ple.kvbenchmark prev_pid=3305 prev_prio=120 prev_state=S ==> next_comm=swapper/1 next_pid=0 next_prio=120
          <idle>-0     [001] ...2   463.146047: sched_switch: prev_comm=swapper/1 prev_pid=0 prev_prio=120 prev_state=R ==> next_comm=ple.kvbenchmark next_pid=3305 next_prio=120
           <...>-3305  [001] ...2   463.146090: sched_switch: prev_comm=ple.kvbenchmark prev_pid=3305 prev_prio=120 prev_state=S ==> next_comm=swapper/1 next_pid=0 next_prio=120
          <idle>-0     [001] ...2   463.147143: sched_switch: prev_comm=swapper/1 prev_pid=0 prev_prio=120 prev_state=R ==> next_comm=ple.kvbenchmark next_pid=3305 next_prio=120
           <...>-3305  [001] ...2   463.147184: sched_switch: prev_comm=ple.kvbenchmark prev_pid=3305 prev_prio=120 prev_state=S ==> next_comm=swapper/1 next_pid=0 next_prio=120
          <idle>-0     [001] ...2   463.147542: sched_switch: prev_comm=swapper/1 prev_pid=0 prev_prio=120 prev_state=R ==> next_comm=ksoftirqd/1 next_pid=6174 next_prio=120
     ksoftirqd/1-6174  [001] ...2   463.147549: sched_switch: prev_comm=ksoftirqd/1 prev_pid=6174 prev_prio=120 prev_state=S ==> next_comm=swapper/1 next_pid=0 next_prio=120
          <idle>-0     [001] ...2   463.147561: sched_switch: prev_comm=swapper/1 prev_pid=0 prev_prio=120 prev_state=R ==> next_comm=ksoftirqd/1 next_pid=6174 next_prio=120
     ksoftirqd/1-6174  [001] ...2   463.147568: sched_switch: prev_comm=ksoftirqd/1 prev_pid=6174 prev_prio=120 prev_state=S ==> next_comm=swapper/1 next_pid=0 next_prio=120
          <idle>-0     [001] ...2   463.147580: sched_switch: prev_comm=swapper/1 prev_pid=0 prev_prio=120 prev_state=R ==> next_comm=ksoftirqd/1 next_pid=6174 next_prio=120
     ksoftirqd/1-6174  [001] ...2   463.147587: sched_switch: prev_comm=ksoftirqd/1 prev_pid=6174 prev_prio=120 prev_state=S ==> next_comm=swapper/1 next_pid=0 next_prio=120
          <idle>-0     [001] ...2   463.148240: sched_switch: prev_comm=swapper/1 prev_pid=0 prev_prio=120 prev_state=R ==> next_comm=ple.kvbenchmark next_pid=3305 next_prio=120
           <...>-3305  [001] ...2   463.148287: sched_switch: prev_comm=ple.kvbenchmark prev_pid=3305 prev_prio=120 prev_state=S ==> next_comm=swapper/1 next_pid=0 next_prio=120
          <idle>-0     [001] ...2   463.149339: sched_switch: prev_comm=swapper/1 prev_pid=0 prev_prio=120 prev_state=R ==> next_comm=ple.kvbenchmark next_pid=3305 next_prio=120
