          <idle>-0     [000] ...2   462.876302: sched_switch: prev_comm=swapper/0 prev_pid=0 prev_prio=120 prev_state=R ==> next_comm=ple.kvbenchmark next_pid=3305 next_prio=120
           <...>-3305  [000] ...2   462.876373: sched_switch: prev_comm=ple.kvbenchmark prev_pid=3305 prev_prio=120 prev_state=S ==> next_comm=swapper/0 next_pid=0 next_prio=120
          <idle>-0     [000] ...2   462.877428: sched_switch: prev_comm=swapper/0 prev_pid=0 prev_prio=120 prev_state=R ==> next_comm=ple.kvbenchmark next_pid=3305 next_prio=120
           <...>-3305  [000] ...2   462.877497: sched_switch: prev_comm=ple.kvbenchmark prev_pid=3305 prev_prio=120 prev_state=S ==> next_comm=swapper/0 next_pid=0 next_prio=120
          <idle>-0     [000] ...2   462.877557: sched_switch: prev_comm=swapper/0 prev_pid=0 prev_prio=120 prev_state=R ==> next_comm=ksoftirqd/0 next_pid=3 next_prio=120
           <...>-3     [000] ...2   462.877571: sched_switch: prev_comm=ksoftirqd/0 prev_pid=3 prev_prio=120 prev_state=S ==> next_comm=swapper/0 next_pid=0 next_prio=120
          <idle>-0     [000] ...2   462.877592: sched_switch: prev_comm=swapper/0 prev_pid=0 prev_prio=120 prev_state=R ==> next_comm=ksoftirqd/0 next_pid=3 next_prio=120
           <...>-3     [000] ...2   462.877605: sched_switch: prev_comm=ksoftirqd/0 prev_pid=3 prev_prio=120 prev_state=S ==> next_comm=swapper/0 next_pid=0 next_prio=120
          <idle>-0     [000] ...2   462.877626: sched_switch: prev_comm=swapper/0 prev_pid=0 prev_prio=120 prev_state=R ==> next_comm=ksoftirqd/0 next_pid=3 next_prio=120
           <...>-3     [000] ...2   462.877638: sched_switch: prev_comm=ksoftirqd/0 prev_pid=3 prev_prio=120 prev_state=S ==> next_comm=swapper/0 next_pid=0 next_prio=120
          <idle>-0     [000] ...2   462.878555: sched_switch: prev_comm=swapper/0 prev_pid=0 prev_prio=120 prev_state=R ==> next_comm=ple.kvbenchmark next_pid=3305 next_prio=120
           <...>-3305  [000] ...2   462.878631: sched_switch: prev_comm=ple.kvbenchmark prev_pid=3305 prev_prio=120 prev_state=S ==> next_comm=swapper/0 next_pid=0 next_prio=120
          <idle>-0     [000] ...2   462.879685: sched_switch: prev_comm=swapper/0 prev_pid=0 prev_prio=120 prev_state=R ==> next_comm=ple.kvbenchmark next_pid=3305 next_prio=120
           <...>-3305  [000] ...2   462.879762: sched_switch: prev_comm=ple.kvbenchmark prev_pid=3305 prev_prio=120 prev_state=S ==> next_comm=swapper/0 next_pid=0 next_prio=120
          <idle>-0     [000] ...2   462.880815: sched_switch: prev_comm=swapper/0 prev_pid=0 prev_prio=120 prev_state=R ==> next_comm=ple.kvbenchmark next_pid=3305 next_prio=120
           <...>-3305  [000] ...2   462.880887: sched_switch: prev_comm=ple.kvbenchmark prev_pid=3305 prev_prio=120 prev_state=S ==> next_comm=swapper/0 next_pid=0 next_prio=120
          <idle>-0     [000] ...2   462.881942: sched_switch: prev_comm=swapper/0 prev_pid=0 prev_prio=120 prev_state=R ==> next_comm=ple.kvbenchmark next_pid=3305 next_prio=120
           <...>-3305  [000] ...2   462.882012: sched_switch: prev_comm=ple.kvbenchmark prev_pid=3305 prev_prio=120 prev_state=S ==> next_comm=swapper/0 next_pid=0 next_prio=120
          <idle>-0     [000] ...2   462.883066: sched_switch: prev_comm=swapper/0 prev_pid=0 prev_prio=120 prev_state=R ==> next_comm=ple.kvbenchmark next_pid=3305 next_prio=120
           <...>-3305  [000] ...2   462.883141: sched_switch: prev_comm=ple.kvbenchmark prev_pid=3305 prev_prio=120 prev_state=S ==> next_comm=swapper/0 next_pid=0 next_prio=120
          <idle>-0     [000] ...2   462.884195: sched_switch: prev_comm=swapper/0 prev_pid=0 prev_prio=120 prev_state=R ==> next_comm=ple.kvbenchmark next_pid=3305 next_prio=120
           <...>-3305  [000] ...2   462.884267: sched_switch: prev_comm=ple.kvbenchmark prev_pid=3305 prev_prio=120 prev_state=S ==> next_comm=swapper/0 next_pid=0 next_prio=120
          <idle>-0     [000] ...2   462.885322: sched_switch: prev_comm=swapper/0 prev_pid=0 prev_prio=120 prev_state=R ==> next_comm=ple.kvbenchmark next_pid=3305 next_prio=120
           <...>-3305  [000] ...2   462.885397: sched_switch: prev_comm=ple.kvbenchmark prev_pid=3305 prev_prio=120 prev_state=S ==> next_comm=swapper/0 next_pid=0 next_prio=120
          <idle>-0     [000] ...2   462.886451: sched_switch: prev_comm=swapper/0 prev_pid=0 prev_prio=120 prev_state=R ==> next_comm=ple.kvbenchmark next_pid=3305 next_prio=120
           <...>-3305  [000] ...2   462.886523: sched_switch: prev_comm=ple.kvbenchmark prev_pid=3305 prev_prio=120 prev_state=S ==> next_comm=swapper/0 next_pid=0 next_prio=120
          <idle>-0     [000] ...2   462.887555: sched_switch: prev_comm=swapper/0 prev_pid=0 prev_prio=120 prev_state=R ==> next_comm=ksoftirqd/0 next_pid=3 next_prio=120
           <...>-3     [000] ...2   462.887632: sched_switch: prev_comm=ksoftirqd/0 prev_pid=3 prev_prio=120 prev_state=S ==> next_comm=ple.kvbenchmark next_pid=3305 next_prio=120
           <...>-3305  [000] ...2   462.887734: sched_switch: prev_comm=ple.kvbenchmark prev_pid=3305 prev_prio=120 prev_state=S ==> next_comm=swapper/0 next_pid=0 next_prio=120
          <idle>-0     [000] ...2   462.887757: sched_switch: prev_comm=swapper/0 prev_pid=0 prev_prio=120 prev_state=R ==> next_comm=ksoftirqd/0 next_pid=3 next_prio=120
           <...>-3     [000] ...2   462.887771: sched_switch: prev_comm=ksoftirqd/0 prev_pid=3 prev_prio=120 prev_state=S ==> next_comm=swapper/0 next_pid=0 next_prio=120
          <idle>-0     [000] ...2   462.887792: sched_switch: prev_comm=swapper/0 prev_pid=0 prev_prio=120 prev_state=R ==> next_comm=ksoftirqd/0 next_pid=3 next_prio=120
           <...>-3     [000] ...2   462.887804: sched_switch: prev_comm=ksoftirqd/0 prev_pid=3 prev_prio=120 prev_state=S ==> next_comm=swapper/0 next_pid=0 next_prio=120
          <idle>-0     [000] ...2   462.888792: sched_switch: prev_comm=swapper/0 prev_pid=0 prev_prio=120 prev_state=R ==> next_comm=ple.kvbenchmark next_pid=3305 next_prio=120
           <...>-3305  [000] ...2   462.888864: sched_switch: prev_comm=ple.kvbenchmark prev_pid=3305 prev_prio=120 prev_state=S ==> next_comm=swapper/0 next_pid=0 next_prio=120
          <idle>-0     [000] ...2   462.889918: sched_switch: prev_comm=swapper/0 prev_pid=0 prev_prio=120 prev_state=R ==> next_comm=ple.kvbenchmark next_pid=3305 next_prio=120
           <...>-3305  [000] ...2   462.889995: sched_switch: prev_comm=ple.kvbenchmark prev_pid=3305 prev_prio=120 prev_state=S ==> next_comm=swapper/0 next_pid=0 next_prio=120
          <idle>-0     [000] ...2   462.891047: sched_switch: prev_comm=swapper/0 prev_pid=0 prev_prio=120 prev_state=R ==> next_comm=ple.kvbenchmark next_pid=3305 next_prio=120
           <...>-3305  [000] ...2   462.891121: sched_switch: prev_comm=ple.kvbenchmark prev_pid=3305 prev_prio=120 prev_state=S ==> next_comm=swapper/0 next_pid=0 next_prio=120
          <idle>-0     [000] ...2   462.892176: sched_switch: prev_comm=swapper/0 prev_pid=0 prev_prio=120 prev_state=R ==> next_comm=ple.kvbenchmark next_pid=3305 next_prio=120
           <...>-3305  [000] ...2   462.892249: sched_switch: prev_comm=ple.kvbenchmark prev_pid=3305 prev_prio=120 prev_state=S ==> next_comm=swapper/0 next_pid=0 next_prio=120
          <idle>-0     [000] ...2   462.893303: sched_switch: prev_comm=swapper/0 prev_pid=0 prev_prio=120 prev_state=R ==> next_comm=ple.kvbenchmark next_pid=3305 next_prio=120
           <...>-3305  [000] ...2   462.893377: sched_switch: prev_comm=ple.kvbenchmark prev_pid=3305 prev_prio=120 prev_state=S ==> next_comm=swapper/0 next_pid=0 next_prio=120
          <idle>-0     [000] ...2   462.894431: sched_switch: prev_comm=swapper/0 prev_pid=0 prev_prio=120 prev_state=R ==> next_comm=ple.kvbenchmark next_pid=3305 next_prio=120
           <...>-3305  [000] ...2   462.894504: sched_switch: prev_comm=ple.kvbenchmark prev_pid=3305 prev_prio=120 prev_state=S ==> next_comm=swapper/0 next_pid=0 next_prio=120
          <idle>-0     [000] ...2   462.895558: sched_switch: prev_comm=swapper/0 prev_pid=0 prev_prio=120 prev_state=R ==> next_comm=ple.kvbenchmark next_pid=3305 next_prio=120
           <...>-3305  [000] ...2   462.895633: sched_switch: prev_comm=ple.kvbenchmark prev_pid=3305 prev_prio=120 prev_state=S ==> next_comm=swapper/0 next_pid=0 next_prio=120
          <idle>-0     [000] ...2   462.896687: sched_switch: prev_comm=swapper/0 prev_pid=0 prev_prio=120 prev_state=R ==> next_comm=ple.kvbenchmark next_pid=3305 next_prio=120
           <...>-3305  [000] ...2   462.896763: sched_switch: prev_comm=ple.kvbenchmark prev_pid=3305 prev_prio=120 prev_state=S ==> next_comm=swapper/0 next_pid=0 next_prio=120
          traced-202   [001] ...2   462.897539: sched_switch: prev_comm=traced prev_pid=202 prev_prio=120 prev_state=R ==> next_comm=kworker/1:0H next_pid=6173 next_prio=100
    kworker/1:0H-6173  [001] ...2   462.897554: sched_switch: prev_comm=kworker/1:0H prev_pid=6173 prev_prio=100 prev_state=S ==> next_comm=traced next_pid=202 next_prio=120
          <idle>-0     [000] ...2   462.897563: sched_switch: prev_comm=swapper/0 prev_pid=0 prev_prio=120 prev_state=R ==> next_comm=kworker/0:2 next_pid=98 next_prio=120
     kworker/0:2-98    [000] ...2   462.897585: sched_switch: prev_comm=kworker/0:2 prev_pid=98 prev_prio=120 prev_state=S ==> next_comm=kworker/0:1H next_pid=17 next_prio=100
    kworker/0:1H-17    [000] ...2   462.897611: sched_switch: prev_comm=kworker/0:1H prev_pid=17 prev_prio=100 prev_state=D ==> next_comm=ksoftirqd/0 next_pid=3 next_prio=120
           <...>-3     [000] ...2   462.897620: sched_switch: prev_comm=ksoftirqd/0 prev_pid=3 prev_prio=120 prev_state=S ==> next_comm=kworker/0:0H next_pid=6612 next_prio=100
           <...>-6612  [000] ...1   462.897625: cpu_frequency_switch_start: start=960000 end=960000 cpu_id=0
           <...>-6612  [000] ...1   462.897629: cpu_frequency_switch_end: cpu_id=0
           <...>-6612  [000] ...1   462.897632: cpu_frequency: state=960000 cpu_id=0
           <...>-6612  [000] ...2   462.897654: sched_switch: prev_comm=kworker/0:0H prev_pid=6612 prev_prio=100 prev_state=S ==> next_comm=kworker/0:1H next_pid=17 next_prio=100
    kworker/0:1H-17    [000] ...2   462.897669: sched_switch: prev_comm=kworker/0:1H prev_pid=17 prev_prio=100 prev_state=S ==> next_comm=swapper/0 next_pid=0 next_prio=120
          <idle>-0     [000] ...2   462.897691: sched_switch: prev_comm=swapper/0 prev_pid=0 prev_prio=120 prev_state=R ==> next_comm=ksoftirqd/0 next_pid=3 next_prio=120
           <...>-3     [000] ...2   462.897704: sched_switch: prev_comm=ksoftirqd/0 prev_pid=3 prev_prio=120 prev_state=S ==> next_comm=swapper/0 next_pid=0 next_prio=120
          <idle>-0     [000] ...2   462.897724: sched_switch: prev_comm=swapper/0 prev_pid=0 prev_prio=120 prev_state=R ==> next_comm=ksoftirqd/0 next_pid=3 next_prio=120
           <...>-3     [000] ...2   462.897737: sched_switch: prev_comm=ksoftirqd/0 prev_pid=3 prev_prio=120 prev_state=S ==> next_comm=swapper/0 next_pid=0 next_prio=120
          <idle>-0     [000] ...2   462.897822: sched_switch: prev_comm=swapper/0 prev_pid=0 prev_prio=120 prev_state=R ==> next_comm=ple.kvbenchmark next_pid=3305 next_prio=120
           <...>-3305  [000] ...2   462.897902: sched_switch: prev_comm=ple.kvbenchmark prev_pid=3305 prev_prio=120 prev_state=S ==> next_comm=swapper/0 next_pid=0 next_prio=120
          <idle>-0     [000] ...2   462.898956: sched_switch: prev_comm=swapper/0 prev_pid=0 prev_prio=120 prev_state=R ==> next_comm=ple.kvbenchmark next_pid=3305 next_prio=120
           <...>-3305  [000] ...2   462.899030: sched_switch: prev_comm=ple.kvbenchmark prev_pid=3305 prev_prio=120 prev_state=S ==> next_comm=swapper/0 next_pid=0 next_prio=120
          <idle>-0     [000] ...2   462.900084: sched_switch: prev_comm=swapper/0 prev_pid=0 prev_prio=120 prev_state=R ==> next_comm=ple.kvbenchmark next_pid=3305 next_prio=120
           <...>-3305  [000] ...2   462.900171: sched_switch: prev_comm=ple.kvbenchmark prev_pid=3305 prev_prio=120 prev_state=S ==> next_comm=swapper/0 next_pid=0 next_prio=120
          <idle>-0     [000] ...2   462.901225: sched_switch: prev_comm=swapper/0 prev_pid=0 prev_prio=120 prev_state=R ==> next_comm=ple.kvbenchmark next_pid=3305 next_prio=120
           <...>-3305  [000] ...2   462.901301: sched_switch: prev_comm=ple.kvbenchmark prev_pid=3305 prev_prio=120 prev_state=S ==> next_comm=swapper/0 next_pid=0 next_prio=120
          <idle>-0     [000] ...2   462.902356: sched_switch: prev_comm=swapper/0 prev_pid=0 prev_prio=120 prev_state=R ==> next_comm=ple.kvbenchmark next_pid=3305 next_prio=120
           <...>-3305  [000] ...2   462.902428: sched_switch: prev_comm=ple.kvbenchmark prev_pid=3305 prev_prio=120 prev_state=S ==> next_comm=swapper/0 next_pid=0 next_prio=120
          <idle>-0     [000] ...2   462.903483: sched_switch: prev_comm=swapper/0 prev_pid=0 prev_prio=120 prev_state=R ==> next_comm=ple.kvbenchmark next_pid=3305 next_prio=120
           <...>-3305  [000] ...2   462.903556: sched_switch: prev_comm=ple.kvbenchmark prev_pid=3305 prev_prio=120 prev_state=S ==> next_comm=swapper/0 next_pid=0 next_prio=120
          <idle>-0     [000] ...2   462.904610: sched_switch: prev_comm=swapper/0 prev_pid=0 prev_prio=120 prev_state=R ==> next_comm=ple.kvbenchmark next_pid=3305 next_prio=120
           <...>-3305  [000] ...2   462.904685: sched_switch: prev_comm=ple.kvbenchmark prev_pid=3305 prev_prio=120 prev_state=S ==> next_comm=swapper/0 next_pid=0 next_prio=120
          <idle>-0     [000] ...2   462.905740: sched_switch: prev_comm=swapper/0 prev_pid=0 prev_prio=120 prev_state=R ==> next_comm=ple.kvbenchmark next_pid=3305 next_prio=120
           <...>-3305  [000] ...2   462.905814: sched_switch: prev_comm=ple.kvbenchmark prev_pid=3305 prev_prio=120 prev_state=S ==> next_comm=swapper/0 next_pid=0 next_prio=120
          <idle>-0     [000] ...2   462.906868: sched_switch: prev_comm=swapper/0 prev_pid=0 prev_prio=120 prev_state=R ==> next_comm=ple.kvbenchmark next_pid=3305 next_prio=120
           <...>-3305  [000] ...2   462.906940: sched_switch: prev_comm=ple.kvbenchmark prev_pid=3305 prev_prio=120 prev_state=S ==> next_comm=swapper/0 next_pid=0 next_prio=120
          <idle>-0     [000] ...2   462.907555: sched_switch: prev_comm=swapper/0 prev_pid=0 prev_prio=120 prev_state=R ==> next_comm=ksoftirqd/0 next_pid=3 next_prio=120
           <...>-3     [000] ...2   462.907574: sched_switch: prev_comm=ksoftirqd/0 prev_pid=3 prev_prio=120 prev_state=S ==> next_comm=swapper/0 next_pid=0 next_prio=120
          <idle>-0     [000] ...2   462.907595: sched_switch: prev_comm=swapper/0 prev_pid=0 prev_prio=120 prev_state=R ==> next_comm=ksoftirqd/0 next_pid=3 next_prio=120
           <...>-3     [000] ...2   462.907609: sched_switch: prev_comm=ksoftirqd/0 prev_pid=3 prev_prio=120 prev_state=S ==> next_comm=swapper/0 next_pid=0 next_prio=120
          <idle>-0     [000] ...2   462.907629: sched_switch: prev_comm=swapper/0 prev_pid=0 prev_prio=120 prev_state=R ==> next_comm=ksoftirqd/0 next_pid=3 next_prio=120
           <...>-3     [000] ...2   462.907642: sched_switch: prev_comm=ksoftirqd/0 prev_pid=3 prev_prio=120 prev_state=S ==> next_comm=swapper/0 next_pid=0 next_prio=120
          <idle>-0     [000] ...2   462.907999: sched_switch: prev_comm=swapper/0 prev_pid=0 prev_prio=120 prev_state=R ==> next_comm=ple.kvbenchmark next_pid=3305 next_prio=120
           <...>-3305  [000] ...2   462.908073: sched_switch: prev_comm=ple.kvbenchmark prev_pid=3305 prev_prio=120 prev_state=S ==> next_comm=swapper/0 next_pid=0 next_prio=120
          <idle>-0     [000] ...2   462.909127: sched_switch: prev_comm=swapper/0 prev_pid=0 prev_prio=120 prev_state=R ==> next_comm=ple.kvbenchmark next_pid=3305 next_prio=120
           <...>-3305  [000] ...2   462.909202: sched_switch: prev_comm=ple.kvbenchmark prev_pid=3305 prev_prio=120 prev_state=S ==> next_comm=swapper/0 next_pid=0 next_prio=120
          <idle>-0     [000] ...2   462.910256: sched_switch: prev_comm=swapper/0 prev_pid=0 prev_prio=120 prev_state=R ==> next_comm=ple.kvbenchmark next_pid=3305 next_prio=120
           <...>-3305  [000] ...2   462.910330: sched_switch: prev_comm=ple.kvbenchmark prev_pid=3305 prev_prio=120 prev_state=S ==> next_comm=swapper/0 next_pid=0 next_prio=120
          <idle>-0     [000] ...2   462.911384: sched_switch: prev_comm=swapper/0 prev_pid=0 prev_prio=120 prev_state=R ==> next_comm=ple.kvbenchmark next_pid=3305 next_prio=120
           <...>-3305  [000] ...2   462.911458: sched_switch: prev_comm=ple.kvbenchmark prev_pid=3305 prev_prio=120 prev_state=S ==> next_comm=swapper/0 next_pid=0 next_prio=120
          <idle>-0     [000] ...2   462.912513: sched_switch: prev_comm=swapper/0 prev_pid=0 prev_prio=120 prev_state=R ==> next_comm=ple.kvbenchmark next_pid=3305 next_prio=120
           <...>-3305  [000] ...2   462.912589: sched_switch: prev_comm=ple.kvbenchmark prev_pid=3305 prev_prio=120 prev_state=S ==> next_comm=swapper/0 next_pid=0 next_prio=120
          <idle>-0     [000] ...2   462.913643: sched_switch: prev_comm=swapper/0 prev_pid=0 prev_prio=120 prev_state=R ==> next_comm=ple.kvbenchmark next_pid=3305 next_prio=120
           <...>-3305  [000] ...2   462.913714: sched_switch: prev_comm=ple.kvbenchmark prev_pid=3305 prev_prio=120 prev_state=S ==> next_comm=swapper/0 next_pid=0 next_prio=120
          <idle>-0     [000] ...2   462.914768: sched_switch: prev_comm=swapper/0 prev_pid=0 prev_prio=120 prev_state=R ==> next_comm=ple.kvbenchmark next_pid=3305 next_prio=120
           <...>-3305  [000] ...2   462.914843: sched_switch: prev_comm=ple.kvbenchmark prev_pid=3305 prev_prio=120 prev_state=S ==> next_comm=swapper/0 next_pid=0 next_prio=120
          <idle>-0     [000] ...2   462.915897: sched_switch: prev_comm=swapper/0 prev_pid=0 prev_prio=120 prev_state=R ==> next_comm=ple.kvbenchmark next_pid=3305 next_prio=120
           <...>-3305  [000] ...2   462.915977: sched_switch: prev_comm=ple.kvbenchmark prev_pid=3305 prev_prio=120 prev_state=S ==> next_comm=swapper/0 next_pid=0 next_prio=120
          <idle>-0     [000] ...2   462.917028: sched_switch: prev_comm=swapper/0 prev_pid=0 prev_prio=120 prev_state=R ==> next_comm=ple.kvbenchmark next_pid=3305 next_prio=120
           <...>-3305  [000] ...2   462.917101: sched_switch: prev_comm=ple.kvbenchmark prev_pid=3305 prev_prio=120 prev_state=S ==> next_comm=swapper/0 next_pid=0 next_prio=120
          <idle>-0     [000] ...2   462.917556: sched_switch: prev_comm=swapper/0 prev_pid=0 prev_prio=120 prev_state=R ==> next_comm=kworker/u:1 next_pid=21 next_prio=120
           <...>-21    [000] ...2   462.917577: sched_switch: prev_comm=kworker/u:1 prev_pid=21 prev_prio=120 prev_state=S ==> next_comm=ksoftirqd/0 next_pid=3 next_prio=120
           <...>-3     [000] ...2   462.917588: sched_switch: prev_comm=ksoftirqd/0 prev_pid=3 prev_prio=120 prev_state=S ==> next_comm=mpdecision next_pid=1791 next_prio=113
      mpdecision-1791  [000] ...2   462.917950: sched_switch: prev_comm=mpdecision prev_pid=1791 prev_prio=113 prev_state=S ==> next_comm=swapper/0 next_pid=0 next_prio=120
          <idle>-0     [000] ...2   462.917974: sched_switch: prev_comm=swapper/0 prev_pid=0 prev_prio=120 prev_state=R ==> next_comm=ksoftirqd/0 next_pid=3 next_prio=120
           <...>-3     [000] ...2   462.917988: sched_switch: prev_comm=ksoftirqd/0 prev_pid=3 prev_prio=120 prev_state=S ==> next_comm=swapper/0 next_pid=0 next_prio=120
          <idle>-0     [000] ...2   462.918009: sched_switch: prev_comm=swapper/0 prev_pid=0 prev_prio=120 prev_state=R ==> next_comm=ksoftirqd/0 next_pid=3 next_prio=120
           <...>-3     [000] ...2   462.918022: sched_switch: prev_comm=ksoftirqd/0 prev_pid=3 prev_prio=120 prev_state=S ==> next_comm=swapper/0 next_pid=0 next_prio=120
          <idle>-0     [000] ...2   462.918160: sched_switch: prev_comm=swapper/0 prev_pid=0 prev_prio=120 prev_state=R ==> next_comm=ple.kvbenchmark next_pid=3305 next_prio=120
           <...>-3305  [000] ...2   462.918245: sched_switch: prev_comm=ple.kvbenchmark prev_pid=3305 prev_prio=120 prev_state=S ==> next_comm=swapper/0 next_pid=0 next_prio=120
          <idle>-0     [000] ...2   462.919299: sched_switch: prev_comm=swapper/0 prev_pid=0 prev_prio=120 prev_state=R ==> next_comm=ple.kvbenchmark next_pid=3305 next_prio=120
           <...>-3305  [000] ...2   462.919374: sched_switch: prev_comm=ple.kvbenchmark prev_pid=3305 prev_prio=120 prev_state=S ==> next_comm=swapper/0 next_pid=0 next_prio=120
          <idle>-0     [000] ...2   462.920429: sched_switch: prev_comm=swapper/0 prev_pid=0 prev_prio=120 prev_state=R ==> next_comm=ple.kvbenchmark next_pid=3305 next_prio=120
           <...>-3305  [000] ...2   462.920506: sched_switch: prev_comm=ple.kvbenchmark prev_pid=3305 prev_prio=120 prev_state=S ==> next_comm=swapper/0 next_pid=0 next_prio=120
          <idle>-0     [000] ...2   462.921560: sched_switch: prev_comm=swapper/0 prev_pid=0 prev_prio=120 prev_state=R ==> next_comm=ple.kvbenchmark next_pid=3305 next_prio=120
           <...>-3305  [000] ...2   462.921638: sched_switch: prev_comm=ple.kvbenchmark prev_pid=3305 prev_prio=120 prev_state=S ==> next_comm=swapper/0 next_pid=0 next_prio=120
          <idle>-0     [000] ...2   462.922693: sched_switch: prev_comm=swapper/0 prev_pid=0 prev_prio=120 prev_state=R ==> next_comm=ple.kvbenchmark next_pid=3305 next_prio=120
           <...>-3305  [000] ...2   462.922766: sched_switch: prev_comm=ple.kvbenchmark prev_pid=3305 prev_prio=120 prev_state=S ==> next_comm=swapper/0 next_pid=0 next_prio=120
          <idle>-0     [000] ...2   462.923821: sched_switch: prev_comm=swapper/0 prev_pid=0 prev_prio=120 prev_state=R ==> next_comm=ple.kvbenchmark next_pid=3305 next_prio=120
           <...>-3305  [000] ...2   462.923895: sched_switch: prev_comm=ple.kvbenchmark prev_pid=3305 prev_prio=120 prev_state=S ==> next_comm=swapper/0 next_pid=0 next_prio=120
          <idle>-0     [000] ...2   462.924950: sched_switch: prev_comm=swapper/0 prev_pid=0 prev_prio=120 prev_state=R ==> next_comm=ple.kvbenchmark next_pid=3305 next_prio=120
           <...>-3305  [000] ...2   462.925026: sched_switch: prev_comm=ple.kvbenchmark prev_pid=3305 prev_prio=120 prev_state=S ==> next_comm=swapper/0 next_pid=0 next_prio=120
          <idle>-0     [000] ...2   462.926080: sched_switch: prev_comm=swapper/0 prev_pid=0 prev_prio=120 prev_state=R ==> next_comm=ple.kvbenchmark next_pid=3305 next_prio=120
           <...>-3305  [000] ...2   462.926155: sched_switch: prev_comm=ple.kvbenchmark prev_pid=3305 prev_prio=120 prev_state=S ==> next_comm=swapper/0 next_pid=0 next_prio=120
          <idle>-0     [000] ...2   462.927210: sched_switch: prev_comm=swapper/0 prev_pid=0 prev_prio=120 prev_state=R ==> next_comm=ple.kvbenchmark next_pid=3305 next_prio=120
           <...>-3305  [000] ...2   462.927284: sched_switch: prev_comm=ple.kvbenchmark prev_pid=3305 prev_prio=120 prev_state=S ==> next_comm=swapper/0 next_pid=0 next_prio=120
          <idle>-0     [000] ...2   462.927556: sched_switch: prev_comm=swapper/0 prev_pid=0 prev_prio=120 prev_state=R ==> next_comm=ksoftirqd/0 next_pid=3 next_prio=120
           <...>-3     [000] ...2   462.927582: sched_switch: prev_comm=ksoftirqd/0 prev_pid=3 prev_prio=120 prev_state=S ==> next_comm=swapper/0 next_pid=0 next_prio=120
          <idle>-0     [000] ...2   462.927603: sched_switch: prev_comm=swapper/0 prev_pid=0 prev_prio=120 prev_state=R ==> next_comm=ksoftirqd/0 next_pid=3 next_prio=120
           <...>-3     [000] ...2   462.927616: sched_switch: prev_comm=ksoftirqd/0 prev_pid=3 prev_prio=120 prev_state=S ==> next_comm=swapper/0 next_pid=0 next_prio=120
          <idle>-0     [000] ...2   462.927637: sched_switch: prev_comm=swapper/0 prev_pid=0 prev_prio=120 prev_state=R ==> next_comm=ksoftirqd/0 next_pid=3 next_prio=120
           <...>-3     [000] ...2   462.927649: sched_switch: prev_comm=ksoftirqd/0 prev_pid=3 prev_prio=120 prev_state=S ==> next_comm=swapper/0 next_pid=0 next_prio=120
          <idle>-0     [000] ...2   462.928342: sched_switch: prev_comm=swapper/0 prev_pid=0 prev_prio=120 prev_state=R ==> next_comm=ple.kvbenchmark next_pid=3305 next_prio=120
           <...>-3305  [000] ...2   462.928419: sched_switch: prev_comm=ple.kvbenchmark prev_pid=3305 prev_prio=120 prev_state=S ==> next_comm=swapper/0 next_pid=0 next_prio=120
          <idle>-0     [000] ...2   462.929326: sched_switch: prev_comm=swapper/0 prev_pid=0 prev_prio=120 prev_state=R ==> next_comm=e.process.gapp next_pid=1335 next_prio=120
  e.process.gapp-1335  [000] ...2   462.929352: sched_switch: prev_comm=e.process.gapp prev_pid=1335 prev_prio=120 prev_state=S ==> next_comm=swapper/0 next_pid=0 next_prio=120
          <idle>-0     [000] ...2   462.929473: sched_switch: prev_comm=swapper/0 prev_pid=0 prev_prio=120 prev_state=R ==> next_comm=ple.kvbenchmark next_pid=3305 next_prio=120
           <...>-3305  [000] ...2   462.929555: sched_switch: prev_comm=ple.kvbenchmark prev_pid=3305 prev_prio=120 prev_state=S ==> next_comm=swapper/0 next_pid=0 next_prio=120
          <idle>-0     [000] ...2   462.930610: sched_switch: prev_comm=swapper/0 prev_pid=0 prev_prio=120 prev_state=R ==> next_comm=ple.kvbenchmark next_pid=3305 next_prio=120
           <...>-3305  [000] ...2   462.930688: sched_switch: prev_comm=ple.kvbenchmark prev_pid=3305 prev_prio=120 prev_state=S ==> next_comm=swapper/0 next_pid=0 next_prio=120
          <idle>-0     [000] ...2   462.931742: sched_switch: prev_comm=swapper/0 prev_pid=0 prev_prio=120 prev_state=R ==> next_comm=ple.kvbenchmark next_pid=3305 next_prio=120
           <...>-3305  [000] ...2   462.931818: sched_switch: prev_comm=ple.kvbenchmark prev_pid=3305 prev_prio=120 prev_state=S ==> next_comm=swapper/0 next_pid=0 next_prio=120
          <idle>-0     [000] ...2   462.932872: sched_switch: prev_comm=swapper/0 prev_pid=0 prev_prio=120 prev_state=R ==> next_comm=ple.kvbenchmark next_pid=3305 next_prio=120
           <...>-3305  [000] ...2   462.932971: sched_switch: prev_comm=ple.kvbenchmark prev_pid=3305 prev_prio=120 prev_state=S ==> next_comm=swapper/0 next_pid=0 next_prio=120
          <idle>-0     [000] ...2   462.934026: sched_switch: prev_comm=swapper/0 prev_pid=0 prev_prio=120 prev_state=R ==> next_comm=ple.kvbenchmark next_pid=3305 next_prio=120
           <...>-3305  [000] ...2   462.934101: sched_switch: prev_comm=ple.kvbenchmark prev_pid=3305 prev_prio=120 prev_state=S ==> next_comm=swapper/0 next_pid=0 next_prio=120
          <idle>-0     [000] ...2   462.935154: sched_switch: prev_comm=swapper/0 prev_pid=0 prev_prio=120 prev_state=R ==> next_comm=ple.kvbenchmark next_pid=3305 next_prio=120
           <...>-3305  [000] ...2   462.935231: sched_switch: prev_comm=ple.kvbenchmark prev_pid=3305 prev_prio=120 prev_state=S ==> next_comm=swapper/0 next_pid=0 next_prio=120
          <idle>-0     [000] ...2   462.936285: sched_switch: prev_comm=swapper/0 prev_pid=0 prev_prio=120 prev_state=R ==> next_comm=ple.kvbenchmark next_pid=3305 next_prio=120
           <...>-3305  [000] ...2   462.936363: sched_switch: prev_comm=ple.kvbenchmark prev_pid=3305 prev_prio=120 prev_state=S ==> next_comm=swapper/0 next_pid=0 next_prio=120
          <idle>-0     [000] ...2   462.937416: sched_switch: prev_comm=swapper/0 prev_pid=0 prev_prio=120 prev_state=R ==> next_comm=ple.kvbenchmark next_pid=3305 next_prio=120
           <...>-3305  [000] ...2   462.937491: sched_switch: prev_comm=ple.kvbenchmark prev_pid=3305 prev_prio=120 prev_state=S ==> next_comm=swapper/0 next_pid=0 next_prio=120
          <idle>-0     [000] ...2   462.937554: sched_switch: prev_comm=swapper/0 prev_pid=0 prev_prio=120 prev_state=R ==> next_comm=ksoftirqd/0 next_pid=3 next_prio=120
           <...>-3     [000] ...2   462.937567: sched_switch: prev_comm=ksoftirqd/0 prev_pid=3 prev_prio=120 prev_state=S ==> next_comm=swapper/0 next_pid=0 next_prio=120
          <idle>-0     [000] ...2   462.937584: sched_switch: prev_comm=swapper/0 prev_pid=0 prev_prio=120 prev_state=R ==> next_comm=ksoftirqd/0 next_pid=3 next_prio=120
           <...>-3     [000] ...2   462.937597: sched_switch: prev_comm=ksoftirqd/0 prev_pid=3 prev_prio=120 prev_state=S ==> next_comm=swapper/0 next_pid=0 next_prio=120
          <idle>-0     [000] ...2   462.937613: sched_switch: prev_comm=swapper/0 prev_pid=0 prev_prio=120 prev_state=R ==> next_comm=ksoftirqd/0 next_pid=3 next_prio=120
           <...>-3     [000] ...2   462.937626: sched_switch: prev_comm=ksoftirqd/0 prev_pid=3 prev_prio=120 prev_state=S ==> next_comm=swapper/0 next_pid=0 next_prio=120
          <idle>-0     [000] ...2   462.938546: sched_switch: prev_comm=swapper/0 prev_pid=0 prev_prio=120 prev_state=R ==> next_comm=ple.kvbenchmark next_pid=3305 next_prio=120
           <...>-3305  [000] ...2   462.938623: sched_switch: prev_comm=ple.kvbenchmark prev_pid=3305 prev_prio=120 prev_state=S ==> next_comm=swapper/0 next_pid=0 next_prio=120
          <idle>-0     [000] ...2   462.939680: sched_switch: prev_comm=swapper/0 prev_pid=0 prev_prio=120 prev_state=R ==> next_comm=ple.kvbenchmark next_pid=3305 next_prio=120
           <...>-3305  [000] ...2   462.939754: sched_switch: prev_comm=ple.kvbenchmark prev_pid=3305 prev_prio=120 prev_state=S ==> next_comm=swapper/0 next_pid=0 next_prio=120
          <idle>-0     [000] ...2   462.940809: sched_switch: prev_comm=swapper/0 prev_pid=0 prev_prio=120 prev_state=R ==> next_comm=ple.kvbenchmark next_pid=3305 next_prio=120
           <...>-3305  [000] ...2   462.940889: sched_switch: prev_comm=ple.kvbenchmark prev_pid=3305 prev_prio=120 prev_state=S ==> next_comm=swapper/0 next_pid=0 next_prio=120
          <idle>-0     [000] ...2   462.941943: sched_switch: prev_comm=swapper/0 prev_pid=0 prev_prio=120 prev_state=R ==> next_comm=ple.kvbenchmark next_pid=3305 next_prio=120
           <...>-3305  [000] ...2   462.942017: sched_switch: prev_comm=ple.kvbenchmark prev_pid=3305 prev_prio=120 prev_state=S ==> next_comm=swapper/0 next_pid=0 next_prio=120
          <idle>-0     [000] ...2   462.943071: sched_switch: prev_comm=swapper/0 prev_pid=0 prev_prio=120 prev_state=R ==> next_comm=ple.kvbenchmark next_pid=3305 next_prio=120
           <...>-3305  [000] ...2   462.943145: sched_switch: prev_comm=ple.kvbenchmark prev_pid=3305 prev_prio=120 prev_state=S ==> next_comm=swapper/0 next_pid=0 next_prio=120
          <idle>-0     [000] ...2   462.944199: sched_switch: prev_comm=swapper/0 prev_pid=0 prev_prio=120 prev_state=R ==> next_comm=ple.kvbenchmark next_pid=3305 next_prio=120
           <...>-3305  [000] ...2   462.944275: sched_switch: prev_comm=ple.kvbenchmark prev_pid=3305 prev_prio=120 prev_state=S ==> next_comm=swapper/0 next_pid=0 next_prio=120
          <idle>-0     [000] ...2   462.945329: sched_switch: prev_comm=swapper/0 prev_pid=0 prev_prio=120 prev_state=R ==> next_comm=ple.kvbenchmark next_pid=3305 next_prio=120
           <...>-3305  [000] ...2   462.945406: sched_switch: prev_comm=ple.kvbenchmark prev_pid=3305 prev_prio=120 prev_state=S ==> next_comm=swapper/0 next_pid=0 next_prio=120
          <idle>-0     [000] ...2   462.946461: sched_switch: prev_comm=swapper/0 prev_pid=0 prev_prio=120 prev_state=R ==> next_comm=ple.kvbenchmark next_pid=3305 next_prio=120
           <...>-3305  [000] ...2   462.946535: sched_switch: prev_comm=ple.kvbenchmark prev_pid=3305 prev_prio=120 prev_state=S ==> next_comm=swapper/0 next_pid=0 next_prio=120
          <idle>-0     [000] ...2   462.947565: sched_switch: prev_comm=swapper/0 prev_pid=0 prev_prio=120 prev_state=R ==> next_comm=kworker/0:2 next_pid=98 next_prio=120
     kworker/0:2-98    [000] ...2   462.947572: phonelab_periodic_ctx_switch_marker: BEGIN cpu=0 count=0 log_idx=462
     kworker/0:2-98    [000] ...2   462.947575: phonelab_periodic_ctx_switch_info: cpu=0 pid=2 tgid=2 nice=0 comm=kthreadd utime=0 stime=0 rtime=133280 bg_utime=0 bg_stime=0 bg_rtime=0 s_run=0 s_int=3 s_unint=0 s_oth=0 log_idx=462
     kworker/0:2-98    [000] ...2   462.947577: phonelab_periodic_ctx_switch_info: cpu=0 pid=790 tgid=691 nice=-2 comm=system_server utime=0 stime=0 rtime=24843 bg_utime=0 bg_stime=0 bg_rtime=0 s_run=0 s_int=1 s_unint=0 s_oth=0 log_idx=462
     kworker/0:2-98    [000] ...2   462.947580: phonelab_periodic_ctx_switch_info: cpu=0 pid=1231 tgid=1224 nice=0 comm=com.android.nf utime=0 stime=0 rtime=30052 bg_utime=0 bg_stime=0 bg_rtime=0 s_run=0 s_int=1 s_unint=0 s_oth=0 log_idx=462
     kworker/0:2-98    [000] ...2   462.947582: phonelab_periodic_ctx_switch_info: cpu=0 pid=170 tgid=170 nice=0 comm=healthd utime=0 stime=0 rtime=39531 bg_utime=0 bg_stime=0 bg_rtime=0 s_run=0 s_int=1 s_unint=0 s_oth=0 log_idx=462
     kworker/0:2-98    [000] ...2   462.947584: phonelab_periodic_ctx_switch_info: cpu=0 pid=3314 tgid=3305 nice=0 comm=Heap thread poo utime=0 stime=0 rtime=1331615 bg_utime=0 bg_stime=0 bg_rtime=0 s_run=0 s_int=12 s_unint=0 s_oth=0 log_idx=462
     kworker/0:2-98    [000] ...2   462.947586: phonelab_periodic_ctx_switch_info: cpu=0 pid=3 tgid=3 nice=0 comm=ksoftirqd/0 utime=0 stime=0 rtime=3711514 bg_utime=0 bg_stime=0 bg_rtime=0 s_run=0 s_int=217 s_unint=0 s_oth=0 log_idx=462
     kworker/0:2-98    [000] ...2   462.947588: phonelab_periodic_ctx_switch_info: cpu=0 pid=8476 tgid=8476 nice=0 comm=sh utime=1 stime=0 rtime=16354116 bg_utime=0 bg_stime=0 bg_rtime=0 s_run=8 s_int=0 s_unint=0 s_oth=1 log_idx=462
     kworker/0:2-98    [000] ...2   462.947590: phonelab_periodic_ctx_switch_info: cpu=0 pid=3312 tgid=3305 nice=0 comm=ple.kvbenchmar utime=0 stime=0 rtime=28855 bg_utime=0 bg_stime=0 bg_rtime=0 s_run=0 s_int=1 s_unint=0 s_oth=0 log_idx=462
     kworker/0:2-98    [000] ...2   462.947592: phonelab_periodic_ctx_switch_info: cpu=0 pid=1791 tgid=1776 nice=-7 comm=mpdecision utime=0 stime=1 rtime=7534061 bg_utime=0 bg_stime=0 bg_rtime=0 s_run=6 s_int=20 s_unint=2 s_oth=0 log_idx=462
     kworker/0:2-98    [000] ...2   462.947594: phonelab_periodic_ctx_switch_info: cpu=0 pid=98 tgid=98 nice=0 comm=kworker/0:2 utime=0 stime=0 rtime=1263856 bg_utime=0 bg_stime=0 bg_rtime=0 s_run=2 s_int=14 s_unint=7 s_oth=0 log_idx=462
     kworker/0:2-98    [000] ...2   462.947596: phonelab_periodic_ctx_switch_info: cpu=0 pid=17 tgid=17 nice=-20 comm=kworker/0:1H utime=0 stime=0 rtime=466984 bg_utime=0 bg_stime=0 bg_rtime=0 s_run=0 s_int=14 s_unint=9 s_oth=0 log_idx=462
     kworker/0:2-98    [000] ...2   462.947598: phonelab_periodic_ctx_switch_info: cpu=0 pid=2023 tgid=2016 nice=0 comm=le.android.tal utime=0 stime=0 rtime=28750 bg_utime=0 bg_stime=0 bg_rtime=28750 s_run=0 s_int=1 s_unint=0 s_oth=0 log_idx=462
     kworker/0:2-98    [000] ...2   462.947600: phonelab_periodic_ctx_switch_info: cpu=0 pid=8390 tgid=8390 nice=0 comm=kworker/2:0 utime=0 stime=0 rtime=61146 bg_utime=0 bg_stime=0 bg_rtime=0 s_run=0 s_int=0 s_unint=0 s_oth=1 log_idx=462
     kworker/0:2-98    [000] ...2   462.947602: phonelab_periodic_ctx_switch_info: cpu=0 pid=797 tgid=691 nice=0 comm=UEventObserver utime=0 stime=0 rtime=44688 bg_utime=0 bg_stime=0 bg_rtime=0 s_run=0 s_int=1 s_unint=0 s_oth=0 log_idx=462
     kworker/0:2-98    [000] ...2   462.947604: phonelab_periodic_ctx_switch_info: cpu=0 pid=0 tgid=0 nice=0 comm=swapper/0 utime=0 stime=49 rtime=487982190 bg_utime=0 bg_stime=0 bg_rtime=0 s_run=706 s_int=0 s_unint=0 s_oth=0 log_idx=462
     kworker/0:2-98    [000] ...2   462.947606: phonelab_periodic_ctx_switch_info: cpu=0 pid=1335 tgid=1327 nice=0 comm=e.process.gapp utime=0 stime=0 rtime=33073 bg_utime=0 bg_stime=0 bg_rtime=0 s_run=0 s_int=1 s_unint=0 s_oth=0 log_idx=462
     kworker/0:2-98    [000] ...2   462.947608: phonelab_periodic_ctx_switch_info: cpu=0 pid=8473 tgid=8473 nice=0 comm=sh utime=0 stime=1 rtime=10918489 bg_utime=0 bg_stime=0 bg_rtime=0 s_run=0 s_int=2 s_unint=0 s_oth=1 log_idx=462
     kworker/0:2-98    [000] ...2   462.947610: phonelab_periodic_ctx_switch_info: cpu=0 pid=7 tgid=7 nice=-20 comm=kworker/u:0H utime=0 stime=0 rtime=525105 bg_utime=0 bg_stime=0 bg_rtime=0 s_run=0 s_int=0 s_unint=14 s_oth=0 log_idx=462
     kworker/0:2-98    [000] ...2   462.947612: phonelab_periodic_ctx_switch_info: cpu=0 pid=3305 tgid=3305 nice=0 comm=ple.kvbenchmark utime=24 stime=13 rtime=355608214 bg_utime=0 bg_stime=0 bg_rtime=0 s_run=67 s_int=343 s_unint=53 s_oth=3 log_idx=462
     kworker/0:2-98    [000] ...2   462.947614: phonelab_periodic_ctx_switch_info: cpu=0 pid=127 tgid=127 nice=0 comm=ueventd utime=0 stime=0 rtime=39271 bg_utime=0 bg_stime=0 bg_rtime=0 s_run=0 s_int=1 s_unint=0 s_oth=0 log_idx=462
     kworker/0:2-98    [000] ...2   462.947616: phonelab_periodic_ctx_switch_info: cpu=0 pid=3321 tgid=3305 nice=0 comm=GCDaemon utime=1 stime=7 rtime=87886666 bg_utime=0 bg_stime=0 bg_rtime=0 s_run=20 s_int=42 s_unint=47 s_oth=0 log_idx=462
     kworker/0:2-98    [000] ...2   462.947619: phonelab_periodic_ctx_switch_info: cpu=0 pid=8482 tgid=1861 nice=0 comm=adbd utime=0 stime=0 rtime=26667 bg_utime=0 bg_stime=0 bg_rtime=0 s_run=0 s_int=1 s_unint=0 s_oth=0 log_idx=462
     kworker/0:2-98    [000] ...2   462.947621: phonelab_periodic_ctx_switch_info: cpu=0 pid=8475 tgid=8475 nice=0 comm=sh utime=0 stime=0 rtime=2800521 bg_utime=0 bg_stime=0 bg_rtime=0 s_run=1 s_int=0 s_unint=0 s_oth=1 log_idx=462
     kworker/0:2-98    [000] ...2   462.947623: phonelab_periodic_ctx_switch_info: cpu=0 pid=8 tgid=8 nice=0 comm=migration/0 utime=0 stime=0 rtime=534532 bg_utime=0 bg_stime=0 bg_rtime=0 s_run=0 s_int=1 s_unint=0 s_oth=0 log_idx=462
     kworker/0:2-98    [000] ...2   462.947625: phonelab_periodic_ctx_switch_info: cpu=0 pid=566 tgid=194 nice=0 comm=bridgemgrd utime=0 stime=0 rtime=28698 bg_utime=0 bg_stime=0 bg_rtime=0 s_run=0 s_int=1 s_unint=0 s_oth=0 log_idx=462
     kworker/0:2-98    [000] ...2   462.947627: phonelab_periodic_ctx_switch_info: cpu=0 pid=236 tgid=177 nice=0 comm=vold utime=0 stime=0 rtime=53437 bg_utime=0 bg_stime=0 bg_rtime=0 s_run=0 s_int=1 s_unint=0 s_oth=0 log_idx=462
     kworker/0:2-98    [000] ...2   462.947631: phonelab_periodic_ctx_switch_info: cpu=0 pid=1263 tgid=1256 nice=0 comm=m.android.phon utime=0 stime=0 rtime=26927 bg_utime=0 bg_stime=0 bg_rtime=0 s_run=0 s_int=1 s_unint=0 s_oth=0 log_idx=462
     kworker/0:2-98    [000] ...2   462.947633: phonelab_periodic_ctx_switch_info: cpu=0 pid=8394 tgid=8394 nice=-20 comm=kworker/2:1H utime=0 stime=0 rtime=57083 bg_utime=0 bg_stime=0 bg_rtime=0 s_run=0 s_int=0 s_unint=0 s_oth=1 log_idx=462
     kworker/0:2-98    [000] ...2   462.947635: phonelab_periodic_ctx_switch_info: cpu=0 pid=116 tgid=116 nice=0 comm=mmcqd/1 utime=0 stime=0 rtime=1077291 bg_utime=0 bg_stime=0 bg_rtime=0 s_run=4 s_int=9 s_unint=7 s_oth=0 log_idx=462
     kworker/0:2-98    [000] ...2   462.947637: phonelab_periodic_ctx_switch_info: cpu=0 pid=21 tgid=21 nice=0 comm=kworker/u:1 utime=0 stime=0 rtime=589065 bg_utime=0 bg_stime=0 bg_rtime=0 s_run=0 s_int=20 s_unint=0 s_oth=0 log_idx=462
     kworker/0:2-98    [000] ...2   462.947639: phonelab_periodic_ctx_switch_info: cpu=0 pid=201 tgid=201 nice=0 comm=kmsgd utime=0 stime=0 rtime=138750 bg_utime=0 bg_stime=0 bg_rtime=0 s_run=0 s_int=1 s_unint=0 s_oth=0 log_idx=462
     kworker/0:2-98    [000] ...2   462.947641: phonelab_periodic_ctx_switch_info: cpu=0 pid=525 tgid=185 nice=0 comm=netd utime=0 stime=0 rtime=63438 bg_utime=0 bg_stime=0 bg_rtime=0 s_run=0 s_int=1 s_unint=0 s_oth=0 log_idx=462
     kworker/0:2-98    [000] ...2   462.947643: phonelab_periodic_ctx_switch_info: cpu=0 pid=8485 tgid=8485 nice=0 comm=workqueue_trust utime=0 stime=0 rtime=123751 bg_utime=0 bg_stime=0 bg_rtime=0 s_run=3 s_int=0 s_unint=2 s_oth=1 log_idx=462
     kworker/0:2-98    [000] ...2   462.947646: phonelab_periodic_ctx_switch_info: cpu=0 pid=1781 tgid=1776 nice=-7 comm=mpdecision utime=0 stime=0 rtime=44479 bg_utime=0 bg_stime=0 bg_rtime=0 s_run=0 s_int=1 s_unint=0 s_oth=0 log_idx=462
     kworker/0:2-98    [000] ...2   462.947648: phonelab_periodic_ctx_switch_info: cpu=0 pid=8484 tgid=8484 nice=0 comm=grep utime=0 stime=0 rtime=12813 bg_utime=0 bg_stime=0 bg_rtime=0 s_run=0 s_int=0 s_unint=0 s_oth=1 log_idx=462
     kworker/0:2-98    [000] ...2   462.947650: phonelab_periodic_ctx_switch_info: cpu=0 pid=8391 tgid=8391 nice=-20 comm=kworker/2:0H utime=0 stime=0 rtime=55938 bg_utime=0 bg_stime=0 bg_rtime=0 s_run=0 s_int=0 s_unint=0 s_oth=1 log_idx=462
     kworker/0:2-98    [000] ...2   462.947652: phonelab_periodic_ctx_switch_info: cpu=0 pid=1703 tgid=194 nice=0 comm=bridgemgrd utime=0 stime=0 rtime=68073 bg_utime=0 bg_stime=0 bg_rtime=0 s_run=0 s_int=1 s_unint=0 s_oth=0 log_idx=462
     kworker/0:2-98    [000] ...2   462.947654: phonelab_periodic_ctx_switch_info: cpu=0 pid=8393 tgid=8393 nice=0 comm=kworker/2:1 utime=0 stime=0 rtime=84792 bg_utime=0 bg_stime=0 bg_rtime=0 s_run=0 s_int=0 s_unint=0 s_oth=1 log_idx=462
     kworker/0:2-98    [000] ...2   462.947656: phonelab_periodic_ctx_switch_info: cpu=0 pid=3167 tgid=1861 nice=0 comm=adbd utime=0 stime=0 rtime=1711047 bg_utime=0 bg_stime=0 bg_rtime=0 s_run=0 s_int=34 s_unint=0 s_oth=0 log_idx=462
     kworker/0:2-98    [000] ...2   462.947658: phonelab_periodic_ctx_switch_info: cpu=0 pid=1861 tgid=1861 nice=0 comm=adbd utime=0 stime=2 rtime=9211821 bg_utime=0 bg_stime=0 bg_rtime=0 s_run=1 s_int=34 s_unint=5 s_oth=0 log_idx=462
     kworker/0:2-98    [000] ...2   462.947660: phonelab_periodic_ctx_switch_info: cpu=0 pid=8392 tgid=8392 nice=0 comm=ksoftirqd/2 utime=0 stime=0 rtime=97500 bg_utime=0 bg_stime=0 bg_rtime=0 s_run=0 s_int=0 s_unint=0 s_oth=1 log_idx=462
     kworker/0:2-98    [000] ...2   462.947662: phonelab_periodic_ctx_switch_info: cpu=0 pid=8389 tgid=8389 nice=0 comm=migration/2 utime=0 stime=0 rtime=62605 bg_utime=0 bg_stime=0 bg_rtime=0 s_run=0 s_int=0 s_unint=0 s_oth=1 log_idx=462
     kworker/0:2-98    [000] ...2   462.947663: phonelab_periodic_ctx_switch_info: cpu=0 pid=2956 tgid=2956 nice=0 comm=logcat utime=0 stime=0 rtime=234218 bg_utime=0 bg_stime=0 bg_rtime=234218 s_run=0 s_int=2 s_unint=0 s_oth=0 log_idx=462
     kworker/0:2-98    [000] ...2   462.947666: phonelab_periodic_ctx_switch_info: cpu=0 pid=284 tgid=178 nice=-8 comm=hwcUeventThread utime=0 stime=0 rtime=54792 bg_utime=0 bg_stime=0 bg_rtime=0 s_run=0 s_int=1 s_unint=0 s_oth=0 log_idx=462
     kworker/0:2-98    [000] ...2   462.947668: phonelab_periodic_ctx_switch_info: cpu=0 pid=3317 tgid=3305 nice=0 comm=ReferenceQueueD utime=0 stime=0 rtime=1107083 bg_utime=0 bg_stime=0 bg_rtime=0 s_run=0 s_int=17 s_unint=0 s_oth=0 log_idx=462
     kworker/0:2-98    [000] ...2   462.947670: phonelab_periodic_ctx_switch_info: cpu=0 pid=168 tgid=168 nice=0 comm=storaged utime=0 stime=0 rtime=2306771 bg_utime=0 bg_stime=0 bg_rtime=0 s_run=0 s_int=1 s_unint=0 s_oth=0 log_idx=462
     kworker/0:2-98    [000] ...2   462.947672: phonelab_periodic_ctx_switch_info: cpu=0 pid=3193 tgid=3193 nice=0 comm=logcat utime=0 stime=0 rtime=244792 bg_utime=0 bg_stime=0 bg_rtime=0 s_run=0 s_int=2 s_unint=0 s_oth=0 log_idx=462
     kworker/0:2-98    [000] ...2   462.947674: phonelab_periodic_ctx_switch_info: cpu=0 pid=3168 tgid=1861 nice=0 comm=adbd utime=0 stime=1 rtime=1836509 bg_utime=0 bg_stime=0 bg_rtime=0 s_run=0 s_int=40 s_unint=0 s_oth=0 log_idx=462
     kworker/0:2-98    [000] ...2   462.947676: phonelab_periodic_ctx_switch_info: cpu=0 pid=8483 tgid=8483 nice=0 comm=sh utime=0 stime=0 rtime=2149479 bg_utime=0 bg_stime=0 bg_rtime=0 s_run=2 s_int=0 s_unint=0 s_oth=1 log_idx=462
     kworker/0:2-98    [000] ...2   462.947678: phonelab_periodic_ctx_switch_info: cpu=0 pid=8411 tgid=8411 nice=-20 comm=kworker/2:2H utime=0 stime=0 rtime=58593 bg_utime=0 bg_stime=0 bg_rtime=0 s_run=0 s_int=0 s_unint=0 s_oth=1 log_idx=462
     kworker/0:2-98    [000] ...2   462.947680: phonelab_periodic_ctx_switch_info: cpu=0 pid=6612 tgid=6612 nice=-20 comm=kworker/0:0H utime=0 stime=0 rtime=845312 bg_utime=0 bg_stime=0 bg_rtime=0 s_run=0 s_int=8 s_unint=1 s_oth=0 log_idx=462
     kworker/0:2-98    [000] ...2   462.947706: phonelab_periodic_ctx_switch_marker: END cpu=0 count=51 log_idx=462
     kworker/0:2-98    [000] ...2   462.947710: phonelab_timing: func=periodic_ctx_switch_info time=138958ns cpu=0
     kworker/0:2-98    [000] ...2   462.947722: sched_switch: prev_comm=kworker/0:2 prev_pid=98 prev_prio=120 prev_state=S ==> next_comm=kworker/0:1H next_pid=17 next_prio=100
    kworker/0:1H-17    [000] ...2   462.947751: sched_switch: prev_comm=kworker/0:1H prev_pid=17 prev_prio=100 prev_state=D ==> next_comm=ksoftirqd/0 next_pid=3 next_prio=120
           <...>-3     [000] ...2   462.947768: sched_switch: prev_comm=ksoftirqd/0 prev_pid=3 prev_prio=120 prev_state=S ==> next_comm=kworker/0:0H next_pid=6612 next_prio=100
           <...>-6612  [000] ...1   462.947773: cpu_frequency_switch_start: start=960000 end=960000 cpu_id=0
           <...>-6612  [000] ...1   462.947778: cpu_frequency_switch_end: cpu_id=0
           <...>-6612  [000] ...1   462.947780: cpu_frequency: state=960000 cpu_id=0
           <...>-6612  [000] ...2   462.947802: sched_switch: prev_comm=kworker/0:0H prev_pid=6612 prev_prio=100 prev_state=S ==> next_comm=kworker/0:1H next_pid=17 next_prio=100
    kworker/0:1H-17    [000] ...2   462.947816: sched_switch: prev_comm=kworker/0:1H prev_pid=17 prev_prio=100 prev_state=S ==> next_comm=ple.kvbenchmark next_pid=3305 next_prio=120
           <...>-3305  [000] ...2   462.947899: sched_switch: prev_comm=ple.kvbenchmark prev_pid=3305 prev_prio=120 prev_state=S ==> next_comm=swapper/0 next_pid=0 next_prio=120
          <idle>-0     [000] ...2   462.947922: sched_switch: prev_comm=swapper/0 prev_pid=0 prev_prio=120 prev_state=R ==> next_comm=ksoftirqd/0 next_pid=3 next_prio=120
           <...>-3     [000] ...2   462.947936: sched_switch: prev_comm=ksoftirqd/0 prev_pid=3 prev_prio=120 prev_state=S ==> next_comm=swapper/0 next_pid=0 next_prio=120
          <idle>-0     [000] ...2   462.947957: sched_switch: prev_comm=swapper/0 prev_pid=0 prev_prio=120 prev_state=R ==> next_comm=ksoftirqd/0 next_pid=3 next_prio=120
           <...>-3     [000] ...2   462.947969: sched_switch: prev_comm=ksoftirqd/0 prev_pid=3 prev_prio=120 prev_state=S ==> next_comm=swapper/0 next_pid=0 next_prio=120
          <idle>-0     [000] ...2   462.948958: sched_switch: prev_comm=swapper/0 prev_pid=0 prev_prio=120 prev_state=R ==> next_comm=ple.kvbenchmark next_pid=3305 next_prio=120
           <...>-3305  [000] ...2   462.949033: sched_switch: prev_comm=ple.kvbenchmark prev_pid=3305 prev_prio=120 prev_state=S ==> next_comm=swapper/0 next_pid=0 next_prio=120
          <idle>-0     [000] ...2   462.950087: sched_switch: prev_comm=swapper/0 prev_pid=0 prev_prio=120 prev_state=R ==> next_comm=ple.kvbenchmark next_pid=3305 next_prio=120
           <...>-3305  [000] ...2   462.950162: sched_switch: prev_comm=ple.kvbenchmark prev_pid=3305 prev_prio=120 prev_state=S ==> next_comm=swapper/0 next_pid=0 next_prio=120
          <idle>-0     [000] ...2   462.951216: sched_switch: prev_comm=swapper/0 prev_pid=0 prev_prio=120 prev_state=R ==> next_comm=ple.kvbenchmark next_pid=3305 next_prio=120
           <...>-3305  [000] ...2   462.951293: sched_switch: prev_comm=ple.kvbenchmark prev_pid=3305 prev_prio=120 prev_state=S ==> next_comm=swapper/0 next_pid=0 next_prio=120
          <idle>-0     [000] ...2   462.952349: sched_switch: prev_comm=swapper/0 prev_pid=0 prev_prio=120 prev_state=R ==> next_comm=ple.kvbenchmark next_pid=3305 next_prio=120
           <...>-3305  [000] ...2   462.952425: sched_switch: prev_comm=ple.kvbenchmark prev_pid=3305 prev_prio=120 prev_state=S ==> next_comm=swapper/0 next_pid=0 next_prio=120
          <idle>-0     [000] ...2   462.953479: sched_switch: prev_comm=swapper/0 prev_pid=0 prev_prio=120 prev_state=R ==> next_comm=ple.kvbenchmark next_pid=3305 next_prio=120
           <...>-3305  [000] ...2   462.953552: sched_switch: prev_comm=ple.kvbenchmark prev_pid=3305 prev_prio=120 prev_state=S ==> next_comm=swapper/0 next_pid=0 next_prio=120
          <idle>-0     [000] ...2   462.954606: sched_switch: prev_comm=swapper/0 prev_pid=0 prev_prio=120 prev_state=R ==> next_comm=ple.kvbenchmark next_pid=3305 next_prio=120
           <...>-3305  [000] ...2   462.954684: sched_switch: prev_comm=ple.kvbenchmark prev_pid=3305 prev_prio=120 prev_state=S ==> next_comm=swapper/0 next_pid=0 next_prio=120
          <idle>-0     [000] ...2   462.955738: sched_switch: prev_comm=swapper/0 prev_pid=0 prev_prio=120 prev_state=R ==> next_comm=ple.kvbenchmark next_pid=3305 next_prio=120
           <...>-3305  [000] ...2   462.955813: sched_switch: prev_comm=ple.kvbenchmark prev_pid=3305 prev_prio=120 prev_state=S ==> next_comm=swapper/0 next_pid=0 next_prio=120
          <idle>-0     [000] ...2   462.956867: sched_switch: prev_comm=swapper/0 prev_pid=0 prev_prio=120 prev_state=R ==> next_comm=ple.kvbenchmark next_pid=3305 next_prio=120
           <...>-3305  [000] ...2   462.956945: sched_switch: prev_comm=ple.kvbenchmark prev_pid=3305 prev_prio=120 prev_state=S ==> next_comm=swapper/0 next_pid=0 next_prio=120
          <idle>-0     [000] ...2   462.957556: sched_switch: prev_comm=swapper/0 prev_pid=0 prev_prio=120 prev_state=R ==> next_comm=ksoftirqd/0 next_pid=3 next_prio=120
           <...>-3     [000] ...2   462.957570: sched_switch: prev_comm=ksoftirqd/0 prev_pid=3 prev_prio=120 prev_state=S ==> next_comm=swapper/0 next_pid=0 next_prio=120
          <idle>-0     [000] ...2   462.957591: sched_switch: prev_comm=swapper/0 prev_pid=0 prev_prio=120 prev_state=R ==> next_comm=ksoftirqd/0 next_pid=3 next_prio=120
           <...>-3     [000] ...2   462.957604: sched_switch: prev_comm=ksoftirqd/0 prev_pid=3 prev_prio=120 prev_state=S ==> next_comm=swapper/0 next_pid=0 next_prio=120
          <idle>-0     [000] ...2   462.957623: sched_switch: prev_comm=swapper/0 prev_pid=0 prev_prio=120 prev_state=R ==> next_comm=ksoftirqd/0 next_pid=3 next_prio=120
