           <...>-3269  [001] ...2   391.732147: sched_switch: prev_comm=ple.kvbenchmark prev_pid=3269 prev_prio=120 prev_state=S ==> next_comm=traced next_pid=201 next_prio=120
        storaged-167   [000] ...2   391.733026: sched_switch: prev_comm=storaged prev_pid=167 prev_prio=120 prev_state=S ==> next_comm=swapper/0 next_pid=0 next_prio=120
          traced-201   [001] ...2   391.733200: sched_switch: prev_comm=traced prev_pid=201 prev_prio=120 prev_state=R ==> next_comm=ple.kvbenchmark next_pid=3269 next_prio=120
           <...>-3269  [001] ...2   391.733246: sched_switch: prev_comm=ple.kvbenchmark prev_pid=3269 prev_prio=120 prev_state=S ==> next_comm=traced next_pid=201 next_prio=120
          traced-201   [001] ...2   391.734298: sched_switch: prev_comm=traced prev_pid=201 prev_prio=120 prev_state=R ==> next_comm=ple.kvbenchmark next_pid=3269 next_prio=120
           <...>-3269  [001] ...2   391.734342: sched_switch: prev_comm=ple.kvbenchmark prev_pid=3269 prev_prio=120 prev_state=S ==> next_comm=traced next_pid=201 next_prio=120
          <idle>-0     [000] ...2   391.734798: sched_switch: prev_comm=swapper/0 prev_pid=0 prev_prio=120 prev_state=R ==> next_comm=kworker/u:0 next_pid=6 next_prio=120
     kworker/u:0-6     [000] ...2   391.734820: sched_switch: prev_comm=kworker/u:0 prev_pid=6 prev_prio=120 prev_state=S ==> next_comm=ksoftirqd/0 next_pid=3 next_prio=120
     ksoftirqd/0-3     [000] ...2   391.734831: sched_switch: prev_comm=ksoftirqd/0 prev_pid=3 prev_prio=120 prev_state=S ==> next_comm=mpdecision next_pid=1789 next_prio=113
      mpdecision-1789  [000] ...2   391.735199: sched_switch: prev_comm=mpdecision prev_pid=1789 prev_prio=113 prev_state=S ==> next_comm=swapper/0 next_pid=0 next_prio=120
          <idle>-0     [000] ...2   391.735225: sched_switch: prev_comm=swapper/0 prev_pid=0 prev_prio=120 prev_state=R ==> next_comm=ksoftirqd/0 next_pid=3 next_prio=120
     ksoftirqd/0-3     [000] ...2   391.735241: sched_switch: prev_comm=ksoftirqd/0 prev_pid=3 prev_prio=120 prev_state=S ==> next_comm=swapper/0 next_pid=0 next_prio=120
          <idle>-0     [000] ...2   391.735264: sched_switch: prev_comm=swapper/0 prev_pid=0 prev_prio=120 prev_state=R ==> next_comm=ksoftirqd/0 next_pid=3 next_prio=120
     ksoftirqd/0-3     [000] ...2   391.735279: sched_switch: prev_comm=ksoftirqd/0 prev_pid=3 prev_prio=120 prev_state=S ==> next_comm=swapper/0 next_pid=0 next_prio=120
          traced-201   [001] ...2   391.735394: sched_switch: prev_comm=traced prev_pid=201 prev_prio=120 prev_state=R ==> next_comm=ple.kvbenchmark next_pid=3269 next_prio=120
           <...>-3269  [001] ...2   391.735440: sched_switch: prev_comm=ple.kvbenchmark prev_pid=3269 prev_prio=120 prev_state=S ==> next_comm=traced next_pid=201 next_prio=120
          traced-201   [001] ...2   391.736491: sched_switch: prev_comm=traced prev_pid=201 prev_prio=120 prev_state=R ==> next_comm=ple.kvbenchmark next_pid=3269 next_prio=120
           <...>-3269  [001] ...2   391.736537: sched_switch: prev_comm=ple.kvbenchmark prev_pid=3269 prev_prio=120 prev_state=S ==> next_comm=traced next_pid=201 next_prio=120
          traced-201   [001] ...2   391.737588: sched_switch: prev_comm=traced prev_pid=201 prev_prio=120 prev_state=R ==> next_comm=ple.kvbenchmark next_pid=3269 next_prio=120
           <...>-3269  [001] ...2   391.737634: sched_switch: prev_comm=ple.kvbenchmark prev_pid=3269 prev_prio=120 prev_state=S ==> next_comm=traced next_pid=201 next_prio=120
          traced-201   [001] ...2   391.738685: sched_switch: prev_comm=traced prev_pid=201 prev_prio=120 prev_state=R ==> next_comm=ple.kvbenchmark next_pid=3269 next_prio=120
           <...>-3269  [001] ...2   391.738727: sched_switch: prev_comm=ple.kvbenchmark prev_pid=3269 prev_prio=120 prev_state=S ==> next_comm=traced next_pid=201 next_prio=120
          traced-201   [001] ...2   391.739779: sched_switch: prev_comm=traced prev_pid=201 prev_prio=120 prev_state=R ==> next_comm=ple.kvbenchmark next_pid=3269 next_prio=120
           <...>-3269  [001] ...2   391.739824: sched_switch: prev_comm=ple.kvbenchmark prev_pid=3269 prev_prio=120 prev_state=S ==> next_comm=traced next_pid=201 next_prio=120
          traced-201   [001] ...2   391.740875: sched_switch: prev_comm=traced prev_pid=201 prev_prio=120 prev_state=R ==> next_comm=ple.kvbenchmark next_pid=3269 next_prio=120
           <...>-3269  [001] ...2   391.740920: sched_switch: prev_comm=ple.kvbenchmark prev_pid=3269 prev_prio=120 prev_state=S ==> next_comm=traced next_pid=201 next_prio=120
          traced-201   [001] ...2   391.741972: sched_switch: prev_comm=traced prev_pid=201 prev_prio=120 prev_state=R ==> next_comm=ple.kvbenchmark next_pid=3269 next_prio=120
           <...>-3269  [001] ...2   391.742015: sched_switch: prev_comm=ple.kvbenchmark prev_pid=3269 prev_prio=120 prev_state=S ==> next_comm=traced next_pid=201 next_prio=120
          traced-201   [001] ...2   391.743067: sched_switch: prev_comm=traced prev_pid=201 prev_prio=120 prev_state=R ==> next_comm=ple.kvbenchmark next_pid=3269 next_prio=120
           <...>-3269  [001] ...2   391.743113: sched_switch: prev_comm=ple.kvbenchmark prev_pid=3269 prev_prio=120 prev_state=S ==> next_comm=traced next_pid=201 next_prio=120
          traced-201   [001] ...2   391.744164: sched_switch: prev_comm=traced prev_pid=201 prev_prio=120 prev_state=R ==> next_comm=ple.kvbenchmark next_pid=3269 next_prio=120
           <...>-3269  [001] ...2   391.744207: sched_switch: prev_comm=ple.kvbenchmark prev_pid=3269 prev_prio=120 prev_state=S ==> next_comm=traced next_pid=201 next_prio=120
          traced-201   [001] ...2   391.745258: sched_switch: prev_comm=traced prev_pid=201 prev_prio=120 prev_state=R ==> next_comm=ple.kvbenchmark next_pid=3269 next_prio=120
           <...>-3269  [001] ...2   391.745303: sched_switch: prev_comm=ple.kvbenchmark prev_pid=3269 prev_prio=120 prev_state=S ==> next_comm=traced next_pid=201 next_prio=120
          traced-201   [001] ...2   391.746354: sched_switch: prev_comm=traced prev_pid=201 prev_prio=120 prev_state=R ==> next_comm=ple.kvbenchmark next_pid=3269 next_prio=120
           <...>-3269  [001] ...2   391.746400: sched_switch: prev_comm=ple.kvbenchmark prev_pid=3269 prev_prio=120 prev_state=S ==> next_comm=traced next_pid=201 next_prio=120
          <idle>-0     [000] ...2   391.746727: sched_switch: prev_comm=swapper/0 prev_pid=0 prev_prio=120 prev_state=R ==> next_comm=adbd next_pid=3127 next_prio=120
            adbd-3127  [000] ...2   391.746750: sched_switch: prev_comm=adbd prev_pid=3127 prev_prio=120 prev_state=S ==> next_comm=ksoftirqd/0 next_pid=3 next_prio=120
     ksoftirqd/0-3     [000] ...2   391.746765: sched_switch: prev_comm=ksoftirqd/0 prev_pid=3 prev_prio=120 prev_state=S ==> next_comm=swapper/0 next_pid=0 next_prio=120
          <idle>-0     [000] ...2   391.746788: sched_switch: prev_comm=swapper/0 prev_pid=0 prev_prio=120 prev_state=R ==> next_comm=ksoftirqd/0 next_pid=3 next_prio=120
     ksoftirqd/0-3     [000] ...2   391.746803: sched_switch: prev_comm=ksoftirqd/0 prev_pid=3 prev_prio=120 prev_state=S ==> next_comm=swapper/0 next_pid=0 next_prio=120
          <idle>-0     [000] ...2   391.746825: sched_switch: prev_comm=swapper/0 prev_pid=0 prev_prio=120 prev_state=R ==> next_comm=ksoftirqd/0 next_pid=3 next_prio=120
     ksoftirqd/0-3     [000] ...2   391.746839: sched_switch: prev_comm=ksoftirqd/0 prev_pid=3 prev_prio=120 prev_state=S ==> next_comm=swapper/0 next_pid=0 next_prio=120
          <idle>-0     [000] ...2   391.746930: sched_switch: prev_comm=swapper/0 prev_pid=0 prev_prio=120 prev_state=R ==> next_comm=adbd next_pid=3127 next_prio=120
            adbd-3127  [000] ...2   391.746991: sched_switch: prev_comm=adbd prev_pid=3127 prev_prio=120 prev_state=S ==> next_comm=adbd next_pid=1849 next_prio=120
          traced-201   [001] ...2   391.747453: sched_switch: prev_comm=traced prev_pid=201 prev_prio=120 prev_state=R ==> next_comm=ple.kvbenchmark next_pid=3269 next_prio=120
           <...>-3269  [001] ...2   391.747505: sched_switch: prev_comm=ple.kvbenchmark prev_pid=3269 prev_prio=120 prev_state=S ==> next_comm=traced next_pid=201 next_prio=120
            adbd-1849  [000] ...2   391.748025: sched_switch: prev_comm=adbd prev_pid=1849 prev_prio=120 prev_state=D ==> next_comm=adbd next_pid=3126 next_prio=120
            adbd-3126  [000] ...2   391.748162: sched_switch: prev_comm=adbd prev_pid=3126 prev_prio=120 prev_state=S ==> next_comm=kworker/0:1 next_pid=15 next_prio=120
     kworker/0:1-15    [000] ...2   391.748187: sched_switch: prev_comm=kworker/0:1 prev_pid=15 prev_prio=120 prev_state=S ==> next_comm=adbd next_pid=1849 next_prio=120
            adbd-1849  [000] ...2   391.748264: sched_switch: prev_comm=adbd prev_pid=1849 prev_prio=120 prev_state=S ==> next_comm=adbd next_pid=7092 next_prio=120
           <...>-7092  [000] ...2   391.748304: sched_switch: prev_comm=adbd prev_pid=7092 prev_prio=120 prev_state=S ==> next_comm=adbd next_pid=7091 next_prio=120
          traced-201   [001] ...2   391.748559: sched_switch: prev_comm=traced prev_pid=201 prev_prio=120 prev_state=R ==> next_comm=ple.kvbenchmark next_pid=3269 next_prio=120
           <...>-3269  [001] ...2   391.748612: sched_switch: prev_comm=ple.kvbenchmark prev_pid=3269 prev_prio=120 prev_state=S ==> next_comm=traced next_pid=201 next_prio=120
          traced-201   [001] ...2   391.749664: sched_switch: prev_comm=traced prev_pid=201 prev_prio=120 prev_state=R ==> next_comm=ple.kvbenchmark next_pid=3269 next_prio=120
           <...>-3269  [001] ...2   391.749717: sched_switch: prev_comm=ple.kvbenchmark prev_pid=3269 prev_prio=120 prev_state=S ==> next_comm=traced next_pid=201 next_prio=120
          traced-201   [001] ...2   391.750768: sched_switch: prev_comm=traced prev_pid=201 prev_prio=120 prev_state=R ==> next_comm=ple.kvbenchmark next_pid=3269 next_prio=120
           <...>-3269  [001] ...2   391.750815: sched_switch: prev_comm=ple.kvbenchmark prev_pid=3269 prev_prio=120 prev_state=S ==> next_comm=traced next_pid=201 next_prio=120
          traced-201   [001] ...2   391.751869: sched_switch: prev_comm=traced prev_pid=201 prev_prio=120 prev_state=R ==> next_comm=ple.kvbenchmark next_pid=3269 next_prio=120
           <...>-3269  [001] ...2   391.751918: sched_switch: prev_comm=ple.kvbenchmark prev_pid=3269 prev_prio=120 prev_state=S ==> next_comm=traced next_pid=201 next_prio=120
          traced-201   [001] ...2   391.752969: sched_switch: prev_comm=traced prev_pid=201 prev_prio=120 prev_state=R ==> next_comm=ple.kvbenchmark next_pid=3269 next_prio=120
           <...>-3269  [001] ...2   391.753013: sched_switch: prev_comm=ple.kvbenchmark prev_pid=3269 prev_prio=120 prev_state=S ==> next_comm=traced next_pid=201 next_prio=120
          traced-201   [001] ...2   391.754065: sched_switch: prev_comm=traced prev_pid=201 prev_prio=120 prev_state=R ==> next_comm=ple.kvbenchmark next_pid=3269 next_prio=120
           <...>-3269  [001] ...2   391.754109: sched_switch: prev_comm=ple.kvbenchmark prev_pid=3269 prev_prio=120 prev_state=S ==> next_comm=traced next_pid=201 next_prio=120
           <...>-7091  [000] ...2   391.754794: sched_switch: prev_comm=sh prev_pid=7091 prev_prio=120 prev_state=R ==> next_comm=kworker/0:3H next_pid=810 next_prio=100
    kworker/0:3H-810   [000] ...2   391.754827: sched_switch: prev_comm=kworker/0:3H prev_pid=810 prev_prio=100 prev_state=D ==> next_comm=kworker/0:1H next_pid=17 next_prio=100
    kworker/0:1H-17    [000] ...1   391.754836: cpu_frequency_switch_start: start=960000 end=960000 cpu_id=0
    kworker/0:1H-17    [000] ...1   391.754841: cpu_frequency_switch_end: cpu_id=0
    kworker/0:1H-17    [000] ...1   391.754843: cpu_frequency: state=960000 cpu_id=0
    kworker/0:1H-17    [000] ...2   391.754869: sched_switch: prev_comm=kworker/0:1H prev_pid=17 prev_prio=100 prev_state=S ==> next_comm=kworker/0:3H next_pid=810 next_prio=100
    kworker/0:3H-810   [000] ...2   391.754883: sched_switch: prev_comm=kworker/0:3H prev_pid=810 prev_prio=100 prev_state=S ==> next_comm=sh next_pid=7091 next_prio=120
          traced-201   [001] ...2   391.755162: sched_switch: prev_comm=traced prev_pid=201 prev_prio=120 prev_state=R ==> next_comm=ple.kvbenchmark next_pid=3269 next_prio=120
           <...>-3269  [001] ...2   391.755211: sched_switch: prev_comm=ple.kvbenchmark prev_pid=3269 prev_prio=120 prev_state=S ==> next_comm=traced next_pid=201 next_prio=120
          traced-201   [001] ...2   391.756263: sched_switch: prev_comm=traced prev_pid=201 prev_prio=120 prev_state=R ==> next_comm=ple.kvbenchmark next_pid=3269 next_prio=120
           <...>-3269  [001] ...2   391.756309: sched_switch: prev_comm=ple.kvbenchmark prev_pid=3269 prev_prio=120 prev_state=S ==> next_comm=traced next_pid=201 next_prio=120
          traced-201   [001] ...2   391.757362: sched_switch: prev_comm=traced prev_pid=201 prev_prio=120 prev_state=R ==> next_comm=ple.kvbenchmark next_pid=3269 next_prio=120
           <...>-3269  [001] ...2   391.757408: sched_switch: prev_comm=ple.kvbenchmark prev_pid=3269 prev_prio=120 prev_state=S ==> next_comm=traced next_pid=201 next_prio=120
          traced-201   [001] ...2   391.758463: sched_switch: prev_comm=traced prev_pid=201 prev_prio=120 prev_state=R ==> next_comm=ple.kvbenchmark next_pid=3269 next_prio=120
           <...>-3269  [001] ...2   391.758516: sched_switch: prev_comm=ple.kvbenchmark prev_pid=3269 prev_prio=120 prev_state=S ==> next_comm=traced next_pid=201 next_prio=120
          traced-201   [001] ...2   391.759570: sched_switch: prev_comm=traced prev_pid=201 prev_prio=120 prev_state=R ==> next_comm=ple.kvbenchmark next_pid=3269 next_prio=120
           <...>-3269  [001] ...2   391.759624: sched_switch: prev_comm=ple.kvbenchmark prev_pid=3269 prev_prio=120 prev_state=S ==> next_comm=traced next_pid=201 next_prio=120
          traced-201   [001] ...2   391.760674: sched_switch: prev_comm=traced prev_pid=201 prev_prio=120 prev_state=R ==> next_comm=ple.kvbenchmark next_pid=3269 next_prio=120
           <...>-3269  [001] ...2   391.760727: sched_switch: prev_comm=ple.kvbenchmark prev_pid=3269 prev_prio=120 prev_state=S ==> next_comm=traced next_pid=201 next_prio=120
           <...>-7091  [000] ...2   391.761404: sched_switch: prev_comm=sh prev_pid=7091 prev_prio=120 prev_state=S ==> next_comm=sh next_pid=7093 next_prio=120
          traced-201   [001] ...2   391.761778: sched_switch: prev_comm=traced prev_pid=201 prev_prio=120 prev_state=R ==> next_comm=ple.kvbenchmark next_pid=3269 next_prio=120
           <...>-3269  [001] ...2   391.761830: sched_switch: prev_comm=ple.kvbenchmark prev_pid=3269 prev_prio=120 prev_state=S ==> next_comm=traced next_pid=201 next_prio=120
          traced-201   [001] ...2   391.762885: sched_switch: prev_comm=traced prev_pid=201 prev_prio=120 prev_state=R ==> next_comm=ple.kvbenchmark next_pid=3269 next_prio=120
           <...>-3269  [001] ...2   391.762936: sched_switch: prev_comm=ple.kvbenchmark prev_pid=3269 prev_prio=120 prev_state=S ==> next_comm=traced next_pid=201 next_prio=120
           <...>-7093  [000] ...2   391.763682: sched_switch: prev_comm=sh prev_pid=7093 prev_prio=120 prev_state=R+ ==> next_comm=sh next_pid=7091 next_prio=120
           <...>-7091  [000] ...2   391.763779: sched_switch: prev_comm=sh prev_pid=7091 prev_prio=120 prev_state=S ==> next_comm=sh next_pid=7093 next_prio=120
           <...>-7093  [000] ...3   391.763808: sched_switch: prev_comm=sh prev_pid=7093 prev_prio=120 prev_state=x ==> next_comm=sh next_pid=7094 next_prio=120
          traced-201   [001] ...2   391.763988: sched_switch: prev_comm=traced prev_pid=201 prev_prio=120 prev_state=R ==> next_comm=ple.kvbenchmark next_pid=3269 next_prio=120
           <...>-3269  [001] ...2   391.764034: sched_switch: prev_comm=ple.kvbenchmark prev_pid=3269 prev_prio=120 prev_state=S ==> next_comm=traced next_pid=201 next_prio=120
          traced-201   [001] ...2   391.765087: sched_switch: prev_comm=traced prev_pid=201 prev_prio=120 prev_state=R ==> next_comm=ple.kvbenchmark next_pid=3269 next_prio=120
           <...>-3269  [001] ...2   391.765134: sched_switch: prev_comm=ple.kvbenchmark prev_pid=3269 prev_prio=120 prev_state=S ==> next_comm=traced next_pid=201 next_prio=120
          traced-201   [001] ...2   391.766186: sched_switch: prev_comm=traced prev_pid=201 prev_prio=120 prev_state=R ==> next_comm=ple.kvbenchmark next_pid=3269 next_prio=120
           <...>-3269  [001] ...2   391.766237: sched_switch: prev_comm=ple.kvbenchmark prev_pid=3269 prev_prio=120 prev_state=S ==> next_comm=traced next_pid=201 next_prio=120
          traced-201   [001] ...2   391.767290: sched_switch: prev_comm=traced prev_pid=201 prev_prio=120 prev_state=R ==> next_comm=ple.kvbenchmark next_pid=3269 next_prio=120
           <...>-3269  [001] ...2   391.767336: sched_switch: prev_comm=ple.kvbenchmark prev_pid=3269 prev_prio=120 prev_state=S ==> next_comm=traced next_pid=201 next_prio=120
          traced-201   [001] ...2   391.768389: sched_switch: prev_comm=traced prev_pid=201 prev_prio=120 prev_state=R ==> next_comm=ple.kvbenchmark next_pid=3269 next_prio=120
           <...>-3269  [001] ...2   391.768435: sched_switch: prev_comm=ple.kvbenchmark prev_pid=3269 prev_prio=120 prev_state=S ==> next_comm=traced next_pid=201 next_prio=120
          traced-201   [001] ...2   391.769487: sched_switch: prev_comm=traced prev_pid=201 prev_prio=120 prev_state=R ==> next_comm=ple.kvbenchmark next_pid=3269 next_prio=120
           <...>-3269  [001] ...2   391.769557: sched_switch: prev_comm=ple.kvbenchmark prev_pid=3269 prev_prio=120 prev_state=S ==> next_comm=traced next_pid=201 next_prio=120
          traced-201   [001] ...2   391.770608: sched_switch: prev_comm=traced prev_pid=201 prev_prio=120 prev_state=R ==> next_comm=ple.kvbenchmark next_pid=3269 next_prio=120
           <...>-3269  [001] ...2   391.770654: sched_switch: prev_comm=ple.kvbenchmark prev_pid=3269 prev_prio=120 prev_state=S ==> next_comm=traced next_pid=201 next_prio=120
          traced-201   [001] ...2   391.771706: sched_switch: prev_comm=traced prev_pid=201 prev_prio=120 prev_state=R ==> next_comm=ple.kvbenchmark next_pid=3269 next_prio=120
           <...>-3269  [001] ...2   391.771752: sched_switch: prev_comm=ple.kvbenchmark prev_pid=3269 prev_prio=120 prev_state=S ==> next_comm=traced next_pid=201 next_prio=120
          traced-201   [001] ...2   391.772804: sched_switch: prev_comm=traced prev_pid=201 prev_prio=120 prev_state=R ==> next_comm=ple.kvbenchmark next_pid=3269 next_prio=120
           <...>-3269  [001] ...2   391.772851: sched_switch: prev_comm=ple.kvbenchmark prev_pid=3269 prev_prio=120 prev_state=S ==> next_comm=traced next_pid=201 next_prio=120
          traced-201   [001] ...2   391.773904: sched_switch: prev_comm=traced prev_pid=201 prev_prio=120 prev_state=R ==> next_comm=ple.kvbenchmark next_pid=3269 next_prio=120
           <...>-3269  [001] ...2   391.773951: sched_switch: prev_comm=ple.kvbenchmark prev_pid=3269 prev_prio=120 prev_state=S ==> next_comm=traced next_pid=201 next_prio=120
           <...>-7094  [000] ...2   391.774798: sched_switch: prev_comm=grep prev_pid=7094 prev_prio=120 prev_state=R ==> next_comm=android.musicf next_pid=3168 next_prio=120
  android.musicf-3168  [000] ...2   391.774831: sched_switch: prev_comm=android.musicf prev_pid=3168 prev_prio=120 prev_state=S ==> next_comm=droid.apps.map next_pid=1760 next_prio=120
  droid.apps.map-1760  [000] ...2   391.774860: sched_switch: prev_comm=droid.apps.map prev_pid=1760 prev_prio=120 prev_state=S ==> next_comm=nelab.conducto next_pid=2642 next_prio=120
  nelab.conducto-2642  [000] ...2   391.774886: sched_switch: prev_comm=nelab.conducto prev_pid=2642 prev_prio=120 prev_state=S ==> next_comm=grep next_pid=7094 next_prio=120
          traced-201   [001] ...2   391.775003: sched_switch: prev_comm=traced prev_pid=201 prev_prio=120 prev_state=R ==> next_comm=ple.kvbenchmark next_pid=3269 next_prio=120
           <...>-3269  [001] ...2   391.775052: sched_switch: prev_comm=ple.kvbenchmark prev_pid=3269 prev_prio=120 prev_state=S ==> next_comm=traced next_pid=201 next_prio=120
          traced-201   [001] ...2   391.776105: sched_switch: prev_comm=traced prev_pid=201 prev_prio=120 prev_state=R ==> next_comm=ple.kvbenchmark next_pid=3269 next_prio=120
           <...>-3269  [001] ...2   391.776152: sched_switch: prev_comm=ple.kvbenchmark prev_pid=3269 prev_prio=120 prev_state=S ==> next_comm=traced next_pid=201 next_prio=120
          traced-201   [001] ...2   391.777205: sched_switch: prev_comm=traced prev_pid=201 prev_prio=120 prev_state=R ==> next_comm=ple.kvbenchmark next_pid=3269 next_prio=120
           <...>-3269  [001] ...2   391.777250: sched_switch: prev_comm=ple.kvbenchmark prev_pid=3269 prev_prio=120 prev_state=S ==> next_comm=traced next_pid=201 next_prio=120
          traced-201   [001] ...2   391.778303: sched_switch: prev_comm=traced prev_pid=201 prev_prio=120 prev_state=R ==> next_comm=ple.kvbenchmark next_pid=3269 next_prio=120
           <...>-3269  [001] ...2   391.778348: sched_switch: prev_comm=ple.kvbenchmark prev_pid=3269 prev_prio=120 prev_state=S ==> next_comm=traced next_pid=201 next_prio=120
          traced-201   [001] ...2   391.779401: sched_switch: prev_comm=traced prev_pid=201 prev_prio=120 prev_state=R ==> next_comm=ple.kvbenchmark next_pid=3269 next_prio=120
           <...>-3269  [001] ...2   391.779451: sched_switch: prev_comm=ple.kvbenchmark prev_pid=3269 prev_prio=120 prev_state=S ==> next_comm=traced next_pid=201 next_prio=120
          traced-201   [001] ...2   391.780505: sched_switch: prev_comm=traced prev_pid=201 prev_prio=120 prev_state=R ==> next_comm=ple.kvbenchmark next_pid=3269 next_prio=120
           <...>-3269  [001] ...2   391.780558: sched_switch: prev_comm=ple.kvbenchmark prev_pid=3269 prev_prio=120 prev_state=S ==> next_comm=traced next_pid=201 next_prio=120
          traced-201   [001] ...2   391.781611: sched_switch: prev_comm=traced prev_pid=201 prev_prio=120 prev_state=R ==> next_comm=ple.kvbenchmark next_pid=3269 next_prio=120
           <...>-3269  [001] ...2   391.781657: sched_switch: prev_comm=ple.kvbenchmark prev_pid=3269 prev_prio=120 prev_state=S ==> next_comm=traced next_pid=201 next_prio=120
           <...>-7094  [000] ...2   391.782097: sched_switch: prev_comm=grep prev_pid=7094 prev_prio=120 prev_state=R+ ==> next_comm=sh next_pid=7091 next_prio=120
          traced-201   [001] ...2   391.782710: sched_switch: prev_comm=traced prev_pid=201 prev_prio=120 prev_state=R ==> next_comm=ple.kvbenchmark next_pid=3269 next_prio=120
           <...>-3269  [001] ...2   391.782761: sched_switch: prev_comm=ple.kvbenchmark prev_pid=3269 prev_prio=120 prev_state=S ==> next_comm=traced next_pid=201 next_prio=120
           <...>-7091  [000] ...3   391.783305: sched_switch: prev_comm=sh prev_pid=7091 prev_prio=120 prev_state=x ==> next_comm=adbd next_pid=1849 next_prio=120
            adbd-1849  [000] ...2   391.783733: sched_switch: prev_comm=adbd prev_pid=1849 prev_prio=120 prev_state=S ==> next_comm=adbd next_pid=7092 next_prio=120
          traced-201   [001] ...2   391.783814: sched_switch: prev_comm=traced prev_pid=201 prev_prio=120 prev_state=R ==> next_comm=ple.kvbenchmark next_pid=3269 next_prio=120
           <...>-3269  [001] ...2   391.783864: sched_switch: prev_comm=ple.kvbenchmark prev_pid=3269 prev_prio=120 prev_state=S ==> next_comm=traced next_pid=201 next_prio=120
           <...>-7092  [000] ...3   391.783888: sched_switch: prev_comm=adbd prev_pid=7092 prev_prio=120 prev_state=x ==> next_comm=adbd next_pid=3126 next_prio=120
            adbd-3126  [000] ...2   391.783978: sched_switch: prev_comm=adbd prev_pid=3126 prev_prio=120 prev_state=S ==> next_comm=kworker/0:1 next_pid=15 next_prio=120
     kworker/0:1-15    [000] ...2   391.783995: sched_switch: prev_comm=kworker/0:1 prev_pid=15 prev_prio=120 prev_state=S ==> next_comm=adbd next_pid=1849 next_prio=120
            adbd-1849  [000] ...2   391.784245: sched_switch: prev_comm=adbd prev_pid=1849 prev_prio=120 prev_state=S ==> next_comm=grep next_pid=7094 next_prio=120
           <...>-7094  [000] ...2   391.784254: sched_switch: prev_comm=grep prev_pid=7094 prev_prio=120 prev_state=R+ ==> next_comm=adbd next_pid=3127 next_prio=120
            adbd-3127  [000] ...2   391.784314: sched_switch: prev_comm=adbd prev_pid=3127 prev_prio=120 prev_state=S ==> next_comm=adbd next_pid=1849 next_prio=120
            adbd-1849  [000] ...2   391.784531: sched_switch: prev_comm=adbd prev_pid=1849 prev_prio=120 prev_state=S ==> next_comm=adbd next_pid=3126 next_prio=120
            adbd-3126  [000] ...2   391.784541: sched_switch: prev_comm=adbd prev_pid=3126 prev_prio=120 prev_state=S ==> next_comm=grep next_pid=7094 next_prio=120
           <...>-7094  [000] ...3   391.784558: sched_switch: prev_comm=grep prev_pid=7094 prev_prio=120 prev_state=x ==> next_comm=swapper/0 next_pid=0 next_prio=120
          <idle>-0     [000] ...2   391.784582: sched_switch: prev_comm=swapper/0 prev_pid=0 prev_prio=120 prev_state=R ==> next_comm=ksoftirqd/0 next_pid=3 next_prio=120
     ksoftirqd/0-3     [000] ...2   391.784601: sched_switch: prev_comm=ksoftirqd/0 prev_pid=3 prev_prio=120 prev_state=S ==> next_comm=swapper/0 next_pid=0 next_prio=120
          <idle>-0     [000] ...2   391.784619: sched_switch: prev_comm=swapper/0 prev_pid=0 prev_prio=120 prev_state=R ==> next_comm=ksoftirqd/0 next_pid=3 next_prio=120
     ksoftirqd/0-3     [000] ...2   391.784633: sched_switch: prev_comm=ksoftirqd/0 prev_pid=3 prev_prio=120 prev_state=S ==> next_comm=swapper/0 next_pid=0 next_prio=120
          <idle>-0     [000] ...2   391.784651: sched_switch: prev_comm=swapper/0 prev_pid=0 prev_prio=120 prev_state=R ==> next_comm=ksoftirqd/0 next_pid=3 next_prio=120
     ksoftirqd/0-3     [000] ...2   391.784661: sched_switch: prev_comm=ksoftirqd/0 prev_pid=3 prev_prio=120 prev_state=S ==> next_comm=swapper/0 next_pid=0 next_prio=120
          <idle>-0     [000] ...2   391.784806: sched_switch: prev_comm=swapper/0 prev_pid=0 prev_prio=120 prev_state=R ==> next_comm=kworker/u:0 next_pid=6 next_prio=120
     kworker/u:0-6     [000] ...2   391.784829: sched_switch: prev_comm=kworker/u:0 prev_pid=6 prev_prio=120 prev_state=S ==> next_comm=kworker/0:1 next_pid=15 next_prio=120
     kworker/0:1-15    [000] ...1   391.784838: thermal_temp: sensor_id=5 temp=59
     kworker/0:1-15    [000] ...2   391.784899: sched_switch: prev_comm=kworker/0:1 prev_pid=15 prev_prio=120 prev_state=S ==> next_comm=mpdecision next_pid=1789 next_prio=113
          traced-201   [001] ...2   391.784916: sched_switch: prev_comm=traced prev_pid=201 prev_prio=120 prev_state=R ==> next_comm=ple.kvbenchmark next_pid=3269 next_prio=120
           <...>-3269  [001] ...2   391.784964: sched_switch: prev_comm=ple.kvbenchmark prev_pid=3269 prev_prio=120 prev_state=S ==> next_comm=traced next_pid=201 next_prio=120
      mpdecision-1789  [000] ...2   391.785297: sched_switch: prev_comm=mpdecision prev_pid=1789 prev_prio=113 prev_state=S ==> next_comm=ksoftirqd/0 next_pid=3 next_prio=120
     ksoftirqd/0-3     [000] ...2   391.785309: sched_switch: prev_comm=ksoftirqd/0 prev_pid=3 prev_prio=120 prev_state=S ==> next_comm=swapper/0 next_pid=0 next_prio=120
          <idle>-0     [000] ...2   391.785339: sched_switch: prev_comm=swapper/0 prev_pid=0 prev_prio=120 prev_state=R ==> next_comm=ksoftirqd/0 next_pid=3 next_prio=120
     ksoftirqd/0-3     [000] ...2   391.785350: sched_switch: prev_comm=ksoftirqd/0 prev_pid=3 prev_prio=120 prev_state=S ==> next_comm=swapper/0 next_pid=0 next_prio=120
          <idle>-0     [000] ...2   391.785374: sched_switch: prev_comm=swapper/0 prev_pid=0 prev_prio=120 prev_state=R ==> next_comm=ksoftirqd/0 next_pid=3 next_prio=120
     ksoftirqd/0-3     [000] ...2   391.785384: sched_switch: prev_comm=ksoftirqd/0 prev_pid=3 prev_prio=120 prev_state=S ==> next_comm=swapper/0 next_pid=0 next_prio=120
          traced-201   [001] ...2   391.786016: sched_switch: prev_comm=traced prev_pid=201 prev_prio=120 prev_state=R ==> next_comm=ple.kvbenchmark next_pid=3269 next_prio=120
           <...>-3269  [001] ...2   391.786064: sched_switch: prev_comm=ple.kvbenchmark prev_pid=3269 prev_prio=120 prev_state=S ==> next_comm=traced next_pid=201 next_prio=120
          traced-201   [001] ...2   391.787115: sched_switch: prev_comm=traced prev_pid=201 prev_prio=120 prev_state=R ==> next_comm=ple.kvbenchmark next_pid=3269 next_prio=120
           <...>-3269  [001] ...2   391.787159: sched_switch: prev_comm=ple.kvbenchmark prev_pid=3269 prev_prio=120 prev_state=S ==> next_comm=traced next_pid=201 next_prio=120
          traced-201   [001] ...2   391.788210: sched_switch: prev_comm=traced prev_pid=201 prev_prio=120 prev_state=R ==> next_comm=ple.kvbenchmark next_pid=3269 next_prio=120
           <...>-3269  [001] ...2   391.788255: sched_switch: prev_comm=ple.kvbenchmark prev_pid=3269 prev_prio=120 prev_state=S ==> next_comm=traced next_pid=201 next_prio=120
          traced-201   [001] ...2   391.789306: sched_switch: prev_comm=traced prev_pid=201 prev_prio=120 prev_state=R ==> next_comm=ple.kvbenchmark next_pid=3269 next_prio=120
           <...>-3269  [001] ...2   391.789351: sched_switch: prev_comm=ple.kvbenchmark prev_pid=3269 prev_prio=120 prev_state=S ==> next_comm=traced next_pid=201 next_prio=120
          traced-201   [001] ...2   391.790402: sched_switch: prev_comm=traced prev_pid=201 prev_prio=120 prev_state=R ==> next_comm=ple.kvbenchmark next_pid=3269 next_prio=120
           <...>-3269  [001] ...2   391.790448: sched_switch: prev_comm=ple.kvbenchmark prev_pid=3269 prev_prio=120 prev_state=S ==> next_comm=traced next_pid=201 next_prio=120
          traced-201   [001] ...2   391.791499: sched_switch: prev_comm=traced prev_pid=201 prev_prio=120 prev_state=R ==> next_comm=ple.kvbenchmark next_pid=3269 next_prio=120
           <...>-3269  [001] ...2   391.791546: sched_switch: prev_comm=ple.kvbenchmark prev_pid=3269 prev_prio=120 prev_state=S ==> next_comm=traced next_pid=201 next_prio=120
          traced-201   [001] ...2   391.792597: sched_switch: prev_comm=traced prev_pid=201 prev_prio=120 prev_state=R ==> next_comm=ple.kvbenchmark next_pid=3269 next_prio=120
           <...>-3269  [001] ...2   391.792643: sched_switch: prev_comm=ple.kvbenchmark prev_pid=3269 prev_prio=120 prev_state=S ==> next_comm=traced next_pid=201 next_prio=120
          traced-201   [001] ...2   391.793694: sched_switch: prev_comm=traced prev_pid=201 prev_prio=120 prev_state=R ==> next_comm=ple.kvbenchmark next_pid=3269 next_prio=120
           <...>-3269  [001] ...2   391.793738: sched_switch: prev_comm=ple.kvbenchmark prev_pid=3269 prev_prio=120 prev_state=S ==> next_comm=traced next_pid=201 next_prio=120
          traced-201   [001] ...2   391.794778: sched_switch: prev_comm=traced prev_pid=201 prev_prio=120 prev_state=R ==> next_comm=ple.kvbenchmark next_pid=3269 next_prio=120
           <...>-3269  [001] ...2   391.794825: sched_switch: prev_comm=ple.kvbenchmark prev_pid=3269 prev_prio=120 prev_state=S ==> next_comm=traced next_pid=201 next_prio=120
          traced-201   [001] ...2   391.795876: sched_switch: prev_comm=traced prev_pid=201 prev_prio=120 prev_state=R ==> next_comm=ple.kvbenchmark next_pid=3269 next_prio=120
           <...>-3269  [001] ...2   391.795921: sched_switch: prev_comm=ple.kvbenchmark prev_pid=3269 prev_prio=120 prev_state=S ==> next_comm=traced next_pid=201 next_prio=120
          traced-201   [001] ...2   391.796972: sched_switch: prev_comm=traced prev_pid=201 prev_prio=120 prev_state=R ==> next_comm=ple.kvbenchmark next_pid=3269 next_prio=120
           <...>-3269  [001] ...2   391.797019: sched_switch: prev_comm=ple.kvbenchmark prev_pid=3269 prev_prio=120 prev_state=S ==> next_comm=traced next_pid=201 next_prio=120
          traced-201   [001] ...2   391.798070: sched_switch: prev_comm=traced prev_pid=201 prev_prio=120 prev_state=R ==> next_comm=ple.kvbenchmark next_pid=3269 next_prio=120
           <...>-3269  [001] ...2   391.798116: sched_switch: prev_comm=ple.kvbenchmark prev_pid=3269 prev_prio=120 prev_state=S ==> next_comm=traced next_pid=201 next_prio=120
          traced-201   [001] ...2   391.799168: sched_switch: prev_comm=traced prev_pid=201 prev_prio=120 prev_state=R ==> next_comm=ple.kvbenchmark next_pid=3269 next_prio=120
           <...>-3269  [001] ...2   391.799212: sched_switch: prev_comm=ple.kvbenchmark prev_pid=3269 prev_prio=120 prev_state=S ==> next_comm=traced next_pid=201 next_prio=120
          traced-201   [001] ...2   391.800264: sched_switch: prev_comm=traced prev_pid=201 prev_prio=120 prev_state=R ==> next_comm=ple.kvbenchmark next_pid=3269 next_prio=120
           <...>-3269  [001] ...2   391.800309: sched_switch: prev_comm=ple.kvbenchmark prev_pid=3269 prev_prio=120 prev_state=S ==> next_comm=traced next_pid=201 next_prio=120
          traced-201   [001] ...2   391.801360: sched_switch: prev_comm=traced prev_pid=201 prev_prio=120 prev_state=R ==> next_comm=ple.kvbenchmark next_pid=3269 next_prio=120
           <...>-3269  [001] ...2   391.801405: sched_switch: prev_comm=ple.kvbenchmark prev_pid=3269 prev_prio=120 prev_state=S ==> next_comm=traced next_pid=201 next_prio=120
          traced-201   [001] ...2   391.802457: sched_switch: prev_comm=traced prev_pid=201 prev_prio=120 prev_state=R ==> next_comm=ple.kvbenchmark next_pid=3269 next_prio=120
           <...>-3269  [001] ...2   391.802507: sched_switch: prev_comm=ple.kvbenchmark prev_pid=3269 prev_prio=120 prev_state=S ==> next_comm=traced next_pid=201 next_prio=120
          traced-201   [001] ...2   391.803558: sched_switch: prev_comm=traced prev_pid=201 prev_prio=120 prev_state=R ==> next_comm=ple.kvbenchmark next_pid=3269 next_prio=120
           <...>-3269  [001] ...2   391.803603: sched_switch: prev_comm=ple.kvbenchmark prev_pid=3269 prev_prio=120 prev_state=S ==> next_comm=traced next_pid=201 next_prio=120
          traced-201   [001] ...2   391.804655: sched_switch: prev_comm=traced prev_pid=201 prev_prio=120 prev_state=R ==> next_comm=ple.kvbenchmark next_pid=3269 next_prio=120
           <...>-3269  [001] ...2   391.804699: sched_switch: prev_comm=ple.kvbenchmark prev_pid=3269 prev_prio=120 prev_state=S ==> next_comm=traced next_pid=201 next_prio=120
          traced-201   [001] ...2   391.805751: sched_switch: prev_comm=traced prev_pid=201 prev_prio=120 prev_state=R ==> next_comm=ple.kvbenchmark next_pid=3269 next_prio=120
           <...>-3269  [001] ...2   391.805796: sched_switch: prev_comm=ple.kvbenchmark prev_pid=3269 prev_prio=120 prev_state=S ==> next_comm=traced next_pid=201 next_prio=120
          traced-201   [001] ...2   391.806848: sched_switch: prev_comm=traced prev_pid=201 prev_prio=120 prev_state=R ==> next_comm=ple.kvbenchmark next_pid=3269 next_prio=120
           <...>-3269  [001] ...2   391.806893: sched_switch: prev_comm=ple.kvbenchmark prev_pid=3269 prev_prio=120 prev_state=S ==> next_comm=traced next_pid=201 next_prio=120
          traced-201   [001] ...2   391.807944: sched_switch: prev_comm=traced prev_pid=201 prev_prio=120 prev_state=R ==> next_comm=ple.kvbenchmark next_pid=3269 next_prio=120
           <...>-3269  [001] ...2   391.807990: sched_switch: prev_comm=ple.kvbenchmark prev_pid=3269 prev_prio=120 prev_state=S ==> next_comm=traced next_pid=201 next_prio=120
          traced-201   [001] ...2   391.809041: sched_switch: prev_comm=traced prev_pid=201 prev_prio=120 prev_state=R ==> next_comm=ple.kvbenchmark next_pid=3269 next_prio=120
           <...>-3269  [001] ...2   391.809086: sched_switch: prev_comm=ple.kvbenchmark prev_pid=3269 prev_prio=120 prev_state=S ==> next_comm=traced next_pid=201 next_prio=120
          traced-201   [001] ...2   391.810137: sched_switch: prev_comm=traced prev_pid=201 prev_prio=120 prev_state=R ==> next_comm=ple.kvbenchmark next_pid=3269 next_prio=120
           <...>-3269  [001] ...2   391.810183: sched_switch: prev_comm=ple.kvbenchmark prev_pid=3269 prev_prio=120 prev_state=S ==> next_comm=traced next_pid=201 next_prio=120
          traced-201   [001] ...2   391.811234: sched_switch: prev_comm=traced prev_pid=201 prev_prio=120 prev_state=R ==> next_comm=ple.kvbenchmark next_pid=3269 next_prio=120
           <...>-3269  [001] ...2   391.811279: sched_switch: prev_comm=ple.kvbenchmark prev_pid=3269 prev_prio=120 prev_state=S ==> next_comm=traced next_pid=201 next_prio=120
          traced-201   [001] ...2   391.812331: sched_switch: prev_comm=traced prev_pid=201 prev_prio=120 prev_state=R ==> next_comm=ple.kvbenchmark next_pid=3269 next_prio=120
           <...>-3269  [001] ...2   391.812377: sched_switch: prev_comm=ple.kvbenchmark prev_pid=3269 prev_prio=120 prev_state=S ==> next_comm=traced next_pid=201 next_prio=120
          traced-201   [001] ...2   391.813429: sched_switch: prev_comm=traced prev_pid=201 prev_prio=120 prev_state=R ==> next_comm=ple.kvbenchmark next_pid=3269 next_prio=120
           <...>-3269  [001] ...2   391.813476: sched_switch: prev_comm=ple.kvbenchmark prev_pid=3269 prev_prio=120 prev_state=S ==> next_comm=traced next_pid=201 next_prio=120
          traced-201   [001] ...2   391.814527: sched_switch: prev_comm=traced prev_pid=201 prev_prio=120 prev_state=R ==> next_comm=ple.kvbenchmark next_pid=3269 next_prio=120
           <...>-3269  [001] ...2   391.814572: sched_switch: prev_comm=ple.kvbenchmark prev_pid=3269 prev_prio=120 prev_state=S ==> next_comm=traced next_pid=201 next_prio=120
          traced-201   [001] ...2   391.815624: sched_switch: prev_comm=traced prev_pid=201 prev_prio=120 prev_state=R ==> next_comm=ple.kvbenchmark next_pid=3269 next_prio=120
           <...>-3269  [001] ...2   391.815669: sched_switch: prev_comm=ple.kvbenchmark prev_pid=3269 prev_prio=120 prev_state=S ==> next_comm=traced next_pid=201 next_prio=120
          traced-201   [001] ...2   391.816720: sched_switch: prev_comm=traced prev_pid=201 prev_prio=120 prev_state=R ==> next_comm=ple.kvbenchmark next_pid=3269 next_prio=120
           <...>-3269  [001] ...2   391.816766: sched_switch: prev_comm=ple.kvbenchmark prev_pid=3269 prev_prio=120 prev_state=S ==> next_comm=traced next_pid=201 next_prio=120
          traced-201   [001] ...2   391.817818: sched_switch: prev_comm=traced prev_pid=201 prev_prio=120 prev_state=R ==> next_comm=ple.kvbenchmark next_pid=3269 next_prio=120
           <...>-3269  [001] ...2   391.817862: sched_switch: prev_comm=ple.kvbenchmark prev_pid=3269 prev_prio=120 prev_state=S ==> next_comm=traced next_pid=201 next_prio=120
          traced-201   [001] ...2   391.818914: sched_switch: prev_comm=traced prev_pid=201 prev_prio=120 prev_state=R ==> next_comm=ple.kvbenchmark next_pid=3269 next_prio=120
           <...>-3269  [001] ...2   391.818959: sched_switch: prev_comm=ple.kvbenchmark prev_pid=3269 prev_prio=120 prev_state=S ==> next_comm=traced next_pid=201 next_prio=120
          traced-201   [001] ...2   391.820011: sched_switch: prev_comm=traced prev_pid=201 prev_prio=120 prev_state=R ==> next_comm=ple.kvbenchmark next_pid=3269 next_prio=120
           <...>-3269  [001] ...2   391.820053: sched_switch: prev_comm=ple.kvbenchmark prev_pid=3269 prev_prio=120 prev_state=S ==> next_comm=traced next_pid=201 next_prio=120
          traced-201   [001] ...2   391.821105: sched_switch: prev_comm=traced prev_pid=201 prev_prio=120 prev_state=R ==> next_comm=ple.kvbenchmark next_pid=3269 next_prio=120
           <...>-3269  [001] ...2   391.821151: sched_switch: prev_comm=ple.kvbenchmark prev_pid=3269 prev_prio=120 prev_state=S ==> next_comm=traced next_pid=201 next_prio=120
          traced-201   [001] ...2   391.822202: sched_switch: prev_comm=traced prev_pid=201 prev_prio=120 prev_state=R ==> next_comm=ple.kvbenchmark next_pid=3269 next_prio=120
           <...>-3269  [001] ...2   391.822265: sched_switch: prev_comm=ple.kvbenchmark prev_pid=3269 prev_prio=120 prev_state=S ==> next_comm=traced next_pid=201 next_prio=120
          traced-201   [001] ...2   391.823316: sched_switch: prev_comm=traced prev_pid=201 prev_prio=120 prev_state=R ==> next_comm=ple.kvbenchmark next_pid=3269 next_prio=120
           <...>-3269  [001] ...2   391.823362: sched_switch: prev_comm=ple.kvbenchmark prev_pid=3269 prev_prio=120 prev_state=S ==> next_comm=traced next_pid=201 next_prio=120
          traced-201   [001] ...2   391.824413: sched_switch: prev_comm=traced prev_pid=201 prev_prio=120 prev_state=R ==> next_comm=ple.kvbenchmark next_pid=3269 next_prio=120
           <...>-3269  [001] ...2   391.824458: sched_switch: prev_comm=ple.kvbenchmark prev_pid=3269 prev_prio=120 prev_state=S ==> next_comm=traced next_pid=201 next_prio=120
          traced-201   [001] ...2   391.825510: sched_switch: prev_comm=traced prev_pid=201 prev_prio=120 prev_state=R ==> next_comm=ple.kvbenchmark next_pid=3269 next_prio=120
           <...>-3269  [001] ...2   391.825557: sched_switch: prev_comm=ple.kvbenchmark prev_pid=3269 prev_prio=120 prev_state=S ==> next_comm=traced next_pid=201 next_prio=120
          traced-201   [001] ...2   391.826608: sched_switch: prev_comm=traced prev_pid=201 prev_prio=120 prev_state=R ==> next_comm=ple.kvbenchmark next_pid=3269 next_prio=120
           <...>-3269  [001] ...2   391.826662: sched_switch: prev_comm=ple.kvbenchmark prev_pid=3269 prev_prio=120 prev_state=S ==> next_comm=traced next_pid=201 next_prio=120
          traced-201   [001] ...2   391.827714: sched_switch: prev_comm=traced prev_pid=201 prev_prio=120 prev_state=R ==> next_comm=ple.kvbenchmark next_pid=3269 next_prio=120
           <...>-3269  [001] ...2   391.827759: sched_switch: prev_comm=ple.kvbenchmark prev_pid=3269 prev_prio=120 prev_state=S ==> next_comm=traced next_pid=201 next_prio=120
          traced-201   [001] ...2   391.828810: sched_switch: prev_comm=traced prev_pid=201 prev_prio=120 prev_state=R ==> next_comm=ple.kvbenchmark next_pid=3269 next_prio=120
           <...>-3269  [001] ...2   391.828858: sched_switch: prev_comm=ple.kvbenchmark prev_pid=3269 prev_prio=120 prev_state=S ==> next_comm=traced next_pid=201 next_prio=120
          traced-201   [001] ...2   391.829908: sched_switch: prev_comm=traced prev_pid=201 prev_prio=120 prev_state=R ==> next_comm=ple.kvbenchmark next_pid=3269 next_prio=120
           <...>-3269  [001] ...2   391.829953: sched_switch: prev_comm=ple.kvbenchmark prev_pid=3269 prev_prio=120 prev_state=S ==> next_comm=traced next_pid=201 next_prio=120
          traced-201   [001] ...2   391.831004: sched_switch: prev_comm=traced prev_pid=201 prev_prio=120 prev_state=R ==> next_comm=ple.kvbenchmark next_pid=3269 next_prio=120
           <...>-3269  [001] ...2   391.831047: sched_switch: prev_comm=ple.kvbenchmark prev_pid=3269 prev_prio=120 prev_state=S ==> next_comm=traced next_pid=201 next_prio=120
          traced-201   [001] ...2   391.832099: sched_switch: prev_comm=traced prev_pid=201 prev_prio=120 prev_state=R ==> next_comm=ple.kvbenchmark next_pid=3269 next_prio=120
           <...>-3269  [001] ...2   391.832144: sched_switch: prev_comm=ple.kvbenchmark prev_pid=3269 prev_prio=120 prev_state=S ==> next_comm=traced next_pid=201 next_prio=120
          traced-201   [001] ...2   391.833195: sched_switch: prev_comm=traced prev_pid=201 prev_prio=120 prev_state=R ==> next_comm=ple.kvbenchmark next_pid=3269 next_prio=120
           <...>-3269  [001] ...2   391.833240: sched_switch: prev_comm=ple.kvbenchmark prev_pid=3269 prev_prio=120 prev_state=S ==> next_comm=traced next_pid=201 next_prio=120
          traced-201   [001] ...2   391.834292: sched_switch: prev_comm=traced prev_pid=201 prev_prio=120 prev_state=R ==> next_comm=ple.kvbenchmark next_pid=3269 next_prio=120
           <...>-3269  [001] ...2   391.834337: sched_switch: prev_comm=ple.kvbenchmark prev_pid=3269 prev_prio=120 prev_state=S ==> next_comm=traced next_pid=201 next_prio=120
          <idle>-0     [000] ...2   391.834783: sched_switch: prev_comm=swapper/0 prev_pid=0 prev_prio=120 prev_state=R ==> next_comm=kworker/u:0 next_pid=6 next_prio=120
     kworker/u:0-6     [000] ...2   391.834803: sched_switch: prev_comm=kworker/u:0 prev_pid=6 prev_prio=120 prev_state=S ==> next_comm=mpdecision next_pid=1789 next_prio=113
      mpdecision-1789  [000] ...2   391.835153: sched_switch: prev_comm=mpdecision prev_pid=1789 prev_prio=113 prev_state=S ==> next_comm=swapper/0 next_pid=0 next_prio=120
          <idle>-0     [000] ...2   391.835177: sched_switch: prev_comm=swapper/0 prev_pid=0 prev_prio=120 prev_state=R ==> next_comm=ksoftirqd/0 next_pid=3 next_prio=120
     ksoftirqd/0-3     [000] ...2   391.835265: sched_switch: prev_comm=ksoftirqd/0 prev_pid=3 prev_prio=120 prev_state=S ==> next_comm=swapper/0 next_pid=0 next_prio=120
          <idle>-0     [000] ...2   391.835290: sched_switch: prev_comm=swapper/0 prev_pid=0 prev_prio=120 prev_state=R ==> next_comm=ksoftirqd/0 next_pid=3 next_prio=120
     ksoftirqd/0-3     [000] ...2   391.835304: sched_switch: prev_comm=ksoftirqd/0 prev_pid=3 prev_prio=120 prev_state=S ==> next_comm=swapper/0 next_pid=0 next_prio=120
          <idle>-0     [000] ...2   391.835327: sched_switch: prev_comm=swapper/0 prev_pid=0 prev_prio=120 prev_state=R ==> next_comm=ksoftirqd/0 next_pid=3 next_prio=120
     ksoftirqd/0-3     [000] ...2   391.835340: sched_switch: prev_comm=ksoftirqd/0 prev_pid=3 prev_prio=120 prev_state=S ==> next_comm=swapper/0 next_pid=0 next_prio=120
          traced-201   [001] ...2   391.835388: sched_switch: prev_comm=traced prev_pid=201 prev_prio=120 prev_state=R ==> next_comm=ple.kvbenchmark next_pid=3269 next_prio=120
           <...>-3269  [001] ...2   391.835436: sched_switch: prev_comm=ple.kvbenchmark prev_pid=3269 prev_prio=120 prev_state=S ==> next_comm=traced next_pid=201 next_prio=120
          traced-201   [001] ...2   391.836488: sched_switch: prev_comm=traced prev_pid=201 prev_prio=120 prev_state=R ==> next_comm=ple.kvbenchmark next_pid=3269 next_prio=120
           <...>-3269  [001] ...2   391.836530: sched_switch: prev_comm=ple.kvbenchmark prev_pid=3269 prev_prio=120 prev_state=S ==> next_comm=traced next_pid=201 next_prio=120
          traced-201   [001] ...2   391.837582: sched_switch: prev_comm=traced prev_pid=201 prev_prio=120 prev_state=R ==> next_comm=ple.kvbenchmark next_pid=3269 next_prio=120
           <...>-3269  [001] ...2   391.837627: sched_switch: prev_comm=ple.kvbenchmark prev_pid=3269 prev_prio=120 prev_state=S ==> next_comm=traced next_pid=201 next_prio=120
          traced-201   [001] ...2   391.838678: sched_switch: prev_comm=traced prev_pid=201 prev_prio=120 prev_state=R ==> next_comm=ple.kvbenchmark next_pid=3269 next_prio=120
           <...>-3269  [001] ...2   391.838723: sched_switch: prev_comm=ple.kvbenchmark prev_pid=3269 prev_prio=120 prev_state=S ==> next_comm=traced next_pid=201 next_prio=120
          traced-201   [001] ...2   391.839774: sched_switch: prev_comm=traced prev_pid=201 prev_prio=120 prev_state=R ==> next_comm=ple.kvbenchmark next_pid=3269 next_prio=120
           <...>-3269  [001] ...2   391.839820: sched_switch: prev_comm=ple.kvbenchmark prev_pid=3269 prev_prio=120 prev_state=S ==> next_comm=traced next_pid=201 next_prio=120
          traced-201   [001] ...2   391.840871: sched_switch: prev_comm=traced prev_pid=201 prev_prio=120 prev_state=R ==> next_comm=ple.kvbenchmark next_pid=3269 next_prio=120
           <...>-3269  [001] ...2   391.840917: sched_switch: prev_comm=ple.kvbenchmark prev_pid=3269 prev_prio=120 prev_state=S ==> next_comm=traced next_pid=201 next_prio=120
          traced-201   [001] ...2   391.841968: sched_switch: prev_comm=traced prev_pid=201 prev_prio=120 prev_state=R ==> next_comm=ple.kvbenchmark next_pid=3269 next_prio=120
           <...>-3269  [001] ...2   391.842012: sched_switch: prev_comm=ple.kvbenchmark prev_pid=3269 prev_prio=120 prev_state=S ==> next_comm=traced next_pid=201 next_prio=120
          traced-201   [001] ...2   391.843063: sched_switch: prev_comm=traced prev_pid=201 prev_prio=120 prev_state=R ==> next_comm=ple.kvbenchmark next_pid=3269 next_prio=120
           <...>-3269  [001] ...2   391.843109: sched_switch: prev_comm=ple.kvbenchmark prev_pid=3269 prev_prio=120 prev_state=S ==> next_comm=traced next_pid=201 next_prio=120
          traced-201   [001] ...2   391.844160: sched_switch: prev_comm=traced prev_pid=201 prev_prio=120 prev_state=R ==> next_comm=ple.kvbenchmark next_pid=3269 next_prio=120
           <...>-3269  [001] ...2   391.844202: sched_switch: prev_comm=ple.kvbenchmark prev_pid=3269 prev_prio=120 prev_state=S ==> next_comm=traced next_pid=201 next_prio=120
          traced-201   [001] ...2   391.845254: sched_switch: prev_comm=traced prev_pid=201 prev_prio=120 prev_state=R ==> next_comm=ple.kvbenchmark next_pid=3269 next_prio=120
           <...>-3269  [001] ...2   391.845299: sched_switch: prev_comm=ple.kvbenchmark prev_pid=3269 prev_prio=120 prev_state=S ==> next_comm=traced next_pid=201 next_prio=120
          traced-201   [001] ...2   391.846351: sched_switch: prev_comm=traced prev_pid=201 prev_prio=120 prev_state=R ==> next_comm=ple.kvbenchmark next_pid=3269 next_prio=120
           <...>-3269  [001] ...2   391.846395: sched_switch: prev_comm=ple.kvbenchmark prev_pid=3269 prev_prio=120 prev_state=S ==> next_comm=traced next_pid=201 next_prio=120
          traced-201   [001] ...2   391.847446: sched_switch: prev_comm=traced prev_pid=201 prev_prio=120 prev_state=R ==> next_comm=ple.kvbenchmark next_pid=3269 next_prio=120
           <...>-3269  [001] ...2   391.847491: sched_switch: prev_comm=ple.kvbenchmark prev_pid=3269 prev_prio=120 prev_state=S ==> next_comm=traced next_pid=201 next_prio=120
          traced-201   [001] ...2   391.848543: sched_switch: prev_comm=traced prev_pid=201 prev_prio=120 prev_state=R ==> next_comm=ple.kvbenchmark next_pid=3269 next_prio=120
