           <...>-7025  [000] ...2   286.539213: sched_switch: prev_comm=sh prev_pid=7025 prev_prio=120 prev_state=R+ ==> next_comm=ple.kvbenchmark next_pid=4317 next_prio=120
           <...>-4317  [000] ...2   286.539487: sched_switch: prev_comm=ple.kvbenchmark prev_pid=4317 prev_prio=120 prev_state=S ==> next_comm=sh next_pid=7025 next_prio=120
          traced-201   [001] ...2   286.540191: sched_switch: prev_comm=traced prev_pid=201 prev_prio=120 prev_state=R ==> next_comm=sh next_pid=7028 next_prio=120
           <...>-7025  [000] ...2   286.540336: sched_switch: prev_comm=sh prev_pid=7025 prev_prio=120 prev_state=S ==> next_comm=sh next_pid=7027 next_prio=120
           <...>-7027  [000] ...2   286.540541: sched_switch: prev_comm=sh prev_pid=7027 prev_prio=120 prev_state=R+ ==> next_comm=ple.kvbenchmark next_pid=4317 next_prio=120
           <...>-4317  [000] ...2   286.540808: sched_switch: prev_comm=ple.kvbenchmark prev_pid=4317 prev_prio=120 prev_state=S ==> next_comm=sh next_pid=7027 next_prio=120
           <...>-7027  [000] ...2   286.541862: sched_switch: prev_comm=sh prev_pid=7027 prev_prio=120 prev_state=R+ ==> next_comm=ple.kvbenchmark next_pid=4317 next_prio=120
           <...>-7028  [001] ...2   286.542017: sched_switch: prev_comm=grep prev_pid=7028 prev_prio=120 prev_state=R+ ==> next_comm=kworker/1:0H next_pid=4160 next_prio=100
           <...>-4317  [000] ...2   286.542021: sched_switch: prev_comm=ple.kvbenchmark prev_pid=4317 prev_prio=120 prev_state=R ==> next_comm=kworker/0:1H next_pid=17 next_prio=100
    kworker/1:0H-4160  [001] ...2   286.542037: sched_switch: prev_comm=kworker/1:0H prev_pid=4160 prev_prio=100 prev_state=S ==> next_comm=grep next_pid=7028 next_prio=120
    kworker/0:1H-17    [000] ...2   286.542054: sched_switch: prev_comm=kworker/0:1H prev_pid=17 prev_prio=100 prev_state=D ==> next_comm=kworker/u:1 next_pid=21 next_prio=120
     kworker/u:1-21    [000] ...2   286.542079: sched_switch: prev_comm=kworker/u:1 prev_pid=21 prev_prio=120 prev_state=S ==> next_comm=kworker/0:3H next_pid=796 next_prio=100
           <...>-796   [000] ...1   286.542088: cpu_frequency_switch_start: start=960000 end=960000 cpu_id=0
           <...>-796   [000] ...1   286.542093: cpu_frequency_switch_end: cpu_id=0
           <...>-796   [000] ...1   286.542096: cpu_frequency: state=960000 cpu_id=0
           <...>-796   [000] ...2   286.542122: sched_switch: prev_comm=kworker/0:3H prev_pid=796 prev_prio=100 prev_state=S ==> next_comm=mpdecision next_pid=1747 next_prio=113
      mpdecision-1747  [000] ...2   286.542533: sched_switch: prev_comm=mpdecision prev_pid=1747 prev_prio=113 prev_state=S ==> next_comm=kworker/0:1H next_pid=17 next_prio=100
    kworker/0:1H-17    [000] ...2   286.542549: sched_switch: prev_comm=kworker/0:1H prev_pid=17 prev_prio=100 prev_state=S ==> next_comm=ple.kvbenchmark next_pid=4317 next_prio=120
           <...>-4317  [000] ...2   286.542736: sched_switch: prev_comm=ple.kvbenchmark prev_pid=4317 prev_prio=120 prev_state=S ==> next_comm=sh next_pid=7027 next_prio=120
           <...>-7027  [000] ...2   286.543796: sched_switch: prev_comm=sh prev_pid=7027 prev_prio=120 prev_state=R+ ==> next_comm=ple.kvbenchmark next_pid=4317 next_prio=120
           <...>-4317  [000] ...2   286.543886: sched_switch: prev_comm=ple.kvbenchmark prev_pid=4317 prev_prio=120 prev_state=S ==> next_comm=sh next_pid=7027 next_prio=120
           <...>-7027  [000] ...2   286.544218: sched_switch: prev_comm=sh prev_pid=7027 prev_prio=120 prev_state=R+ ==> next_comm=sh next_pid=7025 next_prio=120
           <...>-7025  [000] ...2   286.544309: sched_switch: prev_comm=sh prev_pid=7025 prev_prio=120 prev_state=S ==> next_comm=sh next_pid=7027 next_prio=120
           <...>-7027  [000] ...3   286.544335: sched_switch: prev_comm=sh prev_pid=7027 prev_prio=120 prev_state=x ==> next_comm=traced next_pid=201 next_prio=120
          traced-201   [000] ...2   286.544939: sched_switch: prev_comm=traced prev_pid=201 prev_prio=120 prev_state=R ==> next_comm=ple.kvbenchmark next_pid=4317 next_prio=120
           <...>-4317  [000] ...2   286.545028: sched_switch: prev_comm=ple.kvbenchmark prev_pid=4317 prev_prio=120 prev_state=S ==> next_comm=traced next_pid=201 next_prio=120
          traced-201   [000] ...2   286.546078: sched_switch: prev_comm=traced prev_pid=201 prev_prio=120 prev_state=R ==> next_comm=ple.kvbenchmark next_pid=4317 next_prio=120
           <...>-4317  [000] ...2   286.546320: sched_switch: prev_comm=ple.kvbenchmark prev_pid=4317 prev_prio=120 prev_state=S ==> next_comm=traced next_pid=201 next_prio=120
          traced-201   [000] ...2   286.547371: sched_switch: prev_comm=traced prev_pid=201 prev_prio=120 prev_state=R ==> next_comm=ple.kvbenchmark next_pid=4317 next_prio=120
           <...>-4317  [000] ...2   286.547624: sched_switch: prev_comm=ple.kvbenchmark prev_pid=4317 prev_prio=120 prev_state=S ==> next_comm=traced next_pid=201 next_prio=120
          traced-201   [000] ...2   286.548678: sched_switch: prev_comm=traced prev_pid=201 prev_prio=120 prev_state=R ==> next_comm=ple.kvbenchmark next_pid=4317 next_prio=120
           <...>-4317  [000] ...2   286.548916: sched_switch: prev_comm=ple.kvbenchmark prev_pid=4317 prev_prio=120 prev_state=S ==> next_comm=traced next_pid=201 next_prio=120
          traced-201   [000] ...2   286.549970: sched_switch: prev_comm=traced prev_pid=201 prev_prio=120 prev_state=R ==> next_comm=ple.kvbenchmark next_pid=4317 next_prio=120
           <...>-7028  [001] ...2   286.550090: sched_switch: prev_comm=grep prev_pid=7028 prev_prio=120 prev_state=R+ ==> next_comm=sh next_pid=7025 next_prio=120
           <...>-4317  [000] ...2   286.550221: sched_switch: prev_comm=ple.kvbenchmark prev_pid=4317 prev_prio=120 prev_state=S ==> next_comm=traced next_pid=201 next_prio=120
          traced-201   [000] ...2   286.550322: sched_switch: prev_comm=traced prev_pid=201 prev_prio=120 prev_state=R ==> next_comm=adbd next_pid=1774 next_prio=120
            adbd-1774  [000] ...2   286.550685: sched_switch: prev_comm=adbd prev_pid=1774 prev_prio=120 prev_state=S ==> next_comm=adbd next_pid=3935 next_prio=120
            adbd-3935  [000] ...2   286.550773: sched_switch: prev_comm=adbd prev_pid=3935 prev_prio=120 prev_state=S ==> next_comm=kworker/0:1 next_pid=15 next_prio=120
     kworker/0:1-15    [000] ...2   286.550790: sched_switch: prev_comm=kworker/0:1 prev_pid=15 prev_prio=120 prev_state=S ==> next_comm=traced next_pid=201 next_prio=120
           <...>-7025  [001] ...3   286.550800: sched_switch: prev_comm=sh prev_pid=7025 prev_prio=120 prev_state=x ==> next_comm=grep next_pid=7028 next_prio=120
          traced-201   [000] ...2   286.550800: sched_switch: prev_comm=traced prev_pid=201 prev_prio=120 prev_state=R ==> next_comm=adbd next_pid=7026 next_prio=120
           <...>-7028  [001] ...3   286.550813: sched_switch: prev_comm=grep prev_pid=7028 prev_prio=120 prev_state=x ==> next_comm=swapper/1 next_pid=0 next_prio=120
          <idle>-0     [001] ...2   286.550837: sched_switch: prev_comm=swapper/1 prev_pid=0 prev_prio=120 prev_state=R ==> next_comm=ksoftirqd/1 next_pid=4161 next_prio=120
     ksoftirqd/1-4161  [001] ...2   286.550852: sched_switch: prev_comm=ksoftirqd/1 prev_pid=4161 prev_prio=120 prev_state=S ==> next_comm=swapper/1 next_pid=0 next_prio=120
          <idle>-0     [001] ...2   286.550868: sched_switch: prev_comm=swapper/1 prev_pid=0 prev_prio=120 prev_state=R ==> next_comm=ksoftirqd/1 next_pid=4161 next_prio=120
     ksoftirqd/1-4161  [001] ...2   286.550881: sched_switch: prev_comm=ksoftirqd/1 prev_pid=4161 prev_prio=120 prev_state=S ==> next_comm=swapper/1 next_pid=0 next_prio=120
          <idle>-0     [001] ...2   286.550896: sched_switch: prev_comm=swapper/1 prev_pid=0 prev_prio=120 prev_state=R ==> next_comm=ksoftirqd/1 next_pid=4161 next_prio=120
     ksoftirqd/1-4161  [001] ...2   286.550906: sched_switch: prev_comm=ksoftirqd/1 prev_pid=4161 prev_prio=120 prev_state=S ==> next_comm=swapper/1 next_pid=0 next_prio=120
           <...>-7026  [000] ...3   286.550965: sched_switch: prev_comm=adbd prev_pid=7026 prev_prio=120 prev_state=x ==> next_comm=adbd next_pid=1774 next_prio=120
            adbd-1774  [000] ...2   286.551166: sched_switch: prev_comm=adbd prev_pid=1774 prev_prio=120 prev_state=S ==> next_comm=adbd next_pid=3936 next_prio=120
            adbd-3936  [000] ...2   286.551228: sched_switch: prev_comm=adbd prev_pid=3936 prev_prio=120 prev_state=S ==> next_comm=adbd next_pid=1774 next_prio=120
            adbd-1774  [000] ...2   286.551411: sched_switch: prev_comm=adbd prev_pid=1774 prev_prio=120 prev_state=S ==> next_comm=adbd next_pid=3935 next_prio=120
            adbd-3935  [000] ...2   286.551421: sched_switch: prev_comm=adbd prev_pid=3935 prev_prio=120 prev_state=S ==> next_comm=ple.kvbenchmark next_pid=4317 next_prio=120
           <...>-4317  [000] ...2   286.551687: sched_switch: prev_comm=ple.kvbenchmark prev_pid=4317 prev_prio=120 prev_state=S ==> next_comm=traced next_pid=201 next_prio=120
          <idle>-0     [001] ...2   286.552018: sched_switch: prev_comm=swapper/1 prev_pid=0 prev_prio=120 prev_state=R ==> next_comm=ksoftirqd/1 next_pid=4161 next_prio=120
     ksoftirqd/1-4161  [001] ...2   286.552026: sched_switch: prev_comm=ksoftirqd/1 prev_pid=4161 prev_prio=120 prev_state=S ==> next_comm=swapper/1 next_pid=0 next_prio=120
          <idle>-0     [001] ...2   286.552040: sched_switch: prev_comm=swapper/1 prev_pid=0 prev_prio=120 prev_state=R ==> next_comm=ksoftirqd/1 next_pid=4161 next_prio=120
     ksoftirqd/1-4161  [001] ...2   286.552048: sched_switch: prev_comm=ksoftirqd/1 prev_pid=4161 prev_prio=120 prev_state=S ==> next_comm=swapper/1 next_pid=0 next_prio=120
          <idle>-0     [001] ...2   286.552062: sched_switch: prev_comm=swapper/1 prev_pid=0 prev_prio=120 prev_state=R ==> next_comm=ksoftirqd/1 next_pid=4161 next_prio=120
     ksoftirqd/1-4161  [001] ...2   286.552070: sched_switch: prev_comm=ksoftirqd/1 prev_pid=4161 prev_prio=120 prev_state=S ==> next_comm=swapper/1 next_pid=0 next_prio=120
          traced-201   [000] ...2   286.552736: sched_switch: prev_comm=traced prev_pid=201 prev_prio=120 prev_state=R ==> next_comm=ple.kvbenchmark next_pid=4317 next_prio=120
           <...>-4317  [000] ...2   286.552812: sched_switch: prev_comm=ple.kvbenchmark prev_pid=4317 prev_prio=120 prev_state=S ==> next_comm=traced next_pid=201 next_prio=120
          traced-201   [000] ...2   286.553864: sched_switch: prev_comm=traced prev_pid=201 prev_prio=120 prev_state=R ==> next_comm=ple.kvbenchmark next_pid=4317 next_prio=120
           <...>-4317  [000] ...2   286.553934: sched_switch: prev_comm=ple.kvbenchmark prev_pid=4317 prev_prio=120 prev_state=S ==> next_comm=traced next_pid=201 next_prio=120
          traced-201   [000] ...2   286.554749: sched_switch: prev_comm=traced prev_pid=201 prev_prio=120 prev_state=R ==> next_comm=kworker/u:1 next_pid=21 next_prio=120
          <idle>-0     [001] ...2   286.554810: sched_switch: prev_comm=swapper/1 prev_pid=0 prev_prio=120 prev_state=R ==> next_comm=sensors.qcom next_pid=859 next_prio=120
     kworker/u:1-21    [000] ...2   286.554842: sched_switch: prev_comm=kworker/u:1 prev_pid=21 prev_prio=120 prev_state=S ==> next_comm=kworker/u:0 next_pid=6 next_prio=120
     kworker/u:0-6     [000] ...2   286.554852: sched_switch: prev_comm=kworker/u:0 prev_pid=6 prev_prio=120 prev_state=S ==> next_comm=traced next_pid=201 next_prio=120
          traced-201   [000] ...2   286.554884: sched_switch: prev_comm=traced prev_pid=201 prev_prio=120 prev_state=R ==> next_comm=sensors.qcom next_pid=714 next_prio=120
    sensors.qcom-859   [001] ...2   286.554891: sched_switch: prev_comm=sensors.qcom prev_pid=859 prev_prio=120 prev_state=S ==> next_comm=swapper/1 next_pid=0 next_prio=120
    sensors.qcom-714   [000] ...2   286.554956: sched_switch: prev_comm=sensors.qcom prev_pid=714 prev_prio=120 prev_state=S ==> next_comm=system_server next_pid=737 next_prio=118
   system_server-737   [000] ...2   286.555173: sched_switch: prev_comm=system_server prev_pid=737 prev_prio=118 prev_state=S ==> next_comm=ple.kvbenchmark next_pid=4317 next_prio=120
           <...>-4317  [000] ...2   286.555417: sched_switch: prev_comm=ple.kvbenchmark prev_pid=4317 prev_prio=120 prev_state=S ==> next_comm=system_server next_pid=741 next_prio=118
   system_server-741   [000] ...2   286.555460: sched_switch: prev_comm=system_server prev_pid=741 prev_prio=118 prev_state=S ==> next_comm=SensorService next_pid=782 next_prio=112
          <idle>-0     [001] ...2   286.555526: sched_switch: prev_comm=swapper/1 prev_pid=0 prev_prio=120 prev_state=R ==> next_comm=android.ui next_pid=787 next_prio=118
   SensorService-782   [000] ...2   286.555552: sched_switch: prev_comm=SensorService prev_pid=782 prev_prio=112 prev_state=S ==> next_comm=traced next_pid=201 next_prio=120
      android.ui-787   [001] ...2   286.555619: sched_switch: prev_comm=android.ui prev_pid=787 prev_prio=118 prev_state=S ==> next_comm=swapper/1 next_pid=0 next_prio=120
          traced-201   [000] ...2   286.556469: sched_switch: prev_comm=traced prev_pid=201 prev_prio=120 prev_state=R ==> next_comm=ple.kvbenchmark next_pid=4317 next_prio=120
           <...>-4317  [000] ...2   286.556702: sched_switch: prev_comm=ple.kvbenchmark prev_pid=4317 prev_prio=120 prev_state=S ==> next_comm=traced next_pid=201 next_prio=120
          traced-201   [000] ...2   286.557752: sched_switch: prev_comm=traced prev_pid=201 prev_prio=120 prev_state=R ==> next_comm=ple.kvbenchmark next_pid=4317 next_prio=120
           <...>-4317  [000] ...2   286.557823: sched_switch: prev_comm=ple.kvbenchmark prev_pid=4317 prev_prio=120 prev_state=S ==> next_comm=traced next_pid=201 next_prio=120
          traced-201   [000] ...2   286.558873: sched_switch: prev_comm=traced prev_pid=201 prev_prio=120 prev_state=R ==> next_comm=ple.kvbenchmark next_pid=4317 next_prio=120
           <...>-4317  [000] ...2   286.559090: sched_switch: prev_comm=ple.kvbenchmark prev_pid=4317 prev_prio=120 prev_state=S ==> next_comm=traced next_pid=201 next_prio=120
          traced-201   [000] ...2   286.560140: sched_switch: prev_comm=traced prev_pid=201 prev_prio=120 prev_state=R ==> next_comm=ple.kvbenchmark next_pid=4317 next_prio=120
           <...>-4317  [000] ...2   286.560212: sched_switch: prev_comm=ple.kvbenchmark prev_pid=4317 prev_prio=120 prev_state=S ==> next_comm=traced next_pid=201 next_prio=120
          traced-201   [000] ...2   286.561263: sched_switch: prev_comm=traced prev_pid=201 prev_prio=120 prev_state=R ==> next_comm=ple.kvbenchmark next_pid=4317 next_prio=120
           <...>-4317  [000] ...2   286.561496: sched_switch: prev_comm=ple.kvbenchmark prev_pid=4317 prev_prio=120 prev_state=S ==> next_comm=traced next_pid=201 next_prio=120
          <idle>-0     [001] ...2   286.562012: sched_switch: prev_comm=swapper/1 prev_pid=0 prev_prio=120 prev_state=R ==> next_comm=ksoftirqd/1 next_pid=4161 next_prio=120
     ksoftirqd/1-4161  [001] ...2   286.562067: sched_switch: prev_comm=ksoftirqd/1 prev_pid=4161 prev_prio=120 prev_state=S ==> next_comm=swapper/1 next_pid=0 next_prio=120
          <idle>-0     [001] ...2   286.562083: sched_switch: prev_comm=swapper/1 prev_pid=0 prev_prio=120 prev_state=R ==> next_comm=ksoftirqd/1 next_pid=4161 next_prio=120
     ksoftirqd/1-4161  [001] ...2   286.562091: sched_switch: prev_comm=ksoftirqd/1 prev_pid=4161 prev_prio=120 prev_state=S ==> next_comm=swapper/1 next_pid=0 next_prio=120
          <idle>-0     [001] ...2   286.562105: sched_switch: prev_comm=swapper/1 prev_pid=0 prev_prio=120 prev_state=R ==> next_comm=ksoftirqd/1 next_pid=4161 next_prio=120
     ksoftirqd/1-4161  [001] ...2   286.562113: sched_switch: prev_comm=ksoftirqd/1 prev_pid=4161 prev_prio=120 prev_state=S ==> next_comm=swapper/1 next_pid=0 next_prio=120
          traced-201   [000] ...2   286.562547: sched_switch: prev_comm=traced prev_pid=201 prev_prio=120 prev_state=R ==> next_comm=ple.kvbenchmark next_pid=4317 next_prio=120
           <...>-4317  [000] ...2   286.562774: sched_switch: prev_comm=ple.kvbenchmark prev_pid=4317 prev_prio=120 prev_state=S ==> next_comm=traced next_pid=201 next_prio=120
          traced-201   [000] ...2   286.563586: sched_switch: prev_comm=traced prev_pid=201 prev_prio=120 prev_state=R ==> next_comm=kworker/u:0 next_pid=6 next_prio=120
          <idle>-0     [001] ...2   286.563641: sched_switch: prev_comm=swapper/1 prev_pid=0 prev_prio=120 prev_state=R ==> next_comm=sensors.qcom next_pid=859 next_prio=120
     kworker/u:0-6     [000] ...2   286.563643: sched_switch: prev_comm=kworker/u:0 prev_pid=6 prev_prio=120 prev_state=S ==> next_comm=kworker/u:1 next_pid=21 next_prio=120
     kworker/u:1-21    [000] ...2   286.563652: sched_switch: prev_comm=kworker/u:1 prev_pid=21 prev_prio=120 prev_state=S ==> next_comm=traced next_pid=201 next_prio=120
          traced-201   [000] ...2   286.563691: sched_switch: prev_comm=traced prev_pid=201 prev_prio=120 prev_state=R ==> next_comm=sensors.qcom next_pid=714 next_prio=120
    sensors.qcom-859   [001] ...2   286.563698: sched_switch: prev_comm=sensors.qcom prev_pid=859 prev_prio=120 prev_state=S ==> next_comm=swapper/1 next_pid=0 next_prio=120
    sensors.qcom-714   [000] ...2   286.563752: sched_switch: prev_comm=sensors.qcom prev_pid=714 prev_prio=120 prev_state=S ==> next_comm=system_server next_pid=737 next_prio=118
   system_server-737   [000] ...2   286.563929: sched_switch: prev_comm=system_server prev_pid=737 prev_prio=118 prev_state=S ==> next_comm=ple.kvbenchmark next_pid=4317 next_prio=120
           <...>-4317  [000] ...2   286.564183: sched_switch: prev_comm=ple.kvbenchmark prev_pid=4317 prev_prio=120 prev_state=S ==> next_comm=system_server next_pid=741 next_prio=118
   system_server-741   [000] ...2   286.564212: sched_switch: prev_comm=system_server prev_pid=741 prev_prio=118 prev_state=S ==> next_comm=traced next_pid=201 next_prio=120
          traced-201   [000] ...2   286.565234: sched_switch: prev_comm=traced prev_pid=201 prev_prio=120 prev_state=R ==> next_comm=ple.kvbenchmark next_pid=4317 next_prio=120
           <...>-4317  [000] ...2   286.565465: sched_switch: prev_comm=ple.kvbenchmark prev_pid=4317 prev_prio=120 prev_state=S ==> next_comm=traced next_pid=201 next_prio=120
          traced-201   [000] ...2   286.566516: sched_switch: prev_comm=traced prev_pid=201 prev_prio=120 prev_state=R ==> next_comm=ple.kvbenchmark next_pid=4317 next_prio=120
           <...>-4317  [000] ...2   286.566588: sched_switch: prev_comm=ple.kvbenchmark prev_pid=4317 prev_prio=120 prev_state=S ==> next_comm=traced next_pid=201 next_prio=120
          traced-201   [000] ...2   286.567639: sched_switch: prev_comm=traced prev_pid=201 prev_prio=120 prev_state=R ==> next_comm=ple.kvbenchmark next_pid=4317 next_prio=120
           <...>-4317  [000] ...2   286.567863: sched_switch: prev_comm=ple.kvbenchmark prev_pid=4317 prev_prio=120 prev_state=S ==> next_comm=traced next_pid=201 next_prio=120
          traced-201   [000] ...2   286.568913: sched_switch: prev_comm=traced prev_pid=201 prev_prio=120 prev_state=R ==> next_comm=ple.kvbenchmark next_pid=4317 next_prio=120
           <...>-4317  [000] ...2   286.568989: sched_switch: prev_comm=ple.kvbenchmark prev_pid=4317 prev_prio=120 prev_state=S ==> next_comm=traced next_pid=201 next_prio=120
          traced-201   [000] ...2   286.570039: sched_switch: prev_comm=traced prev_pid=201 prev_prio=120 prev_state=R ==> next_comm=ple.kvbenchmark next_pid=4317 next_prio=120
           <...>-4317  [000] ...2   286.570262: sched_switch: prev_comm=ple.kvbenchmark prev_pid=4317 prev_prio=120 prev_state=S ==> next_comm=traced next_pid=201 next_prio=120
          traced-201   [000] ...2   286.571317: sched_switch: prev_comm=traced prev_pid=201 prev_prio=120 prev_state=R ==> next_comm=ple.kvbenchmark next_pid=4317 next_prio=120
           <...>-4317  [000] ...2   286.571557: sched_switch: prev_comm=ple.kvbenchmark prev_pid=4317 prev_prio=120 prev_state=S ==> next_comm=traced next_pid=201 next_prio=120
          <idle>-0     [001] ...2   286.572011: sched_switch: prev_comm=swapper/1 prev_pid=0 prev_prio=120 prev_state=R ==> next_comm=ksoftirqd/1 next_pid=4161 next_prio=120
     ksoftirqd/1-4161  [001] ...2   286.572020: sched_switch: prev_comm=ksoftirqd/1 prev_pid=4161 prev_prio=120 prev_state=S ==> next_comm=swapper/1 next_pid=0 next_prio=120
          <idle>-0     [001] ...2   286.572035: sched_switch: prev_comm=swapper/1 prev_pid=0 prev_prio=120 prev_state=R ==> next_comm=ksoftirqd/1 next_pid=4161 next_prio=120
     ksoftirqd/1-4161  [001] ...2   286.572043: sched_switch: prev_comm=ksoftirqd/1 prev_pid=4161 prev_prio=120 prev_state=S ==> next_comm=swapper/1 next_pid=0 next_prio=120
          <idle>-0     [001] ...2   286.572057: sched_switch: prev_comm=swapper/1 prev_pid=0 prev_prio=120 prev_state=R ==> next_comm=ksoftirqd/1 next_pid=4161 next_prio=120
     ksoftirqd/1-4161  [001] ...2   286.572065: sched_switch: prev_comm=ksoftirqd/1 prev_pid=4161 prev_prio=120 prev_state=S ==> next_comm=swapper/1 next_pid=0 next_prio=120
          traced-201   [000] ...2   286.572608: sched_switch: prev_comm=traced prev_pid=201 prev_prio=120 prev_state=R ==> next_comm=ple.kvbenchmark next_pid=4317 next_prio=120
           <...>-4317  [000] ...2   286.572681: sched_switch: prev_comm=ple.kvbenchmark prev_pid=4317 prev_prio=120 prev_state=S ==> next_comm=traced next_pid=201 next_prio=120
          traced-201   [000] ...2   286.573732: sched_switch: prev_comm=traced prev_pid=201 prev_prio=120 prev_state=R ==> next_comm=ple.kvbenchmark next_pid=4317 next_prio=120
           <...>-4317  [000] ...2   286.573803: sched_switch: prev_comm=ple.kvbenchmark prev_pid=4317 prev_prio=120 prev_state=S ==> next_comm=traced next_pid=201 next_prio=120
          traced-201   [000] ...2   286.574854: sched_switch: prev_comm=traced prev_pid=201 prev_prio=120 prev_state=R ==> next_comm=ple.kvbenchmark next_pid=4317 next_prio=120
           <...>-4317  [000] ...2   286.575071: sched_switch: prev_comm=ple.kvbenchmark prev_pid=4317 prev_prio=120 prev_state=S ==> next_comm=traced next_pid=201 next_prio=120
          traced-201   [000] ...2   286.576121: sched_switch: prev_comm=traced prev_pid=201 prev_prio=120 prev_state=R ==> next_comm=ple.kvbenchmark next_pid=4317 next_prio=120
           <...>-4317  [000] ...2   286.576350: sched_switch: prev_comm=ple.kvbenchmark prev_pid=4317 prev_prio=120 prev_state=S ==> next_comm=traced next_pid=201 next_prio=120
          traced-201   [000] ...2   286.577399: sched_switch: prev_comm=traced prev_pid=201 prev_prio=120 prev_state=R ==> next_comm=ple.kvbenchmark next_pid=4317 next_prio=120
           <...>-4317  [000] ...2   286.577624: sched_switch: prev_comm=ple.kvbenchmark prev_pid=4317 prev_prio=120 prev_state=S ==> next_comm=traced next_pid=201 next_prio=120
          traced-201   [000] ...2   286.578674: sched_switch: prev_comm=traced prev_pid=201 prev_prio=120 prev_state=R ==> next_comm=ple.kvbenchmark next_pid=4317 next_prio=120
           <...>-4317  [000] ...2   286.578917: sched_switch: prev_comm=ple.kvbenchmark prev_pid=4317 prev_prio=120 prev_state=S ==> next_comm=traced next_pid=201 next_prio=120
          traced-201   [000] ...2   286.579967: sched_switch: prev_comm=traced prev_pid=201 prev_prio=120 prev_state=R ==> next_comm=ple.kvbenchmark next_pid=4317 next_prio=120
           <...>-4317  [000] ...2   286.580040: sched_switch: prev_comm=ple.kvbenchmark prev_pid=4317 prev_prio=120 prev_state=S ==> next_comm=traced next_pid=201 next_prio=120
          traced-201   [000] ...2   286.581091: sched_switch: prev_comm=traced prev_pid=201 prev_prio=120 prev_state=R ==> next_comm=ple.kvbenchmark next_pid=4317 next_prio=120
           <...>-4317  [000] ...2   286.581162: sched_switch: prev_comm=ple.kvbenchmark prev_pid=4317 prev_prio=120 prev_state=S ==> next_comm=traced next_pid=201 next_prio=120
          <idle>-0     [001] ...2   286.582009: sched_switch: prev_comm=swapper/1 prev_pid=0 prev_prio=120 prev_state=R ==> next_comm=ksoftirqd/1 next_pid=4161 next_prio=120
     ksoftirqd/1-4161  [001] ...2   286.582017: sched_switch: prev_comm=ksoftirqd/1 prev_pid=4161 prev_prio=120 prev_state=S ==> next_comm=swapper/1 next_pid=0 next_prio=120
          <idle>-0     [001] ...2   286.582032: sched_switch: prev_comm=swapper/1 prev_pid=0 prev_prio=120 prev_state=R ==> next_comm=ksoftirqd/1 next_pid=4161 next_prio=120
     ksoftirqd/1-4161  [001] ...2   286.582039: sched_switch: prev_comm=ksoftirqd/1 prev_pid=4161 prev_prio=120 prev_state=S ==> next_comm=swapper/1 next_pid=0 next_prio=120
          <idle>-0     [001] ...2   286.582053: sched_switch: prev_comm=swapper/1 prev_pid=0 prev_prio=120 prev_state=R ==> next_comm=ksoftirqd/1 next_pid=4161 next_prio=120
     ksoftirqd/1-4161  [001] ...2   286.582061: sched_switch: prev_comm=ksoftirqd/1 prev_pid=4161 prev_prio=120 prev_state=S ==> next_comm=swapper/1 next_pid=0 next_prio=120
          traced-201   [000] ...2   286.582214: sched_switch: prev_comm=traced prev_pid=201 prev_prio=120 prev_state=R ==> next_comm=ple.kvbenchmark next_pid=4317 next_prio=120
           <...>-4317  [000] ...2   286.582287: sched_switch: prev_comm=ple.kvbenchmark prev_pid=4317 prev_prio=120 prev_state=S ==> next_comm=traced next_pid=201 next_prio=120
          traced-201   [000] ...2   286.583338: sched_switch: prev_comm=traced prev_pid=201 prev_prio=120 prev_state=R ==> next_comm=ple.kvbenchmark next_pid=4317 next_prio=120
           <...>-4317  [000] ...2   286.583410: sched_switch: prev_comm=ple.kvbenchmark prev_pid=4317 prev_prio=120 prev_state=S ==> next_comm=traced next_pid=201 next_prio=120
          traced-201   [000] ...2   286.584461: sched_switch: prev_comm=traced prev_pid=201 prev_prio=120 prev_state=R ==> next_comm=ple.kvbenchmark next_pid=4317 next_prio=120
           <...>-4317  [000] ...2   286.584532: sched_switch: prev_comm=ple.kvbenchmark prev_pid=4317 prev_prio=120 prev_state=S ==> next_comm=traced next_pid=201 next_prio=120
          traced-201   [000] ...2   286.585583: sched_switch: prev_comm=traced prev_pid=201 prev_prio=120 prev_state=R ==> next_comm=ple.kvbenchmark next_pid=4317 next_prio=120
           <...>-4317  [000] ...2   286.585653: sched_switch: prev_comm=ple.kvbenchmark prev_pid=4317 prev_prio=120 prev_state=S ==> next_comm=traced next_pid=201 next_prio=120
          traced-201   [000] ...2   286.586705: sched_switch: prev_comm=traced prev_pid=201 prev_prio=120 prev_state=R ==> next_comm=ple.kvbenchmark next_pid=4317 next_prio=120
           <...>-4317  [000] ...2   286.586776: sched_switch: prev_comm=ple.kvbenchmark prev_pid=4317 prev_prio=120 prev_state=S ==> next_comm=traced next_pid=201 next_prio=120
          traced-201   [000] ...2   286.587827: sched_switch: prev_comm=traced prev_pid=201 prev_prio=120 prev_state=R ==> next_comm=ple.kvbenchmark next_pid=4317 next_prio=120
           <...>-4317  [000] ...2   286.588048: sched_switch: prev_comm=ple.kvbenchmark prev_pid=4317 prev_prio=120 prev_state=S ==> next_comm=traced next_pid=201 next_prio=120
          traced-201   [000] ...2   286.589098: sched_switch: prev_comm=traced prev_pid=201 prev_prio=120 prev_state=R ==> next_comm=ple.kvbenchmark next_pid=4317 next_prio=120
           <...>-4317  [000] ...2   286.589170: sched_switch: prev_comm=ple.kvbenchmark prev_pid=4317 prev_prio=120 prev_state=S ==> next_comm=traced next_pid=201 next_prio=120
          traced-201   [000] ...2   286.590221: sched_switch: prev_comm=traced prev_pid=201 prev_prio=120 prev_state=R ==> next_comm=ple.kvbenchmark next_pid=4317 next_prio=120
           <...>-4317  [000] ...2   286.590293: sched_switch: prev_comm=ple.kvbenchmark prev_pid=4317 prev_prio=120 prev_state=S ==> next_comm=traced next_pid=201 next_prio=120
          traced-201   [000] ...2   286.591344: sched_switch: prev_comm=traced prev_pid=201 prev_prio=120 prev_state=R ==> next_comm=ple.kvbenchmark next_pid=4317 next_prio=120
           <...>-4317  [000] ...2   286.591563: sched_switch: prev_comm=ple.kvbenchmark prev_pid=4317 prev_prio=120 prev_state=S ==> next_comm=traced next_pid=201 next_prio=120
          <idle>-0     [001] ...2   286.592016: sched_switch: prev_comm=swapper/1 prev_pid=0 prev_prio=120 prev_state=R ==> next_comm=kworker/u:1 next_pid=21 next_prio=120
          traced-201   [000] ...2   286.592024: sched_switch: prev_comm=traced prev_pid=201 prev_prio=120 prev_state=R ==> next_comm=kworker/0:1H next_pid=17 next_prio=100
     kworker/u:1-21    [001] ...2   286.592031: sched_switch: prev_comm=kworker/u:1 prev_pid=21 prev_prio=120 prev_state=S ==> next_comm=ksoftirqd/1 next_pid=4161 next_prio=120
     ksoftirqd/1-4161  [001] ...2   286.592045: sched_switch: prev_comm=ksoftirqd/1 prev_pid=4161 prev_prio=120 prev_state=S ==> next_comm=swapper/1 next_pid=0 next_prio=120
          <idle>-0     [001] ...2   286.592061: sched_switch: prev_comm=swapper/1 prev_pid=0 prev_prio=120 prev_state=R ==> next_comm=ksoftirqd/1 next_pid=4161 next_prio=120
    kworker/0:1H-17    [000] ...2   286.592062: sched_switch: prev_comm=kworker/0:1H prev_pid=17 prev_prio=100 prev_state=D ==> next_comm=mpdecision next_pid=1747 next_prio=113
     ksoftirqd/1-4161  [001] ...2   286.592071: sched_switch: prev_comm=ksoftirqd/1 prev_pid=4161 prev_prio=120 prev_state=S ==> next_comm=swapper/1 next_pid=0 next_prio=120
          <idle>-0     [001] ...2   286.592086: sched_switch: prev_comm=swapper/1 prev_pid=0 prev_prio=120 prev_state=R ==> next_comm=ksoftirqd/1 next_pid=4161 next_prio=120
     ksoftirqd/1-4161  [001] ...2   286.592095: sched_switch: prev_comm=ksoftirqd/1 prev_pid=4161 prev_prio=120 prev_state=S ==> next_comm=swapper/1 next_pid=0 next_prio=120
      mpdecision-1747  [000] ...2   286.592463: sched_switch: prev_comm=mpdecision prev_pid=1747 prev_prio=113 prev_state=S ==> next_comm=kworker/0:3H next_pid=796 next_prio=100
           <...>-796   [000] ...1   286.592483: cpu_frequency_switch_start: start=960000 end=2265600 cpu_id=0
           <...>-796   [000] ...1   286.592567: cpu_frequency_switch_end: cpu_id=0
           <...>-796   [000] ...1   286.592569: cpu_frequency: state=2265600 cpu_id=0
           <...>-796   [000] ...2   286.592593: sched_switch: prev_comm=kworker/0:3H prev_pid=796 prev_prio=100 prev_state=S ==> next_comm=kworker/0:1H next_pid=17 next_prio=100
    kworker/0:1H-17    [000] ...2   286.592612: sched_switch: prev_comm=kworker/0:1H prev_pid=17 prev_prio=100 prev_state=S ==> next_comm=ple.kvbenchmark next_pid=4317 next_prio=120
           <...>-4317  [000] ...2   286.592748: sched_switch: prev_comm=ple.kvbenchmark prev_pid=4317 prev_prio=120 prev_state=S ==> next_comm=traced next_pid=201 next_prio=120
          traced-201   [000] ...2   286.593800: sched_switch: prev_comm=traced prev_pid=201 prev_prio=120 prev_state=R ==> next_comm=ple.kvbenchmark next_pid=4317 next_prio=120
           <...>-4317  [000] ...2   286.593852: sched_switch: prev_comm=ple.kvbenchmark prev_pid=4317 prev_prio=120 prev_state=S ==> next_comm=traced next_pid=201 next_prio=120
          traced-201   [000] ...2   286.594903: sched_switch: prev_comm=traced prev_pid=201 prev_prio=120 prev_state=R ==> next_comm=ple.kvbenchmark next_pid=4317 next_prio=120
           <...>-4317  [000] ...2   286.595027: sched_switch: prev_comm=ple.kvbenchmark prev_pid=4317 prev_prio=120 prev_state=S ==> next_comm=traced next_pid=201 next_prio=120
          traced-201   [000] ...2   286.596078: sched_switch: prev_comm=traced prev_pid=201 prev_prio=120 prev_state=R ==> next_comm=ple.kvbenchmark next_pid=4317 next_prio=120
           <...>-4317  [000] ...2   286.596221: sched_switch: prev_comm=ple.kvbenchmark prev_pid=4317 prev_prio=120 prev_state=S ==> next_comm=traced next_pid=201 next_prio=120
          traced-201   [000] ...2   286.597272: sched_switch: prev_comm=traced prev_pid=201 prev_prio=120 prev_state=R ==> next_comm=ple.kvbenchmark next_pid=4317 next_prio=120
           <...>-4317  [000] ...2   286.597405: sched_switch: prev_comm=ple.kvbenchmark prev_pid=4317 prev_prio=120 prev_state=S ==> next_comm=traced next_pid=201 next_prio=120
          traced-201   [000] ...2   286.598456: sched_switch: prev_comm=traced prev_pid=201 prev_prio=120 prev_state=R ==> next_comm=ple.kvbenchmark next_pid=4317 next_prio=120
           <...>-4317  [000] ...2   286.598500: sched_switch: prev_comm=ple.kvbenchmark prev_pid=4317 prev_prio=120 prev_state=S ==> next_comm=traced next_pid=201 next_prio=120
          traced-201   [000] ...2   286.599551: sched_switch: prev_comm=traced prev_pid=201 prev_prio=120 prev_state=R ==> next_comm=ple.kvbenchmark next_pid=4317 next_prio=120
           <...>-4317  [000] ...2   286.599593: sched_switch: prev_comm=ple.kvbenchmark prev_pid=4317 prev_prio=120 prev_state=S ==> next_comm=traced next_pid=201 next_prio=120
          traced-201   [000] ...2   286.600645: sched_switch: prev_comm=traced prev_pid=201 prev_prio=120 prev_state=R ==> next_comm=ple.kvbenchmark next_pid=4317 next_prio=120
           <...>-4317  [000] ...2   286.600688: sched_switch: prev_comm=ple.kvbenchmark prev_pid=4317 prev_prio=120 prev_state=S ==> next_comm=traced next_pid=201 next_prio=120
          traced-201   [000] ...2   286.601740: sched_switch: prev_comm=traced prev_pid=201 prev_prio=120 prev_state=R ==> next_comm=ple.kvbenchmark next_pid=4317 next_prio=120
           <...>-4317  [000] ...2   286.601879: sched_switch: prev_comm=ple.kvbenchmark prev_pid=4317 prev_prio=120 prev_state=S ==> next_comm=traced next_pid=201 next_prio=120
          <idle>-0     [001] ...2   286.602006: sched_switch: prev_comm=swapper/1 prev_pid=0 prev_prio=120 prev_state=R ==> next_comm=ksoftirqd/1 next_pid=4161 next_prio=120
     ksoftirqd/1-4161  [001] ...2   286.602014: sched_switch: prev_comm=ksoftirqd/1 prev_pid=4161 prev_prio=120 prev_state=S ==> next_comm=swapper/1 next_pid=0 next_prio=120
          <idle>-0     [001] ...2   286.602029: sched_switch: prev_comm=swapper/1 prev_pid=0 prev_prio=120 prev_state=R ==> next_comm=ksoftirqd/1 next_pid=4161 next_prio=120
     ksoftirqd/1-4161  [001] ...2   286.602037: sched_switch: prev_comm=ksoftirqd/1 prev_pid=4161 prev_prio=120 prev_state=S ==> next_comm=swapper/1 next_pid=0 next_prio=120
          <idle>-0     [001] ...2   286.602051: sched_switch: prev_comm=swapper/1 prev_pid=0 prev_prio=120 prev_state=R ==> next_comm=ksoftirqd/1 next_pid=4161 next_prio=120
     ksoftirqd/1-4161  [001] ...2   286.602059: sched_switch: prev_comm=ksoftirqd/1 prev_pid=4161 prev_prio=120 prev_state=S ==> next_comm=swapper/1 next_pid=0 next_prio=120
          traced-201   [000] ...2   286.602930: sched_switch: prev_comm=traced prev_pid=201 prev_prio=120 prev_state=R ==> next_comm=ple.kvbenchmark next_pid=4317 next_prio=120
           <...>-4317  [000] ...2   286.602975: sched_switch: prev_comm=ple.kvbenchmark prev_pid=4317 prev_prio=120 prev_state=S ==> next_comm=traced next_pid=201 next_prio=120
          traced-201   [000] ...2   286.604027: sched_switch: prev_comm=traced prev_pid=201 prev_prio=120 prev_state=R ==> next_comm=ple.kvbenchmark next_pid=4317 next_prio=120
           <...>-4317  [000] ...2   286.604148: sched_switch: prev_comm=ple.kvbenchmark prev_pid=4317 prev_prio=120 prev_state=S ==> next_comm=traced next_pid=201 next_prio=120
          traced-201   [000] ...2   286.605202: sched_switch: prev_comm=traced prev_pid=201 prev_prio=120 prev_state=R ==> next_comm=ple.kvbenchmark next_pid=4317 next_prio=120
           <...>-4317  [000] ...2   286.605326: sched_switch: prev_comm=ple.kvbenchmark prev_pid=4317 prev_prio=120 prev_state=S ==> next_comm=traced next_pid=201 next_prio=120
          traced-201   [000] ...2   286.606377: sched_switch: prev_comm=traced prev_pid=201 prev_prio=120 prev_state=R ==> next_comm=ple.kvbenchmark next_pid=4317 next_prio=120
           <...>-4317  [000] ...2   286.606499: sched_switch: prev_comm=ple.kvbenchmark prev_pid=4317 prev_prio=120 prev_state=S ==> next_comm=traced next_pid=201 next_prio=120
          traced-201   [000] ...2   286.607550: sched_switch: prev_comm=traced prev_pid=201 prev_prio=120 prev_state=R ==> next_comm=ple.kvbenchmark next_pid=4317 next_prio=120
           <...>-4317  [000] ...2   286.607668: sched_switch: prev_comm=ple.kvbenchmark prev_pid=4317 prev_prio=120 prev_state=S ==> next_comm=traced next_pid=201 next_prio=120
          traced-201   [000] ...2   286.608719: sched_switch: prev_comm=traced prev_pid=201 prev_prio=120 prev_state=R ==> next_comm=ple.kvbenchmark next_pid=4317 next_prio=120
           <...>-4317  [000] ...2   286.608849: sched_switch: prev_comm=ple.kvbenchmark prev_pid=4317 prev_prio=120 prev_state=S ==> next_comm=traced next_pid=201 next_prio=120
          traced-201   [000] ...2   286.609900: sched_switch: prev_comm=traced prev_pid=201 prev_prio=120 prev_state=R ==> next_comm=ple.kvbenchmark next_pid=4317 next_prio=120
           <...>-4317  [000] ...2   286.610025: sched_switch: prev_comm=ple.kvbenchmark prev_pid=4317 prev_prio=120 prev_state=S ==> next_comm=traced next_pid=201 next_prio=120
          traced-201   [000] ...2   286.611077: sched_switch: prev_comm=traced prev_pid=201 prev_prio=120 prev_state=R ==> next_comm=ple.kvbenchmark next_pid=4317 next_prio=120
           <...>-4317  [000] ...2   286.611122: sched_switch: prev_comm=ple.kvbenchmark prev_pid=4317 prev_prio=120 prev_state=S ==> next_comm=traced next_pid=201 next_prio=120
          <idle>-0     [001] ...2   286.612006: sched_switch: prev_comm=swapper/1 prev_pid=0 prev_prio=120 prev_state=R ==> next_comm=ksoftirqd/1 next_pid=4161 next_prio=120
     ksoftirqd/1-4161  [001] ...2   286.612016: sched_switch: prev_comm=ksoftirqd/1 prev_pid=4161 prev_prio=120 prev_state=S ==> next_comm=swapper/1 next_pid=0 next_prio=120
          traced-201   [000] ...2   286.612173: sched_switch: prev_comm=traced prev_pid=201 prev_prio=120 prev_state=R ==> next_comm=ple.kvbenchmark next_pid=4317 next_prio=120
           <...>-4317  [000] ...2   286.612310: sched_switch: prev_comm=ple.kvbenchmark prev_pid=4317 prev_prio=120 prev_state=S ==> next_comm=traced next_pid=201 next_prio=120
          traced-201   [000] ...2   286.613361: sched_switch: prev_comm=traced prev_pid=201 prev_prio=120 prev_state=R ==> next_comm=ple.kvbenchmark next_pid=4317 next_prio=120
           <...>-4317  [000] ...2   286.613405: sched_switch: prev_comm=ple.kvbenchmark prev_pid=4317 prev_prio=120 prev_state=S ==> next_comm=traced next_pid=201 next_prio=120
          traced-201   [000] ...2   286.614456: sched_switch: prev_comm=traced prev_pid=201 prev_prio=120 prev_state=R ==> next_comm=ple.kvbenchmark next_pid=4317 next_prio=120
           <...>-4317  [000] ...2   286.614500: sched_switch: prev_comm=ple.kvbenchmark prev_pid=4317 prev_prio=120 prev_state=S ==> next_comm=traced next_pid=201 next_prio=120
          traced-201   [000] ...2   286.615551: sched_switch: prev_comm=traced prev_pid=201 prev_prio=120 prev_state=R ==> next_comm=ple.kvbenchmark next_pid=4317 next_prio=120
           <...>-4317  [000] ...2   286.615595: sched_switch: prev_comm=ple.kvbenchmark prev_pid=4317 prev_prio=120 prev_state=S ==> next_comm=traced next_pid=201 next_prio=120
          traced-201   [000] ...2   286.616647: sched_switch: prev_comm=traced prev_pid=201 prev_prio=120 prev_state=R ==> next_comm=ple.kvbenchmark next_pid=4317 next_prio=120
           <...>-4317  [000] ...2   286.616776: sched_switch: prev_comm=ple.kvbenchmark prev_pid=4317 prev_prio=120 prev_state=S ==> next_comm=traced next_pid=201 next_prio=120
          traced-201   [000] ...2   286.617826: sched_switch: prev_comm=traced prev_pid=201 prev_prio=120 prev_state=R ==> next_comm=ple.kvbenchmark next_pid=4317 next_prio=120
           <...>-4317  [000] ...2   286.617869: sched_switch: prev_comm=ple.kvbenchmark prev_pid=4317 prev_prio=120 prev_state=S ==> next_comm=traced next_pid=201 next_prio=120
          traced-201   [000] ...2   286.618920: sched_switch: prev_comm=traced prev_pid=201 prev_prio=120 prev_state=R ==> next_comm=ple.kvbenchmark next_pid=4317 next_prio=120
           <...>-4317  [000] ...2   286.618964: sched_switch: prev_comm=ple.kvbenchmark prev_pid=4317 prev_prio=120 prev_state=S ==> next_comm=traced next_pid=201 next_prio=120
          traced-201   [000] ...2   286.620015: sched_switch: prev_comm=traced prev_pid=201 prev_prio=120 prev_state=R ==> next_comm=ple.kvbenchmark next_pid=4317 next_prio=120
           <...>-4317  [000] ...2   286.620058: sched_switch: prev_comm=ple.kvbenchmark prev_pid=4317 prev_prio=120 prev_state=S ==> next_comm=traced next_pid=201 next_prio=120
          traced-201   [000] ...2   286.621110: sched_switch: prev_comm=traced prev_pid=201 prev_prio=120 prev_state=R ==> next_comm=ple.kvbenchmark next_pid=4317 next_prio=120
           <...>-4317  [000] ...2   286.621152: sched_switch: prev_comm=ple.kvbenchmark prev_pid=4317 prev_prio=120 prev_state=S ==> next_comm=traced next_pid=201 next_prio=120
          traced-201   [000] ...2   286.622204: sched_switch: prev_comm=traced prev_pid=201 prev_prio=120 prev_state=R ==> next_comm=ple.kvbenchmark next_pid=4317 next_prio=120
           <...>-4317  [000] ...2   286.622246: sched_switch: prev_comm=ple.kvbenchmark prev_pid=4317 prev_prio=120 prev_state=S ==> next_comm=traced next_pid=201 next_prio=120
          traced-201   [000] ...2   286.623298: sched_switch: prev_comm=traced prev_pid=201 prev_prio=120 prev_state=R ==> next_comm=ple.kvbenchmark next_pid=4317 next_prio=120
           <...>-4317  [000] ...2   286.623426: sched_switch: prev_comm=ple.kvbenchmark prev_pid=4317 prev_prio=120 prev_state=S ==> next_comm=traced next_pid=201 next_prio=120
          traced-201   [000] ...2   286.624478: sched_switch: prev_comm=traced prev_pid=201 prev_prio=120 prev_state=R ==> next_comm=ple.kvbenchmark next_pid=4317 next_prio=120
           <...>-4317  [000] ...2   286.624521: sched_switch: prev_comm=ple.kvbenchmark prev_pid=4317 prev_prio=120 prev_state=S ==> next_comm=traced next_pid=201 next_prio=120
          traced-201   [000] ...2   286.625572: sched_switch: prev_comm=traced prev_pid=201 prev_prio=120 prev_state=R ==> next_comm=ple.kvbenchmark next_pid=4317 next_prio=120
           <...>-4317  [000] ...2   286.625698: sched_switch: prev_comm=ple.kvbenchmark prev_pid=4317 prev_prio=120 prev_state=S ==> next_comm=traced next_pid=201 next_prio=120
          traced-201   [000] ...2   286.626750: sched_switch: prev_comm=traced prev_pid=201 prev_prio=120 prev_state=R ==> next_comm=ple.kvbenchmark next_pid=4317 next_prio=120
           <...>-4317  [000] ...2   286.626877: sched_switch: prev_comm=ple.kvbenchmark prev_pid=4317 prev_prio=120 prev_state=S ==> next_comm=traced next_pid=201 next_prio=120
          traced-201   [000] ...2   286.627928: sched_switch: prev_comm=traced prev_pid=201 prev_prio=120 prev_state=R ==> next_comm=ple.kvbenchmark next_pid=4317 next_prio=120
           <...>-4317  [000] ...2   286.628062: sched_switch: prev_comm=ple.kvbenchmark prev_pid=4317 prev_prio=120 prev_state=S ==> next_comm=traced next_pid=201 next_prio=120
          traced-201   [000] ...2   286.629114: sched_switch: prev_comm=traced prev_pid=201 prev_prio=120 prev_state=R ==> next_comm=ple.kvbenchmark next_pid=4317 next_prio=120
           <...>-4317  [000] ...2   286.629157: sched_switch: prev_comm=ple.kvbenchmark prev_pid=4317 prev_prio=120 prev_state=S ==> next_comm=traced next_pid=201 next_prio=120
          traced-201   [000] ...2   286.630208: sched_switch: prev_comm=traced prev_pid=201 prev_prio=120 prev_state=R ==> next_comm=ple.kvbenchmark next_pid=4317 next_prio=120
           <...>-4317  [000] ...2   286.630337: sched_switch: prev_comm=ple.kvbenchmark prev_pid=4317 prev_prio=120 prev_state=S ==> next_comm=traced next_pid=201 next_prio=120
          traced-201   [000] ...2   286.631388: sched_switch: prev_comm=traced prev_pid=201 prev_prio=120 prev_state=R ==> next_comm=ple.kvbenchmark next_pid=4317 next_prio=120
           <...>-4317  [000] ...2   286.631503: sched_switch: prev_comm=ple.kvbenchmark prev_pid=4317 prev_prio=120 prev_state=S ==> next_comm=traced next_pid=201 next_prio=120
          traced-201   [000] ...2   286.632554: sched_switch: prev_comm=traced prev_pid=201 prev_prio=120 prev_state=R ==> next_comm=ple.kvbenchmark next_pid=4317 next_prio=120
           <...>-4317  [000] ...2   286.632684: sched_switch: prev_comm=ple.kvbenchmark prev_pid=4317 prev_prio=120 prev_state=S ==> next_comm=traced next_pid=201 next_prio=120
          traced-201   [000] ...2   286.633736: sched_switch: prev_comm=traced prev_pid=201 prev_prio=120 prev_state=R ==> next_comm=ple.kvbenchmark next_pid=4317 next_prio=120
           <...>-4317  [000] ...2   286.633862: sched_switch: prev_comm=ple.kvbenchmark prev_pid=4317 prev_prio=120 prev_state=S ==> next_comm=traced next_pid=201 next_prio=120
          traced-201   [000] ...2   286.634912: sched_switch: prev_comm=traced prev_pid=201 prev_prio=120 prev_state=R ==> next_comm=ple.kvbenchmark next_pid=4317 next_prio=120
           <...>-4317  [000] ...2   286.634957: sched_switch: prev_comm=ple.kvbenchmark prev_pid=4317 prev_prio=120 prev_state=S ==> next_comm=traced next_pid=201 next_prio=120
          traced-201   [000] ...2   286.636008: sched_switch: prev_comm=traced prev_pid=201 prev_prio=120 prev_state=R ==> next_comm=ple.kvbenchmark next_pid=4317 next_prio=120
           <...>-4317  [000] ...2   286.636125: sched_switch: prev_comm=ple.kvbenchmark prev_pid=4317 prev_prio=120 prev_state=S ==> next_comm=traced next_pid=201 next_prio=120
          traced-201   [000] ...2   286.637176: sched_switch: prev_comm=traced prev_pid=201 prev_prio=120 prev_state=R ==> next_comm=ple.kvbenchmark next_pid=4317 next_prio=120
           <...>-4317  [000] ...2   286.637219: sched_switch: prev_comm=ple.kvbenchmark prev_pid=4317 prev_prio=120 prev_state=S ==> next_comm=traced next_pid=201 next_prio=120
          traced-201   [000] ...2   286.638270: sched_switch: prev_comm=traced prev_pid=201 prev_prio=120 prev_state=R ==> next_comm=ple.kvbenchmark next_pid=4317 next_prio=120
           <...>-4317  [000] ...2   286.638402: sched_switch: prev_comm=ple.kvbenchmark prev_pid=4317 prev_prio=120 prev_state=S ==> next_comm=traced next_pid=201 next_prio=120
          traced-201   [000] ...2   286.639453: sched_switch: prev_comm=traced prev_pid=201 prev_prio=120 prev_state=R ==> next_comm=ple.kvbenchmark next_pid=4317 next_prio=120
           <...>-4317  [000] ...2   286.639583: sched_switch: prev_comm=ple.kvbenchmark prev_pid=4317 prev_prio=120 prev_state=S ==> next_comm=traced next_pid=201 next_prio=120
          traced-201   [000] ...2   286.640635: sched_switch: prev_comm=traced prev_pid=201 prev_prio=120 prev_state=R ==> next_comm=ple.kvbenchmark next_pid=4317 next_prio=120
           <...>-4317  [000] ...2   286.640764: sched_switch: prev_comm=ple.kvbenchmark prev_pid=4317 prev_prio=120 prev_state=S ==> next_comm=traced next_pid=201 next_prio=120
          traced-201   [000] ...2   286.641814: sched_switch: prev_comm=traced prev_pid=201 prev_prio=120 prev_state=R ==> next_comm=ple.kvbenchmark next_pid=4317 next_prio=120
           <...>-4317  [000] ...2   286.641857: sched_switch: prev_comm=ple.kvbenchmark prev_pid=4317 prev_prio=120 prev_state=S ==> next_comm=traced next_pid=201 next_prio=120
          <idle>-0     [001] ...2   286.642000: sched_switch: prev_comm=swapper/1 prev_pid=0 prev_prio=120 prev_state=R ==> next_comm=kworker/u:1 next_pid=21 next_prio=120
          traced-201   [000] ...2   286.642012: sched_switch: prev_comm=traced prev_pid=201 prev_prio=120 prev_state=R ==> next_comm=mpdecision next_pid=1747 next_prio=113
     kworker/u:1-21    [001] ...2   286.642019: sched_switch: prev_comm=kworker/u:1 prev_pid=21 prev_prio=120 prev_state=S ==> next_comm=swapper/1 next_pid=0 next_prio=120
      mpdecision-1747  [000] ...2   286.642215: sched_switch: prev_comm=mpdecision prev_pid=1747 prev_prio=113 prev_state=S ==> next_comm=traced next_pid=201 next_prio=120
          traced-201   [000] ...2   286.642910: sched_switch: prev_comm=traced prev_pid=201 prev_prio=120 prev_state=R ==> next_comm=ple.kvbenchmark next_pid=4317 next_prio=120
           <...>-4317  [000] ...2   286.643044: sched_switch: prev_comm=ple.kvbenchmark prev_pid=4317 prev_prio=120 prev_state=S ==> next_comm=traced next_pid=201 next_prio=120
          traced-201   [000] ...2   286.644094: sched_switch: prev_comm=traced prev_pid=201 prev_prio=120 prev_state=R ==> next_comm=ple.kvbenchmark next_pid=4317 next_prio=120
           <...>-4317  [000] ...2   286.644139: sched_switch: prev_comm=ple.kvbenchmark prev_pid=4317 prev_prio=120 prev_state=S ==> next_comm=traced next_pid=201 next_prio=120
          traced-201   [000] ...2   286.645190: sched_switch: prev_comm=traced prev_pid=201 prev_prio=120 prev_state=R ==> next_comm=ple.kvbenchmark next_pid=4317 next_prio=120
           <...>-4317  [000] ...2   286.645234: sched_switch: prev_comm=ple.kvbenchmark prev_pid=4317 prev_prio=120 prev_state=S ==> next_comm=traced next_pid=201 next_prio=120
          traced-201   [000] ...2   286.646285: sched_switch: prev_comm=traced prev_pid=201 prev_prio=120 prev_state=R ==> next_comm=ple.kvbenchmark next_pid=4317 next_prio=120
           <...>-4317  [000] ...2   286.646404: sched_switch: prev_comm=ple.kvbenchmark prev_pid=4317 prev_prio=120 prev_state=S ==> next_comm=traced next_pid=201 next_prio=120
          traced-201   [000] ...2   286.647455: sched_switch: prev_comm=traced prev_pid=201 prev_prio=120 prev_state=R ==> next_comm=ple.kvbenchmark next_pid=4317 next_prio=120
           <...>-4317  [000] ...2   286.647600: sched_switch: prev_comm=ple.kvbenchmark prev_pid=4317 prev_prio=120 prev_state=S ==> next_comm=traced next_pid=201 next_prio=120
