           <...>-3269  [001] ...2   391.375214: sched_switch: prev_comm=ple.kvbenchmark prev_pid=3269 prev_prio=120 prev_state=S ==> next_comm=traced next_pid=201 next_prio=120
          traced-201   [001] ...2   391.376265: sched_switch: prev_comm=traced prev_pid=201 prev_prio=120 prev_state=R ==> next_comm=ple.kvbenchmark next_pid=3269 next_prio=120
           <...>-3269  [001] ...2   391.376307: sched_switch: prev_comm=ple.kvbenchmark prev_pid=3269 prev_prio=120 prev_state=S ==> next_comm=traced next_pid=201 next_prio=120
          traced-201   [001] ...2   391.377359: sched_switch: prev_comm=traced prev_pid=201 prev_prio=120 prev_state=R ==> next_comm=ple.kvbenchmark next_pid=3269 next_prio=120
           <...>-3269  [001] ...2   391.377402: sched_switch: prev_comm=ple.kvbenchmark prev_pid=3269 prev_prio=120 prev_state=S ==> next_comm=traced next_pid=201 next_prio=120
          traced-201   [001] ...2   391.378454: sched_switch: prev_comm=traced prev_pid=201 prev_prio=120 prev_state=R ==> next_comm=ple.kvbenchmark next_pid=3269 next_prio=120
           <...>-3269  [001] ...2   391.378497: sched_switch: prev_comm=ple.kvbenchmark prev_pid=3269 prev_prio=120 prev_state=S ==> next_comm=traced next_pid=201 next_prio=120
          traced-201   [001] ...2   391.379549: sched_switch: prev_comm=traced prev_pid=201 prev_prio=120 prev_state=R ==> next_comm=ple.kvbenchmark next_pid=3269 next_prio=120
           <...>-3269  [001] ...2   391.379592: sched_switch: prev_comm=ple.kvbenchmark prev_pid=3269 prev_prio=120 prev_state=S ==> next_comm=traced next_pid=201 next_prio=120
          traced-201   [001] ...2   391.380643: sched_switch: prev_comm=traced prev_pid=201 prev_prio=120 prev_state=R ==> next_comm=ple.kvbenchmark next_pid=3269 next_prio=120
           <...>-3269  [001] ...2   391.380687: sched_switch: prev_comm=ple.kvbenchmark prev_pid=3269 prev_prio=120 prev_state=S ==> next_comm=traced next_pid=201 next_prio=120
          traced-201   [001] ...2   391.381738: sched_switch: prev_comm=traced prev_pid=201 prev_prio=120 prev_state=R ==> next_comm=ple.kvbenchmark next_pid=3269 next_prio=120
           <...>-3269  [001] ...2   391.381782: sched_switch: prev_comm=ple.kvbenchmark prev_pid=3269 prev_prio=120 prev_state=S ==> next_comm=traced next_pid=201 next_prio=120
          traced-201   [001] ...2   391.382833: sched_switch: prev_comm=traced prev_pid=201 prev_prio=120 prev_state=R ==> next_comm=ple.kvbenchmark next_pid=3269 next_prio=120
           <...>-3269  [001] ...2   391.382877: sched_switch: prev_comm=ple.kvbenchmark prev_pid=3269 prev_prio=120 prev_state=S ==> next_comm=traced next_pid=201 next_prio=120
          traced-201   [001] ...2   391.383929: sched_switch: prev_comm=traced prev_pid=201 prev_prio=120 prev_state=R ==> next_comm=ple.kvbenchmark next_pid=3269 next_prio=120
           <...>-3269  [001] ...2   391.383971: sched_switch: prev_comm=ple.kvbenchmark prev_pid=3269 prev_prio=120 prev_state=S ==> next_comm=traced next_pid=201 next_prio=120
          <idle>-0     [000] ...2   391.384776: sched_switch: prev_comm=swapper/0 prev_pid=0 prev_prio=120 prev_state=R ==> next_comm=kworker/u:0 next_pid=6 next_prio=120
     kworker/u:0-6     [000] ...2   391.384788: sched_switch: prev_comm=kworker/u:0 prev_pid=6 prev_prio=120 prev_state=S ==> next_comm=mpdecision next_pid=1789 next_prio=113
      mpdecision-1789  [000] ...2   391.384978: sched_switch: prev_comm=mpdecision prev_pid=1789 prev_prio=113 prev_state=S ==> next_comm=swapper/0 next_pid=0 next_prio=120
          <idle>-0     [000] ...2   391.384991: sched_switch: prev_comm=swapper/0 prev_pid=0 prev_prio=120 prev_state=R ==> next_comm=ksoftirqd/0 next_pid=3 next_prio=120
          traced-201   [001] ...2   391.385023: sched_switch: prev_comm=traced prev_pid=201 prev_prio=120 prev_state=R ==> next_comm=ple.kvbenchmark next_pid=3269 next_prio=120
     ksoftirqd/0-3     [000] ...2   391.385041: sched_switch: prev_comm=ksoftirqd/0 prev_pid=3 prev_prio=120 prev_state=S ==> next_comm=swapper/0 next_pid=0 next_prio=120
          <idle>-0     [000] ...2   391.385056: sched_switch: prev_comm=swapper/0 prev_pid=0 prev_prio=120 prev_state=R ==> next_comm=ksoftirqd/0 next_pid=3 next_prio=120
           <...>-3269  [001] ...2   391.385067: sched_switch: prev_comm=ple.kvbenchmark prev_pid=3269 prev_prio=120 prev_state=S ==> next_comm=traced next_pid=201 next_prio=120
     ksoftirqd/0-3     [000] ...2   391.385069: sched_switch: prev_comm=ksoftirqd/0 prev_pid=3 prev_prio=120 prev_state=S ==> next_comm=swapper/0 next_pid=0 next_prio=120
          <idle>-0     [000] ...2   391.385082: sched_switch: prev_comm=swapper/0 prev_pid=0 prev_prio=120 prev_state=R ==> next_comm=ksoftirqd/0 next_pid=3 next_prio=120
     ksoftirqd/0-3     [000] ...2   391.385089: sched_switch: prev_comm=ksoftirqd/0 prev_pid=3 prev_prio=120 prev_state=S ==> next_comm=swapper/0 next_pid=0 next_prio=120
          traced-201   [001] ...2   391.386119: sched_switch: prev_comm=traced prev_pid=201 prev_prio=120 prev_state=R ==> next_comm=ple.kvbenchmark next_pid=3269 next_prio=120
           <...>-3269  [001] ...2   391.386162: sched_switch: prev_comm=ple.kvbenchmark prev_pid=3269 prev_prio=120 prev_state=S ==> next_comm=traced next_pid=201 next_prio=120
          traced-201   [001] ...2   391.387214: sched_switch: prev_comm=traced prev_pid=201 prev_prio=120 prev_state=R ==> next_comm=ple.kvbenchmark next_pid=3269 next_prio=120
           <...>-3269  [001] ...2   391.387273: sched_switch: prev_comm=ple.kvbenchmark prev_pid=3269 prev_prio=120 prev_state=S ==> next_comm=traced next_pid=201 next_prio=120
          traced-201   [001] ...2   391.388325: sched_switch: prev_comm=traced prev_pid=201 prev_prio=120 prev_state=R ==> next_comm=ple.kvbenchmark next_pid=3269 next_prio=120
           <...>-3269  [001] ...2   391.388369: sched_switch: prev_comm=ple.kvbenchmark prev_pid=3269 prev_prio=120 prev_state=S ==> next_comm=traced next_pid=201 next_prio=120
          traced-201   [001] ...2   391.389421: sched_switch: prev_comm=traced prev_pid=201 prev_prio=120 prev_state=R ==> next_comm=ple.kvbenchmark next_pid=3269 next_prio=120
           <...>-3269  [001] ...2   391.389466: sched_switch: prev_comm=ple.kvbenchmark prev_pid=3269 prev_prio=120 prev_state=S ==> next_comm=traced next_pid=201 next_prio=120
          traced-201   [001] ...2   391.390518: sched_switch: prev_comm=traced prev_pid=201 prev_prio=120 prev_state=R ==> next_comm=ple.kvbenchmark next_pid=3269 next_prio=120
           <...>-3269  [001] ...2   391.390561: sched_switch: prev_comm=ple.kvbenchmark prev_pid=3269 prev_prio=120 prev_state=S ==> next_comm=traced next_pid=201 next_prio=120
          traced-201   [001] ...2   391.391613: sched_switch: prev_comm=traced prev_pid=201 prev_prio=120 prev_state=R ==> next_comm=ple.kvbenchmark next_pid=3269 next_prio=120
           <...>-3269  [001] ...2   391.391657: sched_switch: prev_comm=ple.kvbenchmark prev_pid=3269 prev_prio=120 prev_state=S ==> next_comm=traced next_pid=201 next_prio=120
          traced-201   [001] ...2   391.392709: sched_switch: prev_comm=traced prev_pid=201 prev_prio=120 prev_state=R ==> next_comm=ple.kvbenchmark next_pid=3269 next_prio=120
           <...>-3269  [001] ...2   391.392752: sched_switch: prev_comm=ple.kvbenchmark prev_pid=3269 prev_prio=120 prev_state=S ==> next_comm=traced next_pid=201 next_prio=120
          traced-201   [001] ...2   391.393804: sched_switch: prev_comm=traced prev_pid=201 prev_prio=120 prev_state=R ==> next_comm=ple.kvbenchmark next_pid=3269 next_prio=120
           <...>-3269  [001] ...2   391.393846: sched_switch: prev_comm=ple.kvbenchmark prev_pid=3269 prev_prio=120 prev_state=S ==> next_comm=traced next_pid=201 next_prio=120
          traced-201   [001] ...2   391.394898: sched_switch: prev_comm=traced prev_pid=201 prev_prio=120 prev_state=R ==> next_comm=ple.kvbenchmark next_pid=3269 next_prio=120
           <...>-3269  [001] ...2   391.394943: sched_switch: prev_comm=ple.kvbenchmark prev_pid=3269 prev_prio=120 prev_state=S ==> next_comm=traced next_pid=201 next_prio=120
          traced-201   [001] ...2   391.395994: sched_switch: prev_comm=traced prev_pid=201 prev_prio=120 prev_state=R ==> next_comm=ple.kvbenchmark next_pid=3269 next_prio=120
           <...>-3269  [001] ...2   391.396037: sched_switch: prev_comm=ple.kvbenchmark prev_pid=3269 prev_prio=120 prev_state=S ==> next_comm=traced next_pid=201 next_prio=120
          traced-201   [001] ...2   391.397089: sched_switch: prev_comm=traced prev_pid=201 prev_prio=120 prev_state=R ==> next_comm=ple.kvbenchmark next_pid=3269 next_prio=120
           <...>-3269  [001] ...2   391.397132: sched_switch: prev_comm=ple.kvbenchmark prev_pid=3269 prev_prio=120 prev_state=S ==> next_comm=traced next_pid=201 next_prio=120
          traced-201   [001] ...2   391.398183: sched_switch: prev_comm=traced prev_pid=201 prev_prio=120 prev_state=R ==> next_comm=ple.kvbenchmark next_pid=3269 next_prio=120
           <...>-3269  [001] ...2   391.398226: sched_switch: prev_comm=ple.kvbenchmark prev_pid=3269 prev_prio=120 prev_state=S ==> next_comm=traced next_pid=201 next_prio=120
          traced-201   [001] ...2   391.399278: sched_switch: prev_comm=traced prev_pid=201 prev_prio=120 prev_state=R ==> next_comm=ple.kvbenchmark next_pid=3269 next_prio=120
           <...>-3269  [001] ...2   391.399319: sched_switch: prev_comm=ple.kvbenchmark prev_pid=3269 prev_prio=120 prev_state=S ==> next_comm=traced next_pid=201 next_prio=120
          traced-201   [001] ...2   391.400372: sched_switch: prev_comm=traced prev_pid=201 prev_prio=120 prev_state=R ==> next_comm=ple.kvbenchmark next_pid=3269 next_prio=120
           <...>-3269  [001] ...2   391.400415: sched_switch: prev_comm=ple.kvbenchmark prev_pid=3269 prev_prio=120 prev_state=S ==> next_comm=traced next_pid=201 next_prio=120
          traced-201   [001] ...2   391.401467: sched_switch: prev_comm=traced prev_pid=201 prev_prio=120 prev_state=R ==> next_comm=ple.kvbenchmark next_pid=3269 next_prio=120
           <...>-3269  [001] ...2   391.401509: sched_switch: prev_comm=ple.kvbenchmark prev_pid=3269 prev_prio=120 prev_state=S ==> next_comm=traced next_pid=201 next_prio=120
          traced-201   [001] ...2   391.402561: sched_switch: prev_comm=traced prev_pid=201 prev_prio=120 prev_state=R ==> next_comm=ple.kvbenchmark next_pid=3269 next_prio=120
           <...>-3269  [001] ...2   391.402605: sched_switch: prev_comm=ple.kvbenchmark prev_pid=3269 prev_prio=120 prev_state=S ==> next_comm=traced next_pid=201 next_prio=120
          traced-201   [001] ...2   391.403657: sched_switch: prev_comm=traced prev_pid=201 prev_prio=120 prev_state=R ==> next_comm=ple.kvbenchmark next_pid=3269 next_prio=120
           <...>-3269  [001] ...2   391.403700: sched_switch: prev_comm=ple.kvbenchmark prev_pid=3269 prev_prio=120 prev_state=S ==> next_comm=traced next_pid=201 next_prio=120
          traced-201   [001] ...2   391.404751: sched_switch: prev_comm=traced prev_pid=201 prev_prio=120 prev_state=R ==> next_comm=ple.kvbenchmark next_pid=3269 next_prio=120
          <idle>-0     [000] ...2   391.404782: sched_switch: prev_comm=swapper/0 prev_pid=0 prev_prio=120 prev_state=R ==> next_comm=ksoftirqd/0 next_pid=3 next_prio=120
     ksoftirqd/0-3     [000] ...2   391.404795: sched_switch: prev_comm=ksoftirqd/0 prev_pid=3 prev_prio=120 prev_state=S ==> next_comm=swapper/0 next_pid=0 next_prio=120
          <idle>-0     [000] ...2   391.404808: sched_switch: prev_comm=swapper/0 prev_pid=0 prev_prio=120 prev_state=R ==> next_comm=ksoftirqd/0 next_pid=3 next_prio=120
           <...>-3269  [001] ...2   391.404812: sched_switch: prev_comm=ple.kvbenchmark prev_pid=3269 prev_prio=120 prev_state=S ==> next_comm=traced next_pid=201 next_prio=120
     ksoftirqd/0-3     [000] ...2   391.404816: sched_switch: prev_comm=ksoftirqd/0 prev_pid=3 prev_prio=120 prev_state=S ==> next_comm=swapper/0 next_pid=0 next_prio=120
          <idle>-0     [000] ...2   391.404855: sched_switch: prev_comm=swapper/0 prev_pid=0 prev_prio=120 prev_state=R ==> next_comm=m.android.emai next_pid=2549 next_prio=120
  m.android.emai-2549  [000] ...2   391.404875: sched_switch: prev_comm=m.android.emai prev_pid=2549 prev_prio=120 prev_state=S ==> next_comm=d.process.acor next_pid=1363 next_prio=120
  d.process.acor-1363  [000] ...2   391.404893: sched_switch: prev_comm=d.process.acor prev_pid=1363 prev_prio=120 prev_state=S ==> next_comm=id.gms.wearabl next_pid=1731 next_prio=120
  id.gms.wearabl-1731  [000] ...2   391.404909: sched_switch: prev_comm=id.gms.wearabl prev_pid=1731 prev_prio=120 prev_state=S ==> next_comm=ksoftirqd/0 next_pid=3 next_prio=120
     ksoftirqd/0-3     [000] ...2   391.404917: sched_switch: prev_comm=ksoftirqd/0 prev_pid=3 prev_prio=120 prev_state=S ==> next_comm=swapper/0 next_pid=0 next_prio=120
          traced-201   [001] ...2   391.405864: sched_switch: prev_comm=traced prev_pid=201 prev_prio=120 prev_state=R ==> next_comm=ple.kvbenchmark next_pid=3269 next_prio=120
           <...>-3269  [001] ...2   391.405910: sched_switch: prev_comm=ple.kvbenchmark prev_pid=3269 prev_prio=120 prev_state=S ==> next_comm=traced next_pid=201 next_prio=120
          traced-201   [001] ...2   391.406960: sched_switch: prev_comm=traced prev_pid=201 prev_prio=120 prev_state=R ==> next_comm=ple.kvbenchmark next_pid=3269 next_prio=120
           <...>-3269  [001] ...2   391.407002: sched_switch: prev_comm=ple.kvbenchmark prev_pid=3269 prev_prio=120 prev_state=S ==> next_comm=traced next_pid=201 next_prio=120
          traced-201   [001] ...2   391.408054: sched_switch: prev_comm=traced prev_pid=201 prev_prio=120 prev_state=R ==> next_comm=ple.kvbenchmark next_pid=3269 next_prio=120
           <...>-3269  [001] ...2   391.408095: sched_switch: prev_comm=ple.kvbenchmark prev_pid=3269 prev_prio=120 prev_state=S ==> next_comm=traced next_pid=201 next_prio=120
          traced-201   [001] ...2   391.409146: sched_switch: prev_comm=traced prev_pid=201 prev_prio=120 prev_state=R ==> next_comm=ple.kvbenchmark next_pid=3269 next_prio=120
           <...>-3269  [001] ...2   391.409187: sched_switch: prev_comm=ple.kvbenchmark prev_pid=3269 prev_prio=120 prev_state=S ==> next_comm=traced next_pid=201 next_prio=120
          traced-201   [001] ...2   391.410239: sched_switch: prev_comm=traced prev_pid=201 prev_prio=120 prev_state=R ==> next_comm=ple.kvbenchmark next_pid=3269 next_prio=120
           <...>-3269  [001] ...2   391.410283: sched_switch: prev_comm=ple.kvbenchmark prev_pid=3269 prev_prio=120 prev_state=S ==> next_comm=traced next_pid=201 next_prio=120
          traced-201   [001] ...2   391.411335: sched_switch: prev_comm=traced prev_pid=201 prev_prio=120 prev_state=R ==> next_comm=ple.kvbenchmark next_pid=3269 next_prio=120
           <...>-3269  [001] ...2   391.411376: sched_switch: prev_comm=ple.kvbenchmark prev_pid=3269 prev_prio=120 prev_state=S ==> next_comm=traced next_pid=201 next_prio=120
          traced-201   [001] ...2   391.412428: sched_switch: prev_comm=traced prev_pid=201 prev_prio=120 prev_state=R ==> next_comm=ple.kvbenchmark next_pid=3269 next_prio=120
           <...>-3269  [001] ...2   391.412469: sched_switch: prev_comm=ple.kvbenchmark prev_pid=3269 prev_prio=120 prev_state=S ==> next_comm=traced next_pid=201 next_prio=120
          traced-201   [001] ...2   391.413521: sched_switch: prev_comm=traced prev_pid=201 prev_prio=120 prev_state=R ==> next_comm=ple.kvbenchmark next_pid=3269 next_prio=120
           <...>-3269  [001] ...2   391.413564: sched_switch: prev_comm=ple.kvbenchmark prev_pid=3269 prev_prio=120 prev_state=S ==> next_comm=traced next_pid=201 next_prio=120
          traced-201   [001] ...2   391.414615: sched_switch: prev_comm=traced prev_pid=201 prev_prio=120 prev_state=R ==> next_comm=ple.kvbenchmark next_pid=3269 next_prio=120
           <...>-3269  [001] ...2   391.414658: sched_switch: prev_comm=ple.kvbenchmark prev_pid=3269 prev_prio=120 prev_state=S ==> next_comm=traced next_pid=201 next_prio=120
          <idle>-0     [000] ...2   391.414784: sched_switch: prev_comm=swapper/0 prev_pid=0 prev_prio=120 prev_state=R ==> next_comm=ksoftirqd/0 next_pid=3 next_prio=120
     ksoftirqd/0-3     [000] ...2   391.414792: sched_switch: prev_comm=ksoftirqd/0 prev_pid=3 prev_prio=120 prev_state=S ==> next_comm=swapper/0 next_pid=0 next_prio=120
          <idle>-0     [000] ...2   391.414807: sched_switch: prev_comm=swapper/0 prev_pid=0 prev_prio=120 prev_state=R ==> next_comm=ksoftirqd/0 next_pid=3 next_prio=120
     ksoftirqd/0-3     [000] ...2   391.414815: sched_switch: prev_comm=ksoftirqd/0 prev_pid=3 prev_prio=120 prev_state=S ==> next_comm=swapper/0 next_pid=0 next_prio=120
          <idle>-0     [000] ...2   391.414829: sched_switch: prev_comm=swapper/0 prev_pid=0 prev_prio=120 prev_state=R ==> next_comm=ksoftirqd/0 next_pid=3 next_prio=120
     ksoftirqd/0-3     [000] ...2   391.414837: sched_switch: prev_comm=ksoftirqd/0 prev_pid=3 prev_prio=120 prev_state=S ==> next_comm=swapper/0 next_pid=0 next_prio=120
          traced-201   [001] ...2   391.415710: sched_switch: prev_comm=traced prev_pid=201 prev_prio=120 prev_state=R ==> next_comm=ple.kvbenchmark next_pid=3269 next_prio=120
           <...>-3269  [001] ...2   391.415753: sched_switch: prev_comm=ple.kvbenchmark prev_pid=3269 prev_prio=120 prev_state=S ==> next_comm=traced next_pid=201 next_prio=120
          traced-201   [001] ...2   391.416805: sched_switch: prev_comm=traced prev_pid=201 prev_prio=120 prev_state=R ==> next_comm=ple.kvbenchmark next_pid=3269 next_prio=120
           <...>-3269  [001] ...2   391.416848: sched_switch: prev_comm=ple.kvbenchmark prev_pid=3269 prev_prio=120 prev_state=S ==> next_comm=traced next_pid=201 next_prio=120
          traced-201   [001] ...2   391.417900: sched_switch: prev_comm=traced prev_pid=201 prev_prio=120 prev_state=R ==> next_comm=ple.kvbenchmark next_pid=3269 next_prio=120
           <...>-3269  [001] ...2   391.417942: sched_switch: prev_comm=ple.kvbenchmark prev_pid=3269 prev_prio=120 prev_state=S ==> next_comm=traced next_pid=201 next_prio=120
          traced-201   [001] ...2   391.418994: sched_switch: prev_comm=traced prev_pid=201 prev_prio=120 prev_state=R ==> next_comm=ple.kvbenchmark next_pid=3269 next_prio=120
           <...>-3269  [001] ...2   391.419037: sched_switch: prev_comm=ple.kvbenchmark prev_pid=3269 prev_prio=120 prev_state=S ==> next_comm=traced next_pid=201 next_prio=120
          traced-201   [001] ...2   391.420089: sched_switch: prev_comm=traced prev_pid=201 prev_prio=120 prev_state=R ==> next_comm=ple.kvbenchmark next_pid=3269 next_prio=120
           <...>-3269  [001] ...2   391.420133: sched_switch: prev_comm=ple.kvbenchmark prev_pid=3269 prev_prio=120 prev_state=S ==> next_comm=traced next_pid=201 next_prio=120
          traced-201   [001] ...2   391.421184: sched_switch: prev_comm=traced prev_pid=201 prev_prio=120 prev_state=R ==> next_comm=ple.kvbenchmark next_pid=3269 next_prio=120
           <...>-3269  [001] ...2   391.421227: sched_switch: prev_comm=ple.kvbenchmark prev_pid=3269 prev_prio=120 prev_state=S ==> next_comm=traced next_pid=201 next_prio=120
          traced-201   [001] ...2   391.422279: sched_switch: prev_comm=traced prev_pid=201 prev_prio=120 prev_state=R ==> next_comm=ple.kvbenchmark next_pid=3269 next_prio=120
           <...>-3269  [001] ...2   391.422322: sched_switch: prev_comm=ple.kvbenchmark prev_pid=3269 prev_prio=120 prev_state=S ==> next_comm=traced next_pid=201 next_prio=120
          traced-201   [001] ...2   391.423373: sched_switch: prev_comm=traced prev_pid=201 prev_prio=120 prev_state=R ==> next_comm=ple.kvbenchmark next_pid=3269 next_prio=120
           <...>-3269  [001] ...2   391.423420: sched_switch: prev_comm=ple.kvbenchmark prev_pid=3269 prev_prio=120 prev_state=S ==> next_comm=traced next_pid=201 next_prio=120
          traced-201   [001] ...2   391.424471: sched_switch: prev_comm=traced prev_pid=201 prev_prio=120 prev_state=R ==> next_comm=ple.kvbenchmark next_pid=3269 next_prio=120
           <...>-3269  [001] ...2   391.424514: sched_switch: prev_comm=ple.kvbenchmark prev_pid=3269 prev_prio=120 prev_state=S ==> next_comm=traced next_pid=201 next_prio=120
          traced-201   [001] ...2   391.425566: sched_switch: prev_comm=traced prev_pid=201 prev_prio=120 prev_state=R ==> next_comm=ple.kvbenchmark next_pid=3269 next_prio=120
           <...>-3269  [001] ...2   391.425610: sched_switch: prev_comm=ple.kvbenchmark prev_pid=3269 prev_prio=120 prev_state=S ==> next_comm=traced next_pid=201 next_prio=120
          traced-201   [001] ...2   391.426661: sched_switch: prev_comm=traced prev_pid=201 prev_prio=120 prev_state=R ==> next_comm=ple.kvbenchmark next_pid=3269 next_prio=120
           <...>-3269  [001] ...2   391.426705: sched_switch: prev_comm=ple.kvbenchmark prev_pid=3269 prev_prio=120 prev_state=S ==> next_comm=traced next_pid=201 next_prio=120
          traced-201   [001] ...2   391.427757: sched_switch: prev_comm=traced prev_pid=201 prev_prio=120 prev_state=R ==> next_comm=ple.kvbenchmark next_pid=3269 next_prio=120
           <...>-3269  [001] ...2   391.427801: sched_switch: prev_comm=ple.kvbenchmark prev_pid=3269 prev_prio=120 prev_state=S ==> next_comm=traced next_pid=201 next_prio=120
          traced-201   [001] ...2   391.428853: sched_switch: prev_comm=traced prev_pid=201 prev_prio=120 prev_state=R ==> next_comm=ple.kvbenchmark next_pid=3269 next_prio=120
           <...>-3269  [001] ...2   391.428896: sched_switch: prev_comm=ple.kvbenchmark prev_pid=3269 prev_prio=120 prev_state=S ==> next_comm=traced next_pid=201 next_prio=120
          traced-201   [001] ...2   391.429948: sched_switch: prev_comm=traced prev_pid=201 prev_prio=120 prev_state=R ==> next_comm=ple.kvbenchmark next_pid=3269 next_prio=120
           <...>-3269  [001] ...2   391.429992: sched_switch: prev_comm=ple.kvbenchmark prev_pid=3269 prev_prio=120 prev_state=S ==> next_comm=traced next_pid=201 next_prio=120
          traced-201   [001] ...2   391.431044: sched_switch: prev_comm=traced prev_pid=201 prev_prio=120 prev_state=R ==> next_comm=ple.kvbenchmark next_pid=3269 next_prio=120
           <...>-3269  [001] ...2   391.431087: sched_switch: prev_comm=ple.kvbenchmark prev_pid=3269 prev_prio=120 prev_state=S ==> next_comm=traced next_pid=201 next_prio=120
          traced-201   [001] ...2   391.432138: sched_switch: prev_comm=traced prev_pid=201 prev_prio=120 prev_state=R ==> next_comm=ple.kvbenchmark next_pid=3269 next_prio=120
           <...>-3269  [001] ...2   391.432181: sched_switch: prev_comm=ple.kvbenchmark prev_pid=3269 prev_prio=120 prev_state=S ==> next_comm=traced next_pid=201 next_prio=120
          traced-201   [001] ...2   391.433232: sched_switch: prev_comm=traced prev_pid=201 prev_prio=120 prev_state=R ==> next_comm=ple.kvbenchmark next_pid=3269 next_prio=120
           <...>-3269  [001] ...2   391.433276: sched_switch: prev_comm=ple.kvbenchmark prev_pid=3269 prev_prio=120 prev_state=S ==> next_comm=traced next_pid=201 next_prio=120
          traced-201   [001] ...2   391.434327: sched_switch: prev_comm=traced prev_pid=201 prev_prio=120 prev_state=R ==> next_comm=ple.kvbenchmark next_pid=3269 next_prio=120
           <...>-3269  [001] ...2   391.434372: sched_switch: prev_comm=ple.kvbenchmark prev_pid=3269 prev_prio=120 prev_state=S ==> next_comm=traced next_pid=201 next_prio=120
          <idle>-0     [000] ...2   391.434775: sched_switch: prev_comm=swapper/0 prev_pid=0 prev_prio=120 prev_state=R ==> next_comm=kworker/u:0 next_pid=6 next_prio=120
          traced-201   [001] ...2   391.434780: sched_switch: prev_comm=traced prev_pid=201 prev_prio=120 prev_state=R ==> next_comm=kworker/1:1 next_pid=5940 next_prio=120
     kworker/1:1-5940  [001] ...2   391.434784: phonelab_periodic_ctx_switch_marker: BEGIN cpu=1 count=0 log_idx=176
     kworker/1:1-5940  [001] ...2   391.434786: phonelab_periodic_ctx_switch_info: cpu=1 pid=7086 tgid=7086 nice=0 comm=sh utime=0 stime=0 rtime=433698 bg_utime=0 bg_stime=0 bg_rtime=0 s_run=1 s_int=0 s_unint=0 s_oth=0 log_idx=176
     kworker/1:1-5940  [001] ...2   391.434787: phonelab_periodic_ctx_switch_info: cpu=1 pid=7073 tgid=1849 nice=0 comm=adbd utime=0 stime=0 rtime=167604 bg_utime=0 bg_stime=0 bg_rtime=0 s_run=0 s_int=1 s_unint=0 s_oth=1 log_idx=176
     kworker/u:0-6     [000] ...2   391.434788: sched_switch: prev_comm=kworker/u:0 prev_pid=6 prev_prio=120 prev_state=S ==> next_comm=mpdecision next_pid=1789 next_prio=113
     kworker/1:1-5940  [001] ...2   391.434789: phonelab_periodic_ctx_switch_info: cpu=1 pid=7080 tgid=7080 nice=0 comm=kthreadd utime=0 stime=0 rtime=12604 bg_utime=0 bg_stime=0 bg_rtime=0 s_run=0 s_int=0 s_unint=1 s_oth=0 log_idx=176
     kworker/1:1-5940  [001] ...2   391.434790: phonelab_periodic_ctx_switch_info: cpu=1 pid=5943 tgid=5943 nice=-20 comm=kworker/1:1H utime=0 stime=0 rtime=172914 bg_utime=0 bg_stime=0 bg_rtime=0 s_run=0 s_int=5 s_unint=0 s_oth=0 log_idx=176
     kworker/1:1-5940  [001] ...2   391.434791: phonelab_periodic_ctx_switch_info: cpu=1 pid=3282 tgid=3269 nice=0 comm=FinalizerDaemon utime=0 stime=0 rtime=2281563 bg_utime=0 bg_stime=0 bg_rtime=0 s_run=0 s_int=15 s_unint=0 s_oth=0 log_idx=176
     kworker/1:1-5940  [001] ...2   391.434792: phonelab_periodic_ctx_switch_info: cpu=1 pid=3281 tgid=3269 nice=0 comm=ReferenceQueueD utime=0 stime=0 rtime=601770 bg_utime=0 bg_stime=0 bg_rtime=0 s_run=0 s_int=7 s_unint=0 s_oth=0 log_idx=176
     kworker/1:1-5940  [001] ...2   391.434794: phonelab_periodic_ctx_switch_info: cpu=1 pid=549 tgid=193 nice=0 comm=bridgemgrd utime=0 stime=0 rtime=24896 bg_utime=0 bg_stime=0 bg_rtime=0 s_run=0 s_int=1 s_unint=0 s_oth=0 log_idx=176
     kworker/1:1-5940  [001] ...2   391.434795: phonelab_periodic_ctx_switch_info: cpu=1 pid=169 tgid=169 nice=0 comm=healthd utime=0 stime=0 rtime=43542 bg_utime=0 bg_stime=0 bg_rtime=0 s_run=0 s_int=1 s_unint=0 s_oth=0 log_idx=176
     kworker/1:1-5940  [001] ...2   391.434796: phonelab_periodic_ctx_switch_info: cpu=1 pid=3280 tgid=3269 nice=0 comm=JDWP utime=0 stime=0 rtime=2864896 bg_utime=0 bg_stime=0 bg_rtime=0 s_run=0 s_int=3 s_unint=0 s_oth=0 log_idx=176
     kworker/1:1-5940  [001] ...2   391.434797: phonelab_periodic_ctx_switch_info: cpu=1 pid=5940 tgid=5940 nice=0 comm=kworker/1:1 utime=0 stime=0 rtime=99479 bg_utime=0 bg_stime=0 bg_rtime=0 s_run=1 s_int=2 s_unint=0 s_oth=0 log_idx=176
     kworker/1:1-5940  [001] ...2   391.434798: phonelab_periodic_ctx_switch_info: cpu=1 pid=7081 tgid=7081 nice=0 comm=kthreadd utime=0 stime=0 rtime=43229 bg_utime=0 bg_stime=0 bg_rtime=0 s_run=0 s_int=0 s_unint=1 s_oth=1 log_idx=176
     kworker/1:1-5940  [001] ...2   391.434799: phonelab_periodic_ctx_switch_info: cpu=1 pid=201 tgid=201 nice=0 comm=traced utime=97 stime=0 rtime=981028603 bg_utime=0 bg_stime=0 bg_rtime=0 s_run=245 s_int=0 s_unint=0 s_oth=0 log_idx=176
     kworker/1:1-5940  [001] ...2   391.434801: phonelab_periodic_ctx_switch_info: cpu=1 pid=3278 tgid=3269 nice=0 comm=Heap thread poo utime=0 stime=1 rtime=1965989 bg_utime=0 bg_stime=0 bg_rtime=0 s_run=0 s_int=12 s_unint=0 s_oth=0 log_idx=176
     kworker/1:1-5940  [001] ...2   391.434802: phonelab_periodic_ctx_switch_info: cpu=1 pid=5936 tgid=5936 nice=0 comm=migration/1 utime=0 stime=0 rtime=603229 bg_utime=0 bg_stime=0 bg_rtime=0 s_run=0 s_int=2 s_unint=0 s_oth=0 log_idx=176
     kworker/1:1-5940  [001] ...2   391.434803: phonelab_periodic_ctx_switch_info: cpu=1 pid=3126 tgid=1849 nice=0 comm=adbd utime=0 stime=0 rtime=182812 bg_utime=0 bg_stime=0 bg_rtime=0 s_run=0 s_int=5 s_unint=0 s_oth=0 log_idx=176
     kworker/1:1-5940  [001] ...2   391.434804: phonelab_periodic_ctx_switch_info: cpu=1 pid=3269 tgid=3269 nice=0 comm=ple.kvbenchmark utime=0 stime=1 rtime=9409578 bg_utime=0 bg_stime=0 bg_rtime=0 s_run=0 s_int=192 s_unint=0 s_oth=0 log_idx=176
     kworker/1:1-5940  [001] ...2   391.434805: phonelab_periodic_ctx_switch_info: cpu=1 pid=7082 tgid=7082 nice=0 comm=kthreadd utime=0 stime=0 rtime=39323 bg_utime=0 bg_stime=0 bg_rtime=0 s_run=0 s_int=0 s_unint=1 s_oth=1 log_idx=176
     kworker/1:1-5940  [001] ...2   391.434810: phonelab_periodic_ctx_switch_marker: END cpu=1 count=17 log_idx=176
     kworker/1:1-5940  [001] ...2   391.434813: phonelab_timing: func=periodic_ctx_switch_info time=29115ns cpu=1
     kworker/1:1-5940  [001] ...2   391.434819: sched_switch: prev_comm=kworker/1:1 prev_pid=5940 prev_prio=120 prev_state=S ==> next_comm=traced next_pid=201 next_prio=120
      mpdecision-1789  [000] ...2   391.434981: sched_switch: prev_comm=mpdecision prev_pid=1789 prev_prio=113 prev_state=S ==> next_comm=swapper/0 next_pid=0 next_prio=120
          <idle>-0     [000] ...2   391.434996: sched_switch: prev_comm=swapper/0 prev_pid=0 prev_prio=120 prev_state=R ==> next_comm=ksoftirqd/0 next_pid=3 next_prio=120
     ksoftirqd/0-3     [000] ...2   391.435009: sched_switch: prev_comm=ksoftirqd/0 prev_pid=3 prev_prio=120 prev_state=S ==> next_comm=swapper/0 next_pid=0 next_prio=120
          <idle>-0     [000] ...2   391.435024: sched_switch: prev_comm=swapper/0 prev_pid=0 prev_prio=120 prev_state=R ==> next_comm=ksoftirqd/0 next_pid=3 next_prio=120
     ksoftirqd/0-3     [000] ...2   391.435032: sched_switch: prev_comm=ksoftirqd/0 prev_pid=3 prev_prio=120 prev_state=S ==> next_comm=swapper/0 next_pid=0 next_prio=120
          <idle>-0     [000] ...2   391.435047: sched_switch: prev_comm=swapper/0 prev_pid=0 prev_prio=120 prev_state=R ==> next_comm=ksoftirqd/0 next_pid=3 next_prio=120
     ksoftirqd/0-3     [000] ...2   391.435054: sched_switch: prev_comm=ksoftirqd/0 prev_pid=3 prev_prio=120 prev_state=S ==> next_comm=swapper/0 next_pid=0 next_prio=120
          traced-201   [001] ...2   391.435422: sched_switch: prev_comm=traced prev_pid=201 prev_prio=120 prev_state=R ==> next_comm=ple.kvbenchmark next_pid=3269 next_prio=120
           <...>-3269  [001] ...2   391.435469: sched_switch: prev_comm=ple.kvbenchmark prev_pid=3269 prev_prio=120 prev_state=S ==> next_comm=traced next_pid=201 next_prio=120
          traced-201   [001] ...2   391.436520: sched_switch: prev_comm=traced prev_pid=201 prev_prio=120 prev_state=R ==> next_comm=ple.kvbenchmark next_pid=3269 next_prio=120
           <...>-3269  [001] ...2   391.436564: sched_switch: prev_comm=ple.kvbenchmark prev_pid=3269 prev_prio=120 prev_state=S ==> next_comm=traced next_pid=201 next_prio=120
          traced-201   [001] ...2   391.437616: sched_switch: prev_comm=traced prev_pid=201 prev_prio=120 prev_state=R ==> next_comm=ple.kvbenchmark next_pid=3269 next_prio=120
           <...>-3269  [001] ...2   391.437660: sched_switch: prev_comm=ple.kvbenchmark prev_pid=3269 prev_prio=120 prev_state=S ==> next_comm=traced next_pid=201 next_prio=120
          traced-201   [001] ...2   391.438711: sched_switch: prev_comm=traced prev_pid=201 prev_prio=120 prev_state=R ==> next_comm=ple.kvbenchmark next_pid=3269 next_prio=120
           <...>-3269  [001] ...2   391.438758: sched_switch: prev_comm=ple.kvbenchmark prev_pid=3269 prev_prio=120 prev_state=S ==> next_comm=traced next_pid=201 next_prio=120
          traced-201   [001] ...2   391.439810: sched_switch: prev_comm=traced prev_pid=201 prev_prio=120 prev_state=R ==> next_comm=ple.kvbenchmark next_pid=3269 next_prio=120
           <...>-3269  [001] ...2   391.439854: sched_switch: prev_comm=ple.kvbenchmark prev_pid=3269 prev_prio=120 prev_state=S ==> next_comm=traced next_pid=201 next_prio=120
          traced-201   [001] ...2   391.440905: sched_switch: prev_comm=traced prev_pid=201 prev_prio=120 prev_state=R ==> next_comm=ple.kvbenchmark next_pid=3269 next_prio=120
           <...>-3269  [001] ...2   391.440949: sched_switch: prev_comm=ple.kvbenchmark prev_pid=3269 prev_prio=120 prev_state=S ==> next_comm=traced next_pid=201 next_prio=120
          traced-201   [001] ...2   391.442001: sched_switch: prev_comm=traced prev_pid=201 prev_prio=120 prev_state=R ==> next_comm=ple.kvbenchmark next_pid=3269 next_prio=120
           <...>-3269  [001] ...2   391.442045: sched_switch: prev_comm=ple.kvbenchmark prev_pid=3269 prev_prio=120 prev_state=S ==> next_comm=traced next_pid=201 next_prio=120
          traced-201   [001] ...2   391.443097: sched_switch: prev_comm=traced prev_pid=201 prev_prio=120 prev_state=R ==> next_comm=ple.kvbenchmark next_pid=3269 next_prio=120
           <...>-3269  [001] ...2   391.443138: sched_switch: prev_comm=ple.kvbenchmark prev_pid=3269 prev_prio=120 prev_state=S ==> next_comm=traced next_pid=201 next_prio=120
          traced-201   [001] ...2   391.444189: sched_switch: prev_comm=traced prev_pid=201 prev_prio=120 prev_state=R ==> next_comm=ple.kvbenchmark next_pid=3269 next_prio=120
           <...>-3269  [001] ...2   391.444231: sched_switch: prev_comm=ple.kvbenchmark prev_pid=3269 prev_prio=120 prev_state=S ==> next_comm=traced next_pid=201 next_prio=120
          traced-201   [001] ...2   391.445283: sched_switch: prev_comm=traced prev_pid=201 prev_prio=120 prev_state=R ==> next_comm=ple.kvbenchmark next_pid=3269 next_prio=120
           <...>-3269  [001] ...2   391.445327: sched_switch: prev_comm=ple.kvbenchmark prev_pid=3269 prev_prio=120 prev_state=S ==> next_comm=traced next_pid=201 next_prio=120
          traced-201   [001] ...2   391.446378: sched_switch: prev_comm=traced prev_pid=201 prev_prio=120 prev_state=R ==> next_comm=ple.kvbenchmark next_pid=3269 next_prio=120
           <...>-3269  [001] ...2   391.446422: sched_switch: prev_comm=ple.kvbenchmark prev_pid=3269 prev_prio=120 prev_state=S ==> next_comm=traced next_pid=201 next_prio=120
          traced-201   [001] ...2   391.447473: sched_switch: prev_comm=traced prev_pid=201 prev_prio=120 prev_state=R ==> next_comm=ple.kvbenchmark next_pid=3269 next_prio=120
           <...>-3269  [001] ...2   391.447520: sched_switch: prev_comm=ple.kvbenchmark prev_pid=3269 prev_prio=120 prev_state=S ==> next_comm=traced next_pid=201 next_prio=120
          traced-201   [001] ...2   391.448572: sched_switch: prev_comm=traced prev_pid=201 prev_prio=120 prev_state=R ==> next_comm=ple.kvbenchmark next_pid=3269 next_prio=120
           <...>-3269  [001] ...2   391.448616: sched_switch: prev_comm=ple.kvbenchmark prev_pid=3269 prev_prio=120 prev_state=S ==> next_comm=traced next_pid=201 next_prio=120
          traced-201   [001] ...2   391.449668: sched_switch: prev_comm=traced prev_pid=201 prev_prio=120 prev_state=R ==> next_comm=ple.kvbenchmark next_pid=3269 next_prio=120
           <...>-3269  [001] ...2   391.449711: sched_switch: prev_comm=ple.kvbenchmark prev_pid=3269 prev_prio=120 prev_state=S ==> next_comm=traced next_pid=201 next_prio=120
          traced-201   [001] ...2   391.450764: sched_switch: prev_comm=traced prev_pid=201 prev_prio=120 prev_state=R ==> next_comm=ple.kvbenchmark next_pid=3269 next_prio=120
           <...>-3269  [001] ...2   391.450807: sched_switch: prev_comm=ple.kvbenchmark prev_pid=3269 prev_prio=120 prev_state=S ==> next_comm=traced next_pid=201 next_prio=120
          traced-201   [001] ...2   391.451859: sched_switch: prev_comm=traced prev_pid=201 prev_prio=120 prev_state=R ==> next_comm=ple.kvbenchmark next_pid=3269 next_prio=120
           <...>-3269  [001] ...2   391.451902: sched_switch: prev_comm=ple.kvbenchmark prev_pid=3269 prev_prio=120 prev_state=S ==> next_comm=traced next_pid=201 next_prio=120
          traced-201   [001] ...2   391.452953: sched_switch: prev_comm=traced prev_pid=201 prev_prio=120 prev_state=R ==> next_comm=ple.kvbenchmark next_pid=3269 next_prio=120
           <...>-3269  [001] ...2   391.452997: sched_switch: prev_comm=ple.kvbenchmark prev_pid=3269 prev_prio=120 prev_state=S ==> next_comm=traced next_pid=201 next_prio=120
          traced-201   [001] ...2   391.454049: sched_switch: prev_comm=traced prev_pid=201 prev_prio=120 prev_state=R ==> next_comm=ple.kvbenchmark next_pid=3269 next_prio=120
           <...>-3269  [001] ...2   391.454091: sched_switch: prev_comm=ple.kvbenchmark prev_pid=3269 prev_prio=120 prev_state=S ==> next_comm=traced next_pid=201 next_prio=120
          traced-201   [001] ...2   391.455143: sched_switch: prev_comm=traced prev_pid=201 prev_prio=120 prev_state=R ==> next_comm=ple.kvbenchmark next_pid=3269 next_prio=120
           <...>-3269  [001] ...2   391.455187: sched_switch: prev_comm=ple.kvbenchmark prev_pid=3269 prev_prio=120 prev_state=S ==> next_comm=traced next_pid=201 next_prio=120
          traced-201   [001] ...2   391.456239: sched_switch: prev_comm=traced prev_pid=201 prev_prio=120 prev_state=R ==> next_comm=ple.kvbenchmark next_pid=3269 next_prio=120
           <...>-3269  [001] ...2   391.456282: sched_switch: prev_comm=ple.kvbenchmark prev_pid=3269 prev_prio=120 prev_state=S ==> next_comm=traced next_pid=201 next_prio=120
          traced-201   [001] ...2   391.457333: sched_switch: prev_comm=traced prev_pid=201 prev_prio=120 prev_state=R ==> next_comm=ple.kvbenchmark next_pid=3269 next_prio=120
           <...>-3269  [001] ...2   391.457377: sched_switch: prev_comm=ple.kvbenchmark prev_pid=3269 prev_prio=120 prev_state=S ==> next_comm=traced next_pid=201 next_prio=120
          traced-201   [001] ...2   391.458430: sched_switch: prev_comm=traced prev_pid=201 prev_prio=120 prev_state=R ==> next_comm=ple.kvbenchmark next_pid=3269 next_prio=120
           <...>-3269  [001] ...2   391.458474: sched_switch: prev_comm=ple.kvbenchmark prev_pid=3269 prev_prio=120 prev_state=S ==> next_comm=traced next_pid=201 next_prio=120
          traced-201   [001] ...2   391.459526: sched_switch: prev_comm=traced prev_pid=201 prev_prio=120 prev_state=R ==> next_comm=ple.kvbenchmark next_pid=3269 next_prio=120
           <...>-3269  [001] ...2   391.459569: sched_switch: prev_comm=ple.kvbenchmark prev_pid=3269 prev_prio=120 prev_state=S ==> next_comm=traced next_pid=201 next_prio=120
          traced-201   [001] ...2   391.460621: sched_switch: prev_comm=traced prev_pid=201 prev_prio=120 prev_state=R ==> next_comm=ple.kvbenchmark next_pid=3269 next_prio=120
           <...>-3269  [001] ...2   391.460663: sched_switch: prev_comm=ple.kvbenchmark prev_pid=3269 prev_prio=120 prev_state=S ==> next_comm=traced next_pid=201 next_prio=120
          traced-201   [001] ...2   391.461715: sched_switch: prev_comm=traced prev_pid=201 prev_prio=120 prev_state=R ==> next_comm=ple.kvbenchmark next_pid=3269 next_prio=120
           <...>-3269  [001] ...2   391.461758: sched_switch: prev_comm=ple.kvbenchmark prev_pid=3269 prev_prio=120 prev_state=S ==> next_comm=traced next_pid=201 next_prio=120
          traced-201   [001] ...2   391.462810: sched_switch: prev_comm=traced prev_pid=201 prev_prio=120 prev_state=R ==> next_comm=ple.kvbenchmark next_pid=3269 next_prio=120
           <...>-3269  [001] ...2   391.462853: sched_switch: prev_comm=ple.kvbenchmark prev_pid=3269 prev_prio=120 prev_state=S ==> next_comm=traced next_pid=201 next_prio=120
          traced-201   [001] ...2   391.463905: sched_switch: prev_comm=traced prev_pid=201 prev_prio=120 prev_state=R ==> next_comm=ple.kvbenchmark next_pid=3269 next_prio=120
           <...>-3269  [001] ...2   391.463946: sched_switch: prev_comm=ple.kvbenchmark prev_pid=3269 prev_prio=120 prev_state=S ==> next_comm=traced next_pid=201 next_prio=120
          traced-201   [001] ...2   391.464998: sched_switch: prev_comm=traced prev_pid=201 prev_prio=120 prev_state=R ==> next_comm=ple.kvbenchmark next_pid=3269 next_prio=120
           <...>-3269  [001] ...2   391.465040: sched_switch: prev_comm=ple.kvbenchmark prev_pid=3269 prev_prio=120 prev_state=S ==> next_comm=traced next_pid=201 next_prio=120
          traced-201   [001] ...2   391.466091: sched_switch: prev_comm=traced prev_pid=201 prev_prio=120 prev_state=R ==> next_comm=ple.kvbenchmark next_pid=3269 next_prio=120
           <...>-3269  [001] ...2   391.466135: sched_switch: prev_comm=ple.kvbenchmark prev_pid=3269 prev_prio=120 prev_state=S ==> next_comm=traced next_pid=201 next_prio=120
          traced-201   [001] ...2   391.467186: sched_switch: prev_comm=traced prev_pid=201 prev_prio=120 prev_state=R ==> next_comm=ple.kvbenchmark next_pid=3269 next_prio=120
           <...>-3269  [001] ...2   391.467230: sched_switch: prev_comm=ple.kvbenchmark prev_pid=3269 prev_prio=120 prev_state=S ==> next_comm=traced next_pid=201 next_prio=120
          traced-201   [001] ...2   391.468281: sched_switch: prev_comm=traced prev_pid=201 prev_prio=120 prev_state=R ==> next_comm=ple.kvbenchmark next_pid=3269 next_prio=120
           <...>-3269  [001] ...2   391.468325: sched_switch: prev_comm=ple.kvbenchmark prev_pid=3269 prev_prio=120 prev_state=S ==> next_comm=traced next_pid=201 next_prio=120
          traced-201   [001] ...2   391.469376: sched_switch: prev_comm=traced prev_pid=201 prev_prio=120 prev_state=R ==> next_comm=ple.kvbenchmark next_pid=3269 next_prio=120
           <...>-3269  [001] ...2   391.469417: sched_switch: prev_comm=ple.kvbenchmark prev_pid=3269 prev_prio=120 prev_state=S ==> next_comm=traced next_pid=201 next_prio=120
          traced-201   [001] ...2   391.470469: sched_switch: prev_comm=traced prev_pid=201 prev_prio=120 prev_state=R ==> next_comm=ple.kvbenchmark next_pid=3269 next_prio=120
           <...>-3269  [001] ...2   391.470513: sched_switch: prev_comm=ple.kvbenchmark prev_pid=3269 prev_prio=120 prev_state=S ==> next_comm=traced next_pid=201 next_prio=120
          traced-201   [001] ...2   391.471565: sched_switch: prev_comm=traced prev_pid=201 prev_prio=120 prev_state=R ==> next_comm=ple.kvbenchmark next_pid=3269 next_prio=120
           <...>-3269  [001] ...2   391.471608: sched_switch: prev_comm=ple.kvbenchmark prev_pid=3269 prev_prio=120 prev_state=S ==> next_comm=traced next_pid=201 next_prio=120
          traced-201   [001] ...2   391.472660: sched_switch: prev_comm=traced prev_pid=201 prev_prio=120 prev_state=R ==> next_comm=ple.kvbenchmark next_pid=3269 next_prio=120
           <...>-3269  [001] ...2   391.472717: sched_switch: prev_comm=ple.kvbenchmark prev_pid=3269 prev_prio=120 prev_state=S ==> next_comm=traced next_pid=201 next_prio=120
          traced-201   [001] ...2   391.473769: sched_switch: prev_comm=traced prev_pid=201 prev_prio=120 prev_state=R ==> next_comm=ple.kvbenchmark next_pid=3269 next_prio=120
           <...>-3269  [001] ...2   391.473812: sched_switch: prev_comm=ple.kvbenchmark prev_pid=3269 prev_prio=120 prev_state=S ==> next_comm=traced next_pid=201 next_prio=120
          traced-201   [001] ...2   391.474864: sched_switch: prev_comm=traced prev_pid=201 prev_prio=120 prev_state=R ==> next_comm=ple.kvbenchmark next_pid=3269 next_prio=120
           <...>-3269  [001] ...2   391.474907: sched_switch: prev_comm=ple.kvbenchmark prev_pid=3269 prev_prio=120 prev_state=S ==> next_comm=traced next_pid=201 next_prio=120
          traced-201   [001] ...2   391.475958: sched_switch: prev_comm=traced prev_pid=201 prev_prio=120 prev_state=R ==> next_comm=ple.kvbenchmark next_pid=3269 next_prio=120
           <...>-3269  [001] ...2   391.476002: sched_switch: prev_comm=ple.kvbenchmark prev_pid=3269 prev_prio=120 prev_state=S ==> next_comm=traced next_pid=201 next_prio=120
          traced-201   [001] ...2   391.477053: sched_switch: prev_comm=traced prev_pid=201 prev_prio=120 prev_state=R ==> next_comm=ple.kvbenchmark next_pid=3269 next_prio=120
           <...>-3269  [001] ...2   391.477096: sched_switch: prev_comm=ple.kvbenchmark prev_pid=3269 prev_prio=120 prev_state=S ==> next_comm=traced next_pid=201 next_prio=120
          traced-201   [001] ...2   391.478147: sched_switch: prev_comm=traced prev_pid=201 prev_prio=120 prev_state=R ==> next_comm=ple.kvbenchmark next_pid=3269 next_prio=120
           <...>-3269  [001] ...2   391.478190: sched_switch: prev_comm=ple.kvbenchmark prev_pid=3269 prev_prio=120 prev_state=S ==> next_comm=traced next_pid=201 next_prio=120
          traced-201   [001] ...2   391.479242: sched_switch: prev_comm=traced prev_pid=201 prev_prio=120 prev_state=R ==> next_comm=ple.kvbenchmark next_pid=3269 next_prio=120
           <...>-3269  [001] ...2   391.479285: sched_switch: prev_comm=ple.kvbenchmark prev_pid=3269 prev_prio=120 prev_state=S ==> next_comm=traced next_pid=201 next_prio=120
          traced-201   [001] ...2   391.480337: sched_switch: prev_comm=traced prev_pid=201 prev_prio=120 prev_state=R ==> next_comm=ple.kvbenchmark next_pid=3269 next_prio=120
           <...>-3269  [001] ...2   391.480381: sched_switch: prev_comm=ple.kvbenchmark prev_pid=3269 prev_prio=120 prev_state=S ==> next_comm=traced next_pid=201 next_prio=120
          traced-201   [001] ...2   391.481433: sched_switch: prev_comm=traced prev_pid=201 prev_prio=120 prev_state=R ==> next_comm=ple.kvbenchmark next_pid=3269 next_prio=120
           <...>-3269  [001] ...2   391.481476: sched_switch: prev_comm=ple.kvbenchmark prev_pid=3269 prev_prio=120 prev_state=S ==> next_comm=traced next_pid=201 next_prio=120
          traced-201   [001] ...2   391.482527: sched_switch: prev_comm=traced prev_pid=201 prev_prio=120 prev_state=R ==> next_comm=ple.kvbenchmark next_pid=3269 next_prio=120
           <...>-3269  [001] ...2   391.482571: sched_switch: prev_comm=ple.kvbenchmark prev_pid=3269 prev_prio=120 prev_state=S ==> next_comm=traced next_pid=201 next_prio=120
          traced-201   [001] ...2   391.483622: sched_switch: prev_comm=traced prev_pid=201 prev_prio=120 prev_state=R ==> next_comm=ple.kvbenchmark next_pid=3269 next_prio=120
           <...>-3269  [001] ...2   391.483665: sched_switch: prev_comm=ple.kvbenchmark prev_pid=3269 prev_prio=120 prev_state=S ==> next_comm=traced next_pid=201 next_prio=120
          traced-201   [001] ...2   391.484717: sched_switch: prev_comm=traced prev_pid=201 prev_prio=120 prev_state=R ==> next_comm=ple.kvbenchmark next_pid=3269 next_prio=120
          <idle>-0     [000] ...2   391.484780: sched_switch: prev_comm=swapper/0 prev_pid=0 prev_prio=120 prev_state=R ==> next_comm=kworker/u:0 next_pid=6 next_prio=120
           <...>-3269  [001] ...2   391.484783: sched_switch: prev_comm=ple.kvbenchmark prev_pid=3269 prev_prio=120 prev_state=S ==> next_comm=traced next_pid=201 next_prio=120
     kworker/u:0-6     [000] ...2   391.484791: sched_switch: prev_comm=kworker/u:0 prev_pid=6 prev_prio=120 prev_state=S ==> next_comm=mpdecision next_pid=1789 next_prio=113
      mpdecision-1789  [000] ...2   391.484978: sched_switch: prev_comm=mpdecision prev_pid=1789 prev_prio=113 prev_state=S ==> next_comm=ksoftirqd/0 next_pid=3 next_prio=120
     ksoftirqd/0-3     [000] ...2   391.484989: sched_switch: prev_comm=ksoftirqd/0 prev_pid=3 prev_prio=120 prev_state=S ==> next_comm=swapper/0 next_pid=0 next_prio=120
          <idle>-0     [000] ...2   391.485006: sched_switch: prev_comm=swapper/0 prev_pid=0 prev_prio=120 prev_state=R ==> next_comm=ksoftirqd/0 next_pid=3 next_prio=120
     ksoftirqd/0-3     [000] ...2   391.485014: sched_switch: prev_comm=ksoftirqd/0 prev_pid=3 prev_prio=120 prev_state=S ==> next_comm=swapper/0 next_pid=0 next_prio=120
          <idle>-0     [000] ...2   391.485028: sched_switch: prev_comm=swapper/0 prev_pid=0 prev_prio=120 prev_state=R ==> next_comm=ksoftirqd/0 next_pid=3 next_prio=120
     ksoftirqd/0-3     [000] ...2   391.485035: sched_switch: prev_comm=ksoftirqd/0 prev_pid=3 prev_prio=120 prev_state=S ==> next_comm=swapper/0 next_pid=0 next_prio=120
          traced-201   [001] ...2   391.485812: sched_switch: prev_comm=traced prev_pid=201 prev_prio=120 prev_state=R ==> next_comm=ple.kvbenchmark next_pid=3269 next_prio=120
           <...>-3269  [001] ...2   391.485856: sched_switch: prev_comm=ple.kvbenchmark prev_pid=3269 prev_prio=120 prev_state=S ==> next_comm=traced next_pid=201 next_prio=120
          traced-201   [001] ...2   391.486908: sched_switch: prev_comm=traced prev_pid=201 prev_prio=120 prev_state=R ==> next_comm=ple.kvbenchmark next_pid=3269 next_prio=120
           <...>-3269  [001] ...2   391.486951: sched_switch: prev_comm=ple.kvbenchmark prev_pid=3269 prev_prio=120 prev_state=S ==> next_comm=traced next_pid=201 next_prio=120
          traced-201   [001] ...2   391.488002: sched_switch: prev_comm=traced prev_pid=201 prev_prio=120 prev_state=R ==> next_comm=ple.kvbenchmark next_pid=3269 next_prio=120
           <...>-3269  [001] ...2   391.488043: sched_switch: prev_comm=ple.kvbenchmark prev_pid=3269 prev_prio=120 prev_state=S ==> next_comm=traced next_pid=201 next_prio=120
          traced-201   [001] ...2   391.489095: sched_switch: prev_comm=traced prev_pid=201 prev_prio=120 prev_state=R ==> next_comm=ple.kvbenchmark next_pid=3269 next_prio=120
           <...>-3269  [001] ...2   391.489137: sched_switch: prev_comm=ple.kvbenchmark prev_pid=3269 prev_prio=120 prev_state=S ==> next_comm=traced next_pid=201 next_prio=120
          traced-201   [001] ...2   391.490189: sched_switch: prev_comm=traced prev_pid=201 prev_prio=120 prev_state=R ==> next_comm=ple.kvbenchmark next_pid=3269 next_prio=120
           <...>-3269  [001] ...2   391.490233: sched_switch: prev_comm=ple.kvbenchmark prev_pid=3269 prev_prio=120 prev_state=S ==> next_comm=traced next_pid=201 next_prio=120
          traced-201   [001] ...2   391.491284: sched_switch: prev_comm=traced prev_pid=201 prev_prio=120 prev_state=R ==> next_comm=ple.kvbenchmark next_pid=3269 next_prio=120
           <...>-3269  [001] ...2   391.491329: sched_switch: prev_comm=ple.kvbenchmark prev_pid=3269 prev_prio=120 prev_state=S ==> next_comm=traced next_pid=201 next_prio=120
          traced-201   [001] ...2   391.492381: sched_switch: prev_comm=traced prev_pid=201 prev_prio=120 prev_state=R ==> next_comm=ple.kvbenchmark next_pid=3269 next_prio=120
           <...>-3269  [001] ...2   391.492425: sched_switch: prev_comm=ple.kvbenchmark prev_pid=3269 prev_prio=120 prev_state=S ==> next_comm=traced next_pid=201 next_prio=120
