           <...>-7536  [001] ...2   405.921010: sched_switch: prev_comm=ple.kvbenchmark prev_pid=7536 prev_prio=120 prev_state=S ==> next_comm=traced next_pid=202 next_prio=120
          <idle>-0     [000] ...2   405.921404: sched_switch: prev_comm=swapper/0 prev_pid=0 prev_prio=120 prev_state=R ==> next_comm=kworker/u:2 next_pid=80 next_prio=120
     kworker/u:2-80    [000] ...2   405.921425: sched_switch: prev_comm=kworker/u:2 prev_pid=80 prev_prio=120 prev_state=S ==> next_comm=kworker/0:2H next_pid=177 next_prio=100
    kworker/0:2H-177   [000] ...2   405.921452: sched_switch: prev_comm=kworker/0:2H prev_pid=177 prev_prio=100 prev_state=D ==> next_comm=mpdecision next_pid=1738 next_prio=113
      mpdecision-1738  [000] ...2   405.921805: sched_switch: prev_comm=mpdecision prev_pid=1738 prev_prio=113 prev_state=S ==> next_comm=kworker/0:1H next_pid=17 next_prio=100
    kworker/0:1H-17    [000] ...1   405.921812: cpu_frequency_switch_start: start=960000 end=960000 cpu_id=0
    kworker/0:1H-17    [000] ...1   405.921817: cpu_frequency_switch_end: cpu_id=0
    kworker/0:1H-17    [000] ...1   405.921819: cpu_frequency: state=960000 cpu_id=0
    kworker/0:1H-17    [000] ...2   405.921843: sched_switch: prev_comm=kworker/0:1H prev_pid=17 prev_prio=100 prev_state=S ==> next_comm=kworker/0:2H next_pid=177 next_prio=100
    kworker/0:2H-177   [000] ...2   405.921857: sched_switch: prev_comm=kworker/0:2H prev_pid=177 prev_prio=100 prev_state=S ==> next_comm=workqueue_trust next_pid=9380 next_prio=120
           <...>-9380  [000] ...2   405.921878: sched_switch: prev_comm=workqueue_trust prev_pid=9380 prev_prio=120 prev_state=D ==> next_comm=kworker/2:1 next_pid=9377 next_prio=120
           <...>-9377  [000] ...3   405.921925: sched_switch: prev_comm=kworker/2:1 prev_pid=9377 prev_prio=120 prev_state=x ==> next_comm=ksoftirqd/0 next_pid=3 next_prio=120
           <...>-3     [000] ...2   405.921940: sched_switch: prev_comm=ksoftirqd/0 prev_pid=3 prev_prio=120 prev_state=S ==> next_comm=workqueue_trust next_pid=9380 next_prio=120
           <...>-9380  [000] ...2   405.921959: sched_switch: prev_comm=workqueue_trust prev_pid=9380 prev_prio=120 prev_state=D ==> next_comm=kworker/2:0 next_pid=9374 next_prio=120
           <...>-9374  [000] ...3   405.921999: sched_switch: prev_comm=kworker/2:0 prev_pid=9374 prev_prio=120 prev_state=x ==> next_comm=workqueue_trust next_pid=9380 next_prio=120
           <...>-9380  [000] ...2   405.922017: sched_switch: prev_comm=workqueue_trust prev_pid=9380 prev_prio=120 prev_state=R+ ==> next_comm=kworker/2:0H next_pid=9375 next_prio=100
           <...>-9375  [000] ...3   405.922050: sched_switch: prev_comm=kworker/2:0H prev_pid=9375 prev_prio=100 prev_state=x ==> next_comm=workqueue_trust next_pid=9380 next_prio=120
          traced-202   [001] ...2   405.922061: sched_switch: prev_comm=traced prev_pid=202 prev_prio=120 prev_state=R ==> next_comm=ple.kvbenchmark next_pid=7536 next_prio=120
           <...>-9380  [000] ...2   405.922067: sched_switch: prev_comm=workqueue_trust prev_pid=9380 prev_prio=120 prev_state=R+ ==> next_comm=kworker/2:2H next_pid=9379 next_prio=100
           <...>-9379  [000] ...3   405.922101: sched_switch: prev_comm=kworker/2:2H prev_pid=9379 prev_prio=100 prev_state=x ==> next_comm=workqueue_trust next_pid=9380 next_prio=120
           <...>-7536  [001] ...2   405.922108: sched_switch: prev_comm=ple.kvbenchmark prev_pid=7536 prev_prio=120 prev_state=S ==> next_comm=traced next_pid=202 next_prio=120
           <...>-9380  [000] ...2   405.922118: sched_switch: prev_comm=workqueue_trust prev_pid=9380 prev_prio=120 prev_state=R+ ==> next_comm=kworker/2:1H next_pid=9378 next_prio=100
           <...>-9378  [000] ...3   405.922151: sched_switch: prev_comm=kworker/2:1H prev_pid=9378 prev_prio=100 prev_state=x ==> next_comm=workqueue_trust next_pid=9380 next_prio=120
           <...>-9380  [000] ...3   405.922190: sched_switch: prev_comm=workqueue_trust prev_pid=9380 prev_prio=120 prev_state=x ==> next_comm=swapper/0 next_pid=0 next_prio=120
          <idle>-0     [000] ...2   405.922217: sched_switch: prev_comm=swapper/0 prev_pid=0 prev_prio=120 prev_state=R ==> next_comm=ksoftirqd/0 next_pid=3 next_prio=120
           <...>-3     [000] ...2   405.922231: sched_switch: prev_comm=ksoftirqd/0 prev_pid=3 prev_prio=120 prev_state=S ==> next_comm=swapper/0 next_pid=0 next_prio=120
          <idle>-0     [000] ...2   405.922255: sched_switch: prev_comm=swapper/0 prev_pid=0 prev_prio=120 prev_state=R ==> next_comm=ksoftirqd/0 next_pid=3 next_prio=120
           <...>-3     [000] ...2   405.922269: sched_switch: prev_comm=ksoftirqd/0 prev_pid=3 prev_prio=120 prev_state=S ==> next_comm=swapper/0 next_pid=0 next_prio=120
          traced-202   [001] ...2   405.923160: sched_switch: prev_comm=traced prev_pid=202 prev_prio=120 prev_state=R ==> next_comm=ple.kvbenchmark next_pid=7536 next_prio=120
           <...>-7536  [001] ...2   405.923349: sched_switch: prev_comm=ple.kvbenchmark prev_pid=7536 prev_prio=120 prev_state=S ==> next_comm=traced next_pid=202 next_prio=120
          traced-202   [001] ...2   405.924398: sched_switch: prev_comm=traced prev_pid=202 prev_prio=120 prev_state=R ==> next_comm=ple.kvbenchmark next_pid=7536 next_prio=120
           <...>-7536  [001] ...2   405.924445: sched_switch: prev_comm=ple.kvbenchmark prev_pid=7536 prev_prio=120 prev_state=S ==> next_comm=traced next_pid=202 next_prio=120
          traced-202   [001] ...2   405.925497: sched_switch: prev_comm=traced prev_pid=202 prev_prio=120 prev_state=R ==> next_comm=ple.kvbenchmark next_pid=7536 next_prio=120
           <...>-7536  [001] ...2   405.925544: sched_switch: prev_comm=ple.kvbenchmark prev_pid=7536 prev_prio=120 prev_state=S ==> next_comm=traced next_pid=202 next_prio=120
          traced-202   [001] ...2   405.926595: sched_switch: prev_comm=traced prev_pid=202 prev_prio=120 prev_state=R ==> next_comm=ple.kvbenchmark next_pid=7536 next_prio=120
           <...>-7536  [001] ...2   405.926780: sched_switch: prev_comm=ple.kvbenchmark prev_pid=7536 prev_prio=120 prev_state=S ==> next_comm=traced next_pid=202 next_prio=120
          traced-202   [001] ...2   405.927831: sched_switch: prev_comm=traced prev_pid=202 prev_prio=120 prev_state=R ==> next_comm=ple.kvbenchmark next_pid=7536 next_prio=120
           <...>-7536  [001] ...2   405.927876: sched_switch: prev_comm=ple.kvbenchmark prev_pid=7536 prev_prio=120 prev_state=S ==> next_comm=traced next_pid=202 next_prio=120
          <idle>-0     [000] ...2   405.928047: sched_switch: prev_comm=swapper/0 prev_pid=0 prev_prio=120 prev_state=R ==> next_comm=adbd next_pid=3738 next_prio=120
            adbd-3738  [000] ...2   405.928070: sched_switch: prev_comm=adbd prev_pid=3738 prev_prio=120 prev_state=S ==> next_comm=swapper/0 next_pid=0 next_prio=120
          <idle>-0     [000] ...2   405.928247: sched_switch: prev_comm=swapper/0 prev_pid=0 prev_prio=120 prev_state=R ==> next_comm=adbd next_pid=3738 next_prio=120
            adbd-3738  [000] ...2   405.928304: sched_switch: prev_comm=adbd prev_pid=3738 prev_prio=120 prev_state=S ==> next_comm=adbd next_pid=1508 next_prio=120
          traced-202   [001] ...2   405.928425: sched_switch: prev_comm=traced prev_pid=202 prev_prio=120 prev_state=R ==> next_comm=JDWP next_pid=7548 next_prio=120
            adbd-1508  [000] ...2   405.928501: sched_switch: prev_comm=adbd prev_pid=1508 prev_prio=120 prev_state=S ==> next_comm=adbd next_pid=3737 next_prio=120
            adbd-3737  [000] ...2   405.928587: sched_switch: prev_comm=adbd prev_pid=3737 prev_prio=120 prev_state=S ==> next_comm=swapper/0 next_pid=0 next_prio=120
          <idle>-0     [000] ...2   405.929588: sched_switch: prev_comm=swapper/0 prev_pid=0 prev_prio=120 prev_state=R ==> next_comm=adbd next_pid=1508 next_prio=120
            JDWP-7548  [001] ...2   405.929636: sched_switch: prev_comm=JDWP prev_pid=7548 prev_prio=120 prev_state=S ==> next_comm=ple.kvbenchmark next_pid=7536 next_prio=120
           <...>-7536  [001] ...2   405.929697: sched_switch: prev_comm=ple.kvbenchmark prev_pid=7536 prev_prio=120 prev_state=S ==> next_comm=traced next_pid=202 next_prio=120
            adbd-1508  [000] ...2   405.929764: sched_switch: prev_comm=adbd prev_pid=1508 prev_prio=120 prev_state=S ==> next_comm=adbd next_pid=3737 next_prio=120
            adbd-3737  [000] ...2   405.929843: sched_switch: prev_comm=adbd prev_pid=3737 prev_prio=120 prev_state=S ==> next_comm=swapper/0 next_pid=0 next_prio=120
          <idle>-0     [000] ...2   405.930127: sched_switch: prev_comm=swapper/0 prev_pid=0 prev_prio=120 prev_state=R ==> next_comm=adbd next_pid=3738 next_prio=120
            adbd-3738  [000] ...2   405.930176: sched_switch: prev_comm=adbd prev_pid=3738 prev_prio=120 prev_state=S ==> next_comm=adbd next_pid=1508 next_prio=120
            adbd-1508  [000] ...2   405.930323: sched_switch: prev_comm=adbd prev_pid=1508 prev_prio=120 prev_state=S ==> next_comm=adbd next_pid=3737 next_prio=120
            adbd-3737  [000] ...2   405.930336: sched_switch: prev_comm=adbd prev_pid=3737 prev_prio=120 prev_state=S ==> next_comm=swapper/0 next_pid=0 next_prio=120
          traced-202   [001] ...2   405.930749: sched_switch: prev_comm=traced prev_pid=202 prev_prio=120 prev_state=R ==> next_comm=ple.kvbenchmark next_pid=7536 next_prio=120
           <...>-7536  [001] ...2   405.930797: sched_switch: prev_comm=ple.kvbenchmark prev_pid=7536 prev_prio=120 prev_state=S ==> next_comm=traced next_pid=202 next_prio=120
          <idle>-0     [000] ...2   405.931387: sched_switch: prev_comm=swapper/0 prev_pid=0 prev_prio=120 prev_state=R ==> next_comm=ksoftirqd/0 next_pid=3 next_prio=120
           <...>-3     [000] ...2   405.931401: sched_switch: prev_comm=ksoftirqd/0 prev_pid=3 prev_prio=120 prev_state=S ==> next_comm=swapper/0 next_pid=0 next_prio=120
          <idle>-0     [000] ...2   405.931425: sched_switch: prev_comm=swapper/0 prev_pid=0 prev_prio=120 prev_state=R ==> next_comm=ksoftirqd/0 next_pid=3 next_prio=120
           <...>-3     [000] ...2   405.931438: sched_switch: prev_comm=ksoftirqd/0 prev_pid=3 prev_prio=120 prev_state=S ==> next_comm=swapper/0 next_pid=0 next_prio=120
          <idle>-0     [000] ...2   405.931461: sched_switch: prev_comm=swapper/0 prev_pid=0 prev_prio=120 prev_state=R ==> next_comm=ksoftirqd/0 next_pid=3 next_prio=120
           <...>-3     [000] ...2   405.931473: sched_switch: prev_comm=ksoftirqd/0 prev_pid=3 prev_prio=120 prev_state=S ==> next_comm=swapper/0 next_pid=0 next_prio=120
          traced-202   [001] ...2   405.931848: sched_switch: prev_comm=traced prev_pid=202 prev_prio=120 prev_state=R ==> next_comm=ple.kvbenchmark next_pid=7536 next_prio=120
           <...>-7536  [001] ...2   405.931973: sched_switch: prev_comm=ple.kvbenchmark prev_pid=7536 prev_prio=120 prev_state=S ==> next_comm=traced next_pid=202 next_prio=120
          traced-202   [001] ...2   405.933024: sched_switch: prev_comm=traced prev_pid=202 prev_prio=120 prev_state=R ==> next_comm=ple.kvbenchmark next_pid=7536 next_prio=120
           <...>-7536  [001] ...2   405.933069: sched_switch: prev_comm=ple.kvbenchmark prev_pid=7536 prev_prio=120 prev_state=S ==> next_comm=traced next_pid=202 next_prio=120
          traced-202   [001] ...2   405.934120: sched_switch: prev_comm=traced prev_pid=202 prev_prio=120 prev_state=R ==> next_comm=ple.kvbenchmark next_pid=7536 next_prio=120
           <...>-7536  [001] ...2   405.934166: sched_switch: prev_comm=ple.kvbenchmark prev_pid=7536 prev_prio=120 prev_state=S ==> next_comm=traced next_pid=202 next_prio=120
          traced-202   [001] ...2   405.935217: sched_switch: prev_comm=traced prev_pid=202 prev_prio=120 prev_state=R ==> next_comm=ple.kvbenchmark next_pid=7536 next_prio=120
           <...>-7536  [001] ...2   405.935366: sched_switch: prev_comm=ple.kvbenchmark prev_pid=7536 prev_prio=120 prev_state=S ==> next_comm=traced next_pid=202 next_prio=120
          traced-202   [001] ...2   405.936416: sched_switch: prev_comm=traced prev_pid=202 prev_prio=120 prev_state=R ==> next_comm=ple.kvbenchmark next_pid=7536 next_prio=120
           <...>-7536  [001] ...2   405.936544: sched_switch: prev_comm=ple.kvbenchmark prev_pid=7536 prev_prio=120 prev_state=S ==> next_comm=traced next_pid=202 next_prio=120
          traced-202   [001] ...2   405.937595: sched_switch: prev_comm=traced prev_pid=202 prev_prio=120 prev_state=R ==> next_comm=ple.kvbenchmark next_pid=7536 next_prio=120
           <...>-7536  [001] ...2   405.937639: sched_switch: prev_comm=ple.kvbenchmark prev_pid=7536 prev_prio=120 prev_state=S ==> next_comm=traced next_pid=202 next_prio=120
          traced-202   [001] ...2   405.938690: sched_switch: prev_comm=traced prev_pid=202 prev_prio=120 prev_state=R ==> next_comm=ple.kvbenchmark next_pid=7536 next_prio=120
           <...>-7536  [001] ...2   405.938935: sched_switch: prev_comm=ple.kvbenchmark prev_pid=7536 prev_prio=120 prev_state=S ==> next_comm=traced next_pid=202 next_prio=120
          traced-202   [001] ...2   405.939987: sched_switch: prev_comm=traced prev_pid=202 prev_prio=120 prev_state=R ==> next_comm=ple.kvbenchmark next_pid=7536 next_prio=120
           <...>-7536  [001] ...2   405.940169: sched_switch: prev_comm=ple.kvbenchmark prev_pid=7536 prev_prio=120 prev_state=S ==> next_comm=traced next_pid=202 next_prio=120
          traced-202   [001] ...2   405.941221: sched_switch: prev_comm=traced prev_pid=202 prev_prio=120 prev_state=R ==> next_comm=ple.kvbenchmark next_pid=7536 next_prio=120
           <...>-7536  [001] ...2   405.941266: sched_switch: prev_comm=ple.kvbenchmark prev_pid=7536 prev_prio=120 prev_state=S ==> next_comm=traced next_pid=202 next_prio=120
          traced-202   [001] ...2   405.942318: sched_switch: prev_comm=traced prev_pid=202 prev_prio=120 prev_state=R ==> next_comm=ple.kvbenchmark next_pid=7536 next_prio=120
           <...>-7536  [001] ...2   405.942571: sched_switch: prev_comm=ple.kvbenchmark prev_pid=7536 prev_prio=120 prev_state=S ==> next_comm=traced next_pid=202 next_prio=120
          traced-202   [001] ...2   405.943622: sched_switch: prev_comm=traced prev_pid=202 prev_prio=120 prev_state=R ==> next_comm=ple.kvbenchmark next_pid=7536 next_prio=120
           <...>-7536  [001] ...2   405.943815: sched_switch: prev_comm=ple.kvbenchmark prev_pid=7536 prev_prio=120 prev_state=S ==> next_comm=traced next_pid=202 next_prio=120
          traced-202   [001] ...2   405.944867: sched_switch: prev_comm=traced prev_pid=202 prev_prio=120 prev_state=R ==> next_comm=ple.kvbenchmark next_pid=7536 next_prio=120
           <...>-7536  [001] ...2   405.945140: sched_switch: prev_comm=ple.kvbenchmark prev_pid=7536 prev_prio=120 prev_state=S ==> next_comm=traced next_pid=202 next_prio=120
          traced-202   [001] ...2   405.946191: sched_switch: prev_comm=traced prev_pid=202 prev_prio=120 prev_state=R ==> next_comm=ple.kvbenchmark next_pid=7536 next_prio=120
           <...>-7536  [001] ...2   405.946237: sched_switch: prev_comm=ple.kvbenchmark prev_pid=7536 prev_prio=120 prev_state=S ==> next_comm=traced next_pid=202 next_prio=120
          traced-202   [001] ...2   405.947288: sched_switch: prev_comm=traced prev_pid=202 prev_prio=120 prev_state=R ==> next_comm=ple.kvbenchmark next_pid=7536 next_prio=120
           <...>-7536  [001] ...2   405.947526: sched_switch: prev_comm=ple.kvbenchmark prev_pid=7536 prev_prio=120 prev_state=S ==> next_comm=traced next_pid=202 next_prio=120
          <idle>-0     [000] ...2   405.947536: sched_switch: prev_comm=swapper/0 prev_pid=0 prev_prio=120 prev_state=R ==> next_comm=kworker/u:2 next_pid=80 next_prio=120
     kworker/u:2-80    [000] ...2   405.947596: sched_switch: prev_comm=kworker/u:2 prev_pid=80 prev_prio=120 prev_state=S ==> next_comm=kworker/u:4 next_pid=7452 next_prio=120
     kworker/u:4-7452  [000] ...2   405.947606: sched_switch: prev_comm=kworker/u:4 prev_pid=7452 prev_prio=120 prev_state=S ==> next_comm=sensors.qcom next_pid=859 next_prio=120
    sensors.qcom-859   [000] ...2   405.947713: sched_switch: prev_comm=sensors.qcom prev_pid=859 prev_prio=120 prev_state=S ==> next_comm=sensors.qcom next_pid=733 next_prio=120
    sensors.qcom-733   [000] ...2   405.947777: sched_switch: prev_comm=sensors.qcom prev_pid=733 prev_prio=120 prev_state=S ==> next_comm=system_server next_pid=732 next_prio=118
   system_server-732   [000] ...2   405.947950: sched_switch: prev_comm=system_server prev_pid=732 prev_prio=118 prev_state=S ==> next_comm=system_server next_pid=740 next_prio=118
   system_server-740   [000] ...2   405.947978: sched_switch: prev_comm=system_server prev_pid=740 prev_prio=118 prev_state=S ==> next_comm=ksoftirqd/0 next_pid=3 next_prio=120
           <...>-3     [000] ...2   405.947991: sched_switch: prev_comm=ksoftirqd/0 prev_pid=3 prev_prio=120 prev_state=S ==> next_comm=swapper/0 next_pid=0 next_prio=120
          <idle>-0     [000] ...2   405.948017: sched_switch: prev_comm=swapper/0 prev_pid=0 prev_prio=120 prev_state=R ==> next_comm=ksoftirqd/0 next_pid=3 next_prio=120
           <...>-3     [000] ...2   405.948031: sched_switch: prev_comm=ksoftirqd/0 prev_pid=3 prev_prio=120 prev_state=S ==> next_comm=swapper/0 next_pid=0 next_prio=120
          <idle>-0     [000] ...2   405.948054: sched_switch: prev_comm=swapper/0 prev_pid=0 prev_prio=120 prev_state=R ==> next_comm=ksoftirqd/0 next_pid=3 next_prio=120
           <...>-3     [000] ...2   405.948070: sched_switch: prev_comm=ksoftirqd/0 prev_pid=3 prev_prio=120 prev_state=S ==> next_comm=swapper/0 next_pid=0 next_prio=120
          traced-202   [001] ...2   405.948579: sched_switch: prev_comm=traced prev_pid=202 prev_prio=120 prev_state=R ==> next_comm=ple.kvbenchmark next_pid=7536 next_prio=120
           <...>-7536  [001] ...2   405.948631: sched_switch: prev_comm=ple.kvbenchmark prev_pid=7536 prev_prio=120 prev_state=S ==> next_comm=traced next_pid=202 next_prio=120
          traced-202   [001] ...2   405.949682: sched_switch: prev_comm=traced prev_pid=202 prev_prio=120 prev_state=R ==> next_comm=ple.kvbenchmark next_pid=7536 next_prio=120
           <...>-7536  [001] ...2   405.949919: sched_switch: prev_comm=ple.kvbenchmark prev_pid=7536 prev_prio=120 prev_state=S ==> next_comm=traced next_pid=202 next_prio=120
          traced-202   [001] ...2   405.950970: sched_switch: prev_comm=traced prev_pid=202 prev_prio=120 prev_state=R ==> next_comm=ple.kvbenchmark next_pid=7536 next_prio=120
           <...>-7536  [001] ...2   405.951152: sched_switch: prev_comm=ple.kvbenchmark prev_pid=7536 prev_prio=120 prev_state=S ==> next_comm=traced next_pid=202 next_prio=120
          traced-202   [001] ...2   405.952203: sched_switch: prev_comm=traced prev_pid=202 prev_prio=120 prev_state=R ==> next_comm=ple.kvbenchmark next_pid=7536 next_prio=120
           <...>-7536  [001] ...2   405.952252: sched_switch: prev_comm=ple.kvbenchmark prev_pid=7536 prev_prio=120 prev_state=S ==> next_comm=traced next_pid=202 next_prio=120
          traced-202   [001] ...2   405.953303: sched_switch: prev_comm=traced prev_pid=202 prev_prio=120 prev_state=R ==> next_comm=ple.kvbenchmark next_pid=7536 next_prio=120
           <...>-7536  [001] ...2   405.953547: sched_switch: prev_comm=ple.kvbenchmark prev_pid=7536 prev_prio=120 prev_state=S ==> next_comm=traced next_pid=202 next_prio=120
          traced-202   [001] ...2   405.954597: sched_switch: prev_comm=traced prev_pid=202 prev_prio=120 prev_state=R ==> next_comm=ple.kvbenchmark next_pid=7536 next_prio=120
           <...>-7536  [001] ...2   405.954644: sched_switch: prev_comm=ple.kvbenchmark prev_pid=7536 prev_prio=120 prev_state=S ==> next_comm=traced next_pid=202 next_prio=120
          traced-202   [001] ...2   405.955695: sched_switch: prev_comm=traced prev_pid=202 prev_prio=120 prev_state=R ==> next_comm=ple.kvbenchmark next_pid=7536 next_prio=120
           <...>-7536  [001] ...2   405.955743: sched_switch: prev_comm=ple.kvbenchmark prev_pid=7536 prev_prio=120 prev_state=S ==> next_comm=traced next_pid=202 next_prio=120
          <idle>-0     [000] ...2   405.955889: sched_switch: prev_comm=swapper/0 prev_pid=0 prev_prio=120 prev_state=R ==> next_comm=kworker/u:4 next_pid=7452 next_prio=120
     kworker/u:4-7452  [000] ...2   405.955940: sched_switch: prev_comm=kworker/u:4 prev_pid=7452 prev_prio=120 prev_state=S ==> next_comm=kworker/u:2 next_pid=80 next_prio=120
     kworker/u:2-80    [000] ...2   405.955949: sched_switch: prev_comm=kworker/u:2 prev_pid=80 prev_prio=120 prev_state=S ==> next_comm=sensors.qcom next_pid=859 next_prio=120
    sensors.qcom-859   [000] ...2   405.956034: sched_switch: prev_comm=sensors.qcom prev_pid=859 prev_prio=120 prev_state=S ==> next_comm=sensors.qcom next_pid=733 next_prio=120
    sensors.qcom-733   [000] ...2   405.956090: sched_switch: prev_comm=sensors.qcom prev_pid=733 prev_prio=120 prev_state=S ==> next_comm=system_server next_pid=732 next_prio=118
   system_server-732   [000] ...2   405.956243: sched_switch: prev_comm=system_server prev_pid=732 prev_prio=118 prev_state=S ==> next_comm=system_server next_pid=740 next_prio=118
   system_server-740   [000] ...2   405.956276: sched_switch: prev_comm=system_server prev_pid=740 prev_prio=118 prev_state=S ==> next_comm=SensorService next_pid=781 next_prio=112
   SensorService-781   [000] ...2   405.956354: sched_switch: prev_comm=SensorService prev_pid=781 prev_prio=112 prev_state=S ==> next_comm=android.ui next_pid=786 next_prio=118
      android.ui-786   [000] ...2   405.956450: sched_switch: prev_comm=android.ui prev_pid=786 prev_prio=118 prev_state=S ==> next_comm=ksoftirqd/0 next_pid=3 next_prio=120
           <...>-3     [000] ...2   405.956464: sched_switch: prev_comm=ksoftirqd/0 prev_pid=3 prev_prio=120 prev_state=S ==> next_comm=swapper/0 next_pid=0 next_prio=120
          <idle>-0     [000] ...2   405.956490: sched_switch: prev_comm=swapper/0 prev_pid=0 prev_prio=120 prev_state=R ==> next_comm=ksoftirqd/0 next_pid=3 next_prio=120
           <...>-3     [000] ...2   405.956503: sched_switch: prev_comm=ksoftirqd/0 prev_pid=3 prev_prio=120 prev_state=S ==> next_comm=swapper/0 next_pid=0 next_prio=120
          <idle>-0     [000] ...2   405.956527: sched_switch: prev_comm=swapper/0 prev_pid=0 prev_prio=120 prev_state=R ==> next_comm=ksoftirqd/0 next_pid=3 next_prio=120
           <...>-3     [000] ...2   405.956540: sched_switch: prev_comm=ksoftirqd/0 prev_pid=3 prev_prio=120 prev_state=S ==> next_comm=swapper/0 next_pid=0 next_prio=120
          traced-202   [001] ...2   405.956795: sched_switch: prev_comm=traced prev_pid=202 prev_prio=120 prev_state=R ==> next_comm=ple.kvbenchmark next_pid=7536 next_prio=120
           <...>-7536  [001] ...2   405.956842: sched_switch: prev_comm=ple.kvbenchmark prev_pid=7536 prev_prio=120 prev_state=S ==> next_comm=traced next_pid=202 next_prio=120
          traced-202   [001] ...2   405.957894: sched_switch: prev_comm=traced prev_pid=202 prev_prio=120 prev_state=R ==> next_comm=ple.kvbenchmark next_pid=7536 next_prio=120
           <...>-7536  [001] ...2   405.957938: sched_switch: prev_comm=ple.kvbenchmark prev_pid=7536 prev_prio=120 prev_state=S ==> next_comm=traced next_pid=202 next_prio=120
          traced-202   [001] ...2   405.958989: sched_switch: prev_comm=traced prev_pid=202 prev_prio=120 prev_state=R ==> next_comm=ple.kvbenchmark next_pid=7536 next_prio=120
           <...>-7536  [001] ...2   405.959036: sched_switch: prev_comm=ple.kvbenchmark prev_pid=7536 prev_prio=120 prev_state=S ==> next_comm=traced next_pid=202 next_prio=120
          traced-202   [001] ...2   405.960087: sched_switch: prev_comm=traced prev_pid=202 prev_prio=120 prev_state=R ==> next_comm=ple.kvbenchmark next_pid=7536 next_prio=120
           <...>-7536  [001] ...2   405.960135: sched_switch: prev_comm=ple.kvbenchmark prev_pid=7536 prev_prio=120 prev_state=S ==> next_comm=traced next_pid=202 next_prio=120
          traced-202   [001] ...2   405.961185: sched_switch: prev_comm=traced prev_pid=202 prev_prio=120 prev_state=R ==> next_comm=ple.kvbenchmark next_pid=7536 next_prio=120
           <...>-7536  [001] ...2   405.961231: sched_switch: prev_comm=ple.kvbenchmark prev_pid=7536 prev_prio=120 prev_state=S ==> next_comm=traced next_pid=202 next_prio=120
          traced-202   [001] ...2   405.962283: sched_switch: prev_comm=traced prev_pid=202 prev_prio=120 prev_state=R ==> next_comm=ple.kvbenchmark next_pid=7536 next_prio=120
           <...>-7536  [001] ...2   405.962527: sched_switch: prev_comm=ple.kvbenchmark prev_pid=7536 prev_prio=120 prev_state=S ==> next_comm=traced next_pid=202 next_prio=120
          traced-202   [001] ...2   405.963578: sched_switch: prev_comm=traced prev_pid=202 prev_prio=120 prev_state=R ==> next_comm=ple.kvbenchmark next_pid=7536 next_prio=120
           <...>-7536  [001] ...2   405.963625: sched_switch: prev_comm=ple.kvbenchmark prev_pid=7536 prev_prio=120 prev_state=S ==> next_comm=traced next_pid=202 next_prio=120
          traced-202   [001] ...2   405.964676: sched_switch: prev_comm=traced prev_pid=202 prev_prio=120 prev_state=R ==> next_comm=ple.kvbenchmark next_pid=7536 next_prio=120
           <...>-7536  [001] ...2   405.964723: sched_switch: prev_comm=ple.kvbenchmark prev_pid=7536 prev_prio=120 prev_state=S ==> next_comm=traced next_pid=202 next_prio=120
          traced-202   [001] ...2   405.965774: sched_switch: prev_comm=traced prev_pid=202 prev_prio=120 prev_state=R ==> next_comm=ple.kvbenchmark next_pid=7536 next_prio=120
           <...>-7536  [001] ...2   405.965821: sched_switch: prev_comm=ple.kvbenchmark prev_pid=7536 prev_prio=120 prev_state=S ==> next_comm=traced next_pid=202 next_prio=120
          traced-202   [001] ...2   405.966873: sched_switch: prev_comm=traced prev_pid=202 prev_prio=120 prev_state=R ==> next_comm=ple.kvbenchmark next_pid=7536 next_prio=120
           <...>-7536  [001] ...2   405.967031: sched_switch: prev_comm=ple.kvbenchmark prev_pid=7536 prev_prio=120 prev_state=S ==> next_comm=traced next_pid=202 next_prio=120
          traced-202   [001] ...2   405.968083: sched_switch: prev_comm=traced prev_pid=202 prev_prio=120 prev_state=R ==> next_comm=ple.kvbenchmark next_pid=7536 next_prio=120
           <...>-7536  [001] ...2   405.968186: sched_switch: prev_comm=ple.kvbenchmark prev_pid=7536 prev_prio=120 prev_state=S ==> next_comm=traced next_pid=202 next_prio=120
          traced-202   [001] ...2   405.969238: sched_switch: prev_comm=traced prev_pid=202 prev_prio=120 prev_state=R ==> next_comm=ple.kvbenchmark next_pid=7536 next_prio=120
           <...>-7536  [001] ...2   405.969285: sched_switch: prev_comm=ple.kvbenchmark prev_pid=7536 prev_prio=120 prev_state=S ==> next_comm=traced next_pid=202 next_prio=120
          traced-202   [001] ...2   405.970337: sched_switch: prev_comm=traced prev_pid=202 prev_prio=120 prev_state=R ==> next_comm=ple.kvbenchmark next_pid=7536 next_prio=120
           <...>-7536  [001] ...2   405.970404: sched_switch: prev_comm=ple.kvbenchmark prev_pid=7536 prev_prio=120 prev_state=S ==> next_comm=traced next_pid=202 next_prio=120
          <idle>-0     [000] ...2   405.971369: sched_switch: prev_comm=swapper/0 prev_pid=0 prev_prio=120 prev_state=R ==> next_comm=kworker/u:2 next_pid=80 next_prio=120
     kworker/u:2-80    [000] ...2   405.971391: sched_switch: prev_comm=kworker/u:2 prev_pid=80 prev_prio=120 prev_state=S ==> next_comm=mpdecision next_pid=1738 next_prio=113
          traced-202   [001] ...2   405.971455: sched_switch: prev_comm=traced prev_pid=202 prev_prio=120 prev_state=R ==> next_comm=ple.kvbenchmark next_pid=7536 next_prio=120
           <...>-7536  [001] ...2   405.971497: sched_switch: prev_comm=ple.kvbenchmark prev_pid=7536 prev_prio=120 prev_state=S ==> next_comm=traced next_pid=202 next_prio=120
      mpdecision-1738  [000] ...2   405.971776: sched_switch: prev_comm=mpdecision prev_pid=1738 prev_prio=113 prev_state=S ==> next_comm=swapper/0 next_pid=0 next_prio=120
          <idle>-0     [000] ...2   405.971793: sched_switch: prev_comm=swapper/0 prev_pid=0 prev_prio=120 prev_state=R ==> next_comm=ksoftirqd/0 next_pid=3 next_prio=120
           <...>-3     [000] ...2   405.971837: sched_switch: prev_comm=ksoftirqd/0 prev_pid=3 prev_prio=120 prev_state=S ==> next_comm=swapper/0 next_pid=0 next_prio=120
          <idle>-0     [000] ...2   405.971854: sched_switch: prev_comm=swapper/0 prev_pid=0 prev_prio=120 prev_state=R ==> next_comm=ksoftirqd/0 next_pid=3 next_prio=120
           <...>-3     [000] ...2   405.971868: sched_switch: prev_comm=ksoftirqd/0 prev_pid=3 prev_prio=120 prev_state=S ==> next_comm=swapper/0 next_pid=0 next_prio=120
          <idle>-0     [000] ...2   405.971884: sched_switch: prev_comm=swapper/0 prev_pid=0 prev_prio=120 prev_state=R ==> next_comm=ksoftirqd/0 next_pid=3 next_prio=120
           <...>-3     [000] ...2   405.971896: sched_switch: prev_comm=ksoftirqd/0 prev_pid=3 prev_prio=120 prev_state=S ==> next_comm=swapper/0 next_pid=0 next_prio=120
          traced-202   [001] ...2   405.972549: sched_switch: prev_comm=traced prev_pid=202 prev_prio=120 prev_state=R ==> next_comm=ple.kvbenchmark next_pid=7536 next_prio=120
           <...>-7536  [001] ...2   405.972860: sched_switch: prev_comm=ple.kvbenchmark prev_pid=7536 prev_prio=120 prev_state=S ==> next_comm=traced next_pid=202 next_prio=120
          traced-202   [001] ...2   405.973910: sched_switch: prev_comm=traced prev_pid=202 prev_prio=120 prev_state=R ==> next_comm=ple.kvbenchmark next_pid=7536 next_prio=120
           <...>-7536  [001] ...2   405.973958: sched_switch: prev_comm=ple.kvbenchmark prev_pid=7536 prev_prio=120 prev_state=S ==> next_comm=traced next_pid=202 next_prio=120
          traced-202   [001] ...2   405.975010: sched_switch: prev_comm=traced prev_pid=202 prev_prio=120 prev_state=R ==> next_comm=ple.kvbenchmark next_pid=7536 next_prio=120
           <...>-7536  [001] ...2   405.975198: sched_switch: prev_comm=ple.kvbenchmark prev_pid=7536 prev_prio=120 prev_state=S ==> next_comm=traced next_pid=202 next_prio=120
          traced-202   [001] ...2   405.976249: sched_switch: prev_comm=traced prev_pid=202 prev_prio=120 prev_state=R ==> next_comm=ple.kvbenchmark next_pid=7536 next_prio=120
           <...>-7536  [001] ...2   405.976383: sched_switch: prev_comm=ple.kvbenchmark prev_pid=7536 prev_prio=120 prev_state=S ==> next_comm=traced next_pid=202 next_prio=120
          traced-202   [001] ...2   405.977434: sched_switch: prev_comm=traced prev_pid=202 prev_prio=120 prev_state=R ==> next_comm=ple.kvbenchmark next_pid=7536 next_prio=120
           <...>-7536  [001] ...2   405.977602: sched_switch: prev_comm=ple.kvbenchmark prev_pid=7536 prev_prio=120 prev_state=S ==> next_comm=traced next_pid=202 next_prio=120
          traced-202   [001] ...2   405.978653: sched_switch: prev_comm=traced prev_pid=202 prev_prio=120 prev_state=R ==> next_comm=ple.kvbenchmark next_pid=7536 next_prio=120
           <...>-7536  [001] ...2   405.978700: sched_switch: prev_comm=ple.kvbenchmark prev_pid=7536 prev_prio=120 prev_state=S ==> next_comm=traced next_pid=202 next_prio=120
          traced-202   [001] ...2   405.979752: sched_switch: prev_comm=traced prev_pid=202 prev_prio=120 prev_state=R ==> next_comm=ple.kvbenchmark next_pid=7536 next_prio=120
           <...>-7536  [001] ...2   405.979914: sched_switch: prev_comm=ple.kvbenchmark prev_pid=7536 prev_prio=120 prev_state=S ==> next_comm=traced next_pid=202 next_prio=120
          traced-202   [001] ...2   405.980965: sched_switch: prev_comm=traced prev_pid=202 prev_prio=120 prev_state=R ==> next_comm=ple.kvbenchmark next_pid=7536 next_prio=120
           <...>-7536  [001] ...2   405.981038: sched_switch: prev_comm=ple.kvbenchmark prev_pid=7536 prev_prio=120 prev_state=S ==> next_comm=traced next_pid=202 next_prio=120
          <idle>-0     [000] ...2   405.981391: sched_switch: prev_comm=swapper/0 prev_pid=0 prev_prio=120 prev_state=R ==> next_comm=kworker/0:1 next_pid=15 next_prio=120
     kworker/0:1-15    [000] ...2   405.981397: phonelab_periodic_ctx_switch_marker: BEGIN cpu=0 count=0 log_idx=405
     kworker/0:1-15    [000] ...2   405.981400: phonelab_periodic_ctx_switch_info: cpu=0 pid=2 tgid=2 nice=0 comm=kthreadd utime=0 stime=0 rtime=432292 bg_utime=0 bg_stime=0 bg_rtime=0 s_run=0 s_int=13 s_unint=0 s_oth=0 log_idx=405
     kworker/0:1-15    [000] ...2   405.981402: phonelab_periodic_ctx_switch_info: cpu=0 pid=859 tgid=197 nice=0 comm=sensors.qcom utime=0 stime=0 rtime=2137866 bg_utime=0 bg_stime=0 bg_rtime=0 s_run=0 s_int=25 s_unint=0 s_oth=0 log_idx=405
     kworker/0:1-15    [000] ...2   405.981404: phonelab_periodic_ctx_switch_info: cpu=0 pid=732 tgid=712 nice=-2 comm=system_server utime=0 stime=0 rtime=3534794 bg_utime=0 bg_stime=0 bg_rtime=0 s_run=0 s_int=25 s_unint=0 s_oth=0 log_idx=405
     kworker/0:1-15    [000] ...2   405.981406: phonelab_periodic_ctx_switch_info: cpu=0 pid=15 tgid=15 nice=0 comm=kworker/0:1 utime=0 stime=0 rtime=1284584 bg_utime=0 bg_stime=0 bg_rtime=0 s_run=2 s_int=15 s_unint=7 s_oth=0 log_idx=405
     kworker/0:1-15    [000] ...2   405.981408: phonelab_periodic_ctx_switch_info: cpu=0 pid=800 tgid=712 nice=0 comm=UEventObserver utime=0 stime=0 rtime=91928 bg_utime=0 bg_stime=0 bg_rtime=0 s_run=0 s_int=3 s_unint=0 s_oth=0 log_idx=405
     kworker/0:1-15    [000] ...2   405.981410: phonelab_periodic_ctx_switch_info: cpu=0 pid=3 tgid=3 nice=0 comm=ksoftirqd/0 utime=0 stime=0 rtime=1208798 bg_utime=0 bg_stime=0 bg_rtime=0 s_run=0 s_int=75 s_unint=0 s_oth=0 log_idx=405
     kworker/0:1-15    [000] ...2   405.981412: phonelab_periodic_ctx_switch_info: cpu=0 pid=1028 tgid=194 nice=0 comm=bridgemgrd utime=0 stime=0 rtime=116042 bg_utime=0 bg_stime=0 bg_rtime=0 s_run=0 s_int=3 s_unint=0 s_oth=0 log_idx=405
     kworker/0:1-15    [000] ...2   405.981414: phonelab_periodic_ctx_switch_info: cpu=0 pid=9376 tgid=9376 nice=0 comm=ksoftirqd/2 utime=0 stime=0 rtime=61354 bg_utime=0 bg_stime=0 bg_rtime=0 s_run=0 s_int=0 s_unint=0 s_oth=1 log_idx=405
     kworker/0:1-15    [000] ...2   405.981416: phonelab_periodic_ctx_switch_info: cpu=0 pid=9054 tgid=9054 nice=-20 comm=kworker/2:1H utime=0 stime=0 rtime=22292 bg_utime=0 bg_stime=0 bg_rtime=0 s_run=0 s_int=0 s_unint=0 s_oth=1 log_idx=405
     kworker/0:1-15    [000] ...2   405.981418: phonelab_periodic_ctx_switch_info: cpu=0 pid=3738 tgid=1508 nice=0 comm=adbd utime=0 stime=1 rtime=1571929 bg_utime=0 bg_stime=0 bg_rtime=0 s_run=0 s_int=37 s_unint=0 s_oth=0 log_idx=405
     kworker/0:1-15    [000] ...2   405.981420: phonelab_periodic_ctx_switch_info: cpu=0 pid=9375 tgid=9375 nice=-20 comm=kworker/2:0H utime=0 stime=0 rtime=37084 bg_utime=0 bg_stime=0 bg_rtime=0 s_run=0 s_int=0 s_unint=0 s_oth=1 log_idx=405
     kworker/0:1-15    [000] ...2   405.981422: phonelab_periodic_ctx_switch_info: cpu=0 pid=9059 tgid=9059 nice=-20 comm=kworker/2:2H utime=0 stime=0 rtime=22292 bg_utime=0 bg_stime=0 bg_rtime=0 s_run=0 s_int=0 s_unint=0 s_oth=1 log_idx=405
     kworker/0:1-15    [000] ...2   405.981424: phonelab_periodic_ctx_switch_info: cpu=0 pid=1508 tgid=1508 nice=0 comm=adbd utime=0 stime=0 rtime=3714375 bg_utime=0 bg_stime=0 bg_rtime=0 s_run=0 s_int=19 s_unint=7 s_oth=0 log_idx=405
     kworker/0:1-15    [000] ...2   405.981426: phonelab_periodic_ctx_switch_info: cpu=0 pid=552 tgid=194 nice=0 comm=bridgemgrd utime=0 stime=0 rtime=19531 bg_utime=0 bg_stime=0 bg_rtime=0 s_run=0 s_int=1 s_unint=0 s_oth=0 log_idx=405
     kworker/0:1-15    [000] ...2   405.981428: phonelab_periodic_ctx_switch_info: cpu=0 pid=3737 tgid=1508 nice=0 comm=adbd utime=0 stime=0 rtime=813594 bg_utime=0 bg_stime=0 bg_rtime=0 s_run=0 s_int=18 s_unint=0 s_oth=0 log_idx=405
     kworker/0:1-15    [000] ...2   405.981430: phonelab_periodic_ctx_switch_info: cpu=0 pid=17 tgid=17 nice=-20 comm=kworker/0:1H utime=0 stime=0 rtime=249687 bg_utime=0 bg_stime=0 bg_rtime=0 s_run=0 s_int=4 s_unint=1 s_oth=0 log_idx=405
     kworker/0:1-15    [000] ...2   405.981432: phonelab_periodic_ctx_switch_info: cpu=0 pid=9380 tgid=9380 nice=0 comm=workqueue_trust utime=0 stime=0 rtime=118227 bg_utime=0 bg_stime=0 bg_rtime=0 s_run=3 s_int=0 s_unint=2 s_oth=1 log_idx=405
     kworker/0:1-15    [000] ...2   405.981434: phonelab_periodic_ctx_switch_info: cpu=0 pid=781 tgid=712 nice=-8 comm=SensorService utime=0 stime=0 rtime=548281 bg_utime=0 bg_stime=0 bg_rtime=0 s_run=0 s_int=8 s_unint=0 s_oth=0 log_idx=405
     kworker/0:1-15    [000] ...2   405.981436: phonelab_periodic_ctx_switch_info: cpu=0 pid=1726 tgid=1713 nice=-7 comm=mpdecision utime=0 stime=0 rtime=127864 bg_utime=0 bg_stime=0 bg_rtime=0 s_run=0 s_int=4 s_unint=0 s_oth=0 log_idx=405
     kworker/0:1-15    [000] ...2   405.981438: phonelab_periodic_ctx_switch_info: cpu=0 pid=791 tgid=712 nice=-2 comm=system_server utime=0 stime=0 rtime=62864 bg_utime=0 bg_stime=0 bg_rtime=0 s_run=0 s_int=3 s_unint=0 s_oth=0 log_idx=405
     kworker/0:1-15    [000] ...2   405.981440: phonelab_periodic_ctx_switch_info: cpu=0 pid=9374 tgid=9374 nice=0 comm=kworker/2:0 utime=0 stime=0 rtime=40000 bg_utime=0 bg_stime=0 bg_rtime=0 s_run=0 s_int=0 s_unint=0 s_oth=1 log_idx=405
     kworker/0:1-15    [000] ...2   405.981445: phonelab_periodic_ctx_switch_info: cpu=0 pid=9051 tgid=9051 nice=-20 comm=kworker/2:0H utime=0 stime=0 rtime=22135 bg_utime=0 bg_stime=0 bg_rtime=0 s_run=0 s_int=0 s_unint=0 s_oth=1 log_idx=405
     kworker/0:1-15    [000] ...2   405.981447: phonelab_periodic_ctx_switch_info: cpu=0 pid=0 tgid=0 nice=0 comm=swapper/0 utime=0 stime=40 rtime=393187550 bg_utime=0 bg_stime=0 bg_rtime=0 s_run=107 s_int=0 s_unint=0 s_oth=0 log_idx=405
     kworker/0:1-15    [000] ...2   405.981450: phonelab_periodic_ctx_switch_info: cpu=0 pid=7 tgid=7 nice=-20 comm=kworker/u:0H utime=0 stime=0 rtime=517135 bg_utime=0 bg_stime=0 bg_rtime=0 s_run=0 s_int=0 s_unint=14 s_oth=0 log_idx=405
     kworker/0:1-15    [000] ...2   405.981452: phonelab_periodic_ctx_switch_info: cpu=0 pid=3782 tgid=3782 nice=0 comm=logcat utime=0 stime=0 rtime=421248 bg_utime=0 bg_stime=0 bg_rtime=0 s_run=0 s_int=4 s_unint=0 s_oth=0 log_idx=405
     kworker/0:1-15    [000] ...2   405.981454: phonelab_periodic_ctx_switch_info: cpu=0 pid=9052 tgid=9052 nice=0 comm=ksoftirqd/2 utime=0 stime=0 rtime=52761 bg_utime=0 bg_stime=0 bg_rtime=0 s_run=0 s_int=0 s_unint=0 s_oth=1 log_idx=405
     kworker/0:1-15    [000] ...2   405.981456: phonelab_periodic_ctx_switch_info: cpu=0 pid=7551 tgid=7536 nice=0 comm=FinalizerWatchd utime=0 stime=0 rtime=119687 bg_utime=0 bg_stime=0 bg_rtime=0 s_run=0 s_int=2 s_unint=0 s_oth=0 log_idx=405
     kworker/0:1-15    [000] ...2   405.981458: phonelab_periodic_ctx_switch_info: cpu=0 pid=7905 tgid=7905 nice=0 comm=logcat utime=0 stime=0 rtime=643802 bg_utime=0 bg_stime=0 bg_rtime=643802 s_run=1 s_int=6 s_unint=0 s_oth=0 log_idx=405
     kworker/0:1-15    [000] ...2   405.981459: phonelab_periodic_ctx_switch_info: cpu=0 pid=8 tgid=8 nice=0 comm=migration/0 utime=0 stime=0 rtime=1446719 bg_utime=0 bg_stime=0 bg_rtime=0 s_run=0 s_int=3 s_unint=0 s_oth=0 log_idx=405
     kworker/0:1-15    [000] ...2   405.981462: phonelab_periodic_ctx_switch_info: cpu=0 pid=786 tgid=712 nice=-2 comm=android.ui utime=0 stime=0 rtime=1407969 bg_utime=0 bg_stime=0 bg_rtime=0 s_run=0 s_int=15 s_unint=0 s_oth=0 log_idx=405
     kworker/0:1-15    [000] ...2   405.981464: phonelab_periodic_ctx_switch_info: cpu=0 pid=733 tgid=197 nice=0 comm=sensors.qcom utime=0 stime=0 rtime=1321041 bg_utime=0 bg_stime=0 bg_rtime=0 s_run=0 s_int=25 s_unint=0 s_oth=0 log_idx=405
     kworker/0:1-15    [000] ...2   405.981466: phonelab_periodic_ctx_switch_info: cpu=0 pid=80 tgid=80 nice=0 comm=kworker/u:2 utime=0 stime=0 rtime=925524 bg_utime=0 bg_stime=0 bg_rtime=0 s_run=0 s_int=23 s_unint=0 s_oth=0 log_idx=405
     kworker/0:1-15    [000] ...2   405.981468: phonelab_periodic_ctx_switch_info: cpu=0 pid=225 tgid=174 nice=0 comm=vold utime=0 stime=0 rtime=89375 bg_utime=0 bg_stime=0 bg_rtime=0 s_run=0 s_int=2 s_unint=0 s_oth=0 log_idx=405
     kworker/0:1-15    [000] ...2   405.981470: phonelab_periodic_ctx_switch_info: cpu=0 pid=9377 tgid=9377 nice=0 comm=kworker/2:1 utime=0 stime=0 rtime=47865 bg_utime=0 bg_stime=0 bg_rtime=0 s_run=0 s_int=0 s_unint=0 s_oth=1 log_idx=405
     kworker/0:1-15    [000] ...2   405.981472: phonelab_periodic_ctx_switch_info: cpu=0 pid=9050 tgid=9050 nice=0 comm=kworker/2:0 utime=0 stime=0 rtime=25208 bg_utime=0 bg_stime=0 bg_rtime=0 s_run=0 s_int=0 s_unint=0 s_oth=1 log_idx=405
     kworker/0:1-15    [000] ...2   405.981474: phonelab_periodic_ctx_switch_info: cpu=0 pid=117 tgid=117 nice=0 comm=mmcqd/1 utime=0 stime=1 rtime=1161769 bg_utime=0 bg_stime=0 bg_rtime=0 s_run=3 s_int=12 s_unint=7 s_oth=0 log_idx=405
     kworker/0:1-15    [000] ...2   405.981476: phonelab_periodic_ctx_switch_info: cpu=0 pid=9370 tgid=1508 nice=0 comm=adbd utime=0 stime=0 rtime=17083 bg_utime=0 bg_stime=0 bg_rtime=0 s_run=0 s_int=1 s_unint=0 s_oth=0 log_idx=405
     kworker/0:1-15    [000] ...2   405.981478: phonelab_periodic_ctx_switch_info: cpu=0 pid=9379 tgid=9379 nice=-20 comm=kworker/2:2H utime=0 stime=0 rtime=35938 bg_utime=0 bg_stime=0 bg_rtime=0 s_run=0 s_int=0 s_unint=0 s_oth=1 log_idx=405
     kworker/0:1-15    [000] ...2   405.981480: phonelab_periodic_ctx_switch_info: cpu=0 pid=7543 tgid=7536 nice=0 comm=Heap thread poo utime=0 stime=0 rtime=1597241 bg_utime=0 bg_stime=0 bg_rtime=0 s_run=0 s_int=11 s_unint=0 s_oth=0 log_idx=405
     kworker/0:1-15    [000] ...2   405.981483: phonelab_periodic_ctx_switch_info: cpu=0 pid=201 tgid=201 nice=0 comm=kmsgd utime=0 stime=0 rtime=252240 bg_utime=0 bg_stime=0 bg_rtime=0 s_run=0 s_int=2 s_unint=0 s_oth=0 log_idx=405
     kworker/0:1-15    [000] ...2   405.981485: phonelab_periodic_ctx_switch_info: cpu=0 pid=1738 tgid=1713 nice=-7 comm=mpdecision utime=0 stime=1 rtime=9067809 bg_utime=0 bg_stime=0 bg_rtime=0 s_run=20 s_int=20 s_unint=14 s_oth=0 log_idx=405
     kworker/0:1-15    [000] ...2   405.981487: phonelab_periodic_ctx_switch_info: cpu=0 pid=9367 tgid=9367 nice=0 comm=adbd utime=0 stime=0 rtime=5679167 bg_utime=0 bg_stime=0 bg_rtime=0 s_run=1 s_int=0 s_unint=0 s_oth=1 log_idx=405
     kworker/0:1-15    [000] ...2   405.981489: phonelab_periodic_ctx_switch_info: cpu=0 pid=9047 tgid=9047 nice=0 comm=migration/2 utime=0 stime=0 rtime=24270 bg_utime=0 bg_stime=0 bg_rtime=0 s_run=0 s_int=0 s_unint=0 s_oth=1 log_idx=405
     kworker/0:1-15    [000] ...2   405.981491: phonelab_periodic_ctx_switch_info: cpu=0 pid=202 tgid=202 nice=0 comm=traced utime=56 stime=0 rtime=563887605 bg_utime=0 bg_stime=0 bg_rtime=0 s_run=129 s_int=0 s_unint=0 s_oth=0 log_idx=405
     kworker/0:1-15    [000] ...2   405.981493: phonelab_periodic_ctx_switch_info: cpu=0 pid=7452 tgid=7452 nice=0 comm=kworker/u:4 utime=0 stime=1 rtime=544844 bg_utime=0 bg_stime=0 bg_rtime=0 s_run=0 s_int=18 s_unint=0 s_oth=0 log_idx=405
     kworker/0:1-15    [000] ...2   405.981495: phonelab_periodic_ctx_switch_info: cpu=0 pid=9365 tgid=9365 nice=0 comm=adbd utime=0 stime=0 rtime=183541 bg_utime=0 bg_stime=0 bg_rtime=0 s_run=1 s_int=0 s_unint=0 s_oth=0 log_idx=405
     kworker/0:1-15    [000] ...2   405.981497: phonelab_periodic_ctx_switch_info: cpu=0 pid=7552 tgid=7536 nice=0 comm=HeapTrimmerDaem utime=0 stime=0 rtime=31875 bg_utime=0 bg_stime=0 bg_rtime=0 s_run=0 s_int=1 s_unint=0 s_oth=0 log_idx=405
     kworker/0:1-15    [000] ...2   405.981500: phonelab_periodic_ctx_switch_info: cpu=0 pid=177 tgid=177 nice=-20 comm=kworker/0:2H utime=0 stime=0 rtime=326617 bg_utime=0 bg_stime=0 bg_rtime=0 s_run=0 s_int=11 s_unint=4 s_oth=0 log_idx=405
     kworker/0:1-15    [000] ...2   405.981502: phonelab_periodic_ctx_switch_info: cpu=0 pid=9378 tgid=9378 nice=-20 comm=kworker/2:1H utime=0 stime=0 rtime=36407 bg_utime=0 bg_stime=0 bg_rtime=0 s_run=0 s_int=0 s_unint=0 s_oth=1 log_idx=405
     kworker/0:1-15    [000] ...2   405.981504: phonelab_periodic_ctx_switch_info: cpu=0 pid=9053 tgid=9053 nice=0 comm=kworker/2:1 utime=0 stime=0 rtime=28386 bg_utime=0 bg_stime=0 bg_rtime=0 s_run=0 s_int=0 s_unint=0 s_oth=1 log_idx=405
     kworker/0:1-15    [000] ...2   405.981506: phonelab_periodic_ctx_switch_info: cpu=0 pid=740 tgid=712 nice=-2 comm=system_server utime=0 stime=0 rtime=177032 bg_utime=0 bg_stime=0 bg_rtime=0 s_run=0 s_int=6 s_unint=0 s_oth=0 log_idx=405
     kworker/0:1-15    [000] ...2   405.981508: phonelab_periodic_ctx_switch_info: cpu=0 pid=128 tgid=128 nice=0 comm=ueventd utime=0 stime=0 rtime=60990 bg_utime=0 bg_stime=0 bg_rtime=0 s_run=0 s_int=2 s_unint=0 s_oth=0 log_idx=405
     kworker/0:1-15    [000] ...2   405.981510: phonelab_periodic_ctx_switch_info: cpu=0 pid=9359 tgid=1508 nice=0 comm=adbd utime=0 stime=0 rtime=123958 bg_utime=0 bg_stime=0 bg_rtime=0 s_run=0 s_int=1 s_unint=0 s_oth=1 log_idx=405
     kworker/0:1-15    [000] ...2   405.981512: phonelab_periodic_ctx_switch_info: cpu=0 pid=302 tgid=175 nice=-8 comm=hwcUeventThread utime=0 stime=0 rtime=56406 bg_utime=0 bg_stime=0 bg_rtime=0 s_run=0 s_int=2 s_unint=0 s_oth=0 log_idx=405
     kworker/0:1-15    [000] ...2   405.981514: phonelab_periodic_ctx_switch_info: cpu=0 pid=9373 tgid=9373 nice=0 comm=migration/2 utime=0 stime=0 rtime=40677 bg_utime=0 bg_stime=0 bg_rtime=0 s_run=0 s_int=0 s_unint=0 s_oth=1 log_idx=405
     kworker/0:1-15    [000] ...2   405.981516: phonelab_periodic_ctx_switch_info: cpu=0 pid=9362 tgid=9362 nice=0 comm=workqueue_trust utime=0 stime=0 rtime=75260 bg_utime=0 bg_stime=0 bg_rtime=0 s_run=3 s_int=0 s_unint=2 s_oth=1 log_idx=405
     kworker/0:1-15    [000] ...2   405.981521: phonelab_periodic_ctx_switch_info: cpu=0 pid=543 tgid=185 nice=0 comm=netd utime=0 stime=0 rtime=42657 bg_utime=0 bg_stime=0 bg_rtime=0 s_run=0 s_int=1 s_unint=0 s_oth=0 log_idx=405
     kworker/0:1-15    [000] ...2   405.981552: phonelab_periodic_ctx_switch_marker: END cpu=0 count=57 log_idx=405
     kworker/0:1-15    [000] ...2   405.981557: phonelab_timing: func=periodic_ctx_switch_info time=159792ns cpu=0
     kworker/0:1-15    [000] ...2   405.981567: sched_switch: prev_comm=kworker/0:1 prev_pid=15 prev_prio=120 prev_state=S ==> next_comm=kworker/0:2H next_pid=177 next_prio=100
    kworker/0:2H-177   [000] ...2   405.981597: sched_switch: prev_comm=kworker/0:2H prev_pid=177 prev_prio=100 prev_state=D ==> next_comm=kworker/0:1H next_pid=17 next_prio=100
    kworker/0:1H-17    [000] ...1   405.981604: cpu_frequency_switch_start: start=960000 end=960000 cpu_id=0
    kworker/0:1H-17    [000] ...1   405.981608: cpu_frequency_switch_end: cpu_id=0
    kworker/0:1H-17    [000] ...1   405.981611: cpu_frequency: state=960000 cpu_id=0
    kworker/0:1H-17    [000] ...2   405.981634: sched_switch: prev_comm=kworker/0:1H prev_pid=17 prev_prio=100 prev_state=S ==> next_comm=kworker/0:2H next_pid=177 next_prio=100
    kworker/0:2H-177   [000] ...2   405.981648: sched_switch: prev_comm=kworker/0:2H prev_pid=177 prev_prio=100 prev_state=S ==> next_comm=ksoftirqd/0 next_pid=3 next_prio=120
           <...>-3     [000] ...2   405.981662: sched_switch: prev_comm=ksoftirqd/0 prev_pid=3 prev_prio=120 prev_state=S ==> next_comm=swapper/0 next_pid=0 next_prio=120
          <idle>-0     [000] ...2   405.981688: sched_switch: prev_comm=swapper/0 prev_pid=0 prev_prio=120 prev_state=R ==> next_comm=ksoftirqd/0 next_pid=3 next_prio=120
           <...>-3     [000] ...2   405.981701: sched_switch: prev_comm=ksoftirqd/0 prev_pid=3 prev_prio=120 prev_state=S ==> next_comm=swapper/0 next_pid=0 next_prio=120
          <idle>-0     [000] ...2   405.981725: sched_switch: prev_comm=swapper/0 prev_pid=0 prev_prio=120 prev_state=R ==> next_comm=ksoftirqd/0 next_pid=3 next_prio=120
           <...>-3     [000] ...2   405.981738: sched_switch: prev_comm=ksoftirqd/0 prev_pid=3 prev_prio=120 prev_state=S ==> next_comm=swapper/0 next_pid=0 next_prio=120
          traced-202   [001] ...2   405.982090: sched_switch: prev_comm=traced prev_pid=202 prev_prio=120 prev_state=R ==> next_comm=ple.kvbenchmark next_pid=7536 next_prio=120
           <...>-7536  [001] ...2   405.982316: sched_switch: prev_comm=ple.kvbenchmark prev_pid=7536 prev_prio=120 prev_state=S ==> next_comm=traced next_pid=202 next_prio=120
          traced-202   [001] ...2   405.983367: sched_switch: prev_comm=traced prev_pid=202 prev_prio=120 prev_state=R ==> next_comm=ple.kvbenchmark next_pid=7536 next_prio=120
           <...>-7536  [001] ...2   405.983414: sched_switch: prev_comm=ple.kvbenchmark prev_pid=7536 prev_prio=120 prev_state=S ==> next_comm=traced next_pid=202 next_prio=120
          traced-202   [001] ...2   405.984465: sched_switch: prev_comm=traced prev_pid=202 prev_prio=120 prev_state=R ==> next_comm=ple.kvbenchmark next_pid=7536 next_prio=120
           <...>-7536  [001] ...2   405.984513: sched_switch: prev_comm=ple.kvbenchmark prev_pid=7536 prev_prio=120 prev_state=S ==> next_comm=traced next_pid=202 next_prio=120
          traced-202   [001] ...2   405.985564: sched_switch: prev_comm=traced prev_pid=202 prev_prio=120 prev_state=R ==> next_comm=ple.kvbenchmark next_pid=7536 next_prio=120
           <...>-7536  [001] ...2   405.985608: sched_switch: prev_comm=ple.kvbenchmark prev_pid=7536 prev_prio=120 prev_state=S ==> next_comm=traced next_pid=202 next_prio=120
          traced-202   [001] ...2   405.986659: sched_switch: prev_comm=traced prev_pid=202 prev_prio=120 prev_state=R ==> next_comm=ple.kvbenchmark next_pid=7536 next_prio=120
           <...>-7536  [001] ...2   405.986752: sched_switch: prev_comm=ple.kvbenchmark prev_pid=7536 prev_prio=120 prev_state=S ==> next_comm=traced next_pid=202 next_prio=120
          traced-202   [001] ...2   405.987803: sched_switch: prev_comm=traced prev_pid=202 prev_prio=120 prev_state=R ==> next_comm=ple.kvbenchmark next_pid=7536 next_prio=120
           <...>-7536  [001] ...2   405.987849: sched_switch: prev_comm=ple.kvbenchmark prev_pid=7536 prev_prio=120 prev_state=S ==> next_comm=traced next_pid=202 next_prio=120
