           <...>-228   [000] ...2   285.895467: sched_switch: prev_comm=vold prev_pid=228 prev_prio=120 prev_state=S ==> next_comm=ueventd next_pid=127 next_prio=120
           <...>-127   [000] ...2   285.895505: sched_switch: prev_comm=ueventd prev_pid=127 prev_prio=120 prev_state=S ==> next_comm=bridgemgrd next_pid=551 next_prio=120
           <...>-551   [000] ...2   285.895558: sched_switch: prev_comm=bridgemgrd prev_pid=551 prev_prio=120 prev_state=S ==> next_comm=ple.kvbenchmark next_pid=4317 next_prio=120
           <...>-4317  [000] ...1   285.899050: tracing_mark_write: {"EVENT":"TESTBENCHMARK"}
           <...>-4317  [000] ...1   285.899542: tracing_mark_write: START: App started

           <...>-4317  [000] ...1   285.899994: tracing_mark_write: {"EVENT":"KV_START"}
           <...>-4317  [000] ...1   285.900461: tracing_mark_write: {"EVENT":"LOAD_START"}
           <...>-4317  [000] ...2   285.900899: sched_switch: prev_comm=ple.kvbenchmark prev_pid=4317 prev_prio=120 prev_state=R+ ==> next_comm=mmcqd/1 next_pid=116 next_prio=120
         mmcqd/1-116   [000] ...2   285.901130: sched_switch: prev_comm=mmcqd/1 prev_pid=116 prev_prio=120 prev_state=D ==> next_comm=ple.kvbenchmark next_pid=4317 next_prio=120
           <...>-4317  [000] ...2   285.901148: sched_switch: prev_comm=ple.kvbenchmark prev_pid=4317 prev_prio=120 prev_state=D|W ==> next_comm=swapper/0 next_pid=0 next_prio=120
          <idle>-0     [000] ...2   285.901168: sched_switch: prev_comm=swapper/0 prev_pid=0 prev_prio=120 prev_state=R ==> next_comm=ksoftirqd/0 next_pid=3 next_prio=120
           <...>-3     [000] ...2   285.901192: sched_switch: prev_comm=ksoftirqd/0 prev_pid=3 prev_prio=120 prev_state=S ==> next_comm=swapper/0 next_pid=0 next_prio=120
          <idle>-0     [000] ...2   285.901278: sched_switch: prev_comm=swapper/0 prev_pid=0 prev_prio=120 prev_state=R ==> next_comm=kworker/u:0H next_pid=7 next_prio=100
    kworker/u:0H-7     [000] ...2   285.901315: sched_switch: prev_comm=kworker/u:0H prev_pid=7 prev_prio=100 prev_state=D ==> next_comm=ksoftirqd/0 next_pid=3 next_prio=120
           <...>-3     [000] ...2   285.901326: sched_switch: prev_comm=ksoftirqd/0 prev_pid=3 prev_prio=120 prev_state=S ==> next_comm=mmcqd/1 next_pid=116 next_prio=120
         mmcqd/1-116   [000] ...2   285.901407: sched_switch: prev_comm=mmcqd/1 prev_pid=116 prev_prio=120 prev_state=D ==> next_comm=swapper/0 next_pid=0 next_prio=120
          <idle>-0     [000] ...2   285.901795: sched_switch: prev_comm=swapper/0 prev_pid=0 prev_prio=120 prev_state=R ==> next_comm=kworker/u:0H next_pid=7 next_prio=100
    kworker/u:0H-7     [000] ...2   285.901829: sched_switch: prev_comm=kworker/u:0H prev_pid=7 prev_prio=100 prev_state=D ==> next_comm=mmcqd/1 next_pid=116 next_prio=120
         mmcqd/1-116   [000] ...2   285.901905: sched_switch: prev_comm=mmcqd/1 prev_pid=116 prev_prio=120 prev_state=D ==> next_comm=swapper/0 next_pid=0 next_prio=120
          <idle>-0     [000] ...2   285.902037: sched_switch: prev_comm=swapper/0 prev_pid=0 prev_prio=120 prev_state=R ==> next_comm=kmsgd next_pid=200 next_prio=120
           <...>-200   [000] ...2   285.902120: sched_switch: prev_comm=kmsgd prev_pid=200 prev_prio=120 prev_state=R+ ==> next_comm=kworker/u:0H next_pid=7 next_prio=100
    kworker/u:0H-7     [000] ...2   285.902155: sched_switch: prev_comm=kworker/u:0H prev_pid=7 prev_prio=100 prev_state=D ==> next_comm=kworker/0:1H next_pid=17 next_prio=100
    kworker/0:1H-17    [000] ...2   285.902188: sched_switch: prev_comm=kworker/0:1H prev_pid=17 prev_prio=100 prev_state=D ==> next_comm=kworker/0:3H next_pid=796 next_prio=100
           <...>-796   [000] ...1   285.902196: cpu_frequency_switch_start: start=960000 end=960000 cpu_id=0
           <...>-796   [000] ...1   285.902201: cpu_frequency_switch_end: cpu_id=0
           <...>-796   [000] ...1   285.902203: cpu_frequency: state=960000 cpu_id=0
           <...>-796   [000] ...2   285.902229: sched_switch: prev_comm=kworker/0:3H prev_pid=796 prev_prio=100 prev_state=S ==> next_comm=kworker/0:1H next_pid=17 next_prio=100
    kworker/0:1H-17    [000] ...2   285.902243: sched_switch: prev_comm=kworker/0:1H prev_pid=17 prev_prio=100 prev_state=S ==> next_comm=ksoftirqd/0 next_pid=3 next_prio=120
           <...>-3     [000] ...2   285.902252: sched_switch: prev_comm=ksoftirqd/0 prev_pid=3 prev_prio=120 prev_state=S ==> next_comm=kmsgd next_pid=200 next_prio=120
           <...>-200   [000] ...2   285.902359: sched_switch: prev_comm=kmsgd prev_pid=200 prev_prio=120 prev_state=S ==> next_comm=logcat next_pid=4666 next_prio=120
          logcat-4666  [000] ...2   285.902565: sched_switch: prev_comm=logcat prev_pid=4666 prev_prio=120 prev_state=S ==> next_comm=logcat next_pid=3955 next_prio=120
          logcat-3955  [000] ...2   285.902744: sched_switch: prev_comm=logcat prev_pid=3955 prev_prio=120 prev_state=S ==> next_comm=kworker/0:1 next_pid=15 next_prio=120
     kworker/0:1-15    [000] ...2   285.902771: sched_switch: prev_comm=kworker/0:1 prev_pid=15 prev_prio=120 prev_state=S ==> next_comm=adbd next_pid=1774 next_prio=120
            adbd-1774  [000] ...2   285.903005: sched_switch: prev_comm=adbd prev_pid=1774 prev_prio=120 prev_state=S ==> next_comm=adbd next_pid=3935 next_prio=120
            adbd-3935  [000] ...2   285.903102: sched_switch: prev_comm=adbd prev_pid=3935 prev_prio=120 prev_state=S ==> next_comm=mmcqd/1 next_pid=116 next_prio=120
         mmcqd/1-116   [000] ...2   285.903218: sched_switch: prev_comm=mmcqd/1 prev_pid=116 prev_prio=120 prev_state=D ==> next_comm=swapper/0 next_pid=0 next_prio=120
          <idle>-0     [000] ...2   285.903246: sched_switch: prev_comm=swapper/0 prev_pid=0 prev_prio=120 prev_state=R ==> next_comm=ksoftirqd/0 next_pid=3 next_prio=120
           <...>-3     [000] ...2   285.903303: sched_switch: prev_comm=ksoftirqd/0 prev_pid=3 prev_prio=120 prev_state=R ==> next_comm=kworker/u:0H next_pid=7 next_prio=100
    kworker/u:0H-7     [000] ...2   285.903338: sched_switch: prev_comm=kworker/u:0H prev_pid=7 prev_prio=100 prev_state=D ==> next_comm=ksoftirqd/0 next_pid=3 next_prio=120
           <...>-3     [000] ...2   285.903347: sched_switch: prev_comm=ksoftirqd/0 prev_pid=3 prev_prio=120 prev_state=S ==> next_comm=mmcqd/1 next_pid=116 next_prio=120
         mmcqd/1-116   [000] ...2   285.903467: sched_switch: prev_comm=mmcqd/1 prev_pid=116 prev_prio=120 prev_state=D ==> next_comm=swapper/0 next_pid=0 next_prio=120
          <idle>-0     [000] ...2   285.903491: sched_switch: prev_comm=swapper/0 prev_pid=0 prev_prio=120 prev_state=R ==> next_comm=ksoftirqd/0 next_pid=3 next_prio=120
           <...>-3     [000] ...2   285.903502: sched_switch: prev_comm=ksoftirqd/0 prev_pid=3 prev_prio=120 prev_state=S ==> next_comm=swapper/0 next_pid=0 next_prio=120
          <idle>-0     [000] ...2   285.903637: sched_switch: prev_comm=swapper/0 prev_pid=0 prev_prio=120 prev_state=R ==> next_comm=adbd next_pid=3936 next_prio=120
            adbd-3936  [000] ...2   285.903692: sched_switch: prev_comm=adbd prev_pid=3936 prev_prio=120 prev_state=S ==> next_comm=kworker/u:0H next_pid=7 next_prio=100
    kworker/u:0H-7     [000] ...2   285.903726: sched_switch: prev_comm=kworker/u:0H prev_pid=7 prev_prio=100 prev_state=D ==> next_comm=adbd next_pid=1774 next_prio=120
            adbd-1774  [000] ...2   285.903885: sched_switch: prev_comm=adbd prev_pid=1774 prev_prio=120 prev_state=S ==> next_comm=adbd next_pid=3935 next_prio=120
            adbd-3935  [000] ...2   285.903895: sched_switch: prev_comm=adbd prev_pid=3935 prev_prio=120 prev_state=S ==> next_comm=mmcqd/1 next_pid=116 next_prio=120
         mmcqd/1-116   [000] ...2   285.903971: sched_switch: prev_comm=mmcqd/1 prev_pid=116 prev_prio=120 prev_state=D ==> next_comm=swapper/0 next_pid=0 next_prio=120
          <idle>-0     [000] ...2   285.904092: sched_switch: prev_comm=swapper/0 prev_pid=0 prev_prio=120 prev_state=R ==> next_comm=kworker/u:0H next_pid=7 next_prio=100
    kworker/u:0H-7     [000] ...2   285.904126: sched_switch: prev_comm=kworker/u:0H prev_pid=7 prev_prio=100 prev_state=D ==> next_comm=mmcqd/1 next_pid=116 next_prio=120
         mmcqd/1-116   [000] ...2   285.904198: sched_switch: prev_comm=mmcqd/1 prev_pid=116 prev_prio=120 prev_state=D ==> next_comm=swapper/0 next_pid=0 next_prio=120
          <idle>-0     [000] ...2   285.904484: sched_switch: prev_comm=swapper/0 prev_pid=0 prev_prio=120 prev_state=R ==> next_comm=kworker/u:0H next_pid=7 next_prio=100
    kworker/u:0H-7     [000] ...2   285.904517: sched_switch: prev_comm=kworker/u:0H prev_pid=7 prev_prio=100 prev_state=D ==> next_comm=mmcqd/1 next_pid=116 next_prio=120
         mmcqd/1-116   [000] ...2   285.904635: sched_switch: prev_comm=mmcqd/1 prev_pid=116 prev_prio=120 prev_state=S ==> next_comm=swapper/0 next_pid=0 next_prio=120
          <idle>-0     [000] ...2   285.905477: sched_switch: prev_comm=swapper/0 prev_pid=0 prev_prio=120 prev_state=R ==> next_comm=mmcqd/1 next_pid=116 next_prio=120
         mmcqd/1-116   [000] ...2   285.905535: sched_switch: prev_comm=mmcqd/1 prev_pid=116 prev_prio=120 prev_state=R+ ==> next_comm=kworker/0:1H next_pid=17 next_prio=100
    kworker/0:1H-17    [000] ...2   285.905547: sched_switch: prev_comm=kworker/0:1H prev_pid=17 prev_prio=100 prev_state=S ==> next_comm=mmcqd/1 next_pid=116 next_prio=120
         mmcqd/1-116   [000] ...2   285.905566: sched_switch: prev_comm=mmcqd/1 prev_pid=116 prev_prio=120 prev_state=S ==> next_comm=ple.kvbenchmark next_pid=4317 next_prio=120
           <...>-4317  [000] ...2   285.907803: sched_switch: prev_comm=ple.kvbenchmark prev_pid=4317 prev_prio=120 prev_state=R ==> next_comm=logcat next_pid=3955 next_prio=120
          logcat-3955  [000] ...2   285.907828: sched_switch: prev_comm=logcat prev_pid=3955 prev_prio=120 prev_state=S ==> next_comm=ple.kvbenchmark next_pid=4317 next_prio=120
           <...>-4317  [000] ...2   285.911563: sched_switch: prev_comm=ple.kvbenchmark prev_pid=4317 prev_prio=120 prev_state=R+ ==> next_comm=mmcqd/1 next_pid=116 next_prio=120
         mmcqd/1-116   [000] ...2   285.911635: sched_switch: prev_comm=mmcqd/1 prev_pid=116 prev_prio=120 prev_state=S ==> next_comm=ple.kvbenchmark next_pid=4317 next_prio=120
           <...>-4317  [000] ...2   285.911648: sched_switch: prev_comm=ple.kvbenchmark prev_pid=4317 prev_prio=120 prev_state=D|W ==> next_comm=swapper/0 next_pid=0 next_prio=120
          <idle>-0     [000] ...2   285.912046: sched_switch: prev_comm=swapper/0 prev_pid=0 prev_prio=120 prev_state=R ==> next_comm=ksoftirqd/0 next_pid=3 next_prio=120
           <...>-3     [000] ...2   285.912105: sched_switch: prev_comm=ksoftirqd/0 prev_pid=3 prev_prio=120 prev_state=S ==> next_comm=mmcqd/1 next_pid=116 next_prio=120
         mmcqd/1-116   [000] ...2   285.912149: sched_switch: prev_comm=mmcqd/1 prev_pid=116 prev_prio=120 prev_state=R+ ==> next_comm=kworker/0:1H next_pid=17 next_prio=100
    kworker/0:1H-17    [000] ...2   285.912161: sched_switch: prev_comm=kworker/0:1H prev_pid=17 prev_prio=100 prev_state=S ==> next_comm=mmcqd/1 next_pid=116 next_prio=120
         mmcqd/1-116   [000] ...2   285.912177: sched_switch: prev_comm=mmcqd/1 prev_pid=116 prev_prio=120 prev_state=S ==> next_comm=ple.kvbenchmark next_pid=4317 next_prio=120
           <...>-4317  [000] ...2   285.913514: sched_switch: prev_comm=ple.kvbenchmark prev_pid=4317 prev_prio=120 prev_state=R ==> next_comm=kworker/u:1 next_pid=21 next_prio=120
          traced-201   [001] ...2   285.913573: sched_switch: prev_comm=traced prev_pid=201 prev_prio=120 prev_state=R ==> next_comm=sensors.qcom next_pid=859 next_prio=120
     kworker/u:1-21    [000] ...2   285.913580: sched_switch: prev_comm=kworker/u:1 prev_pid=21 prev_prio=120 prev_state=S ==> next_comm=kworker/u:0 next_pid=6 next_prio=120
     kworker/u:0-6     [000] ...2   285.913591: sched_switch: prev_comm=kworker/u:0 prev_pid=6 prev_prio=120 prev_state=S ==> next_comm=ple.kvbenchmark next_pid=4317 next_prio=120
           <...>-4317  [000] ...2   285.913649: sched_switch: prev_comm=ple.kvbenchmark prev_pid=4317 prev_prio=120 prev_state=R ==> next_comm=sensors.qcom next_pid=714 next_prio=120
    sensors.qcom-859   [001] ...2   285.913652: sched_switch: prev_comm=sensors.qcom prev_pid=859 prev_prio=120 prev_state=S ==> next_comm=traced next_pid=201 next_prio=120
    sensors.qcom-714   [000] ...2   285.913723: sched_switch: prev_comm=sensors.qcom prev_pid=714 prev_prio=120 prev_state=S ==> next_comm=system_server next_pid=737 next_prio=118
   system_server-737   [000] ...2   285.913925: sched_switch: prev_comm=system_server prev_pid=737 prev_prio=118 prev_state=S ==> next_comm=system_server next_pid=741 next_prio=118
   system_server-741   [000] ...2   285.913967: sched_switch: prev_comm=system_server prev_pid=741 prev_prio=118 prev_state=S ==> next_comm=SensorService next_pid=782 next_prio=112
          traced-201   [001] ...2   285.914030: sched_switch: prev_comm=traced prev_pid=201 prev_prio=120 prev_state=R ==> next_comm=android.ui next_pid=787 next_prio=118
   SensorService-782   [000] ...2   285.914060: sched_switch: prev_comm=SensorService prev_pid=782 prev_prio=112 prev_state=S ==> next_comm=ple.kvbenchmark next_pid=4317 next_prio=120
      android.ui-787   [001] ...2   285.914115: sched_switch: prev_comm=android.ui prev_pid=787 prev_prio=118 prev_state=S ==> next_comm=traced next_pid=201 next_prio=120
           <...>-4317  [000] ...2   285.920181: sched_switch: prev_comm=ple.kvbenchmark prev_pid=4317 prev_prio=120 prev_state=R+ ==> next_comm=mmcqd/1 next_pid=116 next_prio=120
         mmcqd/1-116   [000] ...2   285.920273: sched_switch: prev_comm=mmcqd/1 prev_pid=116 prev_prio=120 prev_state=S ==> next_comm=ple.kvbenchmark next_pid=4317 next_prio=120
           <...>-4317  [000] ...2   285.921268: sched_switch: prev_comm=ple.kvbenchmark prev_pid=4317 prev_prio=120 prev_state=R ==> next_comm=mmcqd/1 next_pid=116 next_prio=120
         mmcqd/1-116   [000] ...2   285.921327: sched_switch: prev_comm=mmcqd/1 prev_pid=116 prev_prio=120 prev_state=R+ ==> next_comm=kworker/0:1H next_pid=17 next_prio=100
    kworker/0:1H-17    [000] ...2   285.921340: sched_switch: prev_comm=kworker/0:1H prev_pid=17 prev_prio=100 prev_state=S ==> next_comm=mmcqd/1 next_pid=116 next_prio=120
         mmcqd/1-116   [000] ...2   285.921357: sched_switch: prev_comm=mmcqd/1 prev_pid=116 prev_prio=120 prev_state=S ==> next_comm=ple.kvbenchmark next_pid=4317 next_prio=120
           <...>-4317  [000] ...2   285.941667: sched_switch: prev_comm=ple.kvbenchmark prev_pid=4317 prev_prio=120 prev_state=R+ ==> next_comm=mmcqd/1 next_pid=116 next_prio=120
         mmcqd/1-116   [000] ...2   285.941757: sched_switch: prev_comm=mmcqd/1 prev_pid=116 prev_prio=120 prev_state=S ==> next_comm=ple.kvbenchmark next_pid=4317 next_prio=120
          traced-201   [001] ...2   285.942008: sched_switch: prev_comm=traced prev_pid=201 prev_prio=120 prev_state=R ==> next_comm=kworker/1:0H next_pid=4160 next_prio=100
           <...>-4317  [000] ...2   285.942022: sched_switch: prev_comm=ple.kvbenchmark prev_pid=4317 prev_prio=120 prev_state=R ==> next_comm=kworker/u:0 next_pid=6 next_prio=120
    kworker/1:0H-4160  [001] ...2   285.942024: sched_switch: prev_comm=kworker/1:0H prev_pid=4160 prev_prio=100 prev_state=S ==> next_comm=traced next_pid=201 next_prio=120
     kworker/u:0-6     [000] ...2   285.942047: sched_switch: prev_comm=kworker/u:0 prev_pid=6 prev_prio=120 prev_state=S ==> next_comm=logcat next_pid=4666 next_prio=120
          logcat-4666  [000] ...2   285.942074: sched_switch: prev_comm=logcat prev_pid=4666 prev_prio=120 prev_state=S ==> next_comm=kworker/0:1H next_pid=17 next_prio=100
    kworker/0:1H-17    [000] ...2   285.942106: sched_switch: prev_comm=kworker/0:1H prev_pid=17 prev_prio=100 prev_state=D ==> next_comm=mpdecision next_pid=1747 next_prio=113
      mpdecision-1747  [000] ...2   285.942514: sched_switch: prev_comm=mpdecision prev_pid=1747 prev_prio=113 prev_state=S ==> next_comm=kworker/0:3H next_pid=796 next_prio=100
           <...>-796   [000] ...1   285.942532: cpu_frequency_switch_start: start=960000 end=2265600 cpu_id=0
           <...>-796   [000] ...1   285.942613: cpu_frequency_switch_end: cpu_id=0
           <...>-796   [000] ...1   285.942615: cpu_frequency: state=2265600 cpu_id=0
           <...>-796   [000] ...2   285.942637: sched_switch: prev_comm=kworker/0:3H prev_pid=796 prev_prio=100 prev_state=S ==> next_comm=kworker/0:1H next_pid=17 next_prio=100
    kworker/0:1H-17    [000] ...2   285.942646: sched_switch: prev_comm=kworker/0:1H prev_pid=17 prev_prio=100 prev_state=S ==> next_comm=ple.kvbenchmark next_pid=4317 next_prio=120
           <...>-4317  [000] ...2   285.942745: sched_switch: prev_comm=ple.kvbenchmark prev_pid=4317 prev_prio=120 prev_state=R ==> next_comm=mmcqd/1 next_pid=116 next_prio=120
         mmcqd/1-116   [000] ...2   285.942782: sched_switch: prev_comm=mmcqd/1 prev_pid=116 prev_prio=120 prev_state=R+ ==> next_comm=kworker/0:1H next_pid=17 next_prio=100
    kworker/0:1H-17    [000] ...2   285.942789: sched_switch: prev_comm=kworker/0:1H prev_pid=17 prev_prio=100 prev_state=S ==> next_comm=mmcqd/1 next_pid=116 next_prio=120
         mmcqd/1-116   [000] ...2   285.942799: sched_switch: prev_comm=mmcqd/1 prev_pid=116 prev_prio=120 prev_state=S ==> next_comm=ple.kvbenchmark next_pid=4317 next_prio=120
           <...>-4317  [000] ...2   285.959345: sched_switch: prev_comm=ple.kvbenchmark prev_pid=4317 prev_prio=120 prev_state=R ==> next_comm=kworker/u:0 next_pid=6 next_prio=120
          traced-201   [001] ...2   285.959380: sched_switch: prev_comm=traced prev_pid=201 prev_prio=120 prev_state=R ==> next_comm=sensors.qcom next_pid=859 next_prio=120
     kworker/u:0-6     [000] ...2   285.959400: sched_switch: prev_comm=kworker/u:0 prev_pid=6 prev_prio=120 prev_state=S ==> next_comm=kworker/u:1 next_pid=21 next_prio=120
     kworker/u:1-21    [000] ...2   285.959407: sched_switch: prev_comm=kworker/u:1 prev_pid=21 prev_prio=120 prev_state=S ==> next_comm=ple.kvbenchmark next_pid=4317 next_prio=120
           <...>-4317  [000] ...2   285.959430: sched_switch: prev_comm=ple.kvbenchmark prev_pid=4317 prev_prio=120 prev_state=R ==> next_comm=sensors.qcom next_pid=714 next_prio=120
    sensors.qcom-859   [001] ...2   285.959434: sched_switch: prev_comm=sensors.qcom prev_pid=859 prev_prio=120 prev_state=S ==> next_comm=traced next_pid=201 next_prio=120
    sensors.qcom-714   [000] ...2   285.959467: sched_switch: prev_comm=sensors.qcom prev_pid=714 prev_prio=120 prev_state=S ==> next_comm=system_server next_pid=737 next_prio=118
   system_server-737   [000] ...2   285.959569: sched_switch: prev_comm=system_server prev_pid=737 prev_prio=118 prev_state=S ==> next_comm=system_server next_pid=741 next_prio=118
   system_server-741   [000] ...2   285.959585: sched_switch: prev_comm=system_server prev_pid=741 prev_prio=118 prev_state=S ==> next_comm=ple.kvbenchmark next_pid=4317 next_prio=120
           <...>-4317  [000] ...2   285.962148: sched_switch: prev_comm=ple.kvbenchmark prev_pid=4317 prev_prio=120 prev_state=R ==> next_comm=kworker/u:1 next_pid=21 next_prio=120
          traced-201   [001] ...2   285.962180: sched_switch: prev_comm=traced prev_pid=201 prev_prio=120 prev_state=R ==> next_comm=sensors.qcom next_pid=859 next_prio=120
     kworker/u:1-21    [000] ...2   285.962183: sched_switch: prev_comm=kworker/u:1 prev_pid=21 prev_prio=120 prev_state=S ==> next_comm=kworker/u:0 next_pid=6 next_prio=120
     kworker/u:0-6     [000] ...2   285.962189: sched_switch: prev_comm=kworker/u:0 prev_pid=6 prev_prio=120 prev_state=S ==> next_comm=ple.kvbenchmark next_pid=4317 next_prio=120
           <...>-4317  [000] ...2   285.962225: sched_switch: prev_comm=ple.kvbenchmark prev_pid=4317 prev_prio=120 prev_state=R ==> next_comm=sensors.qcom next_pid=714 next_prio=120
    sensors.qcom-859   [001] ...2   285.962229: sched_switch: prev_comm=sensors.qcom prev_pid=859 prev_prio=120 prev_state=S ==> next_comm=traced next_pid=201 next_prio=120
    sensors.qcom-714   [000] ...2   285.962259: sched_switch: prev_comm=sensors.qcom prev_pid=714 prev_prio=120 prev_state=S ==> next_comm=system_server next_pid=737 next_prio=118
   system_server-737   [000] ...2   285.962348: sched_switch: prev_comm=system_server prev_pid=737 prev_prio=118 prev_state=S ==> next_comm=system_server next_pid=741 next_prio=118
   system_server-741   [000] ...2   285.962380: sched_switch: prev_comm=system_server prev_pid=741 prev_prio=118 prev_state=S ==> next_comm=SensorService next_pid=782 next_prio=112
          traced-201   [001] ...2   285.962424: sched_switch: prev_comm=traced prev_pid=201 prev_prio=120 prev_state=R ==> next_comm=android.ui next_pid=787 next_prio=118
   SensorService-782   [000] ...2   285.962438: sched_switch: prev_comm=SensorService prev_pid=782 prev_prio=112 prev_state=S ==> next_comm=adbd next_pid=3936 next_prio=120
            adbd-3936  [000] ...2   285.962455: sched_switch: prev_comm=adbd prev_pid=3936 prev_prio=120 prev_state=S ==> next_comm=ple.kvbenchmark next_pid=4317 next_prio=120
      android.ui-787   [001] ...2   285.962480: sched_switch: prev_comm=android.ui prev_pid=787 prev_prio=118 prev_state=S ==> next_comm=traced next_pid=201 next_prio=120
           <...>-4317  [000] ...2   285.962603: sched_switch: prev_comm=ple.kvbenchmark prev_pid=4317 prev_prio=120 prev_state=R ==> next_comm=adbd next_pid=3936 next_prio=120
            adbd-3936  [000] ...2   285.962642: sched_switch: prev_comm=adbd prev_pid=3936 prev_prio=120 prev_state=S ==> next_comm=adbd next_pid=1774 next_prio=120
            adbd-1774  [000] ...2   285.963279: sched_switch: prev_comm=adbd prev_pid=1774 prev_prio=120 prev_state=D ==> next_comm=adbd next_pid=3935 next_prio=120
            adbd-3935  [000] ...2   285.963362: sched_switch: prev_comm=adbd prev_pid=3935 prev_prio=120 prev_state=S ==> next_comm=kworker/0:1 next_pid=15 next_prio=120
     kworker/0:1-15    [000] ...2   285.963377: sched_switch: prev_comm=kworker/0:1 prev_pid=15 prev_prio=120 prev_state=S ==> next_comm=adbd next_pid=1774 next_prio=120
            adbd-1774  [000] ...2   285.963389: sched_switch: prev_comm=adbd prev_pid=1774 prev_prio=120 prev_state=S ==> next_comm=ple.kvbenchmark next_pid=4317 next_prio=120
          traced-201   [001] ...2   285.972007: sched_switch: prev_comm=traced prev_pid=201 prev_prio=120 prev_state=R ==> next_comm=adbd next_pid=7017 next_prio=120
           <...>-4317  [000] ...2   285.979018: sched_switch: prev_comm=ple.kvbenchmark prev_pid=4317 prev_prio=120 prev_state=R ==> next_comm=adbd next_pid=7018 next_prio=120
           <...>-7018  [000] ...2   285.979046: sched_switch: prev_comm=adbd prev_pid=7018 prev_prio=120 prev_state=S ==> next_comm=sh next_pid=7020 next_prio=120
           <...>-7017  [001] ...2   285.979082: sched_switch: prev_comm=sh prev_pid=7017 prev_prio=120 prev_state=S ==> next_comm=traced next_pid=201 next_prio=120
           <...>-7020  [000] ...2   285.988090: sched_switch: prev_comm=grep prev_pid=7020 prev_prio=120 prev_state=S ==> next_comm=ple.kvbenchmark next_pid=4317 next_prio=120
          traced-201   [001] ...2   285.992015: sched_switch: prev_comm=traced prev_pid=201 prev_prio=120 prev_state=R ==> next_comm=sh next_pid=7019 next_prio=120
           <...>-4317  [000] ...2   285.992017: sched_switch: prev_comm=ple.kvbenchmark prev_pid=4317 prev_prio=120 prev_state=R+ ==> next_comm=kworker/u:0 next_pid=6 next_prio=120
     kworker/u:0-6     [000] ...2   285.992036: sched_switch: prev_comm=kworker/u:0 prev_pid=6 prev_prio=120 prev_state=S ==> next_comm=workqueue_trust next_pid=7014 next_prio=120
           <...>-7014  [000] ...2   285.992053: sched_switch: prev_comm=workqueue_trust prev_pid=7014 prev_prio=120 prev_state=D ==> next_comm=mpdecision next_pid=1747 next_prio=113
      mpdecision-1747  [000] ...2   285.992318: sched_switch: prev_comm=mpdecision prev_pid=1747 prev_prio=113 prev_state=S ==> next_comm=kworker/2:1 next_pid=6782 next_prio=120
           <...>-6782  [000] ...3   285.992355: sched_switch: prev_comm=kworker/2:1 prev_pid=6782 prev_prio=120 prev_state=x ==> next_comm=workqueue_trust next_pid=7014 next_prio=120
           <...>-7014  [000] ...2   285.992367: sched_switch: prev_comm=workqueue_trust prev_pid=7014 prev_prio=120 prev_state=D ==> next_comm=kworker/2:0 next_pid=6779 next_prio=120
           <...>-6779  [000] ...3   285.992390: sched_switch: prev_comm=kworker/2:0 prev_pid=6779 prev_prio=120 prev_state=x ==> next_comm=workqueue_trust next_pid=7014 next_prio=120
           <...>-7014  [000] ...2   285.992402: sched_switch: prev_comm=workqueue_trust prev_pid=7014 prev_prio=120 prev_state=R+ ==> next_comm=kworker/2:0H next_pid=6780 next_prio=100
           <...>-6780  [000] ...3   285.992422: sched_switch: prev_comm=kworker/2:0H prev_pid=6780 prev_prio=100 prev_state=x ==> next_comm=workqueue_trust next_pid=7014 next_prio=120
           <...>-7014  [000] ...2   285.992433: sched_switch: prev_comm=workqueue_trust prev_pid=7014 prev_prio=120 prev_state=R+ ==> next_comm=kworker/2:2H next_pid=6784 next_prio=100
           <...>-6784  [000] ...3   285.992452: sched_switch: prev_comm=kworker/2:2H prev_pid=6784 prev_prio=100 prev_state=x ==> next_comm=workqueue_trust next_pid=7014 next_prio=120
           <...>-7014  [000] ...2   285.992462: sched_switch: prev_comm=workqueue_trust prev_pid=7014 prev_prio=120 prev_state=R+ ==> next_comm=kworker/2:1H next_pid=6783 next_prio=100
           <...>-6783  [000] ...3   285.992481: sched_switch: prev_comm=kworker/2:1H prev_pid=6783 prev_prio=100 prev_state=x ==> next_comm=workqueue_trust next_pid=7014 next_prio=120
           <...>-7014  [000] ...3   285.992502: sched_switch: prev_comm=workqueue_trust prev_pid=7014 prev_prio=120 prev_state=x ==> next_comm=ple.kvbenchmark next_pid=4317 next_prio=120
           <...>-7019  [001] ...2   285.993502: sched_switch: prev_comm=sh prev_pid=7019 prev_prio=120 prev_state=R+ ==> next_comm=sh next_pid=7017 next_prio=120
           <...>-7017  [001] ...2   285.993559: sched_switch: prev_comm=sh prev_pid=7017 prev_prio=120 prev_state=S ==> next_comm=sh next_pid=7019 next_prio=120
           <...>-7019  [001] ...3   285.993566: sched_switch: prev_comm=sh prev_pid=7019 prev_prio=120 prev_state=x ==> next_comm=traced next_pid=201 next_prio=120
           <...>-4317  [000] ...2   286.002002: sched_switch: prev_comm=ple.kvbenchmark prev_pid=4317 prev_prio=120 prev_state=R ==> next_comm=grep next_pid=7020 next_prio=120
          traced-201   [001] ...2   286.002590: sched_switch: prev_comm=traced prev_pid=201 prev_prio=120 prev_state=R ==> next_comm=sh next_pid=7017 next_prio=120
           <...>-7020  [000] ...3   286.002591: sched_switch: prev_comm=grep prev_pid=7020 prev_prio=120 prev_state=x ==> next_comm=ple.kvbenchmark next_pid=4317 next_prio=120
           <...>-4317  [000] ...2   286.002804: sched_switch: prev_comm=ple.kvbenchmark prev_pid=4317 prev_prio=120 prev_state=R+ ==> next_comm=adbd next_pid=1774 next_prio=120
            adbd-1774  [000] ...2   286.003038: sched_switch: prev_comm=adbd prev_pid=1774 prev_prio=120 prev_state=S ==> next_comm=adbd next_pid=3935 next_prio=120
            adbd-3935  [000] ...2   286.003100: sched_switch: prev_comm=adbd prev_pid=3935 prev_prio=120 prev_state=S ==> next_comm=kworker/0:1 next_pid=15 next_prio=120
     kworker/0:1-15    [000] ...2   286.003110: sched_switch: prev_comm=kworker/0:1 prev_pid=15 prev_prio=120 prev_state=S ==> next_comm=ple.kvbenchmark next_pid=4317 next_prio=120
           <...>-4317  [000] ...2   286.003252: sched_switch: prev_comm=ple.kvbenchmark prev_pid=4317 prev_prio=120 prev_state=R ==> next_comm=adbd next_pid=7018 next_prio=120
           <...>-7017  [001] ...3   286.003253: sched_switch: prev_comm=sh prev_pid=7017 prev_prio=120 prev_state=x ==> next_comm=traced next_pid=201 next_prio=120
           <...>-7018  [000] ...3   286.003353: sched_switch: prev_comm=adbd prev_pid=7018 prev_prio=120 prev_state=x ==> next_comm=adbd next_pid=1774 next_prio=120
            adbd-1774  [000] ...2   286.003468: sched_switch: prev_comm=adbd prev_pid=1774 prev_prio=120 prev_state=S ==> next_comm=adbd next_pid=3936 next_prio=120
            adbd-3936  [000] ...2   286.003505: sched_switch: prev_comm=adbd prev_pid=3936 prev_prio=120 prev_state=S ==> next_comm=adbd next_pid=1774 next_prio=120
            adbd-1774  [000] ...2   286.003598: sched_switch: prev_comm=adbd prev_pid=1774 prev_prio=120 prev_state=S ==> next_comm=adbd next_pid=3935 next_prio=120
            adbd-3935  [000] ...2   286.003604: sched_switch: prev_comm=adbd prev_pid=3935 prev_prio=120 prev_state=S ==> next_comm=ple.kvbenchmark next_pid=4317 next_prio=120
           <...>-4317  [000] ...2   286.012159: sched_switch: prev_comm=ple.kvbenchmark prev_pid=4317 prev_prio=120 prev_state=R ==> next_comm=kworker/u:0 next_pid=6 next_prio=120
          traced-201   [001] ...2   286.012200: sched_switch: prev_comm=traced prev_pid=201 prev_prio=120 prev_state=R ==> next_comm=sensors.qcom next_pid=859 next_prio=120
     kworker/u:0-6     [000] ...2   286.012203: sched_switch: prev_comm=kworker/u:0 prev_pid=6 prev_prio=120 prev_state=S ==> next_comm=kworker/u:1 next_pid=21 next_prio=120
     kworker/u:1-21    [000] ...2   286.012209: sched_switch: prev_comm=kworker/u:1 prev_pid=21 prev_prio=120 prev_state=S ==> next_comm=ple.kvbenchmark next_pid=4317 next_prio=120
           <...>-4317  [000] ...2   286.012274: sched_switch: prev_comm=ple.kvbenchmark prev_pid=4317 prev_prio=120 prev_state=R ==> next_comm=sensors.qcom next_pid=714 next_prio=120
    sensors.qcom-859   [001] ...2   286.012278: sched_switch: prev_comm=sensors.qcom prev_pid=859 prev_prio=120 prev_state=S ==> next_comm=traced next_pid=201 next_prio=120
    sensors.qcom-714   [000] ...2   286.012320: sched_switch: prev_comm=sensors.qcom prev_pid=714 prev_prio=120 prev_state=S ==> next_comm=system_server next_pid=737 next_prio=118
   system_server-737   [000] ...2   286.012448: sched_switch: prev_comm=system_server prev_pid=737 prev_prio=118 prev_state=S ==> next_comm=system_server next_pid=741 next_prio=118
   system_server-741   [000] ...2   286.012478: sched_switch: prev_comm=system_server prev_pid=741 prev_prio=118 prev_state=S ==> next_comm=SensorService next_pid=782 next_prio=112
          traced-201   [001] ...2   286.012522: sched_switch: prev_comm=traced prev_pid=201 prev_prio=120 prev_state=R ==> next_comm=android.ui next_pid=787 next_prio=118
   SensorService-782   [000] ...2   286.012539: sched_switch: prev_comm=SensorService prev_pid=782 prev_prio=112 prev_state=S ==> next_comm=ple.kvbenchmark next_pid=4317 next_prio=120
      android.ui-787   [001] ...2   286.012615: sched_switch: prev_comm=android.ui prev_pid=787 prev_prio=118 prev_state=S ==> next_comm=traced next_pid=201 next_prio=120
           <...>-4317  [000] ...2   286.015421: sched_switch: prev_comm=ple.kvbenchmark prev_pid=4317 prev_prio=120 prev_state=R ==> next_comm=adbd next_pid=3936 next_prio=120
            adbd-3936  [000] ...2   286.015433: sched_switch: prev_comm=adbd prev_pid=3936 prev_prio=120 prev_state=S ==> next_comm=ple.kvbenchmark next_pid=4317 next_prio=120
           <...>-4317  [000] ...2   286.015596: sched_switch: prev_comm=ple.kvbenchmark prev_pid=4317 prev_prio=120 prev_state=R ==> next_comm=adbd next_pid=3936 next_prio=120
            adbd-3936  [000] ...2   286.015627: sched_switch: prev_comm=adbd prev_pid=3936 prev_prio=120 prev_state=S ==> next_comm=adbd next_pid=1774 next_prio=120
          traced-201   [001] ...2   286.015700: sched_switch: prev_comm=traced prev_pid=201 prev_prio=120 prev_state=R ==> next_comm=JDWP next_pid=4348 next_prio=120
            adbd-1774  [000] ...2   286.015745: sched_switch: prev_comm=adbd prev_pid=1774 prev_prio=120 prev_state=S ==> next_comm=adbd next_pid=3935 next_prio=120
            adbd-3935  [000] ...2   286.015790: sched_switch: prev_comm=adbd prev_pid=3935 prev_prio=120 prev_state=S ==> next_comm=ple.kvbenchmark next_pid=4317 next_prio=120
           <...>-4317  [000] ...2   286.015846: sched_switch: prev_comm=ple.kvbenchmark prev_pid=4317 prev_prio=120 prev_state=S ==> next_comm=swapper/0 next_pid=0 next_prio=120
          <idle>-0     [000] ...2   286.015863: sched_switch: prev_comm=swapper/0 prev_pid=0 prev_prio=120 prev_state=R ==> next_comm=ksoftirqd/0 next_pid=3 next_prio=120
           <...>-3     [000] ...2   286.015871: sched_switch: prev_comm=ksoftirqd/0 prev_pid=3 prev_prio=120 prev_state=S ==> next_comm=swapper/0 next_pid=0 next_prio=120
          <idle>-0     [000] ...2   286.015881: sched_switch: prev_comm=swapper/0 prev_pid=0 prev_prio=120 prev_state=R ==> next_comm=ksoftirqd/0 next_pid=3 next_prio=120
           <...>-3     [000] ...2   286.015887: sched_switch: prev_comm=ksoftirqd/0 prev_pid=3 prev_prio=120 prev_state=S ==> next_comm=swapper/0 next_pid=0 next_prio=120
          <idle>-0     [000] ...2   286.016881: sched_switch: prev_comm=swapper/0 prev_pid=0 prev_prio=120 prev_state=R ==> next_comm=ple.kvbenchmark next_pid=4317 next_prio=120
           <...>-4317  [000] ...2   286.017032: sched_switch: prev_comm=ple.kvbenchmark prev_pid=4317 prev_prio=120 prev_state=R+ ==> next_comm=adbd next_pid=1774 next_prio=120
            JDWP-4348  [001] ...2   286.017082: sched_switch: prev_comm=JDWP prev_pid=4348 prev_prio=120 prev_state=S ==> next_comm=traced next_pid=201 next_prio=120
            adbd-1774  [000] ...2   286.017144: sched_switch: prev_comm=adbd prev_pid=1774 prev_prio=120 prev_state=S ==> next_comm=adbd next_pid=3935 next_prio=120
            adbd-3935  [000] ...2   286.017195: sched_switch: prev_comm=adbd prev_pid=3935 prev_prio=120 prev_state=S ==> next_comm=ple.kvbenchmark next_pid=4317 next_prio=120
           <...>-4317  [000] ...2   286.017481: sched_switch: prev_comm=ple.kvbenchmark prev_pid=4317 prev_prio=120 prev_state=R ==> next_comm=adbd next_pid=3936 next_prio=120
            adbd-3936  [000] ...2   286.017511: sched_switch: prev_comm=adbd prev_pid=3936 prev_prio=120 prev_state=S ==> next_comm=adbd next_pid=1774 next_prio=120
            adbd-1774  [000] ...2   286.017601: sched_switch: prev_comm=adbd prev_pid=1774 prev_prio=120 prev_state=S ==> next_comm=adbd next_pid=3935 next_prio=120
            adbd-3935  [000] ...2   286.017607: sched_switch: prev_comm=adbd prev_pid=3935 prev_prio=120 prev_state=S ==> next_comm=ple.kvbenchmark next_pid=4317 next_prio=120
           <...>-4317  [000] ...1   286.021865: tracing_mark_write: {"EVENT":"LOAD_END"}
           <...>-4317  [000] ...2   286.022010: sched_switch: prev_comm=ple.kvbenchmark prev_pid=4317 prev_prio=120 prev_state=R+ ==> next_comm=kworker/0:1 next_pid=15 next_prio=120
     kworker/0:1-15    [000] ...1   286.022017: thermal_temp: sensor_id=5 temp=68
     kworker/0:1-15    [000] ...2   286.022071: sched_switch: prev_comm=kworker/0:1 prev_pid=15 prev_prio=120 prev_state=S ==> next_comm=ple.kvbenchmark next_pid=4317 next_prio=120
           <...>-4317  [000] ...1   286.022252: tracing_mark_write: {"EVENT":"QUERIES_START"}
           <...>-4317  [000] ...2   286.022468: sched_switch: prev_comm=ple.kvbenchmark prev_pid=4317 prev_prio=120 prev_state=S ==> next_comm=swapper/0 next_pid=0 next_prio=120
          <idle>-0     [000] ...2   286.022484: sched_switch: prev_comm=swapper/0 prev_pid=0 prev_prio=120 prev_state=R ==> next_comm=ksoftirqd/0 next_pid=3 next_prio=120
           <...>-3     [000] ...2   286.022491: sched_switch: prev_comm=ksoftirqd/0 prev_pid=3 prev_prio=120 prev_state=S ==> next_comm=swapper/0 next_pid=0 next_prio=120
          <idle>-0     [000] ...2   286.022504: sched_switch: prev_comm=swapper/0 prev_pid=0 prev_prio=120 prev_state=R ==> next_comm=ksoftirqd/0 next_pid=3 next_prio=120
           <...>-3     [000] ...2   286.022510: sched_switch: prev_comm=ksoftirqd/0 prev_pid=3 prev_prio=120 prev_state=S ==> next_comm=swapper/0 next_pid=0 next_prio=120
          <idle>-0     [000] ...2   286.022522: sched_switch: prev_comm=swapper/0 prev_pid=0 prev_prio=120 prev_state=R ==> next_comm=ksoftirqd/0 next_pid=3 next_prio=120
           <...>-3     [000] ...2   286.022527: sched_switch: prev_comm=ksoftirqd/0 prev_pid=3 prev_prio=120 prev_state=S ==> next_comm=swapper/0 next_pid=0 next_prio=120
          <idle>-0     [000] ...2   286.023525: sched_switch: prev_comm=swapper/0 prev_pid=0 prev_prio=120 prev_state=R ==> next_comm=ple.kvbenchmark next_pid=4317 next_prio=120
           <...>-4317  [000] ...2   286.023686: sched_switch: prev_comm=ple.kvbenchmark prev_pid=4317 prev_prio=120 prev_state=S ==> next_comm=swapper/0 next_pid=0 next_prio=120
          <idle>-0     [000] ...2   286.024742: sched_switch: prev_comm=swapper/0 prev_pid=0 prev_prio=120 prev_state=R ==> next_comm=ple.kvbenchmark next_pid=4317 next_prio=120
           <...>-4317  [000] ...2   286.024787: sched_switch: prev_comm=ple.kvbenchmark prev_pid=4317 prev_prio=120 prev_state=S ==> next_comm=swapper/0 next_pid=0 next_prio=120
          <idle>-0     [000] ...2   286.025841: sched_switch: prev_comm=swapper/0 prev_pid=0 prev_prio=120 prev_state=R ==> next_comm=ple.kvbenchmark next_pid=4317 next_prio=120
           <...>-4317  [000] ...2   286.025972: sched_switch: prev_comm=ple.kvbenchmark prev_pid=4317 prev_prio=120 prev_state=S ==> next_comm=swapper/0 next_pid=0 next_prio=120
          <idle>-0     [000] ...2   286.027026: sched_switch: prev_comm=swapper/0 prev_pid=0 prev_prio=120 prev_state=R ==> next_comm=ple.kvbenchmark next_pid=4317 next_prio=120
           <...>-4317  [000] ...2   286.027070: sched_switch: prev_comm=ple.kvbenchmark prev_pid=4317 prev_prio=120 prev_state=S ==> next_comm=swapper/0 next_pid=0 next_prio=120
          <idle>-0     [000] ...2   286.028124: sched_switch: prev_comm=swapper/0 prev_pid=0 prev_prio=120 prev_state=R ==> next_comm=ple.kvbenchmark next_pid=4317 next_prio=120
           <...>-4317  [000] ...2   286.028242: sched_switch: prev_comm=ple.kvbenchmark prev_pid=4317 prev_prio=120 prev_state=S ==> next_comm=swapper/0 next_pid=0 next_prio=120
          <idle>-0     [000] ...2   286.029295: sched_switch: prev_comm=swapper/0 prev_pid=0 prev_prio=120 prev_state=R ==> next_comm=ple.kvbenchmark next_pid=4317 next_prio=120
           <...>-4317  [000] ...2   286.029340: sched_switch: prev_comm=ple.kvbenchmark prev_pid=4317 prev_prio=120 prev_state=S ==> next_comm=swapper/0 next_pid=0 next_prio=120
          <idle>-0     [000] ...2   286.030394: sched_switch: prev_comm=swapper/0 prev_pid=0 prev_prio=120 prev_state=R ==> next_comm=ple.kvbenchmark next_pid=4317 next_prio=120
           <...>-4317  [000] ...2   286.030439: sched_switch: prev_comm=ple.kvbenchmark prev_pid=4317 prev_prio=120 prev_state=S ==> next_comm=swapper/0 next_pid=0 next_prio=120
          <idle>-0     [000] ...2   286.031493: sched_switch: prev_comm=swapper/0 prev_pid=0 prev_prio=120 prev_state=R ==> next_comm=ple.kvbenchmark next_pid=4317 next_prio=120
           <...>-4317  [000] ...2   286.031623: sched_switch: prev_comm=ple.kvbenchmark prev_pid=4317 prev_prio=120 prev_state=S ==> next_comm=swapper/0 next_pid=0 next_prio=120
          <idle>-0     [000] ...2   286.032006: sched_switch: prev_comm=swapper/0 prev_pid=0 prev_prio=120 prev_state=R ==> next_comm=ksoftirqd/0 next_pid=3 next_prio=120
           <...>-3     [000] ...2   286.032074: sched_switch: prev_comm=ksoftirqd/0 prev_pid=3 prev_prio=120 prev_state=S ==> next_comm=swapper/0 next_pid=0 next_prio=120
          <idle>-0     [000] ...2   286.032087: sched_switch: prev_comm=swapper/0 prev_pid=0 prev_prio=120 prev_state=R ==> next_comm=ksoftirqd/0 next_pid=3 next_prio=120
           <...>-3     [000] ...2   286.032094: sched_switch: prev_comm=ksoftirqd/0 prev_pid=3 prev_prio=120 prev_state=S ==> next_comm=swapper/0 next_pid=0 next_prio=120
          <idle>-0     [000] ...2   286.032106: sched_switch: prev_comm=swapper/0 prev_pid=0 prev_prio=120 prev_state=R ==> next_comm=ksoftirqd/0 next_pid=3 next_prio=120
           <...>-3     [000] ...2   286.032114: sched_switch: prev_comm=ksoftirqd/0 prev_pid=3 prev_prio=120 prev_state=S ==> next_comm=swapper/0 next_pid=0 next_prio=120
          <idle>-0     [000] ...2   286.032126: sched_switch: prev_comm=swapper/0 prev_pid=0 prev_prio=120 prev_state=R ==> next_comm=ksoftirqd/0 next_pid=3 next_prio=120
           <...>-3     [000] ...2   286.032133: sched_switch: prev_comm=ksoftirqd/0 prev_pid=3 prev_prio=120 prev_state=S ==> next_comm=swapper/0 next_pid=0 next_prio=120
          <idle>-0     [000] ...2   286.032145: sched_switch: prev_comm=swapper/0 prev_pid=0 prev_prio=120 prev_state=R ==> next_comm=ksoftirqd/0 next_pid=3 next_prio=120
           <...>-3     [000] ...2   286.032153: sched_switch: prev_comm=ksoftirqd/0 prev_pid=3 prev_prio=120 prev_state=S ==> next_comm=swapper/0 next_pid=0 next_prio=120
          <idle>-0     [000] ...2   286.032164: sched_switch: prev_comm=swapper/0 prev_pid=0 prev_prio=120 prev_state=R ==> next_comm=ksoftirqd/0 next_pid=3 next_prio=120
           <...>-3     [000] ...2   286.032170: sched_switch: prev_comm=ksoftirqd/0 prev_pid=3 prev_prio=120 prev_state=S ==> next_comm=swapper/0 next_pid=0 next_prio=120
          <idle>-0     [000] ...2   286.032677: sched_switch: prev_comm=swapper/0 prev_pid=0 prev_prio=120 prev_state=R ==> next_comm=ple.kvbenchmark next_pid=4317 next_prio=120
           <...>-4317  [000] ...2   286.032723: sched_switch: prev_comm=ple.kvbenchmark prev_pid=4317 prev_prio=120 prev_state=S ==> next_comm=swapper/0 next_pid=0 next_prio=120
          <idle>-0     [000] ...2   286.033779: sched_switch: prev_comm=swapper/0 prev_pid=0 prev_prio=120 prev_state=R ==> next_comm=ple.kvbenchmark next_pid=4317 next_prio=120
           <...>-4317  [000] ...2   286.033897: sched_switch: prev_comm=ple.kvbenchmark prev_pid=4317 prev_prio=120 prev_state=S ==> next_comm=swapper/0 next_pid=0 next_prio=120
          <idle>-0     [000] ...2   286.034951: sched_switch: prev_comm=swapper/0 prev_pid=0 prev_prio=120 prev_state=R ==> next_comm=ple.kvbenchmark next_pid=4317 next_prio=120
           <...>-4317  [000] ...2   286.035069: sched_switch: prev_comm=ple.kvbenchmark prev_pid=4317 prev_prio=120 prev_state=S ==> next_comm=swapper/0 next_pid=0 next_prio=120
          <idle>-0     [000] ...2   286.036123: sched_switch: prev_comm=swapper/0 prev_pid=0 prev_prio=120 prev_state=R ==> next_comm=ple.kvbenchmark next_pid=4317 next_prio=120
           <...>-4317  [000] ...2   286.036256: sched_switch: prev_comm=ple.kvbenchmark prev_pid=4317 prev_prio=120 prev_state=S ==> next_comm=swapper/0 next_pid=0 next_prio=120
          <idle>-0     [000] ...2   286.037310: sched_switch: prev_comm=swapper/0 prev_pid=0 prev_prio=120 prev_state=R ==> next_comm=ple.kvbenchmark next_pid=4317 next_prio=120
           <...>-4317  [000] ...2   286.037354: sched_switch: prev_comm=ple.kvbenchmark prev_pid=4317 prev_prio=120 prev_state=S ==> next_comm=swapper/0 next_pid=0 next_prio=120
          <idle>-0     [000] ...2   286.038408: sched_switch: prev_comm=swapper/0 prev_pid=0 prev_prio=120 prev_state=R ==> next_comm=ple.kvbenchmark next_pid=4317 next_prio=120
           <...>-4317  [000] ...2   286.038539: sched_switch: prev_comm=ple.kvbenchmark prev_pid=4317 prev_prio=120 prev_state=S ==> next_comm=swapper/0 next_pid=0 next_prio=120
          <idle>-0     [000] ...2   286.039593: sched_switch: prev_comm=swapper/0 prev_pid=0 prev_prio=120 prev_state=R ==> next_comm=ple.kvbenchmark next_pid=4317 next_prio=120
           <...>-4317  [000] ...2   286.039722: sched_switch: prev_comm=ple.kvbenchmark prev_pid=4317 prev_prio=120 prev_state=S ==> next_comm=swapper/0 next_pid=0 next_prio=120
          <idle>-0     [000] ...2   286.040776: sched_switch: prev_comm=swapper/0 prev_pid=0 prev_prio=120 prev_state=R ==> next_comm=ple.kvbenchmark next_pid=4317 next_prio=120
           <...>-4317  [000] ...2   286.040820: sched_switch: prev_comm=ple.kvbenchmark prev_pid=4317 prev_prio=120 prev_state=S ==> next_comm=swapper/0 next_pid=0 next_prio=120
          <idle>-0     [000] ...2   286.041874: sched_switch: prev_comm=swapper/0 prev_pid=0 prev_prio=120 prev_state=R ==> next_comm=ple.kvbenchmark next_pid=4317 next_prio=120
           <...>-4317  [000] ...2   286.041997: sched_switch: prev_comm=ple.kvbenchmark prev_pid=4317 prev_prio=120 prev_state=R ==> next_comm=kworker/u:1 next_pid=21 next_prio=120
          traced-201   [001] ...2   286.042008: sched_switch: prev_comm=traced prev_pid=201 prev_prio=120 prev_state=R ==> next_comm=kworker/1:1 next_pid=4162 next_prio=120
     kworker/1:1-4162  [001] ...2   286.042013: phonelab_periodic_ctx_switch_marker: BEGIN cpu=1 count=0 log_idx=177
     kworker/u:1-21    [000] ...2   286.042013: sched_switch: prev_comm=kworker/u:1 prev_pid=21 prev_prio=120 prev_state=S ==> next_comm=mpdecision next_pid=1747 next_prio=113
     kworker/1:1-4162  [001] ...2   286.042015: phonelab_periodic_ctx_switch_info: cpu=1 pid=787 tgid=718 nice=-2 comm=android.ui utime=0 stime=0 rtime=1532448 bg_utime=0 bg_stime=0 bg_rtime=0 s_run=0 s_int=15 s_unint=0 s_oth=0 log_idx=177
     kworker/1:1-4162  [001] ...2   286.042016: phonelab_periodic_ctx_switch_info: cpu=1 pid=201 tgid=201 nice=0 comm=traced utime=98 stime=0 rtime=973628442 bg_utime=0 bg_stime=0 bg_rtime=0 s_run=147 s_int=0 s_unint=0 s_oth=0 log_idx=177
     kworker/1:1-4162  [001] ...2   286.042017: phonelab_periodic_ctx_switch_info: cpu=1 pid=4348 tgid=4317 nice=0 comm=JDWP utime=0 stime=0 rtime=1961614 bg_utime=0 bg_stime=0 bg_rtime=0 s_run=0 s_int=3 s_unint=0 s_oth=0 log_idx=177
     kworker/1:1-4162  [001] ...2   286.042019: phonelab_periodic_ctx_switch_info: cpu=1 pid=7017 tgid=7017 nice=0 comm=adbd utime=0 stime=0 rtime=7800886 bg_utime=0 bg_stime=0 bg_rtime=0 s_run=0 s_int=2 s_unint=0 s_oth=1 log_idx=177
     kworker/1:1-4162  [001] ...2   286.042020: phonelab_periodic_ctx_switch_info: cpu=1 pid=4352 tgid=4317 nice=0 comm=FinalizerDaemon utime=0 stime=1 rtime=6229580 bg_utime=0 bg_stime=0 bg_rtime=0 s_run=0 s_int=49 s_unint=6 s_oth=0 log_idx=177
     kworker/1:1-4162  [001] ...2   286.042021: phonelab_periodic_ctx_switch_info: cpu=1 pid=7014 tgid=7014 nice=0 comm=kthreadd utime=0 stime=0 rtime=14115 bg_utime=0 bg_stime=0 bg_rtime=0 s_run=0 s_int=0 s_unint=1 s_oth=0 log_idx=177
     kworker/1:1-4162  [001] ...2   286.042023: phonelab_periodic_ctx_switch_info: cpu=1 pid=4342 tgid=4317 nice=0 comm=Heap thread poo utime=0 stime=0 rtime=149428 bg_utime=0 bg_stime=0 bg_rtime=0 s_run=0 s_int=4 s_unint=1 s_oth=0 log_idx=177
     kworker/1:1-4162  [001] ...2   286.042024: phonelab_periodic_ctx_switch_info: cpu=1 pid=7019 tgid=7019 nice=0 comm=sh utime=0 stime=0 rtime=1491770 bg_utime=0 bg_stime=0 bg_rtime=0 s_run=1 s_int=0 s_unint=0 s_oth=1 log_idx=177
     kworker/1:1-4162  [001] ...2   286.042025: phonelab_periodic_ctx_switch_info: cpu=1 pid=4158 tgid=4158 nice=0 comm=migration/1 utime=0 stime=0 rtime=776146 bg_utime=0 bg_stime=0 bg_rtime=0 s_run=0 s_int=1 s_unint=0 s_oth=0 log_idx=177
     kworker/1:1-4162  [001] ...2   286.042026: phonelab_periodic_ctx_switch_info: cpu=1 pid=7015 tgid=7015 nice=0 comm=kthreadd utime=0 stime=0 rtime=47761 bg_utime=0 bg_stime=0 bg_rtime=0 s_run=0 s_int=0 s_unint=1 s_oth=1 log_idx=177
     kworker/1:1-4162  [001] ...2   286.042027: phonelab_periodic_ctx_switch_info: cpu=1 pid=4353 tgid=4317 nice=0 comm=FinalizerWatchd utime=0 stime=0 rtime=110885 bg_utime=0 bg_stime=0 bg_rtime=0 s_run=0 s_int=4 s_unint=1 s_oth=0 log_idx=177
     kworker/1:1-4162  [001] ...2   286.042028: phonelab_periodic_ctx_switch_info: cpu=1 pid=4162 tgid=4162 nice=0 comm=kworker/1:1 utime=0 stime=0 rtime=117760 bg_utime=0 bg_stime=0 bg_rtime=0 s_run=1 s_int=2 s_unint=0 s_oth=0 log_idx=177
     kworker/1:1-4162  [001] ...2   286.042030: phonelab_periodic_ctx_switch_info: cpu=1 pid=4160 tgid=4160 nice=-20 comm=kworker/1:0H utime=0 stime=0 rtime=203750 bg_utime=0 bg_stime=0 bg_rtime=0 s_run=0 s_int=5 s_unint=5 s_oth=0 log_idx=177
     kworker/1:1-4162  [001] ...2   286.042031: phonelab_periodic_ctx_switch_info: cpu=1 pid=7016 tgid=7016 nice=0 comm=kthreadd utime=0 stime=0 rtime=38178 bg_utime=0 bg_stime=0 bg_rtime=0 s_run=0 s_int=0 s_unint=1 s_oth=1 log_idx=177
     kworker/1:1-4162  [001] ...2   286.042034: phonelab_periodic_ctx_switch_info: cpu=1 pid=4341 tgid=4317 nice=0 comm=Heap thread poo utime=0 stime=0 rtime=3540571 bg_utime=0 bg_stime=0 bg_rtime=0 s_run=0 s_int=27 s_unint=0 s_oth=0 log_idx=177
     kworker/1:1-4162  [001] ...2   286.042035: phonelab_periodic_ctx_switch_info: cpu=1 pid=7007 tgid=1774 nice=0 comm=adbd utime=0 stime=0 rtime=33854 bg_utime=0 bg_stime=0 bg_rtime=0 s_run=0 s_int=1 s_unint=0 s_oth=0 log_idx=177
     kworker/1:1-4162  [001] ...2   286.042036: phonelab_periodic_ctx_switch_info: cpu=1 pid=859 tgid=196 nice=0 comm=sensors.qcom utime=0 stime=0 rtime=2307343 bg_utime=0 bg_stime=0 bg_rtime=0 s_run=0 s_int=25 s_unint=0 s_oth=0 log_idx=177
     kworker/1:1-4162  [001] ...2   286.042043: phonelab_periodic_ctx_switch_marker: END cpu=1 count=17 log_idx=177
     kworker/1:1-4162  [001] ...2   286.042047: phonelab_timing: func=periodic_ctx_switch_info time=33855ns cpu=1
     kworker/1:1-4162  [001] ...2   286.042053: sched_switch: prev_comm=kworker/1:1 prev_pid=4162 prev_prio=120 prev_state=S ==> next_comm=traced next_pid=201 next_prio=120
      mpdecision-1747  [000] ...2   286.042241: sched_switch: prev_comm=mpdecision prev_pid=1747 prev_prio=113 prev_state=S ==> next_comm=ple.kvbenchmark next_pid=4317 next_prio=120
           <...>-4317  [000] ...2   286.042273: sched_switch: prev_comm=ple.kvbenchmark prev_pid=4317 prev_prio=120 prev_state=S ==> next_comm=swapper/0 next_pid=0 next_prio=120
          <idle>-0     [000] ...2   286.042286: sched_switch: prev_comm=swapper/0 prev_pid=0 prev_prio=120 prev_state=R ==> next_comm=ksoftirqd/0 next_pid=3 next_prio=120
