           <...>-7536  [001] ...2   405.444262: sched_switch: prev_comm=ple.kvbenchmark prev_pid=7536 prev_prio=120 prev_state=R ==> next_comm=system_server next_pid=740 next_prio=118
   system_server-740   [001] ...2   405.444286: sched_switch: prev_comm=system_server prev_pid=740 prev_prio=118 prev_state=S ==> next_comm=ple.kvbenchmark next_pid=7536 next_prio=120
   system_server-732   [000] ...2   405.444286: sched_switch: prev_comm=system_server prev_pid=732 prev_prio=118 prev_state=S ==> next_comm=traced next_pid=202 next_prio=120
           <...>-7536  [001] ...1   405.446369: tracing_mark_write: {"EVENT":"TESTBENCHMARK"}
           <...>-7536  [001] ...1   405.446671: tracing_mark_write: START: App started

           <...>-7536  [001] ...1   405.446947: tracing_mark_write: {"EVENT":"KV_START"}
           <...>-7536  [001] ...1   405.447227: tracing_mark_write: {"EVENT":"LOAD_START"}
          traced-202   [000] ...2   405.447485: sched_switch: prev_comm=traced prev_pid=202 prev_prio=120 prev_state=R ==> next_comm=mmcqd/1 next_pid=117 next_prio=120
           <...>-7536  [001] ...2   405.447499: sched_switch: prev_comm=ple.kvbenchmark prev_pid=7536 prev_prio=120 prev_state=D|W ==> next_comm=swapper/1 next_pid=0 next_prio=120
          <idle>-0     [001] ...2   405.447526: sched_switch: prev_comm=swapper/1 prev_pid=0 prev_prio=120 prev_state=R ==> next_comm=ksoftirqd/1 next_pid=7414 next_prio=120
     ksoftirqd/1-7414  [001] ...2   405.447540: sched_switch: prev_comm=ksoftirqd/1 prev_pid=7414 prev_prio=120 prev_state=S ==> next_comm=swapper/1 next_pid=0 next_prio=120
          <idle>-0     [001] ...2   405.447556: sched_switch: prev_comm=swapper/1 prev_pid=0 prev_prio=120 prev_state=R ==> next_comm=ksoftirqd/1 next_pid=7414 next_prio=120
     ksoftirqd/1-7414  [001] ...2   405.447567: sched_switch: prev_comm=ksoftirqd/1 prev_pid=7414 prev_prio=120 prev_state=S ==> next_comm=swapper/1 next_pid=0 next_prio=120
          <idle>-0     [001] ...2   405.447582: sched_switch: prev_comm=swapper/1 prev_pid=0 prev_prio=120 prev_state=R ==> next_comm=ksoftirqd/1 next_pid=7414 next_prio=120
     ksoftirqd/1-7414  [001] ...2   405.447592: sched_switch: prev_comm=ksoftirqd/1 prev_pid=7414 prev_prio=120 prev_state=S ==> next_comm=swapper/1 next_pid=0 next_prio=120
           <...>-117   [000] ...2   405.447656: sched_switch: prev_comm=mmcqd/1 prev_pid=117 prev_prio=120 prev_state=D ==> next_comm=traced next_pid=202 next_prio=120
          traced-202   [000] ...2   405.447784: sched_switch: prev_comm=traced prev_pid=202 prev_prio=120 prev_state=R ==> next_comm=kworker/u:0H next_pid=7 next_prio=100
    kworker/u:0H-7     [000] ...2   405.447813: sched_switch: prev_comm=kworker/u:0H prev_pid=7 prev_prio=100 prev_state=D ==> next_comm=mmcqd/1 next_pid=117 next_prio=120
           <...>-117   [000] ...2   405.447873: sched_switch: prev_comm=mmcqd/1 prev_pid=117 prev_prio=120 prev_state=D ==> next_comm=traced next_pid=202 next_prio=120
          traced-202   [000] ...2   405.448097: sched_switch: prev_comm=traced prev_pid=202 prev_prio=120 prev_state=R ==> next_comm=kworker/u:0H next_pid=7 next_prio=100
    kworker/u:0H-7     [000] ...2   405.448123: sched_switch: prev_comm=kworker/u:0H prev_pid=7 prev_prio=100 prev_state=D ==> next_comm=mmcqd/1 next_pid=117 next_prio=120
           <...>-117   [000] ...2   405.448183: sched_switch: prev_comm=mmcqd/1 prev_pid=117 prev_prio=120 prev_state=D ==> next_comm=traced next_pid=202 next_prio=120
          traced-202   [000] ...2   405.448428: sched_switch: prev_comm=traced prev_pid=202 prev_prio=120 prev_state=R ==> next_comm=kworker/u:0H next_pid=7 next_prio=100
    kworker/u:0H-7     [000] ...2   405.448453: sched_switch: prev_comm=kworker/u:0H prev_pid=7 prev_prio=100 prev_state=D ==> next_comm=mmcqd/1 next_pid=117 next_prio=120
           <...>-117   [000] ...2   405.448519: sched_switch: prev_comm=mmcqd/1 prev_pid=117 prev_prio=120 prev_state=D ==> next_comm=traced next_pid=202 next_prio=120
          traced-202   [000] ...2   405.448768: sched_switch: prev_comm=traced prev_pid=202 prev_prio=120 prev_state=R ==> next_comm=kworker/u:0H next_pid=7 next_prio=100
    kworker/u:0H-7     [000] ...2   405.448794: sched_switch: prev_comm=kworker/u:0H prev_pid=7 prev_prio=100 prev_state=D ==> next_comm=mmcqd/1 next_pid=117 next_prio=120
           <...>-117   [000] ...2   405.448872: sched_switch: prev_comm=mmcqd/1 prev_pid=117 prev_prio=120 prev_state=D ==> next_comm=traced next_pid=202 next_prio=120
          traced-202   [000] ...2   405.449105: sched_switch: prev_comm=traced prev_pid=202 prev_prio=120 prev_state=R ==> next_comm=kworker/u:0H next_pid=7 next_prio=100
    kworker/u:0H-7     [000] ...2   405.449130: sched_switch: prev_comm=kworker/u:0H prev_pid=7 prev_prio=100 prev_state=D ==> next_comm=mmcqd/1 next_pid=117 next_prio=120
           <...>-117   [000] ...2   405.449188: sched_switch: prev_comm=mmcqd/1 prev_pid=117 prev_prio=120 prev_state=D ==> next_comm=traced next_pid=202 next_prio=120
          traced-202   [000] ...2   405.449436: sched_switch: prev_comm=traced prev_pid=202 prev_prio=120 prev_state=R ==> next_comm=kworker/u:0H next_pid=7 next_prio=100
    kworker/u:0H-7     [000] ...2   405.449462: sched_switch: prev_comm=kworker/u:0H prev_pid=7 prev_prio=100 prev_state=D ==> next_comm=mmcqd/1 next_pid=117 next_prio=120
           <...>-117   [000] ...2   405.449521: sched_switch: prev_comm=mmcqd/1 prev_pid=117 prev_prio=120 prev_state=D ==> next_comm=traced next_pid=202 next_prio=120
          traced-202   [000] ...2   405.449770: sched_switch: prev_comm=traced prev_pid=202 prev_prio=120 prev_state=R ==> next_comm=kworker/u:0H next_pid=7 next_prio=100
    kworker/u:0H-7     [000] ...2   405.449795: sched_switch: prev_comm=kworker/u:0H prev_pid=7 prev_prio=100 prev_state=D ==> next_comm=mmcqd/1 next_pid=117 next_prio=120
           <...>-117   [000] ...2   405.449879: sched_switch: prev_comm=mmcqd/1 prev_pid=117 prev_prio=120 prev_state=S ==> next_comm=traced next_pid=202 next_prio=120
          traced-202   [000] ...2   405.450558: sched_switch: prev_comm=traced prev_pid=202 prev_prio=120 prev_state=R ==> next_comm=mmcqd/1 next_pid=117 next_prio=120
          <idle>-0     [001] ...2   405.450593: sched_switch: prev_comm=swapper/1 prev_pid=0 prev_prio=120 prev_state=R ==> next_comm=ple.kvbenchmark next_pid=7536 next_prio=120
           <...>-117   [000] ...2   405.450599: sched_switch: prev_comm=mmcqd/1 prev_pid=117 prev_prio=120 prev_state=R+ ==> next_comm=kworker/0:2H next_pid=177 next_prio=100
    kworker/0:2H-177   [000] ...2   405.450608: sched_switch: prev_comm=kworker/0:2H prev_pid=177 prev_prio=100 prev_state=S ==> next_comm=mmcqd/1 next_pid=117 next_prio=120
           <...>-117   [000] ...2   405.450619: sched_switch: prev_comm=mmcqd/1 prev_pid=117 prev_prio=120 prev_state=S ==> next_comm=traced next_pid=202 next_prio=120
          traced-202   [000] ...2   405.458571: sched_switch: prev_comm=traced prev_pid=202 prev_prio=120 prev_state=R ==> next_comm=mmcqd/1 next_pid=117 next_prio=120
           <...>-117   [000] ...2   405.458629: sched_switch: prev_comm=mmcqd/1 prev_pid=117 prev_prio=120 prev_state=S ==> next_comm=traced next_pid=202 next_prio=120
          traced-202   [000] ...2   405.459496: sched_switch: prev_comm=traced prev_pid=202 prev_prio=120 prev_state=R ==> next_comm=mmcqd/1 next_pid=117 next_prio=120
           <...>-117   [000] ...2   405.459531: sched_switch: prev_comm=mmcqd/1 prev_pid=117 prev_prio=120 prev_state=R+ ==> next_comm=kworker/0:2H next_pid=177 next_prio=100
    kworker/0:2H-177   [000] ...2   405.459539: sched_switch: prev_comm=kworker/0:2H prev_pid=177 prev_prio=100 prev_state=S ==> next_comm=mmcqd/1 next_pid=117 next_prio=120
           <...>-117   [000] ...2   405.459548: sched_switch: prev_comm=mmcqd/1 prev_pid=117 prev_prio=120 prev_state=S ==> next_comm=traced next_pid=202 next_prio=120
           <...>-7536  [001] ...2   405.462787: sched_switch: prev_comm=ple.kvbenchmark prev_pid=7536 prev_prio=120 prev_state=R ==> next_comm=kworker/u:2 next_pid=80 next_prio=120
          traced-202   [000] ...2   405.462810: sched_switch: prev_comm=traced prev_pid=202 prev_prio=120 prev_state=R ==> next_comm=kworker/u:4 next_pid=7452 next_prio=120
     kworker/u:4-7452  [000] ...2   405.462817: sched_switch: prev_comm=kworker/u:4 prev_pid=7452 prev_prio=120 prev_state=S ==> next_comm=traced next_pid=202 next_prio=120
          traced-202   [000] ...2   405.462829: sched_switch: prev_comm=traced prev_pid=202 prev_prio=120 prev_state=R ==> next_comm=sensors.qcom next_pid=859 next_prio=120
     kworker/u:2-80    [001] ...2   405.462851: sched_switch: prev_comm=kworker/u:2 prev_pid=80 prev_prio=120 prev_state=S ==> next_comm=ple.kvbenchmark next_pid=7536 next_prio=120
    sensors.qcom-859   [000] ...2   405.462899: sched_switch: prev_comm=sensors.qcom prev_pid=859 prev_prio=120 prev_state=S ==> next_comm=sensors.qcom next_pid=733 next_prio=120
    sensors.qcom-733   [000] ...2   405.462941: sched_switch: prev_comm=sensors.qcom prev_pid=733 prev_prio=120 prev_state=S ==> next_comm=system_server next_pid=732 next_prio=118
           <...>-7536  [001] ...2   405.463039: sched_switch: prev_comm=ple.kvbenchmark prev_pid=7536 prev_prio=120 prev_state=R ==> next_comm=system_server next_pid=740 next_prio=118
   system_server-732   [000] ...2   405.463062: sched_switch: prev_comm=system_server prev_pid=732 prev_prio=118 prev_state=S ==> next_comm=SensorService next_pid=781 next_prio=112
   system_server-740   [001] ...2   405.463066: sched_switch: prev_comm=system_server prev_pid=740 prev_prio=118 prev_state=S ==> next_comm=ple.kvbenchmark next_pid=7536 next_prio=120
   SensorService-781   [000] ...2   405.463131: sched_switch: prev_comm=SensorService prev_pid=781 prev_prio=112 prev_state=S ==> next_comm=android.ui next_pid=786 next_prio=118
      android.ui-786   [000] ...2   405.463222: sched_switch: prev_comm=android.ui prev_pid=786 prev_prio=118 prev_state=S ==> next_comm=traced next_pid=202 next_prio=120
          traced-202   [000] ...2   405.471242: sched_switch: prev_comm=traced prev_pid=202 prev_prio=120 prev_state=R ==> next_comm=mmcqd/1 next_pid=117 next_prio=120
           <...>-117   [000] ...2   405.471295: sched_switch: prev_comm=mmcqd/1 prev_pid=117 prev_prio=120 prev_state=S ==> next_comm=traced next_pid=202 next_prio=120
           <...>-7536  [001] ...2   405.471374: sched_switch: prev_comm=ple.kvbenchmark prev_pid=7536 prev_prio=120 prev_state=R ==> next_comm=kworker/u:2 next_pid=80 next_prio=120
          traced-202   [000] ...2   405.471388: sched_switch: prev_comm=traced prev_pid=202 prev_prio=120 prev_state=R ==> next_comm=mpdecision next_pid=1738 next_prio=113
     kworker/u:2-80    [001] ...2   405.471391: sched_switch: prev_comm=kworker/u:2 prev_pid=80 prev_prio=120 prev_state=S ==> next_comm=ple.kvbenchmark next_pid=7536 next_prio=120
      mpdecision-1738  [000] ...2   405.471631: sched_switch: prev_comm=mpdecision prev_pid=1738 prev_prio=113 prev_state=S ==> next_comm=logcat next_pid=7905 next_prio=120
          logcat-7905  [000] ...2   405.471650: sched_switch: prev_comm=logcat prev_pid=7905 prev_prio=120 prev_state=S ==> next_comm=traced next_pid=202 next_prio=120
          traced-202   [000] ...2   405.472316: sched_switch: prev_comm=traced prev_pid=202 prev_prio=120 prev_state=R ==> next_comm=mmcqd/1 next_pid=117 next_prio=120
           <...>-117   [000] ...2   405.472355: sched_switch: prev_comm=mmcqd/1 prev_pid=117 prev_prio=120 prev_state=R+ ==> next_comm=kworker/0:2H next_pid=177 next_prio=100
    kworker/0:2H-177   [000] ...2   405.472362: sched_switch: prev_comm=kworker/0:2H prev_pid=177 prev_prio=100 prev_state=S ==> next_comm=mmcqd/1 next_pid=117 next_prio=120
           <...>-117   [000] ...2   405.472372: sched_switch: prev_comm=mmcqd/1 prev_pid=117 prev_prio=120 prev_state=S ==> next_comm=traced next_pid=202 next_prio=120
           <...>-7536  [001] ...2   405.491364: sched_switch: prev_comm=ple.kvbenchmark prev_pid=7536 prev_prio=120 prev_state=R ==> next_comm=kworker/1:1H next_pid=7416 next_prio=100
    kworker/1:1H-7416  [001] ...2   405.491380: sched_switch: prev_comm=kworker/1:1H prev_pid=7416 prev_prio=100 prev_state=S ==> next_comm=ple.kvbenchmark next_pid=7536 next_prio=120
          traced-202   [000] ...2   405.491388: sched_switch: prev_comm=traced prev_pid=202 prev_prio=120 prev_state=R ==> next_comm=kworker/0:2H next_pid=177 next_prio=100
    kworker/0:2H-177   [000] ...2   405.491401: sched_switch: prev_comm=kworker/0:2H prev_pid=177 prev_prio=100 prev_state=S ==> next_comm=traced next_pid=202 next_prio=120
          traced-202   [000] ...2   405.498952: sched_switch: prev_comm=traced prev_pid=202 prev_prio=120 prev_state=R ==> next_comm=adbd next_pid=3738 next_prio=120
            adbd-3738  [000] ...2   405.498968: sched_switch: prev_comm=adbd prev_pid=3738 prev_prio=120 prev_state=S ==> next_comm=traced next_pid=202 next_prio=120
          traced-202   [000] ...2   405.499036: sched_switch: prev_comm=traced prev_pid=202 prev_prio=120 prev_state=R ==> next_comm=adbd next_pid=3738 next_prio=120
           <...>-7536  [001] ...2   405.499065: sched_switch: prev_comm=ple.kvbenchmark prev_pid=7536 prev_prio=120 prev_state=R ==> next_comm=adbd next_pid=1508 next_prio=120
            adbd-3738  [000] ...2   405.499081: sched_switch: prev_comm=adbd prev_pid=3738 prev_prio=120 prev_state=S ==> next_comm=traced next_pid=202 next_prio=120
            adbd-1508  [001] ...2   405.499707: sched_switch: prev_comm=adbd prev_pid=1508 prev_prio=120 prev_state=D ==> next_comm=adbd next_pid=3737 next_prio=120
            adbd-3737  [001] ...2   405.499774: sched_switch: prev_comm=adbd prev_pid=3737 prev_prio=120 prev_state=S ==> next_comm=kworker/1:1 next_pid=7415 next_prio=120
     kworker/1:1-7415  [001] ...2   405.499789: sched_switch: prev_comm=kworker/1:1 prev_pid=7415 prev_prio=120 prev_state=S ==> next_comm=adbd next_pid=1508 next_prio=120
            adbd-1508  [001] ...2   405.499800: sched_switch: prev_comm=adbd prev_pid=1508 prev_prio=120 prev_state=S ==> next_comm=ple.kvbenchmark next_pid=7536 next_prio=120
           <...>-7536  [001] ...2   405.511365: sched_switch: prev_comm=ple.kvbenchmark prev_pid=7536 prev_prio=120 prev_state=R ==> next_comm=adbd next_pid=9366 next_prio=120
          traced-202   [000] ...2   405.511366: sched_switch: prev_comm=traced prev_pid=202 prev_prio=120 prev_state=R ==> next_comm=kworker/0:1 next_pid=15 next_prio=120
     kworker/0:1-15    [000] ...1   405.511372: thermal_temp: sensor_id=5 temp=71
           <...>-9366  [001] ...2   405.511390: sched_switch: prev_comm=adbd prev_pid=9366 prev_prio=120 prev_state=S ==> next_comm=ple.kvbenchmark next_pid=7536 next_prio=120
     kworker/0:1-15    [000] ...2   405.511426: sched_switch: prev_comm=kworker/0:1 prev_pid=15 prev_prio=120 prev_state=S ==> next_comm=adbd next_pid=9365 next_prio=120
           <...>-9365  [000] ...2   405.511610: sched_switch: prev_comm=adbd prev_pid=9365 prev_prio=120 prev_state=R+ ==> next_comm=migration/0 next_pid=8 next_prio=0
           <...>-7536  [001] ...2   405.511624: sched_switch: prev_comm=ple.kvbenchmark prev_pid=7536 prev_prio=120 prev_state=R ==> next_comm=adbd next_pid=9365 next_prio=120
     migration/0-8     [000] ...2   405.511624: sched_switch: prev_comm=migration/0 prev_pid=8 prev_prio=0 prev_state=S ==> next_comm=traced next_pid=202 next_prio=120
          traced-202   [000] ...2   405.512099: sched_switch: prev_comm=traced prev_pid=202 prev_prio=120 prev_state=R ==> next_comm=kworker/u:2 next_pid=80 next_prio=120
     kworker/u:2-80    [000] ...2   405.512142: sched_switch: prev_comm=kworker/u:2 prev_pid=80 prev_prio=120 prev_state=S ==> next_comm=kworker/u:4 next_pid=7452 next_prio=120
     kworker/u:4-7452  [000] ...2   405.512149: sched_switch: prev_comm=kworker/u:4 prev_pid=7452 prev_prio=120 prev_state=S ==> next_comm=sensors.qcom next_pid=859 next_prio=120
    sensors.qcom-859   [000] ...2   405.512220: sched_switch: prev_comm=sensors.qcom prev_pid=859 prev_prio=120 prev_state=S ==> next_comm=sensors.qcom next_pid=733 next_prio=120
    sensors.qcom-733   [000] ...2   405.512264: sched_switch: prev_comm=sensors.qcom prev_pid=733 prev_prio=120 prev_state=S ==> next_comm=system_server next_pid=732 next_prio=118
   system_server-732   [000] ...2   405.512383: sched_switch: prev_comm=system_server prev_pid=732 prev_prio=118 prev_state=S ==> next_comm=traced next_pid=202 next_prio=120
           <...>-9365  [001] ...2   405.517944: sched_switch: prev_comm=sh prev_pid=9365 prev_prio=120 prev_state=R+ ==> next_comm=kworker/1:1 next_pid=7415 next_prio=120
     kworker/1:1-7415  [001] ...2   405.517964: sched_switch: prev_comm=kworker/1:1 prev_pid=7415 prev_prio=120 prev_state=S ==> next_comm=system_server next_pid=740 next_prio=118
          traced-202   [000] ...2   405.517995: sched_switch: prev_comm=traced prev_pid=202 prev_prio=120 prev_state=R ==> next_comm=SensorService next_pid=781 next_prio=112
   system_server-740   [001] ...2   405.518000: sched_switch: prev_comm=system_server prev_pid=740 prev_prio=118 prev_state=S ==> next_comm=adbd next_pid=1508 next_prio=120
   SensorService-781   [000] ...2   405.518060: sched_switch: prev_comm=SensorService prev_pid=781 prev_prio=112 prev_state=S ==> next_comm=android.ui next_pid=786 next_prio=118
            adbd-1508  [001] ...2   405.518150: sched_switch: prev_comm=adbd prev_pid=1508 prev_prio=120 prev_state=S ==> next_comm=adbd next_pid=3737 next_prio=120
      android.ui-786   [000] ...2   405.518154: sched_switch: prev_comm=android.ui prev_pid=786 prev_prio=118 prev_state=S ==> next_comm=traced next_pid=202 next_prio=120
            adbd-3737  [001] ...2   405.518204: sched_switch: prev_comm=adbd prev_pid=3737 prev_prio=120 prev_state=S ==> next_comm=sh next_pid=9365 next_prio=120
           <...>-9365  [001] ...2   405.518217: sched_switch: prev_comm=sh prev_pid=9365 prev_prio=120 prev_state=R+ ==> next_comm=kworker/1:1 next_pid=7415 next_prio=120
     kworker/1:1-7415  [001] ...2   405.518226: sched_switch: prev_comm=kworker/1:1 prev_pid=7415 prev_prio=120 prev_state=S ==> next_comm=sh next_pid=9365 next_prio=120
          traced-202   [000] ...2   405.518498: sched_switch: prev_comm=traced prev_pid=202 prev_prio=120 prev_state=R ==> next_comm=adbd next_pid=3738 next_prio=120
            adbd-3738  [000] ...2   405.518539: sched_switch: prev_comm=adbd prev_pid=3738 prev_prio=120 prev_state=S ==> next_comm=adbd next_pid=1508 next_prio=120
            adbd-1508  [000] ...2   405.518772: sched_switch: prev_comm=adbd prev_pid=1508 prev_prio=120 prev_state=S ==> next_comm=kworker/0:1 next_pid=15 next_prio=120
     kworker/0:1-15    [000] ...2   405.518782: sched_switch: prev_comm=kworker/0:1 prev_pid=15 prev_prio=120 prev_state=S ==> next_comm=adbd next_pid=3737 next_prio=120
           <...>-9365  [001] ...2   405.518830: sched_switch: prev_comm=sh prev_pid=9365 prev_prio=120 prev_state=R+ ==> next_comm=adbd next_pid=9366 next_prio=120
            adbd-3737  [000] ...2   405.518851: sched_switch: prev_comm=adbd prev_pid=3737 prev_prio=120 prev_state=S ==> next_comm=traced next_pid=202 next_prio=120
          traced-202   [000] ...2   405.518888: sched_switch: prev_comm=traced prev_pid=202 prev_prio=120 prev_state=R ==> next_comm=adbd next_pid=1508 next_prio=120
           <...>-9366  [001] ...3   405.518938: sched_switch: prev_comm=adbd prev_pid=9366 prev_prio=120 prev_state=x ==> next_comm=sh next_pid=9365 next_prio=120
           <...>-9365  [001] ...3   405.518945: sched_switch: prev_comm=sh prev_pid=9365 prev_prio=120 prev_state=x ==> next_comm=ple.kvbenchmark next_pid=7536 next_prio=120
            adbd-1508  [000] ...2   405.518980: sched_switch: prev_comm=adbd prev_pid=1508 prev_prio=120 prev_state=S ==> next_comm=traced next_pid=202 next_prio=120
          traced-202   [000] ...2   405.519109: sched_switch: prev_comm=traced prev_pid=202 prev_prio=120 prev_state=R ==> next_comm=adbd next_pid=3738 next_prio=120
            adbd-3738  [000] ...2   405.519138: sched_switch: prev_comm=adbd prev_pid=3738 prev_prio=120 prev_state=S ==> next_comm=adbd next_pid=1508 next_prio=120
            adbd-1508  [000] ...2   405.519231: sched_switch: prev_comm=adbd prev_pid=1508 prev_prio=120 prev_state=S ==> next_comm=adbd next_pid=3737 next_prio=120
            adbd-3737  [000] ...2   405.519238: sched_switch: prev_comm=adbd prev_pid=3737 prev_prio=120 prev_state=S ==> next_comm=traced next_pid=202 next_prio=120
          traced-202   [000] ...2   405.519313: sched_switch: prev_comm=traced prev_pid=202 prev_prio=120 prev_state=R ==> next_comm=adbd next_pid=3738 next_prio=120
            adbd-3738  [000] ...2   405.519341: sched_switch: prev_comm=adbd prev_pid=3738 prev_prio=120 prev_state=S ==> next_comm=adbd next_pid=1508 next_prio=120
            adbd-1508  [000] ...2   405.519426: sched_switch: prev_comm=adbd prev_pid=1508 prev_prio=120 prev_state=S ==> next_comm=adbd next_pid=3737 next_prio=120
            adbd-3737  [000] ...2   405.519432: sched_switch: prev_comm=adbd prev_pid=3737 prev_prio=120 prev_state=S ==> next_comm=traced next_pid=202 next_prio=120
          traced-202   [000] ...2   405.521373: sched_switch: prev_comm=traced prev_pid=202 prev_prio=120 prev_state=R ==> next_comm=kworker/u:4 next_pid=7452 next_prio=120
     kworker/u:4-7452  [000] ...2   405.521388: sched_switch: prev_comm=kworker/u:4 prev_pid=7452 prev_prio=120 prev_state=S ==> next_comm=workqueue_trust next_pid=9362 next_prio=120
           <...>-9362  [000] ...2   405.521401: sched_switch: prev_comm=workqueue_trust prev_pid=9362 prev_prio=120 prev_state=D ==> next_comm=mpdecision next_pid=1738 next_prio=113
      mpdecision-1738  [000] ...2   405.521640: sched_switch: prev_comm=mpdecision prev_pid=1738 prev_prio=113 prev_state=S ==> next_comm=kworker/2:1 next_pid=9053 next_prio=120
           <...>-9053  [000] ...3   405.521667: sched_switch: prev_comm=kworker/2:1 prev_pid=9053 prev_prio=120 prev_state=x ==> next_comm=workqueue_trust next_pid=9362 next_prio=120
           <...>-9362  [000] ...2   405.521680: sched_switch: prev_comm=workqueue_trust prev_pid=9362 prev_prio=120 prev_state=D ==> next_comm=kworker/2:0 next_pid=9050 next_prio=120
           <...>-9050  [000] ...3   405.521704: sched_switch: prev_comm=kworker/2:0 prev_pid=9050 prev_prio=120 prev_state=x ==> next_comm=workqueue_trust next_pid=9362 next_prio=120
           <...>-9362  [000] ...2   405.521716: sched_switch: prev_comm=workqueue_trust prev_pid=9362 prev_prio=120 prev_state=R+ ==> next_comm=kworker/2:1H next_pid=9054 next_prio=100
           <...>-9054  [000] ...3   405.521737: sched_switch: prev_comm=kworker/2:1H prev_pid=9054 prev_prio=100 prev_state=x ==> next_comm=workqueue_trust next_pid=9362 next_prio=120
           <...>-9362  [000] ...2   405.521748: sched_switch: prev_comm=workqueue_trust prev_pid=9362 prev_prio=120 prev_state=R+ ==> next_comm=kworker/2:2H next_pid=9059 next_prio=100
           <...>-9059  [000] ...3   405.521768: sched_switch: prev_comm=kworker/2:2H prev_pid=9059 prev_prio=100 prev_state=x ==> next_comm=workqueue_trust next_pid=9362 next_prio=120
           <...>-9362  [000] ...2   405.521778: sched_switch: prev_comm=workqueue_trust prev_pid=9362 prev_prio=120 prev_state=R+ ==> next_comm=kworker/2:0H next_pid=9051 next_prio=100
           <...>-9051  [000] ...3   405.521798: sched_switch: prev_comm=kworker/2:0H prev_pid=9051 prev_prio=100 prev_state=x ==> next_comm=workqueue_trust next_pid=9362 next_prio=120
           <...>-9362  [000] ...3   405.521821: sched_switch: prev_comm=workqueue_trust prev_pid=9362 prev_prio=120 prev_state=x ==> next_comm=traced next_pid=202 next_prio=120
          traced-202   [000] ...2   405.531241: sched_switch: prev_comm=traced prev_pid=202 prev_prio=120 prev_state=R ==> next_comm=adbd next_pid=3738 next_prio=120
            adbd-3738  [000] ...2   405.531253: sched_switch: prev_comm=adbd prev_pid=3738 prev_prio=120 prev_state=S ==> next_comm=traced next_pid=202 next_prio=120
          traced-202   [000] ...2   405.531446: sched_switch: prev_comm=traced prev_pid=202 prev_prio=120 prev_state=R ==> next_comm=adbd next_pid=3738 next_prio=120
            adbd-3738  [000] ...2   405.531478: sched_switch: prev_comm=adbd prev_pid=3738 prev_prio=120 prev_state=S ==> next_comm=adbd next_pid=1508 next_prio=120
            adbd-1508  [000] ...2   405.532057: sched_switch: prev_comm=adbd prev_pid=1508 prev_prio=120 prev_state=D ==> next_comm=adbd next_pid=3737 next_prio=120
            adbd-3737  [000] ...2   405.532128: sched_switch: prev_comm=adbd prev_pid=3737 prev_prio=120 prev_state=S ==> next_comm=kworker/0:1 next_pid=15 next_prio=120
     kworker/0:1-15    [000] ...2   405.532142: sched_switch: prev_comm=kworker/0:1 prev_pid=15 prev_prio=120 prev_state=S ==> next_comm=adbd next_pid=1508 next_prio=120
            adbd-1508  [000] ...2   405.532154: sched_switch: prev_comm=adbd prev_pid=1508 prev_prio=120 prev_state=S ==> next_comm=traced next_pid=202 next_prio=120
          traced-202   [000] ...2   405.534432: sched_switch: prev_comm=traced prev_pid=202 prev_prio=120 prev_state=R ==> next_comm=adbd next_pid=3738 next_prio=120
            adbd-3738  [000] ...2   405.534460: sched_switch: prev_comm=adbd prev_pid=3738 prev_prio=120 prev_state=S ==> next_comm=traced next_pid=202 next_prio=120
          traced-202   [000] ...2   405.534567: sched_switch: prev_comm=traced prev_pid=202 prev_prio=120 prev_state=R ==> next_comm=adbd next_pid=3738 next_prio=120
            adbd-3738  [000] ...2   405.534596: sched_switch: prev_comm=adbd prev_pid=3738 prev_prio=120 prev_state=S ==> next_comm=adbd next_pid=1508 next_prio=120
            adbd-1508  [000] ...2   405.535102: sched_switch: prev_comm=adbd prev_pid=1508 prev_prio=120 prev_state=D ==> next_comm=adbd next_pid=3737 next_prio=120
            adbd-3737  [000] ...2   405.535168: sched_switch: prev_comm=adbd prev_pid=3737 prev_prio=120 prev_state=S ==> next_comm=kworker/0:1 next_pid=15 next_prio=120
     kworker/0:1-15    [000] ...2   405.535184: sched_switch: prev_comm=kworker/0:1 prev_pid=15 prev_prio=120 prev_state=S ==> next_comm=adbd next_pid=1508 next_prio=120
            adbd-1508  [000] ...2   405.535194: sched_switch: prev_comm=adbd prev_pid=1508 prev_prio=120 prev_state=S ==> next_comm=traced next_pid=202 next_prio=120
           <...>-7536  [001] ...2   405.541362: sched_switch: prev_comm=ple.kvbenchmark prev_pid=7536 prev_prio=120 prev_state=R ==> next_comm=adbd next_pid=9367 next_prio=120
          traced-202   [000] ...2   405.541371: sched_switch: prev_comm=traced prev_pid=202 prev_prio=120 prev_state=R ==> next_comm=adbd next_pid=9370 next_prio=120
           <...>-9370  [000] ...2   405.541389: sched_switch: prev_comm=adbd prev_pid=9370 prev_prio=120 prev_state=S ==> next_comm=traced next_pid=202 next_prio=120
           <...>-9367  [001] ...2   405.541543: sched_switch: prev_comm=adbd prev_pid=9367 prev_prio=120 prev_state=R+ ==> next_comm=migration/1 next_pid=7411 next_prio=0
          traced-202   [000] ...2   405.541556: sched_switch: prev_comm=traced prev_pid=202 prev_prio=120 prev_state=R ==> next_comm=adbd next_pid=9367 next_prio=120
     migration/1-7411  [001] ...2   405.541556: sched_switch: prev_comm=migration/1 prev_pid=7411 prev_prio=0 prev_state=S ==> next_comm=adbd next_pid=9368 next_prio=120
           <...>-9368  [001] ...2   405.541582: sched_switch: prev_comm=adbd prev_pid=9368 prev_prio=120 prev_state=S ==> next_comm=adbd next_pid=9369 next_prio=120
           <...>-9369  [001] ...2   405.543141: sched_switch: prev_comm=sh prev_pid=9369 prev_prio=120 prev_state=D ==> next_comm=ple.kvbenchmark next_pid=7536 next_prio=120
           <...>-7536  [001] ...2   405.543149: sched_switch: prev_comm=ple.kvbenchmark prev_pid=7536 prev_prio=120 prev_state=R ==> next_comm=sh next_pid=9369 next_prio=120
           <...>-9369  [001] ...2   405.543298: sched_switch: prev_comm=sh prev_pid=9369 prev_prio=120 prev_state=D ==> next_comm=ple.kvbenchmark next_pid=7536 next_prio=120
           <...>-7536  [001] ...2   405.543305: sched_switch: prev_comm=ple.kvbenchmark prev_pid=7536 prev_prio=120 prev_state=R ==> next_comm=sh next_pid=9369 next_prio=120
           <...>-9369  [001] ...2   405.543345: sched_switch: prev_comm=sh prev_pid=9369 prev_prio=120 prev_state=D ==> next_comm=ple.kvbenchmark next_pid=7536 next_prio=120
           <...>-7536  [001] ...2   405.543351: sched_switch: prev_comm=ple.kvbenchmark prev_pid=7536 prev_prio=120 prev_state=R ==> next_comm=sh next_pid=9369 next_prio=120
           <...>-9369  [001] ...2   405.543425: sched_switch: prev_comm=sh prev_pid=9369 prev_prio=120 prev_state=D ==> next_comm=ple.kvbenchmark next_pid=7536 next_prio=120
           <...>-7536  [001] ...2   405.543430: sched_switch: prev_comm=ple.kvbenchmark prev_pid=7536 prev_prio=120 prev_state=R ==> next_comm=sh next_pid=9369 next_prio=120
           <...>-9369  [001] ...2   405.543867: sched_switch: prev_comm=sh prev_pid=9369 prev_prio=120 prev_state=D ==> next_comm=ple.kvbenchmark next_pid=7536 next_prio=120
           <...>-7536  [001] ...2   405.543873: sched_switch: prev_comm=ple.kvbenchmark prev_pid=7536 prev_prio=120 prev_state=R ==> next_comm=sh next_pid=9369 next_prio=120
           <...>-9367  [000] ...2   405.544073: sched_switch: prev_comm=sh prev_pid=9367 prev_prio=120 prev_state=D|W ==> next_comm=traced next_pid=202 next_prio=120
          traced-202   [000] ...2   405.544669: sched_switch: prev_comm=traced prev_pid=202 prev_prio=120 prev_state=R ==> next_comm=kworker/u:4 next_pid=7452 next_prio=120
     kworker/u:4-7452  [000] ...2   405.544714: sched_switch: prev_comm=kworker/u:4 prev_pid=7452 prev_prio=120 prev_state=S ==> next_comm=kworker/u:2 next_pid=80 next_prio=120
     kworker/u:2-80    [000] ...2   405.544720: sched_switch: prev_comm=kworker/u:2 prev_pid=80 prev_prio=120 prev_state=S ==> next_comm=sensors.qcom next_pid=859 next_prio=120
    sensors.qcom-859   [000] ...2   405.544799: sched_switch: prev_comm=sensors.qcom prev_pid=859 prev_prio=120 prev_state=S ==> next_comm=sensors.qcom next_pid=733 next_prio=120
    sensors.qcom-733   [000] ...2   405.544848: sched_switch: prev_comm=sensors.qcom prev_pid=733 prev_prio=120 prev_state=S ==> next_comm=system_server next_pid=732 next_prio=118
           <...>-9369  [001] ...2   405.544952: sched_switch: prev_comm=sh prev_pid=9369 prev_prio=120 prev_state=R ==> next_comm=system_server next_pid=740 next_prio=118
   system_server-740   [001] ...2   405.544975: sched_switch: prev_comm=system_server prev_pid=740 prev_prio=118 prev_state=S ==> next_comm=sh next_pid=9369 next_prio=120
   system_server-732   [000] ...2   405.544975: sched_switch: prev_comm=system_server prev_pid=732 prev_prio=118 prev_state=S ==> next_comm=sh next_pid=9367 next_prio=120
           <...>-9369  [001] ...2   405.548120: sched_switch: prev_comm=sh prev_pid=9369 prev_prio=120 prev_state=R+ ==> next_comm=kworker/1:1 next_pid=7415 next_prio=120
           <...>-9367  [000] ...2   405.548141: sched_switch: prev_comm=sh prev_pid=9367 prev_prio=120 prev_state=R ==> next_comm=adbd next_pid=1508 next_prio=120
     kworker/1:1-7415  [001] ...2   405.548143: sched_switch: prev_comm=kworker/1:1 prev_pid=7415 prev_prio=120 prev_state=S ==> next_comm=sh next_pid=9369 next_prio=120
           <...>-9369  [001] ...2   405.548155: sched_switch: prev_comm=sh prev_pid=9369 prev_prio=120 prev_state=R+ ==> next_comm=kworker/1:1 next_pid=7415 next_prio=120
     kworker/1:1-7415  [001] ...2   405.548164: sched_switch: prev_comm=kworker/1:1 prev_pid=7415 prev_prio=120 prev_state=S ==> next_comm=sh next_pid=9369 next_prio=120
           <...>-9369  [001] ...2   405.548174: sched_switch: prev_comm=sh prev_pid=9369 prev_prio=120 prev_state=R+ ==> next_comm=kworker/1:1 next_pid=7415 next_prio=120
     kworker/1:1-7415  [001] ...2   405.548183: sched_switch: prev_comm=kworker/1:1 prev_pid=7415 prev_prio=120 prev_state=S ==> next_comm=sh next_pid=9369 next_prio=120
           <...>-9369  [001] ...2   405.548193: sched_switch: prev_comm=sh prev_pid=9369 prev_prio=120 prev_state=R+ ==> next_comm=kworker/1:1 next_pid=7415 next_prio=120
     kworker/1:1-7415  [001] ...2   405.548201: sched_switch: prev_comm=kworker/1:1 prev_pid=7415 prev_prio=120 prev_state=S ==> next_comm=sh next_pid=9369 next_prio=120
           <...>-9369  [001] ...2   405.548211: sched_switch: prev_comm=sh prev_pid=9369 prev_prio=120 prev_state=R+ ==> next_comm=kworker/1:1 next_pid=7415 next_prio=120
     kworker/1:1-7415  [001] ...2   405.548219: sched_switch: prev_comm=kworker/1:1 prev_pid=7415 prev_prio=120 prev_state=S ==> next_comm=sh next_pid=9369 next_prio=120
           <...>-9369  [001] ...2   405.548229: sched_switch: prev_comm=sh prev_pid=9369 prev_prio=120 prev_state=R+ ==> next_comm=kworker/1:1 next_pid=7415 next_prio=120
            adbd-1508  [000] ...2   405.548234: sched_switch: prev_comm=adbd prev_pid=1508 prev_prio=120 prev_state=D ==> next_comm=traced next_pid=202 next_prio=120
          traced-202   [000] ...2   405.548241: sched_switch: prev_comm=traced prev_pid=202 prev_prio=120 prev_state=R ==> next_comm=adbd next_pid=1508 next_prio=120
     kworker/1:1-7415  [001] ...2   405.548242: sched_switch: prev_comm=kworker/1:1 prev_pid=7415 prev_prio=120 prev_state=S ==> next_comm=sh next_pid=9369 next_prio=120
           <...>-9369  [001] ...2   405.548253: sched_switch: prev_comm=sh prev_pid=9369 prev_prio=120 prev_state=R+ ==> next_comm=kworker/1:1 next_pid=7415 next_prio=120
            adbd-1508  [000] ...2   405.548257: sched_switch: prev_comm=adbd prev_pid=1508 prev_prio=120 prev_state=D ==> next_comm=traced next_pid=202 next_prio=120
          traced-202   [000] ...2   405.548265: sched_switch: prev_comm=traced prev_pid=202 prev_prio=120 prev_state=R ==> next_comm=adbd next_pid=1508 next_prio=120
     kworker/1:1-7415  [001] ...2   405.548267: sched_switch: prev_comm=kworker/1:1 prev_pid=7415 prev_prio=120 prev_state=S ==> next_comm=sh next_pid=9369 next_prio=120
           <...>-9369  [001] ...2   405.548277: sched_switch: prev_comm=sh prev_pid=9369 prev_prio=120 prev_state=R+ ==> next_comm=kworker/1:1 next_pid=7415 next_prio=120
            adbd-1508  [000] ...2   405.548280: sched_switch: prev_comm=adbd prev_pid=1508 prev_prio=120 prev_state=D ==> next_comm=traced next_pid=202 next_prio=120
          traced-202   [000] ...2   405.548290: sched_switch: prev_comm=traced prev_pid=202 prev_prio=120 prev_state=R ==> next_comm=adbd next_pid=1508 next_prio=120
     kworker/1:1-7415  [001] ...2   405.548290: sched_switch: prev_comm=kworker/1:1 prev_pid=7415 prev_prio=120 prev_state=S ==> next_comm=sh next_pid=9369 next_prio=120
           <...>-9369  [001] ...2   405.548300: sched_switch: prev_comm=sh prev_pid=9369 prev_prio=120 prev_state=R+ ==> next_comm=kworker/1:1 next_pid=7415 next_prio=120
            adbd-1508  [000] ...2   405.548304: sched_switch: prev_comm=adbd prev_pid=1508 prev_prio=120 prev_state=D ==> next_comm=traced next_pid=202 next_prio=120
          traced-202   [000] ...2   405.548312: sched_switch: prev_comm=traced prev_pid=202 prev_prio=120 prev_state=R ==> next_comm=adbd next_pid=1508 next_prio=120
     kworker/1:1-7415  [001] ...2   405.548312: sched_switch: prev_comm=kworker/1:1 prev_pid=7415 prev_prio=120 prev_state=S ==> next_comm=sh next_pid=9369 next_prio=120
           <...>-9369  [001] ...2   405.548321: sched_switch: prev_comm=sh prev_pid=9369 prev_prio=120 prev_state=R+ ==> next_comm=kworker/1:1 next_pid=7415 next_prio=120
            adbd-1508  [000] ...2   405.548325: sched_switch: prev_comm=adbd prev_pid=1508 prev_prio=120 prev_state=D ==> next_comm=traced next_pid=202 next_prio=120
          traced-202   [000] ...2   405.548333: sched_switch: prev_comm=traced prev_pid=202 prev_prio=120 prev_state=R ==> next_comm=adbd next_pid=1508 next_prio=120
     kworker/1:1-7415  [001] ...2   405.548333: sched_switch: prev_comm=kworker/1:1 prev_pid=7415 prev_prio=120 prev_state=S ==> next_comm=sh next_pid=9369 next_prio=120
           <...>-9369  [001] ...2   405.548354: sched_switch: prev_comm=sh prev_pid=9369 prev_prio=120 prev_state=R+ ==> next_comm=kworker/1:1 next_pid=7415 next_prio=120
     kworker/1:1-7415  [001] ...2   405.548363: sched_switch: prev_comm=kworker/1:1 prev_pid=7415 prev_prio=120 prev_state=S ==> next_comm=sh next_pid=9369 next_prio=120
           <...>-9369  [001] ...2   405.548372: sched_switch: prev_comm=sh prev_pid=9369 prev_prio=120 prev_state=R+ ==> next_comm=kworker/1:1 next_pid=7415 next_prio=120
     kworker/1:1-7415  [001] ...2   405.548379: sched_switch: prev_comm=kworker/1:1 prev_pid=7415 prev_prio=120 prev_state=S ==> next_comm=sh next_pid=9369 next_prio=120
           <...>-9369  [001] ...2   405.548389: sched_switch: prev_comm=sh prev_pid=9369 prev_prio=120 prev_state=R+ ==> next_comm=kworker/1:1 next_pid=7415 next_prio=120
     kworker/1:1-7415  [001] ...2   405.548396: sched_switch: prev_comm=kworker/1:1 prev_pid=7415 prev_prio=120 prev_state=S ==> next_comm=sh next_pid=9369 next_prio=120
            adbd-1508  [000] ...2   405.548406: sched_switch: prev_comm=adbd prev_pid=1508 prev_prio=120 prev_state=S ==> next_comm=adbd next_pid=3737 next_prio=120
           <...>-9369  [001] ...2   405.548406: sched_switch: prev_comm=sh prev_pid=9369 prev_prio=120 prev_state=R+ ==> next_comm=kworker/1:1 next_pid=7415 next_prio=120
     kworker/1:1-7415  [001] ...2   405.548413: sched_switch: prev_comm=kworker/1:1 prev_pid=7415 prev_prio=120 prev_state=S ==> next_comm=sh next_pid=9369 next_prio=120
           <...>-9369  [001] ...2   405.548423: sched_switch: prev_comm=sh prev_pid=9369 prev_prio=120 prev_state=R+ ==> next_comm=kworker/1:1 next_pid=7415 next_prio=120
     kworker/1:1-7415  [001] ...2   405.548431: sched_switch: prev_comm=kworker/1:1 prev_pid=7415 prev_prio=120 prev_state=S ==> next_comm=sh next_pid=9369 next_prio=120
           <...>-9369  [001] ...2   405.548440: sched_switch: prev_comm=sh prev_pid=9369 prev_prio=120 prev_state=R+ ==> next_comm=kworker/1:1 next_pid=7415 next_prio=120
     kworker/1:1-7415  [001] ...2   405.548447: sched_switch: prev_comm=kworker/1:1 prev_pid=7415 prev_prio=120 prev_state=S ==> next_comm=sh next_pid=9369 next_prio=120
           <...>-9369  [001] ...2   405.548457: sched_switch: prev_comm=sh prev_pid=9369 prev_prio=120 prev_state=R+ ==> next_comm=kworker/1:1 next_pid=7415 next_prio=120
     kworker/1:1-7415  [001] ...2   405.548466: sched_switch: prev_comm=kworker/1:1 prev_pid=7415 prev_prio=120 prev_state=S ==> next_comm=sh next_pid=9369 next_prio=120
            adbd-3737  [000] ...2   405.548474: sched_switch: prev_comm=adbd prev_pid=3737 prev_prio=120 prev_state=S ==> next_comm=traced next_pid=202 next_prio=120
           <...>-9369  [001] ...2   405.548475: sched_switch: prev_comm=sh prev_pid=9369 prev_prio=120 prev_state=R+ ==> next_comm=kworker/1:1 next_pid=7415 next_prio=120
     kworker/1:1-7415  [001] ...2   405.548483: sched_switch: prev_comm=kworker/1:1 prev_pid=7415 prev_prio=120 prev_state=S ==> next_comm=sh next_pid=9369 next_prio=120
           <...>-9369  [001] ...2   405.548492: sched_switch: prev_comm=sh prev_pid=9369 prev_prio=120 prev_state=R+ ==> next_comm=kworker/1:1 next_pid=7415 next_prio=120
     kworker/1:1-7415  [001] ...2   405.548500: sched_switch: prev_comm=kworker/1:1 prev_pid=7415 prev_prio=120 prev_state=S ==> next_comm=sh next_pid=9369 next_prio=120
           <...>-9369  [001] ...2   405.548509: sched_switch: prev_comm=sh prev_pid=9369 prev_prio=120 prev_state=R+ ==> next_comm=kworker/1:1 next_pid=7415 next_prio=120
     kworker/1:1-7415  [001] ...2   405.548516: sched_switch: prev_comm=kworker/1:1 prev_pid=7415 prev_prio=120 prev_state=S ==> next_comm=sh next_pid=9369 next_prio=120
           <...>-9369  [001] ...2   405.548526: sched_switch: prev_comm=sh prev_pid=9369 prev_prio=120 prev_state=R+ ==> next_comm=kworker/1:1 next_pid=7415 next_prio=120
     kworker/1:1-7415  [001] ...2   405.548533: sched_switch: prev_comm=kworker/1:1 prev_pid=7415 prev_prio=120 prev_state=S ==> next_comm=sh next_pid=9369 next_prio=120
           <...>-9369  [001] ...2   405.548542: sched_switch: prev_comm=sh prev_pid=9369 prev_prio=120 prev_state=R+ ==> next_comm=kworker/1:1 next_pid=7415 next_prio=120
     kworker/1:1-7415  [001] ...2   405.548550: sched_switch: prev_comm=kworker/1:1 prev_pid=7415 prev_prio=120 prev_state=S ==> next_comm=sh next_pid=9369 next_prio=120
           <...>-9369  [001] ...2   405.548559: sched_switch: prev_comm=sh prev_pid=9369 prev_prio=120 prev_state=R+ ==> next_comm=kworker/1:1 next_pid=7415 next_prio=120
     kworker/1:1-7415  [001] ...2   405.548567: sched_switch: prev_comm=kworker/1:1 prev_pid=7415 prev_prio=120 prev_state=S ==> next_comm=sh next_pid=9369 next_prio=120
           <...>-9369  [001] ...2   405.548576: sched_switch: prev_comm=sh prev_pid=9369 prev_prio=120 prev_state=R+ ==> next_comm=kworker/1:1 next_pid=7415 next_prio=120
     kworker/1:1-7415  [001] ...2   405.548584: sched_switch: prev_comm=kworker/1:1 prev_pid=7415 prev_prio=120 prev_state=S ==> next_comm=sh next_pid=9369 next_prio=120
          traced-202   [000] ...2   405.548739: sched_switch: prev_comm=traced prev_pid=202 prev_prio=120 prev_state=R ==> next_comm=adbd next_pid=3738 next_prio=120
            adbd-3738  [000] ...2   405.548776: sched_switch: prev_comm=adbd prev_pid=3738 prev_prio=120 prev_state=S ==> next_comm=adbd next_pid=1508 next_prio=120
            adbd-1508  [000] ...2   405.549020: sched_switch: prev_comm=adbd prev_pid=1508 prev_prio=120 prev_state=S ==> next_comm=adbd next_pid=3737 next_prio=120
            adbd-3737  [000] ...2   405.549095: sched_switch: prev_comm=adbd prev_pid=3737 prev_prio=120 prev_state=S ==> next_comm=kworker/0:1 next_pid=15 next_prio=120
     kworker/0:1-15    [000] ...2   405.549106: sched_switch: prev_comm=kworker/0:1 prev_pid=15 prev_prio=120 prev_state=S ==> next_comm=traced next_pid=202 next_prio=120
           <...>-9369  [001] ...2   405.549198: sched_switch: prev_comm=sh prev_pid=9369 prev_prio=120 prev_state=R+ ==> next_comm=adbd next_pid=9370 next_prio=120
          traced-202   [000] ...2   405.549258: sched_switch: prev_comm=traced prev_pid=202 prev_prio=120 prev_state=R ==> next_comm=adbd next_pid=1508 next_prio=120
           <...>-9370  [001] ...3   405.549315: sched_switch: prev_comm=adbd prev_pid=9370 prev_prio=120 prev_state=x ==> next_comm=ple.kvbenchmark next_pid=7536 next_prio=120
            adbd-1508  [000] ...2   405.549364: sched_switch: prev_comm=adbd prev_pid=1508 prev_prio=120 prev_state=S ==> next_comm=adbd next_pid=3738 next_prio=120
            adbd-3738  [000] ...2   405.549392: sched_switch: prev_comm=adbd prev_pid=3738 prev_prio=120 prev_state=S ==> next_comm=adbd next_pid=1508 next_prio=120
            adbd-1508  [000] ...2   405.549504: sched_switch: prev_comm=adbd prev_pid=1508 prev_prio=120 prev_state=S ==> next_comm=adbd next_pid=3737 next_prio=120
            adbd-3737  [000] ...2   405.549510: sched_switch: prev_comm=adbd prev_pid=3737 prev_prio=120 prev_state=S ==> next_comm=adbd next_pid=3738 next_prio=120
            adbd-3738  [000] ...2   405.549539: sched_switch: prev_comm=adbd prev_pid=3738 prev_prio=120 prev_state=S ==> next_comm=adbd next_pid=1508 next_prio=120
            adbd-1508  [000] ...2   405.549627: sched_switch: prev_comm=adbd prev_pid=1508 prev_prio=120 prev_state=S ==> next_comm=adbd next_pid=3737 next_prio=120
            adbd-3737  [000] ...2   405.549633: sched_switch: prev_comm=adbd prev_pid=3737 prev_prio=120 prev_state=S ==> next_comm=traced next_pid=202 next_prio=120
           <...>-7536  [001] ...1   405.553213: tracing_mark_write: {"EVENT":"LOAD_END"}
           <...>-7536  [001] ...1   405.553500: tracing_mark_write: {"EVENT":"QUERIES_START"}
          traced-202   [000] ...2   405.553730: sched_switch: prev_comm=traced prev_pid=202 prev_prio=120 prev_state=R ==> next_comm=mmcqd/1 next_pid=117 next_prio=120
           <...>-7536  [001] ...2   405.553733: sched_switch: prev_comm=ple.kvbenchmark prev_pid=7536 prev_prio=120 prev_state=D|W ==> next_comm=sh next_pid=9369 next_prio=120
           <...>-9369  [001] ...3   405.553748: sched_switch: prev_comm=sh prev_pid=9369 prev_prio=120 prev_state=x ==> next_comm=sh next_pid=9367 next_prio=120
           <...>-117   [000] ...2   405.553800: sched_switch: prev_comm=mmcqd/1 prev_pid=117 prev_prio=120 prev_state=S ==> next_comm=traced next_pid=202 next_prio=120
          traced-202   [000] ...2   405.554319: sched_switch: prev_comm=traced prev_pid=202 prev_prio=120 prev_state=R ==> next_comm=mmcqd/1 next_pid=117 next_prio=120
           <...>-117   [000] ...2   405.554372: sched_switch: prev_comm=mmcqd/1 prev_pid=117 prev_prio=120 prev_state=S ==> next_comm=traced next_pid=202 next_prio=120
          traced-202   [000] ...2   405.554625: sched_switch: prev_comm=traced prev_pid=202 prev_prio=120 prev_state=R ==> next_comm=mmcqd/1 next_pid=117 next_prio=120
           <...>-117   [000] ...2   405.554674: sched_switch: prev_comm=mmcqd/1 prev_pid=117 prev_prio=120 prev_state=S ==> next_comm=traced next_pid=202 next_prio=120
           <...>-9367  [001] ...2   405.554827: sched_switch: prev_comm=sh prev_pid=9367 prev_prio=120 prev_state=S ==> next_comm=ple.kvbenchmark next_pid=7536 next_prio=120
           <...>-7536  [001] ...2   405.554906: sched_switch: prev_comm=ple.kvbenchmark prev_pid=7536 prev_prio=120 prev_state=S ==> next_comm=sh next_pid=9371 next_prio=120
          traced-202   [000] ...2   405.555063: sched_switch: prev_comm=traced prev_pid=202 prev_prio=120 prev_state=R ==> next_comm=mmcqd/1 next_pid=117 next_prio=120
           <...>-117   [000] ...2   405.555104: sched_switch: prev_comm=mmcqd/1 prev_pid=117 prev_prio=120 prev_state=S ==> next_comm=traced next_pid=202 next_prio=120
          traced-202   [000] ...2   405.555346: sched_switch: prev_comm=traced prev_pid=202 prev_prio=120 prev_state=R ==> next_comm=mmcqd/1 next_pid=117 next_prio=120
           <...>-117   [000] ...2   405.555375: sched_switch: prev_comm=mmcqd/1 prev_pid=117 prev_prio=120 prev_state=S ==> next_comm=kworker/0:2H next_pid=177 next_prio=100
    kworker/0:2H-177   [000] ...2   405.555386: sched_switch: prev_comm=kworker/0:2H prev_pid=177 prev_prio=100 prev_state=S ==> next_comm=mmcqd/1 next_pid=117 next_prio=120
           <...>-117   [000] ...2   405.555393: sched_switch: prev_comm=mmcqd/1 prev_pid=117 prev_prio=120 prev_state=S ==> next_comm=traced next_pid=202 next_prio=120
           <...>-9371  [001] ...2   405.555957: sched_switch: prev_comm=sh prev_pid=9371 prev_prio=120 prev_state=R ==> next_comm=ple.kvbenchmark next_pid=7536 next_prio=120
           <...>-7536  [001] ...2   405.556016: sched_switch: prev_comm=ple.kvbenchmark prev_pid=7536 prev_prio=120 prev_state=S ==> next_comm=sh next_pid=9371 next_prio=120
           <...>-9371  [001] ...2   405.556463: sched_switch: prev_comm=sh prev_pid=9371 prev_prio=120 prev_state=R+ ==> next_comm=sh next_pid=9367 next_prio=120
           <...>-9367  [001] ...2   405.556523: sched_switch: prev_comm=sh prev_pid=9367 prev_prio=120 prev_state=S ==> next_comm=sh next_pid=9371 next_prio=120
           <...>-9371  [001] ...3   405.556539: sched_switch: prev_comm=sh prev_pid=9371 prev_prio=120 prev_state=x ==> next_comm=sh next_pid=9372 next_prio=120
           <...>-9372  [001] ...2   405.557069: sched_switch: prev_comm=sh prev_pid=9372 prev_prio=120 prev_state=R+ ==> next_comm=ple.kvbenchmark next_pid=7536 next_prio=120
           <...>-7536  [001] ...2   405.557124: sched_switch: prev_comm=ple.kvbenchmark prev_pid=7536 prev_prio=120 prev_state=S ==> next_comm=sh next_pid=9372 next_prio=120
           <...>-9372  [001] ...2   405.558176: sched_switch: prev_comm=grep prev_pid=9372 prev_prio=120 prev_state=R+ ==> next_comm=ple.kvbenchmark next_pid=7536 next_prio=120
           <...>-7536  [001] ...2   405.558944: sched_switch: prev_comm=ple.kvbenchmark prev_pid=7536 prev_prio=120 prev_state=S ==> next_comm=grep next_pid=9372 next_prio=120
           <...>-9372  [001] ...2   405.559997: sched_switch: prev_comm=grep prev_pid=9372 prev_prio=120 prev_state=R+ ==> next_comm=ple.kvbenchmark next_pid=7536 next_prio=120
           <...>-7536  [001] ...2   405.560233: sched_switch: prev_comm=ple.kvbenchmark prev_pid=7536 prev_prio=120 prev_state=S ==> next_comm=grep next_pid=9372 next_prio=120
           <...>-9372  [001] ...2   405.561287: sched_switch: prev_comm=grep prev_pid=9372 prev_prio=120 prev_state=R ==> next_comm=ple.kvbenchmark next_pid=7536 next_prio=120
           <...>-7536  [001] ...2   405.561361: sched_switch: prev_comm=ple.kvbenchmark prev_pid=7536 prev_prio=120 prev_state=S ==> next_comm=grep next_pid=9372 next_prio=120
           <...>-9372  [001] ...2   405.562394: sched_switch: prev_comm=grep prev_pid=9372 prev_prio=120 prev_state=R ==> next_comm=ple.kvbenchmark next_pid=7536 next_prio=120
           <...>-7536  [001] ...2   405.562446: sched_switch: prev_comm=ple.kvbenchmark prev_pid=7536 prev_prio=120 prev_state=S ==> next_comm=grep next_pid=9372 next_prio=120
           <...>-9372  [001] ...2   405.563499: sched_switch: prev_comm=grep prev_pid=9372 prev_prio=120 prev_state=R ==> next_comm=ple.kvbenchmark next_pid=7536 next_prio=120
           <...>-7536  [001] ...2   405.563570: sched_switch: prev_comm=ple.kvbenchmark prev_pid=7536 prev_prio=120 prev_state=S ==> next_comm=grep next_pid=9372 next_prio=120
           <...>-9372  [001] ...2   405.564623: sched_switch: prev_comm=grep prev_pid=9372 prev_prio=120 prev_state=R ==> next_comm=ple.kvbenchmark next_pid=7536 next_prio=120
           <...>-7536  [001] ...2   405.564817: sched_switch: prev_comm=ple.kvbenchmark prev_pid=7536 prev_prio=120 prev_state=S ==> next_comm=grep next_pid=9372 next_prio=120
