           <...>-3233  [002] d..2   238.565687: block_rq_insert: 179,0 R 0 () 7823048 + 48 [ple.h2benchmark]
          traced-201   [000] ...2   238.565697: sched_switch: prev_comm=traced prev_pid=201 prev_prio=120 prev_state=R ==> next_comm=mmcqd/1 next_pid=116 next_prio=120
           <...>-3233  [002] ...2   238.565706: sched_switch: prev_comm=ple.h2benchmark prev_pid=3233 prev_prio=120 prev_state=D|W ==> next_comm=swapper/2 next_pid=0 next_prio=120
           <...>-116   [000] ...2   238.565744: sched_switch: prev_comm=mmcqd/1 prev_pid=116 prev_prio=120 prev_state=S ==> next_comm=traced next_pid=201 next_prio=120
          traced-201   [000] ...2   238.565815: sched_switch: prev_comm=traced prev_pid=201 prev_prio=120 prev_state=R ==> next_comm=system_server next_pid=742 next_prio=118
          <idle>-0     [002] ...2   238.565841: sched_switch: prev_comm=swapper/2 prev_pid=0 prev_prio=120 prev_state=R ==> next_comm=SensorService next_pid=783 next_prio=112
   system_server-742   [000] ...2   238.565841: sched_switch: prev_comm=system_server prev_pid=742 prev_prio=118 prev_state=S ==> next_comm=traced next_pid=201 next_prio=120
   system_server-738   [001] ...2   238.565863: sched_switch: prev_comm=system_server prev_pid=738 prev_prio=118 prev_state=S ==> next_comm=swapper/1 next_pid=0 next_prio=120
   SensorService-783   [002] ...2   238.565908: sched_switch: prev_comm=SensorService prev_pid=783 prev_prio=112 prev_state=S ==> next_comm=android.ui next_pid=788 next_prio=118
      android.ui-788   [002] ...2   238.565999: sched_switch: prev_comm=android.ui prev_pid=788 prev_prio=118 prev_state=S ==> next_comm=swapper/2 next_pid=0 next_prio=120
          traced-201   [000] ...2   238.566115: sched_switch: prev_comm=traced prev_pid=201 prev_prio=120 prev_state=R ==> next_comm=mmcqd/1 next_pid=116 next_prio=120
           <...>-116   [000] ...1   238.566141: block_rq_complete: 179,0 RA () 7822840 + 8 [0]
           <...>-116   [000] ...2   238.566165: sched_switch: prev_comm=mmcqd/1 prev_pid=116 prev_prio=120 prev_state=S ==> next_comm=traced next_pid=201 next_prio=120
          traced-201   [000] ...2   238.566421: sched_switch: prev_comm=traced prev_pid=201 prev_prio=120 prev_state=R ==> next_comm=mmcqd/1 next_pid=116 next_prio=120
           <...>-116   [000] ...1   238.566446: block_rq_complete: 179,0 RA () 7822872 + 8 [0]
           <...>-116   [000] ...2   238.566468: sched_switch: prev_comm=mmcqd/1 prev_pid=116 prev_prio=120 prev_state=S ==> next_comm=traced next_pid=201 next_prio=120
          traced-201   [000] ...2   238.566696: sched_switch: prev_comm=traced prev_pid=201 prev_prio=120 prev_state=R ==> next_comm=mmcqd/1 next_pid=116 next_prio=120
           <...>-116   [000] ...1   238.566721: block_rq_complete: 179,0 RA () 7822888 + 8 [0]
           <...>-116   [000] ...2   238.566740: sched_switch: prev_comm=mmcqd/1 prev_pid=116 prev_prio=120 prev_state=S ==> next_comm=traced next_pid=201 next_prio=120
          traced-201   [000] ...2   238.567057: sched_switch: prev_comm=traced prev_pid=201 prev_prio=120 prev_state=R ==> next_comm=mmcqd/1 next_pid=116 next_prio=120
           <...>-116   [000] ...1   238.567083: block_rq_complete: 179,0 RA () 7822904 + 16 [0]
           <...>-116   [000] ...2   238.567103: sched_switch: prev_comm=mmcqd/1 prev_pid=116 prev_prio=120 prev_state=S ==> next_comm=traced next_pid=201 next_prio=120
          traced-201   [000] ...2   238.567331: sched_switch: prev_comm=traced prev_pid=201 prev_prio=120 prev_state=R ==> next_comm=mmcqd/1 next_pid=116 next_prio=120
           <...>-116   [000] ...1   238.567356: block_rq_complete: 179,0 RA () 7822936 + 8 [0]
           <...>-116   [000] ...2   238.567386: sched_switch: prev_comm=mmcqd/1 prev_pid=116 prev_prio=120 prev_state=S ==> next_comm=traced next_pid=201 next_prio=120
          traced-201   [000] ...2   238.567619: sched_switch: prev_comm=traced prev_pid=201 prev_prio=120 prev_state=R ==> next_comm=mmcqd/1 next_pid=116 next_prio=120
           <...>-116   [000] ...1   238.567644: block_rq_complete: 179,0 RA () 7822968 + 8 [0]
          <idle>-0     [002] ...2   238.567658: sched_switch: prev_comm=swapper/2 prev_pid=0 prev_prio=120 prev_state=R ==> next_comm=ple.h2benchmark next_pid=3233 next_prio=120
           <...>-116   [000] ...2   238.567661: sched_switch: prev_comm=mmcqd/1 prev_pid=116 prev_prio=120 prev_state=S ==> next_comm=traced next_pid=201 next_prio=120
           <...>-3233  [002] d..2   238.567913: block_rq_insert: 179,0 R 0 () 7823096 + 24 [ple.h2benchmark]
           <...>-3233  [002] d..2   238.567916: block_rq_insert: 179,0 R 0 () 7823128 + 32 [ple.h2benchmark]
           <...>-3233  [002] d..2   238.567918: block_rq_insert: 179,0 R 0 () 7823192 + 64 [ple.h2benchmark]
          traced-201   [000] ...2   238.567930: sched_switch: prev_comm=traced prev_pid=201 prev_prio=120 prev_state=R ==> next_comm=mmcqd/1 next_pid=116 next_prio=120
           <...>-3233  [002] ...2   238.567938: sched_switch: prev_comm=ple.h2benchmark prev_pid=3233 prev_prio=120 prev_state=D|W ==> next_comm=swapper/2 next_pid=0 next_prio=120
           <...>-116   [000] ...2   238.567951: sched_switch: prev_comm=mmcqd/1 prev_pid=116 prev_prio=120 prev_state=S ==> next_comm=traced next_pid=201 next_prio=120
          traced-201   [000] ...2   238.568124: sched_switch: prev_comm=traced prev_pid=201 prev_prio=120 prev_state=R ==> next_comm=mmcqd/1 next_pid=116 next_prio=120
           <...>-116   [000] ...1   238.568158: block_rq_complete: 179,0 RA () 7823048 + 48 [0]
           <...>-116   [000] ...2   238.568186: sched_switch: prev_comm=mmcqd/1 prev_pid=116 prev_prio=120 prev_state=S ==> next_comm=traced next_pid=201 next_prio=120
          traced-201   [000] ...2   238.568616: sched_switch: prev_comm=traced prev_pid=201 prev_prio=120 prev_state=R ==> next_comm=mmcqd/1 next_pid=116 next_prio=120
           <...>-116   [000] ...1   238.568644: block_rq_complete: 179,0 RA () 7823096 + 24 [0]
           <...>-116   [000] ...2   238.568678: sched_switch: prev_comm=mmcqd/1 prev_pid=116 prev_prio=120 prev_state=S ==> next_comm=traced next_pid=201 next_prio=120
          <idle>-0     [002] ...2   238.568833: sched_switch: prev_comm=swapper/2 prev_pid=0 prev_prio=120 prev_state=R ==> next_comm=ksoftirqd/2 next_pid=4607 next_prio=120
          <idle>-0     [001] ...2   238.568842: sched_switch: prev_comm=swapper/1 prev_pid=0 prev_prio=120 prev_state=R ==> next_comm=ksoftirqd/1 next_pid=4578 next_prio=120
           <...>-4607  [002] ...2   238.568844: sched_switch: prev_comm=ksoftirqd/2 prev_pid=4607 prev_prio=120 prev_state=S ==> next_comm=swapper/2 next_pid=0 next_prio=120
          <idle>-0     [002] ...2   238.568859: sched_switch: prev_comm=swapper/2 prev_pid=0 prev_prio=120 prev_state=R ==> next_comm=ksoftirqd/2 next_pid=4607 next_prio=120
           <...>-4607  [002] ...2   238.568868: sched_switch: prev_comm=ksoftirqd/2 prev_pid=4607 prev_prio=120 prev_state=S ==> next_comm=swapper/2 next_pid=0 next_prio=120
     ksoftirqd/1-4578  [001] ...2   238.568873: sched_switch: prev_comm=ksoftirqd/1 prev_pid=4578 prev_prio=120 prev_state=S ==> next_comm=swapper/1 next_pid=0 next_prio=120
          <idle>-0     [002] ...2   238.568882: sched_switch: prev_comm=swapper/2 prev_pid=0 prev_prio=120 prev_state=R ==> next_comm=ksoftirqd/2 next_pid=4607 next_prio=120
           <...>-4607  [002] ...2   238.568890: sched_switch: prev_comm=ksoftirqd/2 prev_pid=4607 prev_prio=120 prev_state=S ==> next_comm=swapper/2 next_pid=0 next_prio=120
          traced-201   [000] ...2   238.569011: sched_switch: prev_comm=traced prev_pid=201 prev_prio=120 prev_state=R ==> next_comm=mmcqd/1 next_pid=116 next_prio=120
           <...>-116   [000] ...1   238.569042: block_rq_complete: 179,0 RA () 7823128 + 32 [0]
          <idle>-0     [002] ...2   238.569059: sched_switch: prev_comm=swapper/2 prev_pid=0 prev_prio=120 prev_state=R ==> next_comm=ple.h2benchmark next_pid=3233 next_prio=120
           <...>-116   [000] ...2   238.569061: sched_switch: prev_comm=mmcqd/1 prev_pid=116 prev_prio=120 prev_state=S ==> next_comm=traced next_pid=201 next_prio=120
           <...>-3233  [002] d..2   238.569146: block_rq_insert: 179,0 R 0 () 7835360 + 120 [ple.h2benchmark]
           <...>-3233  [002] d..2   238.569149: block_rq_insert: 179,0 R 0 () 7835488 + 96 [ple.h2benchmark]
          traced-201   [000] ...2   238.569160: sched_switch: prev_comm=traced prev_pid=201 prev_prio=120 prev_state=R ==> next_comm=mmcqd/1 next_pid=116 next_prio=120
           <...>-3233  [002] ...2   238.569167: sched_switch: prev_comm=ple.h2benchmark prev_pid=3233 prev_prio=120 prev_state=D|W ==> next_comm=swapper/2 next_pid=0 next_prio=120
           <...>-116   [000] ...2   238.569204: sched_switch: prev_comm=mmcqd/1 prev_pid=116 prev_prio=120 prev_state=S ==> next_comm=traced next_pid=201 next_prio=120
          traced-201   [000] ...2   238.569610: sched_switch: prev_comm=traced prev_pid=201 prev_prio=120 prev_state=R ==> next_comm=mmcqd/1 next_pid=116 next_prio=120
           <...>-116   [000] ...1   238.569648: block_rq_complete: 179,0 RA () 7823192 + 64 [0]
           <...>-116   [000] ...2   238.569691: sched_switch: prev_comm=mmcqd/1 prev_pid=116 prev_prio=120 prev_state=S ==> next_comm=traced next_pid=201 next_prio=120
          traced-201   [000] ...2   238.570477: sched_switch: prev_comm=traced prev_pid=201 prev_prio=120 prev_state=R ==> next_comm=mmcqd/1 next_pid=116 next_prio=120
           <...>-116   [000] ...1   238.570526: block_rq_complete: 179,0 RA () 7835360 + 120 [0]
           <...>-116   [000] ...2   238.570543: sched_switch: prev_comm=mmcqd/1 prev_pid=116 prev_prio=120 prev_state=S ==> next_comm=traced next_pid=201 next_prio=120
          traced-201   [000] ...2   238.571180: sched_switch: prev_comm=traced prev_pid=201 prev_prio=120 prev_state=R ==> next_comm=mmcqd/1 next_pid=116 next_prio=120
           <...>-116   [000] ...1   238.571209: block_rq_complete: 179,0 RA () 7835488 + 96 [0]
          <idle>-0     [002] ...2   238.571226: sched_switch: prev_comm=swapper/2 prev_pid=0 prev_prio=120 prev_state=R ==> next_comm=ple.h2benchmark next_pid=3233 next_prio=120
           <...>-116   [000] ...2   238.571230: sched_switch: prev_comm=mmcqd/1 prev_pid=116 prev_prio=120 prev_state=R+ ==> next_comm=kworker/0:2H next_pid=236 next_prio=100
    kworker/0:2H-236   [000] ...2   238.571240: sched_switch: prev_comm=kworker/0:2H prev_pid=236 prev_prio=100 prev_state=S ==> next_comm=mmcqd/1 next_pid=116 next_prio=120
           <...>-116   [000] ...2   238.571251: sched_switch: prev_comm=mmcqd/1 prev_pid=116 prev_prio=120 prev_state=S ==> next_comm=traced next_pid=201 next_prio=120
           <...>-3233  [002] d..2   238.571616: block_rq_insert: 179,0 R 0 () 7823352 + 40 [ple.h2benchmark]
           <...>-3233  [002] d..2   238.571619: block_rq_insert: 179,0 R 0 () 7823408 + 32 [ple.h2benchmark]
           <...>-3233  [002] d..2   238.571621: block_rq_insert: 179,0 R 0 () 7823472 + 120 [ple.h2benchmark]
          traced-201   [000] ...2   238.571632: sched_switch: prev_comm=traced prev_pid=201 prev_prio=120 prev_state=R ==> next_comm=mmcqd/1 next_pid=116 next_prio=120
           <...>-3233  [002] ...2   238.571639: sched_switch: prev_comm=ple.h2benchmark prev_pid=3233 prev_prio=120 prev_state=D|W ==> next_comm=swapper/2 next_pid=0 next_prio=120
           <...>-116   [000] ...2   238.571711: sched_switch: prev_comm=mmcqd/1 prev_pid=116 prev_prio=120 prev_state=S ==> next_comm=traced next_pid=201 next_prio=120
          traced-201   [000] ...2   238.572476: sched_switch: prev_comm=traced prev_pid=201 prev_prio=120 prev_state=R ==> next_comm=mmcqd/1 next_pid=116 next_prio=120
           <...>-116   [000] ...1   238.572527: block_rq_complete: 179,0 RA () 7823472 + 120 [0]
          <idle>-0     [002] ...2   238.572545: sched_switch: prev_comm=swapper/2 prev_pid=0 prev_prio=120 prev_state=R ==> next_comm=ple.h2benchmark next_pid=3233 next_prio=120
           <...>-116   [000] ...2   238.572564: sched_switch: prev_comm=mmcqd/1 prev_pid=116 prev_prio=120 prev_state=S ==> next_comm=traced next_pid=201 next_prio=120
           <...>-3233  [002] d..2   238.572652: block_rq_insert: 179,0 R 0 () 7869088 + 32 [ple.h2benchmark]
           <...>-3233  [002] d..2   238.572655: block_rq_insert: 179,0 R 0 () 7869160 + 8 [ple.h2benchmark]
           <...>-3233  [002] d..2   238.572657: block_rq_insert: 179,0 R 0 () 7869192 + 152 [ple.h2benchmark]
           <...>-3233  [002] ...2   238.572667: sched_switch: prev_comm=ple.h2benchmark prev_pid=3233 prev_prio=120 prev_state=D|W ==> next_comm=swapper/2 next_pid=0 next_prio=120
          traced-201   [000] ...2   238.572900: sched_switch: prev_comm=traced prev_pid=201 prev_prio=120 prev_state=R ==> next_comm=mmcqd/1 next_pid=116 next_prio=120
           <...>-116   [000] ...1   238.572931: block_rq_complete: 179,0 RA () 7823408 + 32 [0]
           <...>-116   [000] ...2   238.572957: sched_switch: prev_comm=mmcqd/1 prev_pid=116 prev_prio=120 prev_state=S ==> next_comm=traced next_pid=201 next_prio=120
          traced-201   [000] ...2   238.573604: sched_switch: prev_comm=traced prev_pid=201 prev_prio=120 prev_state=R ==> next_comm=mmcqd/1 next_pid=116 next_prio=120
           <...>-116   [000] ...1   238.573637: block_rq_complete: 179,0 RA () 7823352 + 40 [0]
           <...>-116   [000] ...2   238.573657: sched_switch: prev_comm=mmcqd/1 prev_pid=116 prev_prio=120 prev_state=S ==> next_comm=traced next_pid=201 next_prio=120
          traced-201   [000] ...2   238.573982: sched_switch: prev_comm=traced prev_pid=201 prev_prio=120 prev_state=R ==> next_comm=mmcqd/1 next_pid=116 next_prio=120
           <...>-116   [000] ...1   238.574014: block_rq_complete: 179,0 RA () 7869088 + 32 [0]
           <...>-116   [000] ...2   238.574072: sched_switch: prev_comm=mmcqd/1 prev_pid=116 prev_prio=120 prev_state=S ==> next_comm=traced next_pid=201 next_prio=120
          traced-201   [000] ...2   238.574268: sched_switch: prev_comm=traced prev_pid=201 prev_prio=120 prev_state=R ==> next_comm=mmcqd/1 next_pid=116 next_prio=120
           <...>-116   [000] ...1   238.574293: block_rq_complete: 179,0 RA () 7869160 + 8 [0]
           <...>-116   [000] ...2   238.574306: sched_switch: prev_comm=mmcqd/1 prev_pid=116 prev_prio=120 prev_state=S ==> next_comm=traced next_pid=201 next_prio=120
          traced-201   [000] ...2   238.575247: sched_switch: prev_comm=traced prev_pid=201 prev_prio=120 prev_state=R ==> next_comm=mmcqd/1 next_pid=116 next_prio=120
           <...>-116   [000] ...1   238.575289: block_rq_complete: 179,0 RA () 7869192 + 152 [0]
          <idle>-0     [002] ...2   238.575307: sched_switch: prev_comm=swapper/2 prev_pid=0 prev_prio=120 prev_state=R ==> next_comm=ple.h2benchmark next_pid=3233 next_prio=120
           <...>-116   [000] ...2   238.575313: sched_switch: prev_comm=mmcqd/1 prev_pid=116 prev_prio=120 prev_state=R+ ==> next_comm=kworker/0:2H next_pid=236 next_prio=100
    kworker/0:2H-236   [000] ...2   238.575321: sched_switch: prev_comm=kworker/0:2H prev_pid=236 prev_prio=100 prev_state=S ==> next_comm=mmcqd/1 next_pid=116 next_prio=120
           <...>-116   [000] ...2   238.575331: sched_switch: prev_comm=mmcqd/1 prev_pid=116 prev_prio=120 prev_state=S ==> next_comm=traced next_pid=201 next_prio=120
           <...>-3233  [002] d..2   238.575492: block_rq_insert: 179,0 R 0 () 7829720 + 16 [ple.h2benchmark]
           <...>-3233  [002] d..2   238.575495: block_rq_insert: 179,0 R 0 () 7829784 + 8 [ple.h2benchmark]
           <...>-3233  [002] d..2   238.575497: block_rq_insert: 179,0 R 0 () 7829800 + 8 [ple.h2benchmark]
           <...>-3233  [002] d..2   238.575498: block_rq_insert: 179,0 R 0 () 7829816 + 32 [ple.h2benchmark]
           <...>-3233  [002] d..2   238.575500: block_rq_insert: 179,0 R 0 () 7829904 + 8 [ple.h2benchmark]
          traced-201   [000] ...2   238.575510: sched_switch: prev_comm=traced prev_pid=201 prev_prio=120 prev_state=R ==> next_comm=mmcqd/1 next_pid=116 next_prio=120
           <...>-3233  [002] ...2   238.575516: sched_switch: prev_comm=ple.h2benchmark prev_pid=3233 prev_prio=120 prev_state=D|W ==> next_comm=swapper/2 next_pid=0 next_prio=120
           <...>-116   [000] ...2   238.575555: sched_switch: prev_comm=mmcqd/1 prev_pid=116 prev_prio=120 prev_state=S ==> next_comm=traced next_pid=201 next_prio=120
          traced-201   [000] ...2   238.575893: sched_switch: prev_comm=traced prev_pid=201 prev_prio=120 prev_state=R ==> next_comm=mmcqd/1 next_pid=116 next_prio=120
           <...>-116   [000] ...1   238.575920: block_rq_complete: 179,0 RA () 7829720 + 16 [0]
           <...>-116   [000] ...2   238.575939: sched_switch: prev_comm=mmcqd/1 prev_pid=116 prev_prio=120 prev_state=S ==> next_comm=traced next_pid=201 next_prio=120
          traced-201   [000] ...2   238.576222: sched_switch: prev_comm=traced prev_pid=201 prev_prio=120 prev_state=R ==> next_comm=mmcqd/1 next_pid=116 next_prio=120
           <...>-116   [000] ...1   238.576247: block_rq_complete: 179,0 RA () 7829784 + 8 [0]
           <...>-116   [000] ...2   238.576272: sched_switch: prev_comm=mmcqd/1 prev_pid=116 prev_prio=120 prev_state=S ==> next_comm=traced next_pid=201 next_prio=120
          traced-201   [000] ...2   238.576494: sched_switch: prev_comm=traced prev_pid=201 prev_prio=120 prev_state=R ==> next_comm=mmcqd/1 next_pid=116 next_prio=120
           <...>-116   [000] ...1   238.576519: block_rq_complete: 179,0 RA () 7829800 + 8 [0]
           <...>-116   [000] ...2   238.576537: sched_switch: prev_comm=mmcqd/1 prev_pid=116 prev_prio=120 prev_state=S ==> next_comm=traced next_pid=201 next_prio=120
          traced-201   [000] ...2   238.576914: sched_switch: prev_comm=traced prev_pid=201 prev_prio=120 prev_state=R ==> next_comm=mmcqd/1 next_pid=116 next_prio=120
           <...>-116   [000] ...1   238.576944: block_rq_complete: 179,0 RA () 7829816 + 32 [0]
          <idle>-0     [002] ...2   238.576959: sched_switch: prev_comm=swapper/2 prev_pid=0 prev_prio=120 prev_state=R ==> next_comm=ple.h2benchmark next_pid=3233 next_prio=120
           <...>-116   [000] ...2   238.576962: sched_switch: prev_comm=mmcqd/1 prev_pid=116 prev_prio=120 prev_state=S ==> next_comm=traced next_pid=201 next_prio=120
          traced-201   [000] ...2   238.577164: sched_switch: prev_comm=traced prev_pid=201 prev_prio=120 prev_state=R ==> next_comm=mmcqd/1 next_pid=116 next_prio=120
           <...>-116   [000] ...1   238.577174: block_rq_complete: 179,0 RA () 7829904 + 8 [0]
           <...>-116   [000] ...2   238.577193: sched_switch: prev_comm=mmcqd/1 prev_pid=116 prev_prio=120 prev_state=S ==> next_comm=kworker/0:2H next_pid=236 next_prio=100
    kworker/0:2H-236   [000] ...2   238.577203: sched_switch: prev_comm=kworker/0:2H prev_pid=236 prev_prio=100 prev_state=S ==> next_comm=mmcqd/1 next_pid=116 next_prio=120
           <...>-116   [000] ...2   238.577209: sched_switch: prev_comm=mmcqd/1 prev_pid=116 prev_prio=120 prev_state=S ==> next_comm=traced next_pid=201 next_prio=120
           <...>-3233  [002] d..2   238.577486: block_rq_insert: 179,0 R 0 () 7870208 + 144 [ple.h2benchmark]
          traced-201   [000] ...2   238.577498: sched_switch: prev_comm=traced prev_pid=201 prev_prio=120 prev_state=R ==> next_comm=mmcqd/1 next_pid=116 next_prio=120
           <...>-3233  [002] ...2   238.577506: sched_switch: prev_comm=ple.h2benchmark prev_pid=3233 prev_prio=120 prev_state=D|W ==> next_comm=swapper/2 next_pid=0 next_prio=120
           <...>-116   [000] ...2   238.577570: sched_switch: prev_comm=mmcqd/1 prev_pid=116 prev_prio=120 prev_state=S ==> next_comm=traced next_pid=201 next_prio=120
          traced-201   [000] ...2   238.578467: sched_switch: prev_comm=traced prev_pid=201 prev_prio=120 prev_state=R ==> next_comm=mmcqd/1 next_pid=116 next_prio=120
           <...>-116   [000] ...1   238.578507: block_rq_complete: 179,0 RA () 7870208 + 144 [0]
          <idle>-0     [002] ...2   238.578525: sched_switch: prev_comm=swapper/2 prev_pid=0 prev_prio=120 prev_state=R ==> next_comm=ple.h2benchmark next_pid=3233 next_prio=120
           <...>-116   [000] ...2   238.578531: sched_switch: prev_comm=mmcqd/1 prev_pid=116 prev_prio=120 prev_state=R+ ==> next_comm=kworker/0:2H next_pid=236 next_prio=100
    kworker/0:2H-236   [000] ...2   238.578540: sched_switch: prev_comm=kworker/0:2H prev_pid=236 prev_prio=100 prev_state=S ==> next_comm=mmcqd/1 next_pid=116 next_prio=120
           <...>-116   [000] ...2   238.578549: sched_switch: prev_comm=mmcqd/1 prev_pid=116 prev_prio=120 prev_state=S ==> next_comm=traced next_pid=201 next_prio=120
           <...>-3233  [002] d..2   238.578693: block_rq_insert: 179,0 R 0 () 7835304 + 24 [ple.h2benchmark]
           <...>-3233  [002] d..2   238.578695: block_rq_insert: 179,0 R 0 () 7835336 + 8 [ple.h2benchmark]
           <...>-3233  [002] d..2   238.578697: block_rq_insert: 179,0 R 0 () 7835352 + 8 [ple.h2benchmark]
          traced-201   [000] ...2   238.578707: sched_switch: prev_comm=traced prev_pid=201 prev_prio=120 prev_state=R ==> next_comm=mmcqd/1 next_pid=116 next_prio=120
           <...>-3233  [002] ...2   238.578714: sched_switch: prev_comm=ple.h2benchmark prev_pid=3233 prev_prio=120 prev_state=D|W ==> next_comm=swapper/2 next_pid=0 next_prio=120
           <...>-116   [000] ...2   238.578755: sched_switch: prev_comm=mmcqd/1 prev_pid=116 prev_prio=120 prev_state=S ==> next_comm=traced next_pid=201 next_prio=120
          <idle>-0     [002] ...2   238.578828: sched_switch: prev_comm=swapper/2 prev_pid=0 prev_prio=120 prev_state=R ==> next_comm=ksoftirqd/2 next_pid=4607 next_prio=120
           <...>-4607  [002] ...2   238.578838: sched_switch: prev_comm=ksoftirqd/2 prev_pid=4607 prev_prio=120 prev_state=S ==> next_comm=swapper/2 next_pid=0 next_prio=120
          <idle>-0     [002] ...2   238.578854: sched_switch: prev_comm=swapper/2 prev_pid=0 prev_prio=120 prev_state=R ==> next_comm=ksoftirqd/2 next_pid=4607 next_prio=120
           <...>-4607  [002] ...2   238.578862: sched_switch: prev_comm=ksoftirqd/2 prev_pid=4607 prev_prio=120 prev_state=S ==> next_comm=swapper/2 next_pid=0 next_prio=120
          <idle>-0     [002] ...2   238.578877: sched_switch: prev_comm=swapper/2 prev_pid=0 prev_prio=120 prev_state=R ==> next_comm=ksoftirqd/2 next_pid=4607 next_prio=120
           <...>-4607  [002] ...2   238.578885: sched_switch: prev_comm=ksoftirqd/2 prev_pid=4607 prev_prio=120 prev_state=S ==> next_comm=swapper/2 next_pid=0 next_prio=120
          traced-201   [000] ...2   238.579051: sched_switch: prev_comm=traced prev_pid=201 prev_prio=120 prev_state=R ==> next_comm=mmcqd/1 next_pid=116 next_prio=120
           <...>-116   [000] ...1   238.579080: block_rq_complete: 179,0 RA () 7835304 + 24 [0]
           <...>-116   [000] ...2   238.579100: sched_switch: prev_comm=mmcqd/1 prev_pid=116 prev_prio=120 prev_state=S ==> next_comm=traced next_pid=201 next_prio=120
          traced-201   [000] ...2   238.579316: sched_switch: prev_comm=traced prev_pid=201 prev_prio=120 prev_state=R ==> next_comm=mmcqd/1 next_pid=116 next_prio=120
           <...>-116   [000] ...1   238.579341: block_rq_complete: 179,0 RA () 7835336 + 8 [0]
          <idle>-0     [002] ...2   238.579357: sched_switch: prev_comm=swapper/2 prev_pid=0 prev_prio=120 prev_state=R ==> next_comm=ple.h2benchmark next_pid=3233 next_prio=120
           <...>-116   [000] ...2   238.579358: sched_switch: prev_comm=mmcqd/1 prev_pid=116 prev_prio=120 prev_state=S ==> next_comm=traced next_pid=201 next_prio=120
           <...>-3233  [002] d..2   238.579474: block_rq_insert: 179,0 R 0 () 7831200 + 32 [ple.h2benchmark]
           <...>-3233  [002] d..2   238.579477: block_rq_insert: 179,0 R 0 () 7831240 + 16 [ple.h2benchmark]
           <...>-3233  [002] d..2   238.579479: block_rq_insert: 179,0 R 0 () 7831264 + 88 [ple.h2benchmark]
           <...>-3233  [002] d..2   238.579481: block_rq_insert: 179,0 R 0 () 7831368 + 32 [ple.h2benchmark]
           <...>-3233  [002] d..2   238.579483: block_rq_insert: 179,0 R 0 () 7831424 + 16 [ple.h2benchmark]
           <...>-3233  [002] d..2   238.579485: block_rq_insert: 179,0 R 0 () 7831448 + 8 [ple.h2benchmark]
          traced-201   [000] ...2   238.579495: sched_switch: prev_comm=traced prev_pid=201 prev_prio=120 prev_state=R ==> next_comm=mmcqd/1 next_pid=116 next_prio=120
           <...>-3233  [002] ...2   238.579502: sched_switch: prev_comm=ple.h2benchmark prev_pid=3233 prev_prio=120 prev_state=D|W ==> next_comm=swapper/2 next_pid=0 next_prio=120
           <...>-116   [000] ...2   238.579511: sched_switch: prev_comm=mmcqd/1 prev_pid=116 prev_prio=120 prev_state=S ==> next_comm=traced next_pid=201 next_prio=120
          traced-201   [000] ...2   238.579630: sched_switch: prev_comm=traced prev_pid=201 prev_prio=120 prev_state=R ==> next_comm=mmcqd/1 next_pid=116 next_prio=120
           <...>-116   [000] ...1   238.579655: block_rq_complete: 179,0 RA () 7835352 + 8 [0]
           <...>-116   [000] ...2   238.579676: sched_switch: prev_comm=mmcqd/1 prev_pid=116 prev_prio=120 prev_state=S ==> next_comm=traced next_pid=201 next_prio=120
          traced-201   [000] ...2   238.579964: sched_switch: prev_comm=traced prev_pid=201 prev_prio=120 prev_state=R ==> next_comm=mmcqd/1 next_pid=116 next_prio=120
           <...>-116   [000] ...1   238.579989: block_rq_complete: 179,0 RA () 7831448 + 8 [0]
           <...>-116   [000] ...2   238.580014: sched_switch: prev_comm=mmcqd/1 prev_pid=116 prev_prio=120 prev_state=S ==> next_comm=traced next_pid=201 next_prio=120
          traced-201   [000] ...2   238.580294: sched_switch: prev_comm=traced prev_pid=201 prev_prio=120 prev_state=R ==> next_comm=mmcqd/1 next_pid=116 next_prio=120
           <...>-116   [000] ...1   238.580321: block_rq_complete: 179,0 RA () 7831424 + 16 [0]
           <...>-116   [000] ...2   238.580360: sched_switch: prev_comm=mmcqd/1 prev_pid=116 prev_prio=120 prev_state=S ==> next_comm=traced next_pid=201 next_prio=120
          traced-201   [000] ...2   238.580741: sched_switch: prev_comm=traced prev_pid=201 prev_prio=120 prev_state=R ==> next_comm=mmcqd/1 next_pid=116 next_prio=120
           <...>-116   [000] ...1   238.580772: block_rq_complete: 179,0 RA () 7831368 + 32 [0]
           <...>-116   [000] ...2   238.580794: sched_switch: prev_comm=mmcqd/1 prev_pid=116 prev_prio=120 prev_state=S ==> next_comm=traced next_pid=201 next_prio=120
          traced-201   [000] ...2   238.581486: sched_switch: prev_comm=traced prev_pid=201 prev_prio=120 prev_state=R ==> next_comm=mmcqd/1 next_pid=116 next_prio=120
           <...>-116   [000] ...1   238.581529: block_rq_complete: 179,0 RA () 7831264 + 88 [0]
          <idle>-0     [002] ...2   238.581542: sched_switch: prev_comm=swapper/2 prev_pid=0 prev_prio=120 prev_state=R ==> next_comm=ple.h2benchmark next_pid=3233 next_prio=120
           <...>-116   [000] ...2   238.581562: sched_switch: prev_comm=mmcqd/1 prev_pid=116 prev_prio=120 prev_state=S ==> next_comm=traced next_pid=201 next_prio=120
          traced-201   [000] ...2   238.581787: sched_switch: prev_comm=traced prev_pid=201 prev_prio=120 prev_state=R ==> next_comm=mmcqd/1 next_pid=116 next_prio=120
           <...>-116   [000] ...1   238.581815: block_rq_complete: 179,0 RA () 7831240 + 16 [0]
           <...>-116   [000] ...2   238.581827: sched_switch: prev_comm=mmcqd/1 prev_pid=116 prev_prio=120 prev_state=S ==> next_comm=traced next_pid=201 next_prio=120
           <...>-3233  [002] d..2   238.581999: block_rq_insert: 179,0 R 0 () 7822144 + 56 [ple.h2benchmark]
           <...>-3233  [002] d..2   238.582001: block_rq_insert: 179,0 R 0 () 7822216 + 24 [ple.h2benchmark]
           <...>-3233  [002] d..2   238.582003: block_rq_insert: 179,0 R 0 () 7822272 + 32 [ple.h2benchmark]
           <...>-3233  [002] d..2   238.582005: block_rq_insert: 179,0 R 0 () 7822352 + 8 [ple.h2benchmark]
           <...>-3233  [002] d..2   238.582007: block_rq_insert: 179,0 R 0 () 7822392 + 8 [ple.h2benchmark]
          traced-201   [000] ...2   238.582019: sched_switch: prev_comm=traced prev_pid=201 prev_prio=120 prev_state=R ==> next_comm=mmcqd/1 next_pid=116 next_prio=120
           <...>-3233  [002] ...2   238.582026: sched_switch: prev_comm=ple.h2benchmark prev_pid=3233 prev_prio=120 prev_state=D|W ==> next_comm=swapper/2 next_pid=0 next_prio=120
           <...>-116   [000] ...2   238.582037: sched_switch: prev_comm=mmcqd/1 prev_pid=116 prev_prio=120 prev_state=S ==> next_comm=traced next_pid=201 next_prio=120
          traced-201   [000] ...2   238.582171: sched_switch: prev_comm=traced prev_pid=201 prev_prio=120 prev_state=R ==> next_comm=mmcqd/1 next_pid=116 next_prio=120
           <...>-116   [000] ...1   238.582201: block_rq_complete: 179,0 RA () 7831200 + 32 [0]
           <...>-116   [000] ...2   238.582222: sched_switch: prev_comm=mmcqd/1 prev_pid=116 prev_prio=120 prev_state=S ==> next_comm=traced next_pid=201 next_prio=120
          traced-201   [000] ...2   238.582438: sched_switch: prev_comm=traced prev_pid=201 prev_prio=120 prev_state=R ==> next_comm=mmcqd/1 next_pid=116 next_prio=120
           <...>-116   [000] ...1   238.582463: block_rq_complete: 179,0 RA () 7822392 + 8 [0]
           <...>-116   [000] ...2   238.582488: sched_switch: prev_comm=mmcqd/1 prev_pid=116 prev_prio=120 prev_state=S ==> next_comm=traced next_pid=201 next_prio=120
          traced-201   [000] ...2   238.582713: sched_switch: prev_comm=traced prev_pid=201 prev_prio=120 prev_state=R ==> next_comm=mmcqd/1 next_pid=116 next_prio=120
           <...>-116   [000] ...1   238.582738: block_rq_complete: 179,0 RA () 7822352 + 8 [0]
           <...>-116   [000] ...2   238.582760: sched_switch: prev_comm=mmcqd/1 prev_pid=116 prev_prio=120 prev_state=S ==> next_comm=traced next_pid=201 next_prio=120
          traced-201   [000] ...2   238.583231: sched_switch: prev_comm=traced prev_pid=201 prev_prio=120 prev_state=R ==> next_comm=mmcqd/1 next_pid=116 next_prio=120
           <...>-116   [000] ...1   238.583261: block_rq_complete: 179,0 RA () 7822272 + 32 [0]
          <idle>-0     [002] ...2   238.583276: sched_switch: prev_comm=swapper/2 prev_pid=0 prev_prio=120 prev_state=R ==> next_comm=ple.h2benchmark next_pid=3233 next_prio=120
           <...>-116   [000] ...2   238.583297: sched_switch: prev_comm=mmcqd/1 prev_pid=116 prev_prio=120 prev_state=S ==> next_comm=traced next_pid=201 next_prio=120
           <...>-3233  [002] d..2   238.583362: block_rq_insert: 179,0 R 0 () 7833200 + 40 [ple.h2benchmark]
           <...>-3233  [002] d..2   238.583365: block_rq_insert: 179,0 R 0 () 7833304 + 48 [ple.h2benchmark]
           <...>-3233  [002] d..2   238.583367: block_rq_insert: 179,0 R 0 () 7833360 + 40 [ple.h2benchmark]
           <...>-3233  [002] d..2   238.583369: block_rq_insert: 179,0 R 0 () 7833408 + 24 [ple.h2benchmark]
           <...>-3233  [002] d..2   238.583370: block_rq_insert: 179,0 R 0 () 7833448 + 8 [ple.h2benchmark]
           <...>-3233  [002] ...2   238.583380: sched_switch: prev_comm=ple.h2benchmark prev_pid=3233 prev_prio=120 prev_state=D|W ==> next_comm=swapper/2 next_pid=0 next_prio=120
          traced-201   [000] ...2   238.583567: sched_switch: prev_comm=traced prev_pid=201 prev_prio=120 prev_state=R ==> next_comm=mmcqd/1 next_pid=116 next_prio=120
           <...>-116   [000] ...1   238.583596: block_rq_complete: 179,0 RA () 7822216 + 24 [0]
           <...>-116   [000] ...2   238.583624: sched_switch: prev_comm=mmcqd/1 prev_pid=116 prev_prio=120 prev_state=S ==> next_comm=traced next_pid=201 next_prio=120
          traced-201   [000] ...2   238.584102: sched_switch: prev_comm=traced prev_pid=201 prev_prio=120 prev_state=R ==> next_comm=mmcqd/1 next_pid=116 next_prio=120
           <...>-116   [000] ...1   238.584137: block_rq_complete: 179,0 RA () 7822144 + 56 [0]
           <...>-116   [000] ...2   238.584168: sched_switch: prev_comm=mmcqd/1 prev_pid=116 prev_prio=120 prev_state=S ==> next_comm=traced next_pid=201 next_prio=120
          traced-201   [000] ...2   238.584574: sched_switch: prev_comm=traced prev_pid=201 prev_prio=120 prev_state=R ==> next_comm=mmcqd/1 next_pid=116 next_prio=120
           <...>-116   [000] ...1   238.584606: block_rq_complete: 179,0 RA () 7833200 + 40 [0]
           <...>-116   [000] ...2   238.584635: sched_switch: prev_comm=mmcqd/1 prev_pid=116 prev_prio=120 prev_state=S ==> next_comm=traced next_pid=201 next_prio=120
          traced-201   [000] ...2   238.585168: sched_switch: prev_comm=traced prev_pid=201 prev_prio=120 prev_state=R ==> next_comm=mmcqd/1 next_pid=116 next_prio=120
           <...>-116   [000] ...1   238.585202: block_rq_complete: 179,0 RA () 7833304 + 48 [0]
          <idle>-0     [002] ...2   238.585216: sched_switch: prev_comm=swapper/2 prev_pid=0 prev_prio=120 prev_state=R ==> next_comm=ple.h2benchmark next_pid=3233 next_prio=120
           <...>-116   [000] ...2   238.585230: sched_switch: prev_comm=mmcqd/1 prev_pid=116 prev_prio=120 prev_state=S ==> next_comm=traced next_pid=201 next_prio=120
           <...>-3233  [002] d..2   238.585453: block_rq_insert: 179,0 R 0 () 7830760 + 8 [ple.h2benchmark]
           <...>-3233  [002] d..2   238.585456: block_rq_insert: 179,0 R 0 () 7830792 + 16 [ple.h2benchmark]
           <...>-3233  [002] d..2   238.585458: block_rq_insert: 179,0 R 0 () 7830832 + 16 [ple.h2benchmark]
           <...>-3233  [002] d..2   238.585460: block_rq_insert: 179,0 R 0 () 7830872 + 24 [ple.h2benchmark]
           <...>-3233  [002] d..2   238.585462: block_rq_insert: 179,0 R 0 () 7830904 + 24 [ple.h2benchmark]
           <...>-3233  [002] d..2   238.585463: block_rq_insert: 179,0 R 0 () 7830936 + 72 [ple.h2benchmark]
           <...>-3233  [002] ...2   238.585476: sched_switch: prev_comm=ple.h2benchmark prev_pid=3233 prev_prio=120 prev_state=D|W ==> next_comm=swapper/2 next_pid=0 next_prio=120
          traced-201   [000] ...2   238.585591: sched_switch: prev_comm=traced prev_pid=201 prev_prio=120 prev_state=R ==> next_comm=mmcqd/1 next_pid=116 next_prio=120
           <...>-116   [000] ...1   238.585624: block_rq_complete: 179,0 RA () 7833360 + 40 [0]
           <...>-116   [000] ...2   238.585644: sched_switch: prev_comm=mmcqd/1 prev_pid=116 prev_prio=120 prev_state=S ==> next_comm=traced next_pid=201 next_prio=120
          traced-201   [000] ...2   238.585922: sched_switch: prev_comm=traced prev_pid=201 prev_prio=120 prev_state=R ==> next_comm=mmcqd/1 next_pid=116 next_prio=120
           <...>-116   [000] ...1   238.585950: block_rq_complete: 179,0 RA () 7833408 + 24 [0]
           <...>-116   [000] ...2   238.585986: sched_switch: prev_comm=mmcqd/1 prev_pid=116 prev_prio=120 prev_state=S ==> next_comm=traced next_pid=201 next_prio=120
          traced-201   [000] ...2   238.586199: sched_switch: prev_comm=traced prev_pid=201 prev_prio=120 prev_state=R ==> next_comm=mmcqd/1 next_pid=116 next_prio=120
           <...>-116   [000] ...1   238.586224: block_rq_complete: 179,0 RA () 7833448 + 8 [0]
           <...>-116   [000] ...2   238.586246: sched_switch: prev_comm=mmcqd/1 prev_pid=116 prev_prio=120 prev_state=S ==> next_comm=traced next_pid=201 next_prio=120
          <idle>-0     [002] ...2   238.586811: sched_switch: prev_comm=swapper/2 prev_pid=0 prev_prio=120 prev_state=R ==> next_comm=adbd next_pid=3138 next_prio=120
            adbd-3138  [002] ...2   238.586833: sched_switch: prev_comm=adbd prev_pid=3138 prev_prio=120 prev_state=S ==> next_comm=swapper/2 next_pid=0 next_prio=120
          traced-201   [000] ...2   238.586861: sched_switch: prev_comm=traced prev_pid=201 prev_prio=120 prev_state=R ==> next_comm=mmcqd/1 next_pid=116 next_prio=120
           <...>-116   [000] ...1   238.586900: block_rq_complete: 179,0 RA () 7830936 + 72 [0]
           <...>-116   [000] ...2   238.586925: sched_switch: prev_comm=mmcqd/1 prev_pid=116 prev_prio=120 prev_state=S ==> next_comm=traced next_pid=201 next_prio=120
          <idle>-0     [002] ...2   238.587058: sched_switch: prev_comm=swapper/2 prev_pid=0 prev_prio=120 prev_state=R ==> next_comm=adbd next_pid=3138 next_prio=120
            adbd-3138  [002] ...2   238.587106: sched_switch: prev_comm=adbd prev_pid=3138 prev_prio=120 prev_state=S ==> next_comm=adbd next_pid=2459 next_prio=120
          traced-201   [000] ...2   238.587262: sched_switch: prev_comm=traced prev_pid=201 prev_prio=120 prev_state=R ==> next_comm=mmcqd/1 next_pid=116 next_prio=120
          <idle>-0     [001] ...2   238.587273: sched_switch: prev_comm=swapper/1 prev_pid=0 prev_prio=120 prev_state=R ==> next_comm=JDWP next_pid=3245 next_prio=120
           <...>-116   [000] ...1   238.587290: block_rq_complete: 179,0 RA () 7830904 + 24 [0]
           <...>-116   [000] ...2   238.587312: sched_switch: prev_comm=mmcqd/1 prev_pid=116 prev_prio=120 prev_state=S ==> next_comm=traced next_pid=201 next_prio=120
            adbd-2459  [002] ...2   238.587328: sched_switch: prev_comm=adbd prev_pid=2459 prev_prio=120 prev_state=S ==> next_comm=adbd next_pid=3137 next_prio=120
            adbd-3137  [002] ...2   238.587377: sched_switch: prev_comm=adbd prev_pid=3137 prev_prio=120 prev_state=S ==> next_comm=swapper/2 next_pid=0 next_prio=120
          traced-201   [000] ...2   238.587667: sched_switch: prev_comm=traced prev_pid=201 prev_prio=120 prev_state=R ==> next_comm=mmcqd/1 next_pid=116 next_prio=120
           <...>-116   [000] ...1   238.587699: block_rq_complete: 179,0 RA () 7830872 + 24 [0]
          <idle>-0     [002] ...2   238.587716: sched_switch: prev_comm=swapper/2 prev_pid=0 prev_prio=120 prev_state=R ==> next_comm=ple.h2benchmark next_pid=3233 next_prio=120
           <...>-116   [000] ...2   238.587731: sched_switch: prev_comm=mmcqd/1 prev_pid=116 prev_prio=120 prev_state=S ==> next_comm=traced next_pid=201 next_prio=120
            JDWP-3245  [001] ...2   238.587833: sched_switch: prev_comm=JDWP prev_pid=3245 prev_prio=120 prev_state=S ==> next_comm=swapper/1 next_pid=0 next_prio=120
          traced-201   [000] ...2   238.587977: sched_switch: prev_comm=traced prev_pid=201 prev_prio=120 prev_state=R ==> next_comm=mmcqd/1 next_pid=116 next_prio=120
          <idle>-0     [001] ...2   238.587996: sched_switch: prev_comm=swapper/1 prev_pid=0 prev_prio=120 prev_state=R ==> next_comm=JDWP next_pid=3245 next_prio=120
           <...>-3233  [002] ...2   238.588002: sched_switch: prev_comm=ple.h2benchmark prev_pid=3233 prev_prio=120 prev_state=S ==> next_comm=swapper/2 next_pid=0 next_prio=120
           <...>-116   [000] ...1   238.588006: block_rq_complete: 179,0 RA () 7830832 + 16 [0]
           <...>-116   [000] ...2   238.588028: sched_switch: prev_comm=mmcqd/1 prev_pid=116 prev_prio=120 prev_state=S ==> next_comm=traced next_pid=201 next_prio=120
          traced-201   [000] ...2   238.588283: sched_switch: prev_comm=traced prev_pid=201 prev_prio=120 prev_state=R ==> next_comm=mmcqd/1 next_pid=116 next_prio=120
           <...>-116   [000] ...1   238.588309: block_rq_complete: 179,0 RA () 7830792 + 16 [0]
           <...>-116   [000] ...2   238.588322: sched_switch: prev_comm=mmcqd/1 prev_pid=116 prev_prio=120 prev_state=S ==> next_comm=traced next_pid=201 next_prio=120
          traced-201   [000] ...2   238.588571: sched_switch: prev_comm=traced prev_pid=201 prev_prio=120 prev_state=R ==> next_comm=mmcqd/1 next_pid=116 next_prio=120
           <...>-116   [000] ...1   238.588580: block_rq_complete: 179,0 RA () 7830760 + 8 [0]
           <...>-116   [000] ...2   238.588602: sched_switch: prev_comm=mmcqd/1 prev_pid=116 prev_prio=120 prev_state=S ==> next_comm=kworker/0:2H next_pid=236 next_prio=100
    kworker/0:2H-236   [000] ...2   238.588613: sched_switch: prev_comm=kworker/0:2H prev_pid=236 prev_prio=100 prev_state=S ==> next_comm=mmcqd/1 next_pid=116 next_prio=120
           <...>-116   [000] ...2   238.588619: sched_switch: prev_comm=mmcqd/1 prev_pid=116 prev_prio=120 prev_state=S ==> next_comm=traced next_pid=201 next_prio=120
          <idle>-0     [002] ...2   238.588832: sched_switch: prev_comm=swapper/2 prev_pid=0 prev_prio=120 prev_state=R ==> next_comm=ksoftirqd/2 next_pid=4607 next_prio=120
            JDWP-3245  [001] ...2   238.588837: sched_switch: prev_comm=JDWP prev_pid=3245 prev_prio=120 prev_state=R ==> next_comm=kworker/1:0H next_pid=4577 next_prio=100
           <...>-4607  [002] ...2   238.588853: sched_switch: prev_comm=ksoftirqd/2 prev_pid=4607 prev_prio=120 prev_state=S ==> next_comm=kworker/u:1 next_pid=21 next_prio=120
          traced-201   [000] ...2   238.588867: sched_switch: prev_comm=traced prev_pid=201 prev_prio=120 prev_state=R ==> next_comm=mpdecision next_pid=1777 next_prio=113
    kworker/1:0H-4577  [001] ...2   238.588868: sched_switch: prev_comm=kworker/1:0H prev_pid=4577 prev_prio=100 prev_state=D ==> next_comm=kworker/1:1H next_pid=4580 next_prio=100
           <...>-21    [002] ...2   238.588873: sched_switch: prev_comm=kworker/u:1 prev_pid=21 prev_prio=120 prev_state=S ==> next_comm=swapper/2 next_pid=0 next_prio=120
    kworker/1:1H-4580  [001] ...1   238.588876: cpu_frequency_switch_start: start=960000 end=960000 cpu_id=1
    kworker/1:1H-4580  [001] ...1   238.588881: cpu_frequency_switch_end: cpu_id=1
    kworker/1:1H-4580  [001] ...1   238.588884: cpu_frequency: state=960000 cpu_id=1
    kworker/1:1H-4580  [001] ...2   238.588909: sched_switch: prev_comm=kworker/1:1H prev_pid=4580 prev_prio=100 prev_state=S ==> next_comm=kworker/1:0H next_pid=4577 next_prio=100
    kworker/1:0H-4577  [001] ...2   238.588923: sched_switch: prev_comm=kworker/1:0H prev_pid=4577 prev_prio=100 prev_state=S ==> next_comm=JDWP next_pid=3245 next_prio=120
      mpdecision-1777  [000] ...2   238.589119: sched_switch: prev_comm=mpdecision prev_pid=1777 prev_prio=113 prev_state=S ==> next_comm=traced next_pid=201 next_prio=120
          <idle>-0     [002] ...2   238.590121: sched_switch: prev_comm=swapper/2 prev_pid=0 prev_prio=120 prev_state=R ==> next_comm=ple.h2benchmark next_pid=3233 next_prio=120
            JDWP-3245  [001] ...2   238.590242: sched_switch: prev_comm=JDWP prev_pid=3245 prev_prio=120 prev_state=S ==> next_comm=adbd next_pid=2459 next_prio=120
           <...>-3233  [002] d..2   238.590476: block_rq_insert: 179,0 R 0 () 7823272 + 8 [ple.h2benchmark]
           <...>-3233  [002] d..2   238.590480: block_rq_insert: 179,0 R 0 () 7823304 + 8 [ple.h2benchmark]
           <...>-3233  [002] d..2   238.590482: block_rq_insert: 179,0 R 0 () 7823320 + 8 [ple.h2benchmark]
           <...>-3233  [002] d..2   238.590484: block_rq_insert: 179,0 R 0 () 7823336 + 16 [ple.h2benchmark]
          traced-201   [000] ...2   238.590496: sched_switch: prev_comm=traced prev_pid=201 prev_prio=120 prev_state=R ==> next_comm=mmcqd/1 next_pid=116 next_prio=120
           <...>-3233  [002] ...2   238.590503: sched_switch: prev_comm=ple.h2benchmark prev_pid=3233 prev_prio=120 prev_state=D|W ==> next_comm=swapper/2 next_pid=0 next_prio=120
            adbd-2459  [001] ...2   238.590504: sched_switch: prev_comm=adbd prev_pid=2459 prev_prio=120 prev_state=S ==> next_comm=adbd next_pid=3137 next_prio=120
           <...>-116   [000] ...2   238.590553: sched_switch: prev_comm=mmcqd/1 prev_pid=116 prev_prio=120 prev_state=S ==> next_comm=traced next_pid=201 next_prio=120
            adbd-3137  [001] ...2   238.590585: sched_switch: prev_comm=adbd prev_pid=3137 prev_prio=120 prev_state=S ==> next_comm=swapper/1 next_pid=0 next_prio=120
          traced-201   [000] ...2   238.590950: sched_switch: prev_comm=traced prev_pid=201 prev_prio=120 prev_state=R ==> next_comm=mmcqd/1 next_pid=116 next_prio=120
          <idle>-0     [002] ...2   238.590998: sched_switch: prev_comm=swapper/2 prev_pid=0 prev_prio=120 prev_state=R ==> next_comm=adbd next_pid=3138 next_prio=120
           <...>-116   [000] ...1   238.591002: block_rq_complete: 179,0 RA () 7823336 + 16 [0]
           <...>-116   [000] ...2   238.591024: sched_switch: prev_comm=mmcqd/1 prev_pid=116 prev_prio=120 prev_state=S ==> next_comm=traced next_pid=201 next_prio=120
            adbd-3138  [002] ...2   238.591032: sched_switch: prev_comm=adbd prev_pid=3138 prev_prio=120 prev_state=S ==> next_comm=adbd next_pid=2459 next_prio=120
            adbd-2459  [002] ...2   238.591188: sched_switch: prev_comm=adbd prev_pid=2459 prev_prio=120 prev_state=S ==> next_comm=adbd next_pid=3137 next_prio=120
            adbd-3137  [002] ...2   238.591197: sched_switch: prev_comm=adbd prev_pid=3137 prev_prio=120 prev_state=S ==> next_comm=swapper/2 next_pid=0 next_prio=120
          traced-201   [000] ...2   238.591229: sched_switch: prev_comm=traced prev_pid=201 prev_prio=120 prev_state=R ==> next_comm=mmcqd/1 next_pid=116 next_prio=120
           <...>-116   [000] ...1   238.591254: block_rq_complete: 179,0 RA () 7823320 + 8 [0]
          <idle>-0     [002] ...2   238.591270: sched_switch: prev_comm=swapper/2 prev_pid=0 prev_prio=120 prev_state=R ==> next_comm=ple.h2benchmark next_pid=3233 next_prio=120
           <...>-116   [000] ...2   238.591278: sched_switch: prev_comm=mmcqd/1 prev_pid=116 prev_prio=120 prev_state=S ==> next_comm=traced next_pid=201 next_prio=120
          traced-201   [000] ...2   238.591532: sched_switch: prev_comm=traced prev_pid=201 prev_prio=120 prev_state=R ==> next_comm=mmcqd/1 next_pid=116 next_prio=120
           <...>-116   [000] ...1   238.591559: block_rq_complete: 179,0 RA () 7823304 + 8 [0]
           <...>-116   [000] ...2   238.591575: sched_switch: prev_comm=mmcqd/1 prev_pid=116 prev_prio=120 prev_state=S ==> next_comm=traced next_pid=201 next_prio=120
          traced-201   [000] ...2   238.591809: sched_switch: prev_comm=traced prev_pid=201 prev_prio=120 prev_state=R ==> next_comm=mmcqd/1 next_pid=116 next_prio=120
           <...>-116   [000] ...1   238.591819: block_rq_complete: 179,0 RA () 7823272 + 8 [0]
           <...>-116   [000] ...2   238.591840: sched_switch: prev_comm=mmcqd/1 prev_pid=116 prev_prio=120 prev_state=S ==> next_comm=kworker/0:2H next_pid=236 next_prio=100
    kworker/0:2H-236   [000] ...2   238.591851: sched_switch: prev_comm=kworker/0:2H prev_pid=236 prev_prio=100 prev_state=S ==> next_comm=mmcqd/1 next_pid=116 next_prio=120
           <...>-116   [000] ...2   238.591857: sched_switch: prev_comm=mmcqd/1 prev_pid=116 prev_prio=120 prev_state=S ==> next_comm=traced next_pid=201 next_prio=120
           <...>-3233  [002] d..2   238.594355: block_rq_insert: 179,0 R 0 () 7118960 + 8 [ple.h2benchmark]
           <...>-3233  [002] d..2   238.594358: block_rq_insert: 179,0 R 0 () 7118976 + 32 [ple.h2benchmark]
          traced-201   [000] ...2   238.594370: sched_switch: prev_comm=traced prev_pid=201 prev_prio=120 prev_state=R ==> next_comm=mmcqd/1 next_pid=116 next_prio=120
           <...>-116   [000] ...2   238.594425: sched_switch: prev_comm=mmcqd/1 prev_pid=116 prev_prio=120 prev_state=S ==> next_comm=traced next_pid=201 next_prio=120
          traced-201   [000] ...2   238.594675: sched_switch: prev_comm=traced prev_pid=201 prev_prio=120 prev_state=R ==> next_comm=mmcqd/1 next_pid=116 next_prio=120
           <...>-116   [000] ...1   238.594701: block_rq_complete: 179,0 RA () 7118960 + 8 [0]
           <...>-116   [000] ...2   238.594715: sched_switch: prev_comm=mmcqd/1 prev_pid=116 prev_prio=120 prev_state=S ==> next_comm=traced next_pid=201 next_prio=120
          traced-201   [000] ...2   238.595042: sched_switch: prev_comm=traced prev_pid=201 prev_prio=120 prev_state=R ==> next_comm=mmcqd/1 next_pid=116 next_prio=120
           <...>-116   [000] ...1   238.595058: block_rq_complete: 179,0 RA () 7118976 + 32 [0]
           <...>-116   [000] ...2   238.595078: sched_switch: prev_comm=mmcqd/1 prev_pid=116 prev_prio=120 prev_state=S ==> next_comm=kworker/0:2H next_pid=236 next_prio=100
    kworker/0:2H-236   [000] ...2   238.595089: sched_switch: prev_comm=kworker/0:2H prev_pid=236 prev_prio=100 prev_state=S ==> next_comm=mmcqd/1 next_pid=116 next_prio=120
           <...>-116   [000] ...2   238.595095: sched_switch: prev_comm=mmcqd/1 prev_pid=116 prev_prio=120 prev_state=S ==> next_comm=traced next_pid=201 next_prio=120
          <idle>-0     [001] ...2   238.602842: sched_switch: prev_comm=swapper/1 prev_pid=0 prev_prio=120 prev_state=R ==> next_comm=Benchmark.mv.db next_pid=5031 next_prio=120
           <...>-5031  [001] ...2   238.602908: sched_switch: prev_comm=Benchmark.mv.db prev_pid=5031 prev_prio=120 prev_state=S ==> next_comm=swapper/1 next_pid=0 next_prio=120
           <...>-3233  [002] ...2   238.614911: sched_switch: prev_comm=ple.h2benchmark prev_pid=3233 prev_prio=120 prev_state=R ==> next_comm=kworker/u:1 next_pid=21 next_prio=120
          traced-201   [000] ...2   238.614940: sched_switch: prev_comm=traced prev_pid=201 prev_prio=120 prev_state=R ==> next_comm=kworker/u:3 next_pid=113 next_prio=120
     kworker/u:3-113   [000] ...2   238.614947: sched_switch: prev_comm=kworker/u:3 prev_pid=113 prev_prio=120 prev_state=S ==> next_comm=traced next_pid=201 next_prio=120
           <...>-21    [002] ...2   238.614965: sched_switch: prev_comm=kworker/u:1 prev_pid=21 prev_prio=120 prev_state=S ==> next_comm=ple.h2benchmark next_pid=3233 next_prio=120
          <idle>-0     [001] ...2   238.614974: sched_switch: prev_comm=swapper/1 prev_pid=0 prev_prio=120 prev_state=R ==> next_comm=sensors.qcom next_pid=865 next_prio=120
    sensors.qcom-865   [001] ...2   238.615093: sched_switch: prev_comm=sensors.qcom prev_pid=865 prev_prio=120 prev_state=S ==> next_comm=sensors.qcom next_pid=715 next_prio=120
    sensors.qcom-715   [001] ...2   238.615166: sched_switch: prev_comm=sensors.qcom prev_pid=715 prev_prio=120 prev_state=S ==> next_comm=system_server next_pid=738 next_prio=118
          traced-201   [000] ...2   238.615323: sched_switch: prev_comm=traced prev_pid=201 prev_prio=120 prev_state=R ==> next_comm=system_server next_pid=742 next_prio=118
