          <idle>-0     [000] ...2   239.585987: sched_switch: prev_comm=swapper/0 prev_pid=0 prev_prio=120 prev_state=R ==> next_comm=ksoftirqd/0 next_pid=3 next_prio=120
     ksoftirqd/0-3     [000] ...2   239.585994: sched_switch: prev_comm=ksoftirqd/0 prev_pid=3 prev_prio=120 prev_state=S ==> next_comm=swapper/0 next_pid=0 next_prio=120
          <idle>-0     [000] ...2   239.586990: sched_switch: prev_comm=swapper/0 prev_pid=0 prev_prio=120 prev_state=R ==> next_comm=ple.h2benchmark next_pid=3192 next_prio=120
           <...>-3192  [000] ...2   239.590673: sched_switch: prev_comm=ple.h2benchmark prev_pid=3192 prev_prio=120 prev_state=S ==> next_comm=swapper/0 next_pid=0 next_prio=120
          <idle>-0     [000] ...2   239.591727: sched_switch: prev_comm=swapper/0 prev_pid=0 prev_prio=120 prev_state=R ==> next_comm=ple.h2benchmark next_pid=3192 next_prio=120
           <...>-3192  [000] ...2   239.595240: sched_switch: prev_comm=ple.h2benchmark prev_pid=3192 prev_prio=120 prev_state=S ==> next_comm=swapper/0 next_pid=0 next_prio=120
          <idle>-0     [000] ...2   239.595253: sched_switch: prev_comm=swapper/0 prev_pid=0 prev_prio=120 prev_state=R ==> next_comm=ksoftirqd/0 next_pid=3 next_prio=120
     ksoftirqd/0-3     [000] ...2   239.595263: sched_switch: prev_comm=ksoftirqd/0 prev_pid=3 prev_prio=120 prev_state=S ==> next_comm=swapper/0 next_pid=0 next_prio=120
          <idle>-0     [000] ...2   239.596297: sched_switch: prev_comm=swapper/0 prev_pid=0 prev_prio=120 prev_state=R ==> next_comm=ple.h2benchmark next_pid=3192 next_prio=120
           <...>-3192  [000] ...2   239.599828: sched_switch: prev_comm=ple.h2benchmark prev_pid=3192 prev_prio=120 prev_state=S ==> next_comm=swapper/0 next_pid=0 next_prio=120
          <idle>-0     [000] ...2   239.600884: sched_switch: prev_comm=swapper/0 prev_pid=0 prev_prio=120 prev_state=R ==> next_comm=ple.h2benchmark next_pid=3192 next_prio=120
           <...>-3192  [000] ...2   239.604635: sched_switch: prev_comm=ple.h2benchmark prev_pid=3192 prev_prio=120 prev_state=S ==> next_comm=swapper/0 next_pid=0 next_prio=120
          <idle>-0     [000] ...2   239.605692: sched_switch: prev_comm=swapper/0 prev_pid=0 prev_prio=120 prev_state=R ==> next_comm=ple.h2benchmark next_pid=3192 next_prio=120
          traced-203   [001] ...2   239.609180: sched_switch: prev_comm=traced prev_pid=203 prev_prio=120 prev_state=R ==> next_comm=Benchmark.mv.db next_pid=4749 next_prio=120
           <...>-4749  [001] ...2   239.609215: sched_switch: prev_comm=Benchmark.mv.db prev_pid=4749 prev_prio=120 prev_state=S ==> next_comm=traced next_pid=203 next_prio=120
           <...>-3192  [000] ...2   239.609318: sched_switch: prev_comm=ple.h2benchmark prev_pid=3192 prev_prio=120 prev_state=S ==> next_comm=swapper/0 next_pid=0 next_prio=120
          <idle>-0     [000] ...2   239.610376: sched_switch: prev_comm=swapper/0 prev_pid=0 prev_prio=120 prev_state=R ==> next_comm=ple.h2benchmark next_pid=3192 next_prio=120
           <...>-3192  [000] ...2   239.613950: sched_switch: prev_comm=ple.h2benchmark prev_pid=3192 prev_prio=120 prev_state=S ==> next_comm=swapper/0 next_pid=0 next_prio=120
          <idle>-0     [000] ...2   239.615007: sched_switch: prev_comm=swapper/0 prev_pid=0 prev_prio=120 prev_state=R ==> next_comm=ple.h2benchmark next_pid=3192 next_prio=120
           <...>-3192  [000] ...2   239.618667: sched_switch: prev_comm=ple.h2benchmark prev_pid=3192 prev_prio=120 prev_state=S ==> next_comm=swapper/0 next_pid=0 next_prio=120
          <idle>-0     [000] ...2   239.619724: sched_switch: prev_comm=swapper/0 prev_pid=0 prev_prio=120 prev_state=R ==> next_comm=ple.h2benchmark next_pid=3192 next_prio=120
          traced-203   [001] ...2   239.622773: sched_switch: prev_comm=traced prev_pid=203 prev_prio=120 prev_state=R ==> next_comm=kworker/u:0 next_pid=6 next_prio=120
           <...>-3192  [000] ...2   239.622788: sched_switch: prev_comm=ple.h2benchmark prev_pid=3192 prev_prio=120 prev_state=R ==> next_comm=mpdecision next_pid=1812 next_prio=113
     kworker/u:0-6     [001] ...2   239.622789: sched_switch: prev_comm=kworker/u:0 prev_pid=6 prev_prio=120 prev_state=S ==> next_comm=traced next_pid=203 next_prio=120
      mpdecision-1812  [000] ...2   239.623001: sched_switch: prev_comm=mpdecision prev_pid=1812 prev_prio=113 prev_state=S ==> next_comm=ple.h2benchmark next_pid=3192 next_prio=120
           <...>-3192  [000] ...2   239.623584: sched_switch: prev_comm=ple.h2benchmark prev_pid=3192 prev_prio=120 prev_state=S ==> next_comm=swapper/0 next_pid=0 next_prio=120
          <idle>-0     [000] ...2   239.623600: sched_switch: prev_comm=swapper/0 prev_pid=0 prev_prio=120 prev_state=R ==> next_comm=ksoftirqd/0 next_pid=3 next_prio=120
     ksoftirqd/0-3     [000] ...2   239.623610: sched_switch: prev_comm=ksoftirqd/0 prev_pid=3 prev_prio=120 prev_state=S ==> next_comm=swapper/0 next_pid=0 next_prio=120
          <idle>-0     [000] ...2   239.623623: sched_switch: prev_comm=swapper/0 prev_pid=0 prev_prio=120 prev_state=R ==> next_comm=ksoftirqd/0 next_pid=3 next_prio=120
     ksoftirqd/0-3     [000] ...2   239.623631: sched_switch: prev_comm=ksoftirqd/0 prev_pid=3 prev_prio=120 prev_state=S ==> next_comm=swapper/0 next_pid=0 next_prio=120
          <idle>-0     [000] ...2   239.623642: sched_switch: prev_comm=swapper/0 prev_pid=0 prev_prio=120 prev_state=R ==> next_comm=ksoftirqd/0 next_pid=3 next_prio=120
     ksoftirqd/0-3     [000] ...2   239.623650: sched_switch: prev_comm=ksoftirqd/0 prev_pid=3 prev_prio=120 prev_state=S ==> next_comm=swapper/0 next_pid=0 next_prio=120
          <idle>-0     [000] ...2   239.624643: sched_switch: prev_comm=swapper/0 prev_pid=0 prev_prio=120 prev_state=R ==> next_comm=ple.h2benchmark next_pid=3192 next_prio=120
           <...>-3192  [000] ...2   239.628263: sched_switch: prev_comm=ple.h2benchmark prev_pid=3192 prev_prio=120 prev_state=S ==> next_comm=swapper/0 next_pid=0 next_prio=120
          <idle>-0     [000] ...2   239.629317: sched_switch: prev_comm=swapper/0 prev_pid=0 prev_prio=120 prev_state=R ==> next_comm=ple.h2benchmark next_pid=3192 next_prio=120
           <...>-3192  [000] ...2   239.633001: sched_switch: prev_comm=ple.h2benchmark prev_pid=3192 prev_prio=120 prev_state=S ==> next_comm=swapper/0 next_pid=0 next_prio=120
          <idle>-0     [000] ...2   239.633016: sched_switch: prev_comm=swapper/0 prev_pid=0 prev_prio=120 prev_state=R ==> next_comm=ksoftirqd/0 next_pid=3 next_prio=120
     ksoftirqd/0-3     [000] ...2   239.633024: sched_switch: prev_comm=ksoftirqd/0 prev_pid=3 prev_prio=120 prev_state=S ==> next_comm=swapper/0 next_pid=0 next_prio=120
          <idle>-0     [000] ...2   239.633036: sched_switch: prev_comm=swapper/0 prev_pid=0 prev_prio=120 prev_state=R ==> next_comm=ksoftirqd/0 next_pid=3 next_prio=120
     ksoftirqd/0-3     [000] ...2   239.633043: sched_switch: prev_comm=ksoftirqd/0 prev_pid=3 prev_prio=120 prev_state=S ==> next_comm=swapper/0 next_pid=0 next_prio=120
          <idle>-0     [000] ...2   239.633055: sched_switch: prev_comm=swapper/0 prev_pid=0 prev_prio=120 prev_state=R ==> next_comm=ksoftirqd/0 next_pid=3 next_prio=120
     ksoftirqd/0-3     [000] ...2   239.633062: sched_switch: prev_comm=ksoftirqd/0 prev_pid=3 prev_prio=120 prev_state=S ==> next_comm=swapper/0 next_pid=0 next_prio=120
          <idle>-0     [000] ...2   239.634057: sched_switch: prev_comm=swapper/0 prev_pid=0 prev_prio=120 prev_state=R ==> next_comm=ple.h2benchmark next_pid=3192 next_prio=120
           <...>-3192  [000] ...2   239.637763: sched_switch: prev_comm=ple.h2benchmark prev_pid=3192 prev_prio=120 prev_state=S ==> next_comm=swapper/0 next_pid=0 next_prio=120
          <idle>-0     [000] ...2   239.638816: sched_switch: prev_comm=swapper/0 prev_pid=0 prev_prio=120 prev_state=R ==> next_comm=ple.h2benchmark next_pid=3192 next_prio=120
           <...>-3192  [000] ...2   239.642299: sched_switch: prev_comm=ple.h2benchmark prev_pid=3192 prev_prio=120 prev_state=S ==> next_comm=swapper/0 next_pid=0 next_prio=120
          <idle>-0     [000] ...2   239.642777: sched_switch: prev_comm=swapper/0 prev_pid=0 prev_prio=120 prev_state=R ==> next_comm=ksoftirqd/0 next_pid=3 next_prio=120
     ksoftirqd/0-3     [000] ...2   239.642787: sched_switch: prev_comm=ksoftirqd/0 prev_pid=3 prev_prio=120 prev_state=S ==> next_comm=swapper/0 next_pid=0 next_prio=120
          <idle>-0     [000] ...2   239.643355: sched_switch: prev_comm=swapper/0 prev_pid=0 prev_prio=120 prev_state=R ==> next_comm=ple.h2benchmark next_pid=3192 next_prio=120
           <...>-3192  [000] ...2   239.647004: sched_switch: prev_comm=ple.h2benchmark prev_pid=3192 prev_prio=120 prev_state=S ==> next_comm=swapper/0 next_pid=0 next_prio=120
          <idle>-0     [000] ...2   239.648061: sched_switch: prev_comm=swapper/0 prev_pid=0 prev_prio=120 prev_state=R ==> next_comm=ple.h2benchmark next_pid=3192 next_prio=120
           <...>-3192  [000] ...2   239.651719: sched_switch: prev_comm=ple.h2benchmark prev_pid=3192 prev_prio=120 prev_state=S ==> next_comm=swapper/0 next_pid=0 next_prio=120
          <idle>-0     [000] ...2   239.652777: sched_switch: prev_comm=swapper/0 prev_pid=0 prev_prio=120 prev_state=R ==> next_comm=ple.h2benchmark next_pid=3192 next_prio=120
           <...>-3192  [000] ...2   239.656329: sched_switch: prev_comm=ple.h2benchmark prev_pid=3192 prev_prio=120 prev_state=S ==> next_comm=swapper/0 next_pid=0 next_prio=120
          <idle>-0     [000] ...2   239.657384: sched_switch: prev_comm=swapper/0 prev_pid=0 prev_prio=120 prev_state=R ==> next_comm=ple.h2benchmark next_pid=3192 next_prio=120
          traced-203   [001] ...2   239.659268: sched_switch: prev_comm=traced prev_pid=203 prev_prio=120 prev_state=R ==> next_comm=Benchmark.mv.db next_pid=4749 next_prio=120
           <...>-4749  [001] ...2   239.659301: sched_switch: prev_comm=Benchmark.mv.db prev_pid=4749 prev_prio=120 prev_state=S ==> next_comm=traced next_pid=203 next_prio=120
           <...>-3192  [000] ...2   239.660976: sched_switch: prev_comm=ple.h2benchmark prev_pid=3192 prev_prio=120 prev_state=S ==> next_comm=swapper/0 next_pid=0 next_prio=120
          <idle>-0     [000] ...2   239.662033: sched_switch: prev_comm=swapper/0 prev_pid=0 prev_prio=120 prev_state=R ==> next_comm=ple.h2benchmark next_pid=3192 next_prio=120
           <...>-3192  [000] d..2   239.663494: block_rq_insert: 179,0 WS 0 () 5548592 + 8 [ple.h2benchmark]
           <...>-3192  [000] ...2   239.663516: sched_switch: prev_comm=ple.h2benchmark prev_pid=3192 prev_prio=120 prev_state=R+ ==> next_comm=mmcqd/1 next_pid=116 next_prio=120
         mmcqd/1-116   [000] ...2   239.663575: sched_switch: prev_comm=mmcqd/1 prev_pid=116 prev_prio=120 prev_state=S ==> next_comm=ple.h2benchmark next_pid=3192 next_prio=120
           <...>-3192  [000] ...2   239.663585: sched_switch: prev_comm=ple.h2benchmark prev_pid=3192 prev_prio=120 prev_state=D ==> next_comm=swapper/0 next_pid=0 next_prio=120
          <idle>-0     [000] ...2   239.664452: sched_switch: prev_comm=swapper/0 prev_pid=0 prev_prio=120 prev_state=R ==> next_comm=mmcqd/1 next_pid=116 next_prio=120
         mmcqd/1-116   [000] ...2   239.664482: sched_switch: prev_comm=mmcqd/1 prev_pid=116 prev_prio=120 prev_state=R ==> next_comm=swapper/0 next_pid=0 next_prio=120
          <idle>-0     [000] ...2   239.664485: sched_switch: prev_comm=swapper/0 prev_pid=0 prev_prio=120 prev_state=R ==> next_comm=mmcqd/1 next_pid=116 next_prio=120
         mmcqd/1-116   [000] ...1   239.664496: block_rq_complete: 179,0 WAS () 5548592 + 8 [0]
         mmcqd/1-116   [000] ...2   239.664521: sched_switch: prev_comm=mmcqd/1 prev_pid=116 prev_prio=120 prev_state=R+ ==> next_comm=kworker/0:2H next_pid=167 next_prio=100
    kworker/0:2H-167   [000] ...2   239.664529: sched_switch: prev_comm=kworker/0:2H prev_pid=167 prev_prio=100 prev_state=S ==> next_comm=mmcqd/1 next_pid=116 next_prio=120
         mmcqd/1-116   [000] ...2   239.664540: sched_switch: prev_comm=mmcqd/1 prev_pid=116 prev_prio=120 prev_state=S ==> next_comm=ple.h2benchmark next_pid=3192 next_prio=120
          traced-203   [001] ...2   239.664556: sched_switch: prev_comm=traced prev_pid=203 prev_prio=120 prev_state=R ==> next_comm=jbd2/mmcblk0p28 next_pid=135 next_prio=120
           <...>-3192  [000] ...2   239.664559: sched_switch: prev_comm=ple.h2benchmark prev_pid=3192 prev_prio=120 prev_state=D ==> next_comm=swapper/0 next_pid=0 next_prio=120
 jbd2/mmcblk0p28-135   [001] d..2   239.664607: block_rq_insert: 179,0 WS 0 () 3997360 + 32 [jbd2/mmcblk0p28]
 jbd2/mmcblk0p28-135   [001] ...2   239.664621: sched_switch: prev_comm=jbd2/mmcblk0p28 prev_pid=135 prev_prio=120 prev_state=D ==> next_comm=traced next_pid=203 next_prio=120
          <idle>-0     [000] ...2   239.664622: sched_switch: prev_comm=swapper/0 prev_pid=0 prev_prio=120 prev_state=R ==> next_comm=mmcqd/1 next_pid=116 next_prio=120
         mmcqd/1-116   [000] ...2   239.664661: sched_switch: prev_comm=mmcqd/1 prev_pid=116 prev_prio=120 prev_state=S ==> next_comm=swapper/0 next_pid=0 next_prio=120
          <idle>-0     [000] ...2   239.666474: sched_switch: prev_comm=swapper/0 prev_pid=0 prev_prio=120 prev_state=R ==> next_comm=mmcqd/1 next_pid=116 next_prio=120
         mmcqd/1-116   [000] ...2   239.666500: sched_switch: prev_comm=mmcqd/1 prev_pid=116 prev_prio=120 prev_state=R ==> next_comm=swapper/0 next_pid=0 next_prio=120
          <idle>-0     [000] ...2   239.666504: sched_switch: prev_comm=swapper/0 prev_pid=0 prev_prio=120 prev_state=R ==> next_comm=mmcqd/1 next_pid=116 next_prio=120
         mmcqd/1-116   [000] ...1   239.666511: block_rq_complete: 179,0 WAS () 3997360 + 32 [0]
          traced-203   [001] ...2   239.666523: sched_switch: prev_comm=traced prev_pid=203 prev_prio=120 prev_state=R ==> next_comm=jbd2/mmcblk0p28 next_pid=135 next_prio=120
         mmcqd/1-116   [000] ...2   239.666530: sched_switch: prev_comm=mmcqd/1 prev_pid=116 prev_prio=120 prev_state=R+ ==> next_comm=kworker/0:2H next_pid=167 next_prio=100
    kworker/0:2H-167   [000] ...2   239.666537: sched_switch: prev_comm=kworker/0:2H prev_pid=167 prev_prio=100 prev_state=S ==> next_comm=mmcqd/1 next_pid=116 next_prio=120
 jbd2/mmcblk0p28-135   [001] d..2   239.666545: block_rq_insert: 179,0 FWFS 0 () 3997392 + 8 [jbd2/mmcblk0p28]
         mmcqd/1-116   [000] ...2   239.666549: sched_switch: prev_comm=mmcqd/1 prev_pid=116 prev_prio=120 prev_state=S ==> next_comm=swapper/0 next_pid=0 next_prio=120
          <idle>-0     [000] ...2   239.666554: sched_switch: prev_comm=swapper/0 prev_pid=0 prev_prio=120 prev_state=R+ ==> next_comm=mmcqd/1 next_pid=116 next_prio=120
 jbd2/mmcblk0p28-135   [001] ...2   239.666556: sched_switch: prev_comm=jbd2/mmcblk0p28 prev_pid=135 prev_prio=120 prev_state=D ==> next_comm=traced next_pid=203 next_prio=120
         mmcqd/1-116   [000] ...2   239.666576: sched_switch: prev_comm=mmcqd/1 prev_pid=116 prev_prio=120 prev_state=D ==> next_comm=swapper/0 next_pid=0 next_prio=120
          <idle>-0     [000] ...2   239.666605: sched_switch: prev_comm=swapper/0 prev_pid=0 prev_prio=120 prev_state=R ==> next_comm=mmcqd/1 next_pid=116 next_prio=120
         mmcqd/1-116   [000] ...2   239.666631: sched_switch: prev_comm=mmcqd/1 prev_pid=116 prev_prio=120 prev_state=R ==> next_comm=swapper/0 next_pid=0 next_prio=120
          <idle>-0     [000] ...2   239.666635: sched_switch: prev_comm=swapper/0 prev_pid=0 prev_prio=120 prev_state=R ==> next_comm=mmcqd/1 next_pid=116 next_prio=120
         mmcqd/1-116   [000] ...2   239.666645: sched_switch: prev_comm=mmcqd/1 prev_pid=116 prev_prio=120 prev_state=R+ ==> next_comm=kworker/0:2H next_pid=167 next_prio=100
    kworker/0:2H-167   [000] ...2   239.666651: sched_switch: prev_comm=kworker/0:2H prev_pid=167 prev_prio=100 prev_state=S ==> next_comm=mmcqd/1 next_pid=116 next_prio=120
         mmcqd/1-116   [000] ...2   239.666685: sched_switch: prev_comm=mmcqd/1 prev_pid=116 prev_prio=120 prev_state=S ==> next_comm=swapper/0 next_pid=0 next_prio=120
          <idle>-0     [000] ...2   239.667259: sched_switch: prev_comm=swapper/0 prev_pid=0 prev_prio=120 prev_state=R ==> next_comm=mmcqd/1 next_pid=116 next_prio=120
         mmcqd/1-116   [000] ...2   239.667284: sched_switch: prev_comm=mmcqd/1 prev_pid=116 prev_prio=120 prev_state=R ==> next_comm=swapper/0 next_pid=0 next_prio=120
          <idle>-0     [000] ...2   239.667288: sched_switch: prev_comm=swapper/0 prev_pid=0 prev_prio=120 prev_state=R ==> next_comm=mmcqd/1 next_pid=116 next_prio=120
         mmcqd/1-116   [000] ...1   239.667294: block_rq_complete: 179,0 WFS () 3997392 + 8 [0]
         mmcqd/1-116   [000] d..2   239.667299: block_rq_complete: 179,0 WFS () 3997392 + 0 [0]
          traced-203   [001] ...2   239.667307: sched_switch: prev_comm=traced prev_pid=203 prev_prio=120 prev_state=R ==> next_comm=jbd2/mmcblk0p28 next_pid=135 next_prio=120
         mmcqd/1-116   [000] ...2   239.667318: sched_switch: prev_comm=mmcqd/1 prev_pid=116 prev_prio=120 prev_state=S ==> next_comm=swapper/0 next_pid=0 next_prio=120
          <idle>-0     [000] ...2   239.667326: sched_switch: prev_comm=swapper/0 prev_pid=0 prev_prio=120 prev_state=R ==> next_comm=ple.h2benchmark next_pid=3192 next_prio=120
 jbd2/mmcblk0p28-135   [001] ...2   239.667326: sched_switch: prev_comm=jbd2/mmcblk0p28 prev_pid=135 prev_prio=120 prev_state=S ==> next_comm=traced next_pid=203 next_prio=120
           <...>-3192  [000] ...2   239.671355: sched_switch: prev_comm=ple.h2benchmark prev_pid=3192 prev_prio=120 prev_state=S ==> next_comm=swapper/0 next_pid=0 next_prio=120
          <idle>-0     [000] ...2   239.672409: sched_switch: prev_comm=swapper/0 prev_pid=0 prev_prio=120 prev_state=R ==> next_comm=ple.h2benchmark next_pid=3192 next_prio=120
           <...>-3192  [000] ...2   239.672776: sched_switch: prev_comm=ple.h2benchmark prev_pid=3192 prev_prio=120 prev_state=R+ ==> next_comm=kworker/0:0 next_pid=4 next_prio=120
          traced-203   [001] ...2   239.672776: sched_switch: prev_comm=traced prev_pid=203 prev_prio=120 prev_state=R ==> next_comm=kworker/u:0 next_pid=6 next_prio=120
     kworker/0:0-4     [000] ...2   239.672781: phonelab_periodic_ctx_switch_marker: BEGIN cpu=0 count=0 log_idx=239
     kworker/0:0-4     [000] ...2   239.672783: phonelab_periodic_ctx_switch_info: cpu=0 pid=2 tgid=2 nice=0 comm=kthreadd utime=0 stime=0 rtime=443386 bg_utime=0 bg_stime=0 bg_rtime=0 s_run=0 s_int=13 s_unint=0 s_oth=0 log_idx=239
     kworker/0:0-4     [000] ...2   239.672784: phonelab_periodic_ctx_switch_info: cpu=0 pid=2930 tgid=2930 nice=0 comm=logcat utime=0 stime=0 rtime=294532 bg_utime=0 bg_stime=0 bg_rtime=294532 s_run=0 s_int=3 s_unint=0 s_oth=0 log_idx=239
     kworker/0:0-4     [000] ...2   239.672785: phonelab_periodic_ctx_switch_info: cpu=0 pid=3 tgid=3 nice=0 comm=ksoftirqd/0 utime=0 stime=0 rtime=2362504 bg_utime=0 bg_stime=0 bg_rtime=0 s_run=0 s_int=137 s_unint=0 s_oth=0 log_idx=239
     kworker/0:0-4     [000] ...2   239.672786: phonelab_periodic_ctx_switch_info: cpu=0 pid=171 tgid=171 nice=0 comm=healthd utime=0 stime=0 rtime=90158 bg_utime=0 bg_stime=0 bg_rtime=0 s_run=0 s_int=3 s_unint=0 s_oth=0 log_idx=239
     kworker/0:0-4     [000] ...2   239.672787: phonelab_periodic_ctx_switch_info: cpu=0 pid=3201 tgid=3192 nice=0 comm=Heap thread poo utime=0 stime=0 rtime=98387 bg_utime=0 bg_stime=0 bg_rtime=0 s_run=0 s_int=5 s_unint=0 s_oth=0 log_idx=239
     kworker/0:0-4     [000] ...2   239.672789: phonelab_periodic_ctx_switch_info: cpu=0 pid=4 tgid=4 nice=0 comm=kworker/0:0 utime=0 stime=0 rtime=1254897 bg_utime=0 bg_stime=0 bg_rtime=0 s_run=1 s_int=15 s_unint=10 s_oth=0 log_idx=239
     kworker/0:0-4     [000] ...2   239.672790: phonelab_periodic_ctx_switch_info: cpu=0 pid=4735 tgid=4735 nice=0 comm=kworker/3:0 utime=0 stime=0 rtime=35052 bg_utime=0 bg_stime=0 bg_rtime=0 s_run=0 s_int=0 s_unint=0 s_oth=1 log_idx=239
     kworker/0:0-4     [000] ...2   239.672791: phonelab_periodic_ctx_switch_info: cpu=0 pid=17 tgid=17 nice=-20 comm=kworker/0:1H utime=0 stime=0 rtime=272813 bg_utime=0 bg_stime=0 bg_rtime=0 s_run=0 s_int=2 s_unint=0 s_oth=0 log_idx=239
     kworker/u:0-6     [001] ...2   239.672792: sched_switch: prev_comm=kworker/u:0 prev_pid=6 prev_prio=120 prev_state=S ==> next_comm=traced next_pid=203 next_prio=120
     kworker/0:0-4     [000] ...2   239.672792: phonelab_periodic_ctx_switch_info: cpu=0 pid=3208 tgid=3192 nice=0 comm=GCDaemon utime=4 stime=5 rtime=85860575 bg_utime=0 bg_stime=0 bg_rtime=0 s_run=66 s_int=42 s_unint=130 s_oth=0 log_idx=239
     kworker/0:0-4     [000] ...2   239.672793: phonelab_periodic_ctx_switch_info: cpu=0 pid=4739 tgid=4739 nice=-20 comm=kworker/3:1H utime=0 stime=0 rtime=30052 bg_utime=0 bg_stime=0 bg_rtime=0 s_run=0 s_int=0 s_unint=0 s_oth=1 log_idx=239
     kworker/0:0-4     [000] ...2   239.672794: phonelab_periodic_ctx_switch_info: cpu=0 pid=127 tgid=127 nice=0 comm=ueventd utime=0 stime=0 rtime=39688 bg_utime=0 bg_stime=0 bg_rtime=0 s_run=0 s_int=1 s_unint=0 s_oth=0 log_idx=239
     kworker/0:0-4     [000] ...2   239.672795: phonelab_periodic_ctx_switch_info: cpu=0 pid=1677 tgid=195 nice=0 comm=bridgemgrd utime=0 stime=0 rtime=116563 bg_utime=0 bg_stime=0 bg_rtime=0 s_run=0 s_int=3 s_unint=0 s_oth=0 log_idx=239
     kworker/0:0-4     [000] ...2   239.672797: phonelab_periodic_ctx_switch_info: cpu=0 pid=4756 tgid=4756 nice=0 comm=sh utime=0 stime=0 rtime=1421823 bg_utime=0 bg_stime=0 bg_rtime=0 s_run=1 s_int=0 s_unint=0 s_oth=1 log_idx=239
     kworker/0:0-4     [000] ...2   239.672798: phonelab_periodic_ctx_switch_info: cpu=0 pid=4745 tgid=4745 nice=0 comm=workqueue_trust utime=0 stime=0 rtime=21563 bg_utime=0 bg_stime=0 bg_rtime=0 s_run=0 s_int=0 s_unint=1 s_oth=0 log_idx=239
     kworker/0:0-4     [000] ...2   239.672799: phonelab_periodic_ctx_switch_info: cpu=0 pid=4737 tgid=4737 nice=0 comm=ksoftirqd/3 utime=0 stime=0 rtime=54583 bg_utime=0 bg_stime=0 bg_rtime=0 s_run=0 s_int=0 s_unint=0 s_oth=1 log_idx=239
     kworker/0:0-4     [000] ...2   239.672800: phonelab_periodic_ctx_switch_info: cpu=0 pid=3203 tgid=3192 nice=0 comm=JDWP utime=0 stime=0 rtime=3326198 bg_utime=0 bg_stime=0 bg_rtime=0 s_run=0 s_int=3 s_unint=0 s_oth=0 log_idx=239
     kworker/0:0-4     [000] ...2   239.672802: phonelab_periodic_ctx_switch_info: cpu=0 pid=4278 tgid=4278 nice=-20 comm=kworker/2:1H utime=0 stime=0 rtime=37917 bg_utime=0 bg_stime=0 bg_rtime=0 s_run=0 s_int=0 s_unint=0 s_oth=1 log_idx=239
     kworker/0:0-4     [000] ...2   239.672803: phonelab_periodic_ctx_switch_info: cpu=0 pid=3057 tgid=1852 nice=0 comm=adbd utime=0 stime=0 rtime=1709171 bg_utime=0 bg_stime=0 bg_rtime=0 s_run=0 s_int=42 s_unint=0 s_oth=0 log_idx=239
     kworker/0:0-4     [000] ...2   239.672804: phonelab_periodic_ctx_switch_info: cpu=0 pid=0 tgid=0 nice=0 comm=swapper/0 utime=0 stime=24 rtime=239648999 bg_utime=0 bg_stime=0 bg_rtime=0 s_run=358 s_int=0 s_unint=0 s_oth=0 log_idx=239
     kworker/0:0-4     [000] ...2   239.672805: phonelab_periodic_ctx_switch_info: cpu=0 pid=4738 tgid=4738 nice=0 comm=kworker/3:1 utime=0 stime=0 rtime=43386 bg_utime=0 bg_stime=0 bg_rtime=0 s_run=0 s_int=0 s_unint=0 s_oth=1 log_idx=239
     kworker/0:0-4     [000] ...2   239.672806: phonelab_periodic_ctx_switch_info: cpu=0 pid=4269 tgid=4269 nice=0 comm=ksoftirqd/2 utime=0 stime=0 rtime=87552 bg_utime=0 bg_stime=0 bg_rtime=0 s_run=0 s_int=0 s_unint=0 s_oth=1 log_idx=239
     kworker/0:0-4     [000] ...2   239.672807: phonelab_periodic_ctx_switch_info: cpu=0 pid=167 tgid=167 nice=-20 comm=kworker/0:2H utime=0 stime=0 rtime=620417 bg_utime=0 bg_stime=0 bg_rtime=0 s_run=0 s_int=42 s_unint=4 s_oth=0 log_idx=239
     kworker/0:0-4     [000] ...2   239.672808: phonelab_periodic_ctx_switch_info: cpu=0 pid=790 tgid=691 nice=-2 comm=system_server utime=0 stime=0 rtime=59217 bg_utime=0 bg_stime=0 bg_rtime=0 s_run=0 s_int=3 s_unint=0 s_oth=0 log_idx=239
     kworker/0:0-4     [000] ...2   239.672809: phonelab_periodic_ctx_switch_info: cpu=0 pid=7 tgid=7 nice=-20 comm=kworker/u:0H utime=0 stime=0 rtime=1114582 bg_utime=0 bg_stime=0 bg_rtime=0 s_run=0 s_int=0 s_unint=31 s_oth=0 log_idx=239
     kworker/0:0-4     [000] ...2   239.672810: phonelab_periodic_ctx_switch_info: cpu=0 pid=877 tgid=868 nice=0 comm=ndroid.systemu utime=0 stime=0 rtime=35312 bg_utime=0 bg_stime=0 bg_rtime=0 s_run=0 s_int=1 s_unint=0 s_oth=0 log_idx=239
     kworker/0:0-4     [000] ...2   239.672812: phonelab_periodic_ctx_switch_info: cpu=0 pid=3204 tgid=3192 nice=0 comm=ReferenceQueueD utime=0 stime=0 rtime=1320829 bg_utime=0 bg_stime=0 bg_rtime=0 s_run=0 s_int=43 s_unint=0 s_oth=0 log_idx=239
     kworker/0:0-4     [000] ...2   239.672813: phonelab_periodic_ctx_switch_info: cpu=0 pid=4279 tgid=4279 nice=-20 comm=kworker/2:2H utime=0 stime=0 rtime=72396 bg_utime=0 bg_stime=0 bg_rtime=0 s_run=0 s_int=0 s_unint=0 s_oth=1 log_idx=239
     kworker/0:0-4     [000] ...2   239.672814: phonelab_periodic_ctx_switch_info: cpu=0 pid=4268 tgid=4268 nice=-20 comm=kworker/2:0H utime=0 stime=0 rtime=43437 bg_utime=0 bg_stime=0 bg_rtime=0 s_run=0 s_int=0 s_unint=0 s_oth=1 log_idx=239
     kworker/0:0-4     [000] ...2   239.672815: phonelab_periodic_ctx_switch_info: cpu=0 pid=8 tgid=8 nice=0 comm=migration/0 utime=0 stime=0 rtime=1639583 bg_utime=0 bg_stime=0 bg_rtime=0 s_run=0 s_int=2 s_unint=0 s_oth=0 log_idx=239
     kworker/0:0-4     [000] ...2   239.672816: phonelab_periodic_ctx_switch_info: cpu=0 pid=4734 tgid=4734 nice=0 comm=migration/3 utime=0 stime=0 rtime=25104 bg_utime=0 bg_stime=0 bg_rtime=0 s_run=0 s_int=0 s_unint=0 s_oth=1 log_idx=239
     kworker/0:0-4     [000] ...2   239.672817: phonelab_periodic_ctx_switch_info: cpu=0 pid=238 tgid=177 nice=0 comm=vold utime=0 stime=0 rtime=60937 bg_utime=0 bg_stime=0 bg_rtime=0 s_run=0 s_int=1 s_unint=0 s_oth=0 log_idx=239
     kworker/0:0-4     [000] ...2   239.672820: phonelab_periodic_ctx_switch_info: cpu=0 pid=1812 tgid=1793 nice=-7 comm=mpdecision utime=0 stime=1 rtime=9295315 bg_utime=0 bg_stime=0 bg_rtime=0 s_run=18 s_int=20 s_unint=18 s_oth=0 log_idx=239
     kworker/0:0-4     [000] ...2   239.672821: phonelab_periodic_ctx_switch_info: cpu=0 pid=797 tgid=691 nice=0 comm=UEventObserver utime=0 stime=0 rtime=99636 bg_utime=0 bg_stime=0 bg_rtime=0 s_run=0 s_int=3 s_unint=0 s_oth=0 log_idx=239
     kworker/0:0-4     [000] ...2   239.672823: phonelab_periodic_ctx_switch_info: cpu=0 pid=3192 tgid=3192 nice=0 comm=ple.h2benchmark utime=8 stime=2 rtime=98293697 bg_utime=0 bg_stime=0 bg_rtime=0 s_run=3 s_int=26 s_unint=6 s_oth=0 log_idx=239
     kworker/0:0-4     [000] ...2   239.672824: phonelab_periodic_ctx_switch_info: cpu=0 pid=3058 tgid=1852 nice=0 comm=adbd utime=0 stime=0 rtime=1403434 bg_utime=0 bg_stime=0 bg_rtime=0 s_run=0 s_int=34 s_unint=0 s_oth=0 log_idx=239
     kworker/0:0-4     [000] ...2   239.672825: phonelab_periodic_ctx_switch_info: cpu=0 pid=1852 tgid=1852 nice=0 comm=adbd utime=0 stime=1 rtime=9822603 bg_utime=0 bg_stime=0 bg_rtime=0 s_run=0 s_int=44 s_unint=17 s_oth=0 log_idx=239
     kworker/0:0-4     [000] ...2   239.672826: phonelab_periodic_ctx_switch_info: cpu=0 pid=3200 tgid=3192 nice=0 comm=Heap thread poo utime=0 stime=0 rtime=2865728 bg_utime=0 bg_stime=0 bg_rtime=0 s_run=0 s_int=13 s_unint=0 s_oth=0 log_idx=239
     kworker/0:0-4     [000] ...2   239.672827: phonelab_periodic_ctx_switch_info: cpu=0 pid=4755 tgid=1852 nice=0 comm=adbd utime=0 stime=0 rtime=123334 bg_utime=0 bg_stime=0 bg_rtime=0 s_run=1 s_int=1 s_unint=0 s_oth=1 log_idx=239
     kworker/0:0-4     [000] ...2   239.672829: phonelab_periodic_ctx_switch_info: cpu=0 pid=286 tgid=178 nice=-8 comm=hwcUeventThread utime=0 stime=0 rtime=75260 bg_utime=0 bg_stime=0 bg_rtime=0 s_run=0 s_int=3 s_unint=0 s_oth=0 log_idx=239
     kworker/0:0-4     [000] ...2   239.672830: phonelab_periodic_ctx_switch_info: cpu=0 pid=526 tgid=186 nice=0 comm=netd utime=0 stime=0 rtime=67240 bg_utime=0 bg_stime=0 bg_rtime=0 s_run=0 s_int=1 s_unint=0 s_oth=0 log_idx=239
     kworker/0:0-4     [000] ...2   239.672831: phonelab_periodic_ctx_switch_info: cpu=0 pid=4266 tgid=4266 nice=0 comm=migration/2 utime=0 stime=0 rtime=65365 bg_utime=0 bg_stime=0 bg_rtime=0 s_run=0 s_int=0 s_unint=0 s_oth=1 log_idx=239
     kworker/0:0-4     [000] ...2   239.672832: phonelab_periodic_ctx_switch_info: cpu=0 pid=1802 tgid=1793 nice=-7 comm=mpdecision utime=0 stime=0 rtime=91146 bg_utime=0 bg_stime=0 bg_rtime=0 s_run=0 s_int=3 s_unint=0 s_oth=0 log_idx=239
     kworker/0:0-4     [000] ...2   239.672833: phonelab_periodic_ctx_switch_info: cpu=0 pid=4736 tgid=4736 nice=-20 comm=kworker/3:0H utime=0 stime=0 rtime=32448 bg_utime=0 bg_stime=0 bg_rtime=0 s_run=0 s_int=0 s_unint=0 s_oth=1 log_idx=239
     kworker/0:0-4     [000] ...2   239.672835: phonelab_periodic_ctx_switch_info: cpu=0 pid=4742 tgid=4742 nice=0 comm=workqueue_trust utime=0 stime=0 rtime=104636 bg_utime=0 bg_stime=0 bg_rtime=0 s_run=3 s_int=0 s_unint=2 s_oth=1 log_idx=239
     kworker/0:0-4     [000] ...2   239.672836: phonelab_periodic_ctx_switch_info: cpu=0 pid=4741 tgid=4741 nice=0 comm=init utime=0 stime=0 rtime=1383385 bg_utime=0 bg_stime=0 bg_rtime=0 s_run=1 s_int=0 s_unint=0 s_oth=1 log_idx=239
     kworker/0:0-4     [000] ...2   239.672837: phonelab_periodic_ctx_switch_info: cpu=0 pid=202 tgid=202 nice=0 comm=kmsgd utime=0 stime=0 rtime=277865 bg_utime=0 bg_stime=0 bg_rtime=0 s_run=0 s_int=2 s_unint=0 s_oth=0 log_idx=239
     kworker/0:0-4     [000] ...2   239.672838: phonelab_periodic_ctx_switch_info: cpu=0 pid=116 tgid=116 nice=0 comm=mmcqd/1 utime=0 stime=1 rtime=10500735 bg_utime=0 bg_stime=0 bg_rtime=0 s_run=35 s_int=138 s_unint=63 s_oth=0 log_idx=239
     kworker/0:0-4     [000] ...2   239.672839: phonelab_periodic_ctx_switch_info: cpu=0 pid=1 tgid=1 nice=0 comm=init utime=0 stime=0 rtime=736250 bg_utime=0 bg_stime=0 bg_rtime=0 s_run=0 s_int=2 s_unint=0 s_oth=0 log_idx=239
     kworker/0:0-4     [000] ...2   239.672841: phonelab_periodic_ctx_switch_info: cpu=0 pid=203 tgid=203 nice=0 comm=traced utime=51 stime=0 rtime=522380519 bg_utime=0 bg_stime=0 bg_rtime=0 s_run=251 s_int=0 s_unint=0 s_oth=0 log_idx=239
     kworker/0:0-4     [000] ...2   239.672842: phonelab_periodic_ctx_switch_info: cpu=0 pid=542 tgid=195 nice=0 comm=bridgemgrd utime=0 stime=0 rtime=95677 bg_utime=0 bg_stime=0 bg_rtime=0 s_run=0 s_int=3 s_unint=0 s_oth=0 log_idx=239
     kworker/0:0-4     [000] ...2   239.672843: phonelab_periodic_ctx_switch_info: cpu=0 pid=4740 tgid=4740 nice=-20 comm=kworker/3:2H utime=0 stime=0 rtime=30416 bg_utime=0 bg_stime=0 bg_rtime=0 s_run=0 s_int=0 s_unint=0 s_oth=1 log_idx=239
     kworker/0:0-4     [000] ...2   239.672860: phonelab_periodic_ctx_switch_marker: END cpu=0 count=51 log_idx=239
     kworker/0:0-4     [000] ...2   239.672863: phonelab_timing: func=periodic_ctx_switch_info time=82240ns cpu=0
     kworker/0:0-4     [000] ...2   239.672869: sched_switch: prev_comm=kworker/0:0 prev_pid=4 prev_prio=120 prev_state=S ==> next_comm=mpdecision next_pid=1812 next_prio=113
      mpdecision-1812  [000] ...2   239.673114: sched_switch: prev_comm=mpdecision prev_pid=1812 prev_prio=113 prev_state=S ==> next_comm=ple.h2benchmark next_pid=3192 next_prio=120
           <...>-3192  [000] ...2   239.676512: sched_switch: prev_comm=ple.h2benchmark prev_pid=3192 prev_prio=120 prev_state=S ==> next_comm=swapper/0 next_pid=0 next_prio=120
          <idle>-0     [000] ...2   239.676528: sched_switch: prev_comm=swapper/0 prev_pid=0 prev_prio=120 prev_state=R ==> next_comm=ksoftirqd/0 next_pid=3 next_prio=120
     ksoftirqd/0-3     [000] ...2   239.676539: sched_switch: prev_comm=ksoftirqd/0 prev_pid=3 prev_prio=120 prev_state=S ==> next_comm=swapper/0 next_pid=0 next_prio=120
          <idle>-0     [000] ...2   239.676551: sched_switch: prev_comm=swapper/0 prev_pid=0 prev_prio=120 prev_state=R ==> next_comm=ksoftirqd/0 next_pid=3 next_prio=120
     ksoftirqd/0-3     [000] ...2   239.676560: sched_switch: prev_comm=ksoftirqd/0 prev_pid=3 prev_prio=120 prev_state=S ==> next_comm=swapper/0 next_pid=0 next_prio=120
          <idle>-0     [000] ...2   239.676572: sched_switch: prev_comm=swapper/0 prev_pid=0 prev_prio=120 prev_state=R ==> next_comm=ksoftirqd/0 next_pid=3 next_prio=120
     ksoftirqd/0-3     [000] ...2   239.676579: sched_switch: prev_comm=ksoftirqd/0 prev_pid=3 prev_prio=120 prev_state=S ==> next_comm=swapper/0 next_pid=0 next_prio=120
          <idle>-0     [000] ...2   239.677569: sched_switch: prev_comm=swapper/0 prev_pid=0 prev_prio=120 prev_state=R ==> next_comm=ple.h2benchmark next_pid=3192 next_prio=120
           <...>-3192  [000] ...2   239.677652: sched_switch: prev_comm=ple.h2benchmark prev_pid=3192 prev_prio=120 prev_state=S ==> next_comm=swapper/0 next_pid=0 next_prio=120
          <idle>-0     [000] ...2   239.678706: sched_switch: prev_comm=swapper/0 prev_pid=0 prev_prio=120 prev_state=R ==> next_comm=ple.h2benchmark next_pid=3192 next_prio=120
           <...>-3192  [000] d..2   239.680022: block_rq_insert: 179,0 WS 0 () 5548600 + 8 [ple.h2benchmark]
           <...>-3192  [000] ...2   239.680040: sched_switch: prev_comm=ple.h2benchmark prev_pid=3192 prev_prio=120 prev_state=R+ ==> next_comm=mmcqd/1 next_pid=116 next_prio=120
         mmcqd/1-116   [000] ...2   239.680090: sched_switch: prev_comm=mmcqd/1 prev_pid=116 prev_prio=120 prev_state=S ==> next_comm=ple.h2benchmark next_pid=3192 next_prio=120
           <...>-3192  [000] ...2   239.680100: sched_switch: prev_comm=ple.h2benchmark prev_pid=3192 prev_prio=120 prev_state=D ==> next_comm=swapper/0 next_pid=0 next_prio=120
          <idle>-0     [000] ...2   239.680973: sched_switch: prev_comm=swapper/0 prev_pid=0 prev_prio=120 prev_state=R ==> next_comm=mmcqd/1 next_pid=116 next_prio=120
         mmcqd/1-116   [000] ...2   239.681001: sched_switch: prev_comm=mmcqd/1 prev_pid=116 prev_prio=120 prev_state=R ==> next_comm=swapper/0 next_pid=0 next_prio=120
          <idle>-0     [000] ...2   239.681005: sched_switch: prev_comm=swapper/0 prev_pid=0 prev_prio=120 prev_state=R ==> next_comm=mmcqd/1 next_pid=116 next_prio=120
         mmcqd/1-116   [000] ...1   239.681014: block_rq_complete: 179,0 WAS () 5548600 + 8 [0]
         mmcqd/1-116   [000] ...2   239.681037: sched_switch: prev_comm=mmcqd/1 prev_pid=116 prev_prio=120 prev_state=R+ ==> next_comm=kworker/0:2H next_pid=167 next_prio=100
    kworker/0:2H-167   [000] ...2   239.681045: sched_switch: prev_comm=kworker/0:2H prev_pid=167 prev_prio=100 prev_state=S ==> next_comm=mmcqd/1 next_pid=116 next_prio=120
         mmcqd/1-116   [000] ...2   239.681054: sched_switch: prev_comm=mmcqd/1 prev_pid=116 prev_prio=120 prev_state=S ==> next_comm=ple.h2benchmark next_pid=3192 next_prio=120
          traced-203   [001] ...2   239.681069: sched_switch: prev_comm=traced prev_pid=203 prev_prio=120 prev_state=R ==> next_comm=jbd2/mmcblk0p28 next_pid=135 next_prio=120
           <...>-3192  [000] ...2   239.681073: sched_switch: prev_comm=ple.h2benchmark prev_pid=3192 prev_prio=120 prev_state=D ==> next_comm=swapper/0 next_pid=0 next_prio=120
 jbd2/mmcblk0p28-135   [001] d..2   239.681114: block_rq_insert: 179,0 WS 0 () 3997400 + 32 [jbd2/mmcblk0p28]
 jbd2/mmcblk0p28-135   [001] ...2   239.681128: sched_switch: prev_comm=jbd2/mmcblk0p28 prev_pid=135 prev_prio=120 prev_state=D ==> next_comm=traced next_pid=203 next_prio=120
          <idle>-0     [000] ...2   239.681129: sched_switch: prev_comm=swapper/0 prev_pid=0 prev_prio=120 prev_state=R ==> next_comm=mmcqd/1 next_pid=116 next_prio=120
         mmcqd/1-116   [000] ...2   239.681168: sched_switch: prev_comm=mmcqd/1 prev_pid=116 prev_prio=120 prev_state=S ==> next_comm=swapper/0 next_pid=0 next_prio=120
          <idle>-0     [000] ...2   239.682786: sched_switch: prev_comm=swapper/0 prev_pid=0 prev_prio=120 prev_state=R ==> next_comm=ksoftirqd/0 next_pid=3 next_prio=120
     ksoftirqd/0-3     [000] ...2   239.682793: sched_switch: prev_comm=ksoftirqd/0 prev_pid=3 prev_prio=120 prev_state=S ==> next_comm=swapper/0 next_pid=0 next_prio=120
          <idle>-0     [000] ...2   239.682809: sched_switch: prev_comm=swapper/0 prev_pid=0 prev_prio=120 prev_state=R ==> next_comm=ksoftirqd/0 next_pid=3 next_prio=120
     ksoftirqd/0-3     [000] ...2   239.682816: sched_switch: prev_comm=ksoftirqd/0 prev_pid=3 prev_prio=120 prev_state=S ==> next_comm=swapper/0 next_pid=0 next_prio=120
          <idle>-0     [000] ...2   239.682830: sched_switch: prev_comm=swapper/0 prev_pid=0 prev_prio=120 prev_state=R ==> next_comm=ksoftirqd/0 next_pid=3 next_prio=120
     ksoftirqd/0-3     [000] ...2   239.682837: sched_switch: prev_comm=ksoftirqd/0 prev_pid=3 prev_prio=120 prev_state=S ==> next_comm=swapper/0 next_pid=0 next_prio=120
          <idle>-0     [000] ...2   239.683138: sched_switch: prev_comm=swapper/0 prev_pid=0 prev_prio=120 prev_state=R ==> next_comm=mmcqd/1 next_pid=116 next_prio=120
         mmcqd/1-116   [000] ...2   239.683164: sched_switch: prev_comm=mmcqd/1 prev_pid=116 prev_prio=120 prev_state=R ==> next_comm=swapper/0 next_pid=0 next_prio=120
          <idle>-0     [000] ...2   239.683168: sched_switch: prev_comm=swapper/0 prev_pid=0 prev_prio=120 prev_state=R ==> next_comm=mmcqd/1 next_pid=116 next_prio=120
         mmcqd/1-116   [000] ...1   239.683175: block_rq_complete: 179,0 WAS () 3997400 + 32 [0]
          traced-203   [001] ...2   239.683187: sched_switch: prev_comm=traced prev_pid=203 prev_prio=120 prev_state=R ==> next_comm=jbd2/mmcblk0p28 next_pid=135 next_prio=120
         mmcqd/1-116   [000] ...2   239.683195: sched_switch: prev_comm=mmcqd/1 prev_pid=116 prev_prio=120 prev_state=R+ ==> next_comm=kworker/0:2H next_pid=167 next_prio=100
    kworker/0:2H-167   [000] ...2   239.683202: sched_switch: prev_comm=kworker/0:2H prev_pid=167 prev_prio=100 prev_state=S ==> next_comm=mmcqd/1 next_pid=116 next_prio=120
 jbd2/mmcblk0p28-135   [001] d..2   239.683209: block_rq_insert: 179,0 FWFS 0 () 3997432 + 8 [jbd2/mmcblk0p28]
         mmcqd/1-116   [000] ...2   239.683214: sched_switch: prev_comm=mmcqd/1 prev_pid=116 prev_prio=120 prev_state=S ==> next_comm=swapper/0 next_pid=0 next_prio=120
          <idle>-0     [000] ...2   239.683218: sched_switch: prev_comm=swapper/0 prev_pid=0 prev_prio=120 prev_state=R+ ==> next_comm=mmcqd/1 next_pid=116 next_prio=120
 jbd2/mmcblk0p28-135   [001] ...2   239.683221: sched_switch: prev_comm=jbd2/mmcblk0p28 prev_pid=135 prev_prio=120 prev_state=D ==> next_comm=traced next_pid=203 next_prio=120
         mmcqd/1-116   [000] ...2   239.683241: sched_switch: prev_comm=mmcqd/1 prev_pid=116 prev_prio=120 prev_state=D ==> next_comm=swapper/0 next_pid=0 next_prio=120
          <idle>-0     [000] ...2   239.683270: sched_switch: prev_comm=swapper/0 prev_pid=0 prev_prio=120 prev_state=R ==> next_comm=mmcqd/1 next_pid=116 next_prio=120
         mmcqd/1-116   [000] ...2   239.683294: sched_switch: prev_comm=mmcqd/1 prev_pid=116 prev_prio=120 prev_state=R ==> next_comm=swapper/0 next_pid=0 next_prio=120
          <idle>-0     [000] ...2   239.683298: sched_switch: prev_comm=swapper/0 prev_pid=0 prev_prio=120 prev_state=R ==> next_comm=mmcqd/1 next_pid=116 next_prio=120
         mmcqd/1-116   [000] ...2   239.683309: sched_switch: prev_comm=mmcqd/1 prev_pid=116 prev_prio=120 prev_state=R+ ==> next_comm=kworker/0:2H next_pid=167 next_prio=100
    kworker/0:2H-167   [000] ...2   239.683315: sched_switch: prev_comm=kworker/0:2H prev_pid=167 prev_prio=100 prev_state=S ==> next_comm=mmcqd/1 next_pid=116 next_prio=120
         mmcqd/1-116   [000] ...2   239.683343: sched_switch: prev_comm=mmcqd/1 prev_pid=116 prev_prio=120 prev_state=S ==> next_comm=swapper/0 next_pid=0 next_prio=120
          <idle>-0     [000] ...2   239.684511: sched_switch: prev_comm=swapper/0 prev_pid=0 prev_prio=120 prev_state=R ==> next_comm=mmcqd/1 next_pid=116 next_prio=120
         mmcqd/1-116   [000] ...2   239.684537: sched_switch: prev_comm=mmcqd/1 prev_pid=116 prev_prio=120 prev_state=R ==> next_comm=swapper/0 next_pid=0 next_prio=120
          <idle>-0     [000] ...2   239.684541: sched_switch: prev_comm=swapper/0 prev_pid=0 prev_prio=120 prev_state=R ==> next_comm=mmcqd/1 next_pid=116 next_prio=120
         mmcqd/1-116   [000] ...1   239.684547: block_rq_complete: 179,0 WFS () 3997432 + 8 [0]
         mmcqd/1-116   [000] d..2   239.684550: block_rq_complete: 179,0 WFS () 3997432 + 0 [0]
          traced-203   [001] ...2   239.684558: sched_switch: prev_comm=traced prev_pid=203 prev_prio=120 prev_state=R ==> next_comm=jbd2/mmcblk0p28 next_pid=135 next_prio=120
         mmcqd/1-116   [000] ...2   239.684569: sched_switch: prev_comm=mmcqd/1 prev_pid=116 prev_prio=120 prev_state=S ==> next_comm=swapper/0 next_pid=0 next_prio=120
          <idle>-0     [000] ...2   239.684574: sched_switch: prev_comm=swapper/0 prev_pid=0 prev_prio=120 prev_state=R+ ==> next_comm=ple.h2benchmark next_pid=3192 next_prio=120
 jbd2/mmcblk0p28-135   [001] ...2   239.684576: sched_switch: prev_comm=jbd2/mmcblk0p28 prev_pid=135 prev_prio=120 prev_state=S ==> next_comm=traced next_pid=203 next_prio=120
           <...>-3192  [000] ...2   239.688409: sched_switch: prev_comm=ple.h2benchmark prev_pid=3192 prev_prio=120 prev_state=S ==> next_comm=swapper/0 next_pid=0 next_prio=120
          <idle>-0     [000] ...2   239.689462: sched_switch: prev_comm=swapper/0 prev_pid=0 prev_prio=120 prev_state=R ==> next_comm=ple.h2benchmark next_pid=3192 next_prio=120
           <...>-3192  [000] ...2   239.692951: sched_switch: prev_comm=ple.h2benchmark prev_pid=3192 prev_prio=120 prev_state=S ==> next_comm=swapper/0 next_pid=0 next_prio=120
          <idle>-0     [000] ...2   239.692966: sched_switch: prev_comm=swapper/0 prev_pid=0 prev_prio=120 prev_state=R ==> next_comm=ksoftirqd/0 next_pid=3 next_prio=120
     ksoftirqd/0-3     [000] ...2   239.692977: sched_switch: prev_comm=ksoftirqd/0 prev_pid=3 prev_prio=120 prev_state=S ==> next_comm=swapper/0 next_pid=0 next_prio=120
          <idle>-0     [000] ...2   239.694008: sched_switch: prev_comm=swapper/0 prev_pid=0 prev_prio=120 prev_state=R ==> next_comm=ple.h2benchmark next_pid=3192 next_prio=120
           <...>-3192  [000] ...2   239.697473: sched_switch: prev_comm=ple.h2benchmark prev_pid=3192 prev_prio=120 prev_state=S ==> next_comm=swapper/0 next_pid=0 next_prio=120
          <idle>-0     [000] ...2   239.698528: sched_switch: prev_comm=swapper/0 prev_pid=0 prev_prio=120 prev_state=R ==> next_comm=ple.h2benchmark next_pid=3192 next_prio=120
           <...>-3192  [000] ...2   239.702056: sched_switch: prev_comm=ple.h2benchmark prev_pid=3192 prev_prio=120 prev_state=S ==> next_comm=swapper/0 next_pid=0 next_prio=120
          <idle>-0     [000] ...2   239.703115: sched_switch: prev_comm=swapper/0 prev_pid=0 prev_prio=120 prev_state=R ==> next_comm=ple.h2benchmark next_pid=3192 next_prio=120
           <...>-3192  [000] ...2   239.706507: sched_switch: prev_comm=ple.h2benchmark prev_pid=3192 prev_prio=120 prev_state=S ==> next_comm=swapper/0 next_pid=0 next_prio=120
          <idle>-0     [000] ...2   239.707565: sched_switch: prev_comm=swapper/0 prev_pid=0 prev_prio=120 prev_state=R ==> next_comm=ple.h2benchmark next_pid=3192 next_prio=120
          traced-203   [001] ...2   239.709355: sched_switch: prev_comm=traced prev_pid=203 prev_prio=120 prev_state=R ==> next_comm=Benchmark.mv.db next_pid=4749 next_prio=120
           <...>-4749  [001] ...2   239.709389: sched_switch: prev_comm=Benchmark.mv.db prev_pid=4749 prev_prio=120 prev_state=S ==> next_comm=traced next_pid=203 next_prio=120
           <...>-3192  [000] ...2   239.711165: sched_switch: prev_comm=ple.h2benchmark prev_pid=3192 prev_prio=120 prev_state=S ==> next_comm=swapper/0 next_pid=0 next_prio=120
          <idle>-0     [000] ...2   239.712222: sched_switch: prev_comm=swapper/0 prev_pid=0 prev_prio=120 prev_state=R ==> next_comm=ple.h2benchmark next_pid=3192 next_prio=120
           <...>-3192  [000] ...2   239.715896: sched_switch: prev_comm=ple.h2benchmark prev_pid=3192 prev_prio=120 prev_state=S ==> next_comm=swapper/0 next_pid=0 next_prio=120
          <idle>-0     [000] ...2   239.716952: sched_switch: prev_comm=swapper/0 prev_pid=0 prev_prio=120 prev_state=R ==> next_comm=ple.h2benchmark next_pid=3192 next_prio=120
           <...>-3192  [000] ...2   239.720384: sched_switch: prev_comm=ple.h2benchmark prev_pid=3192 prev_prio=120 prev_state=S ==> next_comm=swapper/0 next_pid=0 next_prio=120
          <idle>-0     [000] ...2   239.721442: sched_switch: prev_comm=swapper/0 prev_pid=0 prev_prio=120 prev_state=R ==> next_comm=ple.h2benchmark next_pid=3192 next_prio=120
          traced-203   [001] ...2   239.722773: sched_switch: prev_comm=traced prev_pid=203 prev_prio=120 prev_state=R ==> next_comm=kworker/u:0 next_pid=6 next_prio=120
           <...>-3192  [000] ...2   239.722787: sched_switch: prev_comm=ple.h2benchmark prev_pid=3192 prev_prio=120 prev_state=R ==> next_comm=mpdecision next_pid=1812 next_prio=113
     kworker/u:0-6     [001] ...2   239.722789: sched_switch: prev_comm=kworker/u:0 prev_pid=6 prev_prio=120 prev_state=S ==> next_comm=traced next_pid=203 next_prio=120
      mpdecision-1812  [000] ...2   239.723025: sched_switch: prev_comm=mpdecision prev_pid=1812 prev_prio=113 prev_state=S ==> next_comm=ple.h2benchmark next_pid=3192 next_prio=120
           <...>-3192  [000] ...2   239.725323: sched_switch: prev_comm=ple.h2benchmark prev_pid=3192 prev_prio=120 prev_state=S ==> next_comm=swapper/0 next_pid=0 next_prio=120
          <idle>-0     [000] ...2   239.725337: sched_switch: prev_comm=swapper/0 prev_pid=0 prev_prio=120 prev_state=R ==> next_comm=ksoftirqd/0 next_pid=3 next_prio=120
     ksoftirqd/0-3     [000] ...2   239.725348: sched_switch: prev_comm=ksoftirqd/0 prev_pid=3 prev_prio=120 prev_state=S ==> next_comm=swapper/0 next_pid=0 next_prio=120
          <idle>-0     [000] ...2   239.725361: sched_switch: prev_comm=swapper/0 prev_pid=0 prev_prio=120 prev_state=R ==> next_comm=ksoftirqd/0 next_pid=3 next_prio=120
     ksoftirqd/0-3     [000] ...2   239.725369: sched_switch: prev_comm=ksoftirqd/0 prev_pid=3 prev_prio=120 prev_state=S ==> next_comm=swapper/0 next_pid=0 next_prio=120
          <idle>-0     [000] ...2   239.725381: sched_switch: prev_comm=swapper/0 prev_pid=0 prev_prio=120 prev_state=R ==> next_comm=ksoftirqd/0 next_pid=3 next_prio=120
     ksoftirqd/0-3     [000] ...2   239.725388: sched_switch: prev_comm=ksoftirqd/0 prev_pid=3 prev_prio=120 prev_state=S ==> next_comm=swapper/0 next_pid=0 next_prio=120
          <idle>-0     [000] ...2   239.726379: sched_switch: prev_comm=swapper/0 prev_pid=0 prev_prio=120 prev_state=R ==> next_comm=ple.h2benchmark next_pid=3192 next_prio=120
           <...>-3192  [000] ...2   239.730130: sched_switch: prev_comm=ple.h2benchmark prev_pid=3192 prev_prio=120 prev_state=S ==> next_comm=swapper/0 next_pid=0 next_prio=120
          <idle>-0     [000] ...2   239.731184: sched_switch: prev_comm=swapper/0 prev_pid=0 prev_prio=120 prev_state=R ==> next_comm=ple.h2benchmark next_pid=3192 next_prio=120
           <...>-3192  [000] ...2   239.732775: sched_switch: prev_comm=ple.h2benchmark prev_pid=3192 prev_prio=120 prev_state=R ==> next_comm=kworker/0:2H next_pid=167 next_prio=100
          traced-203   [001] ...2   239.732775: sched_switch: prev_comm=traced prev_pid=203 prev_prio=120 prev_state=R ==> next_comm=kworker/1:0H next_pid=4233 next_prio=100
    kworker/1:0H-4233  [001] ...2   239.732789: sched_switch: prev_comm=kworker/1:0H prev_pid=4233 prev_prio=100 prev_state=D ==> next_comm=traced next_pid=203 next_prio=120
          traced-203   [001] ...2   239.732795: sched_switch: prev_comm=traced prev_pid=203 prev_prio=120 prev_state=R ==> next_comm=kworker/1:0H next_pid=4233 next_prio=100
    kworker/0:2H-167   [000] ...2   239.732799: sched_switch: prev_comm=kworker/0:2H prev_pid=167 prev_prio=100 prev_state=S ==> next_comm=ple.h2benchmark next_pid=3192 next_prio=120
    kworker/1:0H-4233  [001] ...2   239.732804: sched_switch: prev_comm=kworker/1:0H prev_pid=4233 prev_prio=100 prev_state=S ==> next_comm=traced next_pid=203 next_prio=120
           <...>-3192  [000] ...2   239.734680: sched_switch: prev_comm=ple.h2benchmark prev_pid=3192 prev_prio=120 prev_state=S ==> next_comm=swapper/0 next_pid=0 next_prio=120
          <idle>-0     [000] ...2   239.734695: sched_switch: prev_comm=swapper/0 prev_pid=0 prev_prio=120 prev_state=R ==> next_comm=ksoftirqd/0 next_pid=3 next_prio=120
     ksoftirqd/0-3     [000] ...2   239.734704: sched_switch: prev_comm=ksoftirqd/0 prev_pid=3 prev_prio=120 prev_state=S ==> next_comm=swapper/0 next_pid=0 next_prio=120
          <idle>-0     [000] ...2   239.734716: sched_switch: prev_comm=swapper/0 prev_pid=0 prev_prio=120 prev_state=R ==> next_comm=ksoftirqd/0 next_pid=3 next_prio=120
     ksoftirqd/0-3     [000] ...2   239.734725: sched_switch: prev_comm=ksoftirqd/0 prev_pid=3 prev_prio=120 prev_state=S ==> next_comm=swapper/0 next_pid=0 next_prio=120
          <idle>-0     [000] ...2   239.734737: sched_switch: prev_comm=swapper/0 prev_pid=0 prev_prio=120 prev_state=R ==> next_comm=ksoftirqd/0 next_pid=3 next_prio=120
     ksoftirqd/0-3     [000] ...2   239.734744: sched_switch: prev_comm=ksoftirqd/0 prev_pid=3 prev_prio=120 prev_state=S ==> next_comm=swapper/0 next_pid=0 next_prio=120
          <idle>-0     [000] ...2   239.735737: sched_switch: prev_comm=swapper/0 prev_pid=0 prev_prio=120 prev_state=R ==> next_comm=ple.h2benchmark next_pid=3192 next_prio=120
           <...>-3192  [000] ...2   239.739337: sched_switch: prev_comm=ple.h2benchmark prev_pid=3192 prev_prio=120 prev_state=S ==> next_comm=swapper/0 next_pid=0 next_prio=120
          <idle>-0     [000] ...2   239.740391: sched_switch: prev_comm=swapper/0 prev_pid=0 prev_prio=120 prev_state=R ==> next_comm=ple.h2benchmark next_pid=3192 next_prio=120
