     ksoftirqd/1-4578  [001] ...2   239.319237: sched_switch: prev_comm=ksoftirqd/1 prev_pid=4578 prev_prio=120 prev_state=S ==> next_comm=swapper/1 next_pid=0 next_prio=120
          <idle>-0     [001] ...2   239.320119: sched_switch: prev_comm=swapper/1 prev_pid=0 prev_prio=120 prev_state=R ==> next_comm=ple.h2benchmark next_pid=3233 next_prio=120
           <...>-3233  [001] ...2   239.323838: sched_switch: prev_comm=ple.h2benchmark prev_pid=3233 prev_prio=120 prev_state=S ==> next_comm=swapper/1 next_pid=0 next_prio=120
          <idle>-0     [001] ...2   239.324888: sched_switch: prev_comm=swapper/1 prev_pid=0 prev_prio=120 prev_state=R ==> next_comm=ple.h2benchmark next_pid=3233 next_prio=120
           <...>-3233  [001] ...2   239.328451: sched_switch: prev_comm=ple.h2benchmark prev_pid=3233 prev_prio=120 prev_state=S ==> next_comm=swapper/1 next_pid=0 next_prio=120
          <idle>-0     [001] ...2   239.328828: sched_switch: prev_comm=swapper/1 prev_pid=0 prev_prio=120 prev_state=R ==> next_comm=ksoftirqd/1 next_pid=4578 next_prio=120
          <idle>-0     [000] ...2   239.328832: sched_switch: prev_comm=swapper/0 prev_pid=0 prev_prio=120 prev_state=R ==> next_comm=ksoftirqd/0 next_pid=3 next_prio=120
     ksoftirqd/1-4578  [001] ...2   239.328838: sched_switch: prev_comm=ksoftirqd/1 prev_pid=4578 prev_prio=120 prev_state=S ==> next_comm=swapper/1 next_pid=0 next_prio=120
     ksoftirqd/0-3     [000] ...2   239.328841: sched_switch: prev_comm=ksoftirqd/0 prev_pid=3 prev_prio=120 prev_state=S ==> next_comm=swapper/0 next_pid=0 next_prio=120
          <idle>-0     [001] ...2   239.328851: sched_switch: prev_comm=swapper/1 prev_pid=0 prev_prio=120 prev_state=R ==> next_comm=ksoftirqd/1 next_pid=4578 next_prio=120
          <idle>-0     [000] ...2   239.328854: sched_switch: prev_comm=swapper/0 prev_pid=0 prev_prio=120 prev_state=R ==> next_comm=ksoftirqd/0 next_pid=3 next_prio=120
     ksoftirqd/1-4578  [001] ...2   239.328860: sched_switch: prev_comm=ksoftirqd/1 prev_pid=4578 prev_prio=120 prev_state=S ==> next_comm=swapper/1 next_pid=0 next_prio=120
     ksoftirqd/0-3     [000] ...2   239.328862: sched_switch: prev_comm=ksoftirqd/0 prev_pid=3 prev_prio=120 prev_state=S ==> next_comm=swapper/0 next_pid=0 next_prio=120
          <idle>-0     [001] ...2   239.328872: sched_switch: prev_comm=swapper/1 prev_pid=0 prev_prio=120 prev_state=R ==> next_comm=ksoftirqd/1 next_pid=4578 next_prio=120
          <idle>-0     [000] ...2   239.328876: sched_switch: prev_comm=swapper/0 prev_pid=0 prev_prio=120 prev_state=R ==> next_comm=ksoftirqd/0 next_pid=3 next_prio=120
     ksoftirqd/1-4578  [001] ...2   239.328881: sched_switch: prev_comm=ksoftirqd/1 prev_pid=4578 prev_prio=120 prev_state=S ==> next_comm=swapper/1 next_pid=0 next_prio=120
     ksoftirqd/0-3     [000] ...2   239.328884: sched_switch: prev_comm=ksoftirqd/0 prev_pid=3 prev_prio=120 prev_state=S ==> next_comm=swapper/0 next_pid=0 next_prio=120
          <idle>-0     [001] ...2   239.328894: sched_switch: prev_comm=swapper/1 prev_pid=0 prev_prio=120 prev_state=R ==> next_comm=ksoftirqd/1 next_pid=4578 next_prio=120
     ksoftirqd/1-4578  [001] ...2   239.328903: sched_switch: prev_comm=ksoftirqd/1 prev_pid=4578 prev_prio=120 prev_state=S ==> next_comm=swapper/1 next_pid=0 next_prio=120
          <idle>-0     [001] ...2   239.328915: sched_switch: prev_comm=swapper/1 prev_pid=0 prev_prio=120 prev_state=R ==> next_comm=ksoftirqd/1 next_pid=4578 next_prio=120
     ksoftirqd/1-4578  [001] ...2   239.328924: sched_switch: prev_comm=ksoftirqd/1 prev_pid=4578 prev_prio=120 prev_state=S ==> next_comm=swapper/1 next_pid=0 next_prio=120
          <idle>-0     [001] ...2   239.328935: sched_switch: prev_comm=swapper/1 prev_pid=0 prev_prio=120 prev_state=R ==> next_comm=ksoftirqd/1 next_pid=4578 next_prio=120
     ksoftirqd/1-4578  [001] ...2   239.328942: sched_switch: prev_comm=ksoftirqd/1 prev_pid=4578 prev_prio=120 prev_state=S ==> next_comm=swapper/1 next_pid=0 next_prio=120
          <idle>-0     [001] ...2   239.329501: sched_switch: prev_comm=swapper/1 prev_pid=0 prev_prio=120 prev_state=R ==> next_comm=ple.h2benchmark next_pid=3233 next_prio=120
           <...>-3233  [001] ...2   239.333144: sched_switch: prev_comm=ple.h2benchmark prev_pid=3233 prev_prio=120 prev_state=S ==> next_comm=swapper/1 next_pid=0 next_prio=120
          <idle>-0     [001] ...2   239.334198: sched_switch: prev_comm=swapper/1 prev_pid=0 prev_prio=120 prev_state=R ==> next_comm=ple.h2benchmark next_pid=3233 next_prio=120
           <...>-3233  [001] ...2   239.337908: sched_switch: prev_comm=ple.h2benchmark prev_pid=3233 prev_prio=120 prev_state=S ==> next_comm=swapper/1 next_pid=0 next_prio=120
          <idle>-0     [001] ...2   239.338828: sched_switch: prev_comm=swapper/1 prev_pid=0 prev_prio=120 prev_state=R ==> next_comm=kworker/1:0H next_pid=4577 next_prio=100
          <idle>-0     [000] ...2   239.338829: sched_switch: prev_comm=swapper/0 prev_pid=0 prev_prio=120 prev_state=R ==> next_comm=kworker/u:3 next_pid=113 next_prio=120
          traced-201   [002] ...2   239.338838: sched_switch: prev_comm=traced prev_pid=201 prev_prio=120 prev_state=R ==> next_comm=kworker/2:0H next_pid=5053 next_prio=100
    kworker/1:0H-4577  [001] ...2   239.338843: sched_switch: prev_comm=kworker/1:0H prev_pid=4577 prev_prio=100 prev_state=D ==> next_comm=ksoftirqd/1 next_pid=4578 next_prio=120
     kworker/u:3-113   [000] ...2   239.338850: sched_switch: prev_comm=kworker/u:3 prev_pid=113 prev_prio=120 prev_state=S ==> next_comm=mpdecision next_pid=1777 next_prio=113
     ksoftirqd/1-4578  [001] ...2   239.338856: sched_switch: prev_comm=ksoftirqd/1 prev_pid=4578 prev_prio=120 prev_state=S ==> next_comm=kworker/1:0H next_pid=4577 next_prio=100
      mpdecision-1777  [000] ...2   239.338859: sched_switch: prev_comm=mpdecision prev_pid=1777 prev_prio=113 prev_state=R+ ==> next_comm=kthreadd next_pid=2 next_prio=98
           <...>-5053  [002] ...2   239.338861: sched_switch: prev_comm=kworker/2:0H prev_pid=5053 prev_prio=100 prev_state=D ==> next_comm=traced next_pid=201 next_prio=120
    kworker/1:0H-4577  [001] ...2   239.338871: sched_switch: prev_comm=kworker/1:0H prev_pid=4577 prev_prio=100 prev_state=S ==> next_comm=swapper/1 next_pid=0 next_prio=120
          <idle>-0     [001] ...2   239.338885: sched_switch: prev_comm=swapper/1 prev_pid=0 prev_prio=120 prev_state=R ==> next_comm=ksoftirqd/1 next_pid=4578 next_prio=120
     ksoftirqd/1-4578  [001] ...2   239.338895: sched_switch: prev_comm=ksoftirqd/1 prev_pid=4578 prev_prio=120 prev_state=S ==> next_comm=kthreadd next_pid=5056 next_prio=98
           <...>-2     [000] ...2   239.338896: sched_switch: prev_comm=kthreadd prev_pid=2 prev_prio=98 prev_state=S ==> next_comm=mpdecision next_pid=1777 next_prio=113
          traced-201   [002] ...2   239.338905: sched_switch: prev_comm=traced prev_pid=201 prev_prio=120 prev_state=R ==> next_comm=kworker/2:0H next_pid=5053 next_prio=100
           <...>-5056  [001] ...2   239.338911: sched_switch: prev_comm=kworker/2:1H prev_pid=5056 prev_prio=98 prev_state=D ==> next_comm=swapper/1 next_pid=0 next_prio=120
          <idle>-0     [001] ...2   239.338925: sched_switch: prev_comm=swapper/1 prev_pid=0 prev_prio=120 prev_state=R ==> next_comm=ksoftirqd/1 next_pid=4578 next_prio=120
     ksoftirqd/1-4578  [001] ...2   239.338937: sched_switch: prev_comm=ksoftirqd/1 prev_pid=4578 prev_prio=120 prev_state=S ==> next_comm=swapper/1 next_pid=0 next_prio=120
           <...>-5053  [002] ...2   239.338944: sched_switch: prev_comm=kworker/2:0H prev_pid=5053 prev_prio=100 prev_state=D ==> next_comm=kworker/2:1H next_pid=5056 next_prio=100
      mpdecision-1777  [000] ...2   239.338959: sched_switch: prev_comm=mpdecision prev_pid=1777 prev_prio=113 prev_state=R+ ==> next_comm=kthreadd next_pid=2 next_prio=98
           <...>-5056  [002] ...2   239.338960: sched_switch: prev_comm=kworker/2:1H prev_pid=5056 prev_prio=100 prev_state=D ==> next_comm=traced next_pid=201 next_prio=120
          <idle>-0     [001] ...2   239.338966: sched_switch: prev_comm=swapper/1 prev_pid=0 prev_prio=120 prev_state=R ==> next_comm=ple.h2benchmark next_pid=3233 next_prio=120
           <...>-3233  [001] ...2   239.338981: sched_switch: prev_comm=ple.h2benchmark prev_pid=3233 prev_prio=120 prev_state=R ==> next_comm=kthreadd next_pid=5057 next_prio=98
           <...>-2     [000] ...2   239.338981: sched_switch: prev_comm=kthreadd prev_pid=2 prev_prio=98 prev_state=S ==> next_comm=mpdecision next_pid=1777 next_prio=113
           <...>-5057  [001] ...2   239.338992: sched_switch: prev_comm=kthreadd prev_pid=5057 prev_prio=98 prev_state=D ==> next_comm=ple.h2benchmark next_pid=3233 next_prio=120
          traced-201   [002] ...2   239.338993: sched_switch: prev_comm=traced prev_pid=201 prev_prio=120 prev_state=R ==> next_comm=kworker/2:1H next_pid=5056 next_prio=100
           <...>-5056  [002] ...1   239.339014: cpu_frequency_switch_start: start=1497600 end=2265600 cpu_id=2
           <...>-5056  [002] ...1   239.339078: cpu_frequency_switch_end: cpu_id=2
           <...>-5056  [002] ...1   239.339080: cpu_frequency: state=2265600 cpu_id=2
           <...>-5056  [002] ...2   239.339093: sched_switch: prev_comm=kworker/2:1H prev_pid=5056 prev_prio=0 prev_state=D ==> next_comm=kworker/2:2H next_pid=5057 next_prio=100
           <...>-5057  [002] ...2   239.339099: sched_switch: prev_comm=kworker/2:2H prev_pid=5057 prev_prio=100 prev_state=R+ ==> next_comm=kworker/2:1H next_pid=5056 next_prio=0
           <...>-5056  [002] ...2   239.339105: sched_switch: prev_comm=kworker/2:1H prev_pid=5056 prev_prio=0 prev_state=D ==> next_comm=kworker/2:2H next_pid=5057 next_prio=100
           <...>-5057  [002] ...2   239.339110: sched_switch: prev_comm=kworker/2:2H prev_pid=5057 prev_prio=100 prev_state=R+ ==> next_comm=kworker/2:1H next_pid=5056 next_prio=0
           <...>-5056  [002] ...2   239.339116: sched_switch: prev_comm=kworker/2:1H prev_pid=5056 prev_prio=0 prev_state=D ==> next_comm=kworker/2:2H next_pid=5057 next_prio=100
           <...>-5057  [002] ...2   239.339121: sched_switch: prev_comm=kworker/2:2H prev_pid=5057 prev_prio=100 prev_state=R+ ==> next_comm=kworker/2:1H next_pid=5056 next_prio=0
           <...>-5056  [002] ...2   239.339131: sched_switch: prev_comm=kworker/2:1H prev_pid=5056 prev_prio=100 prev_state=R+ ==> next_comm=kworker/2:2H next_pid=5057 next_prio=100
           <...>-5057  [002] ...2   239.339136: sched_switch: prev_comm=kworker/2:2H prev_pid=5057 prev_prio=100 prev_state=S ==> next_comm=kworker/2:1H next_pid=5056 next_prio=100
           <...>-5056  [002] ...2   239.339145: sched_switch: prev_comm=kworker/2:1H prev_pid=5056 prev_prio=100 prev_state=S ==> next_comm=kworker/2:0H next_pid=5053 next_prio=100
           <...>-5053  [002] ...2   239.339154: sched_switch: prev_comm=kworker/2:0H prev_pid=5053 prev_prio=100 prev_state=S ==> next_comm=traced next_pid=201 next_prio=120
      mpdecision-1777  [000] ...2   239.339198: sched_switch: prev_comm=mpdecision prev_pid=1777 prev_prio=113 prev_state=S ==> next_comm=ksoftirqd/0 next_pid=3 next_prio=120
     ksoftirqd/0-3     [000] ...2   239.339214: sched_switch: prev_comm=ksoftirqd/0 prev_pid=3 prev_prio=120 prev_state=S ==> next_comm=swapper/0 next_pid=0 next_prio=120
          <idle>-0     [000] ...2   239.339227: sched_switch: prev_comm=swapper/0 prev_pid=0 prev_prio=120 prev_state=R ==> next_comm=ksoftirqd/0 next_pid=3 next_prio=120
     ksoftirqd/0-3     [000] ...2   239.339236: sched_switch: prev_comm=ksoftirqd/0 prev_pid=3 prev_prio=120 prev_state=S ==> next_comm=swapper/0 next_pid=0 next_prio=120
          <idle>-0     [000] ...2   239.339248: sched_switch: prev_comm=swapper/0 prev_pid=0 prev_prio=120 prev_state=R ==> next_comm=ksoftirqd/0 next_pid=3 next_prio=120
     ksoftirqd/0-3     [000] ...2   239.339257: sched_switch: prev_comm=ksoftirqd/0 prev_pid=3 prev_prio=120 prev_state=S ==> next_comm=swapper/0 next_pid=0 next_prio=120
           <...>-3233  [001] ...2   239.342830: sched_switch: prev_comm=ple.h2benchmark prev_pid=3233 prev_prio=120 prev_state=S ==> next_comm=swapper/1 next_pid=0 next_prio=120
          <idle>-0     [001] ...2   239.343881: sched_switch: prev_comm=swapper/1 prev_pid=0 prev_prio=120 prev_state=R ==> next_comm=ple.h2benchmark next_pid=3233 next_prio=120
          <idle>-0     [000] ...2   239.344408: sched_switch: prev_comm=swapper/0 prev_pid=0 prev_prio=120 prev_state=R ==> next_comm=logcat next_pid=2949 next_prio=120
          logcat-2949  [000] ...2   239.344426: sched_switch: prev_comm=logcat prev_pid=2949 prev_prio=120 prev_state=S ==> next_comm=swapper/0 next_pid=0 next_prio=120
           <...>-3233  [001] ...2   239.347628: sched_switch: prev_comm=ple.h2benchmark prev_pid=3233 prev_prio=120 prev_state=S ==> next_comm=swapper/1 next_pid=0 next_prio=120
          <idle>-0     [001] ...2   239.348679: sched_switch: prev_comm=swapper/1 prev_pid=0 prev_prio=120 prev_state=R ==> next_comm=ple.h2benchmark next_pid=3233 next_prio=120
          <idle>-0     [000] ...2   239.348830: sched_switch: prev_comm=swapper/0 prev_pid=0 prev_prio=120 prev_state=R ==> next_comm=kworker/0:2H next_pid=236 next_prio=100
    kworker/0:2H-236   [000] ...2   239.348845: sched_switch: prev_comm=kworker/0:2H prev_pid=236 prev_prio=100 prev_state=S ==> next_comm=ksoftirqd/0 next_pid=3 next_prio=120
     ksoftirqd/0-3     [000] ...2   239.348855: sched_switch: prev_comm=ksoftirqd/0 prev_pid=3 prev_prio=120 prev_state=S ==> next_comm=swapper/0 next_pid=0 next_prio=120
          <idle>-0     [000] ...2   239.348870: sched_switch: prev_comm=swapper/0 prev_pid=0 prev_prio=120 prev_state=R ==> next_comm=ksoftirqd/0 next_pid=3 next_prio=120
     ksoftirqd/0-3     [000] ...2   239.348878: sched_switch: prev_comm=ksoftirqd/0 prev_pid=3 prev_prio=120 prev_state=S ==> next_comm=swapper/0 next_pid=0 next_prio=120
          <idle>-0     [000] ...2   239.348893: sched_switch: prev_comm=swapper/0 prev_pid=0 prev_prio=120 prev_state=R ==> next_comm=ksoftirqd/0 next_pid=3 next_prio=120
     ksoftirqd/0-3     [000] ...2   239.348901: sched_switch: prev_comm=ksoftirqd/0 prev_pid=3 prev_prio=120 prev_state=S ==> next_comm=swapper/0 next_pid=0 next_prio=120
           <...>-3233  [001] ...2   239.352507: sched_switch: prev_comm=ple.h2benchmark prev_pid=3233 prev_prio=120 prev_state=S ==> next_comm=swapper/1 next_pid=0 next_prio=120
          <idle>-0     [001] ...2   239.352524: sched_switch: prev_comm=swapper/1 prev_pid=0 prev_prio=120 prev_state=R ==> next_comm=ksoftirqd/1 next_pid=4578 next_prio=120
     ksoftirqd/1-4578  [001] ...2   239.352533: sched_switch: prev_comm=ksoftirqd/1 prev_pid=4578 prev_prio=120 prev_state=S ==> next_comm=swapper/1 next_pid=0 next_prio=120
          <idle>-0     [001] ...2   239.352546: sched_switch: prev_comm=swapper/1 prev_pid=0 prev_prio=120 prev_state=R ==> next_comm=ksoftirqd/1 next_pid=4578 next_prio=120
     ksoftirqd/1-4578  [001] ...2   239.352554: sched_switch: prev_comm=ksoftirqd/1 prev_pid=4578 prev_prio=120 prev_state=S ==> next_comm=swapper/1 next_pid=0 next_prio=120
          <idle>-0     [001] ...2   239.352566: sched_switch: prev_comm=swapper/1 prev_pid=0 prev_prio=120 prev_state=R ==> next_comm=ksoftirqd/1 next_pid=4578 next_prio=120
     ksoftirqd/1-4578  [001] ...2   239.352573: sched_switch: prev_comm=ksoftirqd/1 prev_pid=4578 prev_prio=120 prev_state=S ==> next_comm=swapper/1 next_pid=0 next_prio=120
          <idle>-0     [001] ...2   239.353560: sched_switch: prev_comm=swapper/1 prev_pid=0 prev_prio=120 prev_state=R ==> next_comm=ple.h2benchmark next_pid=3233 next_prio=120
           <...>-3233  [001] ...2   239.354306: sched_switch: prev_comm=ple.h2benchmark prev_pid=3233 prev_prio=120 prev_state=R ==> next_comm=Benchmark.mv.db next_pid=5031 next_prio=120
           <...>-5031  [001] ...2   239.354339: sched_switch: prev_comm=Benchmark.mv.db prev_pid=5031 prev_prio=120 prev_state=S ==> next_comm=ple.h2benchmark next_pid=3233 next_prio=120
          <idle>-0     [000] ...2   239.356643: sched_switch: prev_comm=swapper/0 prev_pid=0 prev_prio=120 prev_state=R ==> next_comm=kworker/u:3 next_pid=113 next_prio=120
           <...>-3233  [001] ...2   239.356668: sched_switch: prev_comm=ple.h2benchmark prev_pid=3233 prev_prio=120 prev_state=R ==> next_comm=kworker/u:1 next_pid=21 next_prio=120
           <...>-21    [001] ...2   239.356675: sched_switch: prev_comm=kworker/u:1 prev_pid=21 prev_prio=120 prev_state=S ==> next_comm=ple.h2benchmark next_pid=3233 next_prio=120
           <...>-3233  [001] ...2   239.356686: sched_switch: prev_comm=ple.h2benchmark prev_pid=3233 prev_prio=120 prev_state=R ==> next_comm=sensors.qcom next_pid=865 next_prio=120
     kworker/u:3-113   [000] ...2   239.356695: sched_switch: prev_comm=kworker/u:3 prev_pid=113 prev_prio=120 prev_state=S ==> next_comm=swapper/0 next_pid=0 next_prio=120
    sensors.qcom-865   [001] ...2   239.356765: sched_switch: prev_comm=sensors.qcom prev_pid=865 prev_prio=120 prev_state=S ==> next_comm=sensors.qcom next_pid=715 next_prio=120
    sensors.qcom-715   [001] ...2   239.356814: sched_switch: prev_comm=sensors.qcom prev_pid=715 prev_prio=120 prev_state=S ==> next_comm=system_server next_pid=738 next_prio=118
          <idle>-0     [000] ...2   239.356929: sched_switch: prev_comm=swapper/0 prev_pid=0 prev_prio=120 prev_state=R ==> next_comm=system_server next_pid=742 next_prio=118
   system_server-738   [001] ...2   239.356951: sched_switch: prev_comm=system_server prev_pid=738 prev_prio=118 prev_state=S ==> next_comm=ple.h2benchmark next_pid=3233 next_prio=120
   system_server-742   [000] ...2   239.356959: sched_switch: prev_comm=system_server prev_pid=742 prev_prio=118 prev_state=S ==> next_comm=SensorService next_pid=783 next_prio=112
   SensorService-783   [000] ...2   239.357024: sched_switch: prev_comm=SensorService prev_pid=783 prev_prio=112 prev_state=S ==> next_comm=android.ui next_pid=788 next_prio=118
      android.ui-788   [000] ...2   239.357114: sched_switch: prev_comm=android.ui prev_pid=788 prev_prio=118 prev_state=S ==> next_comm=swapper/0 next_pid=0 next_prio=120
           <...>-3233  [001] ...2   239.357714: sched_switch: prev_comm=ple.h2benchmark prev_pid=3233 prev_prio=120 prev_state=S ==> next_comm=swapper/1 next_pid=0 next_prio=120
          <idle>-0     [001] ...2   239.358767: sched_switch: prev_comm=swapper/1 prev_pid=0 prev_prio=120 prev_state=R ==> next_comm=ple.h2benchmark next_pid=3233 next_prio=120
          <idle>-0     [000] ...2   239.358831: sched_switch: prev_comm=swapper/0 prev_pid=0 prev_prio=120 prev_state=R ==> next_comm=ksoftirqd/0 next_pid=3 next_prio=120
     ksoftirqd/0-3     [000] ...2   239.358844: sched_switch: prev_comm=ksoftirqd/0 prev_pid=3 prev_prio=120 prev_state=S ==> next_comm=swapper/0 next_pid=0 next_prio=120
          <idle>-0     [000] ...2   239.358862: sched_switch: prev_comm=swapper/0 prev_pid=0 prev_prio=120 prev_state=R ==> next_comm=ksoftirqd/0 next_pid=3 next_prio=120
     ksoftirqd/0-3     [000] ...2   239.358871: sched_switch: prev_comm=ksoftirqd/0 prev_pid=3 prev_prio=120 prev_state=S ==> next_comm=swapper/0 next_pid=0 next_prio=120
          <idle>-0     [000] ...2   239.358886: sched_switch: prev_comm=swapper/0 prev_pid=0 prev_prio=120 prev_state=R ==> next_comm=ksoftirqd/0 next_pid=3 next_prio=120
     ksoftirqd/0-3     [000] ...2   239.358894: sched_switch: prev_comm=ksoftirqd/0 prev_pid=3 prev_prio=120 prev_state=S ==> next_comm=swapper/0 next_pid=0 next_prio=120
           <...>-3233  [001] ...2   239.362575: sched_switch: prev_comm=ple.h2benchmark prev_pid=3233 prev_prio=120 prev_state=S ==> next_comm=swapper/1 next_pid=0 next_prio=120
          <idle>-0     [001] ...2   239.362591: sched_switch: prev_comm=swapper/1 prev_pid=0 prev_prio=120 prev_state=R ==> next_comm=ksoftirqd/1 next_pid=4578 next_prio=120
     ksoftirqd/1-4578  [001] ...2   239.362605: sched_switch: prev_comm=ksoftirqd/1 prev_pid=4578 prev_prio=120 prev_state=S ==> next_comm=swapper/1 next_pid=0 next_prio=120
          <idle>-0     [001] ...2   239.362618: sched_switch: prev_comm=swapper/1 prev_pid=0 prev_prio=120 prev_state=R ==> next_comm=ksoftirqd/1 next_pid=4578 next_prio=120
     ksoftirqd/1-4578  [001] ...2   239.362626: sched_switch: prev_comm=ksoftirqd/1 prev_pid=4578 prev_prio=120 prev_state=S ==> next_comm=swapper/1 next_pid=0 next_prio=120
          <idle>-0     [001] ...2   239.362638: sched_switch: prev_comm=swapper/1 prev_pid=0 prev_prio=120 prev_state=R ==> next_comm=ksoftirqd/1 next_pid=4578 next_prio=120
     ksoftirqd/1-4578  [001] ...2   239.362646: sched_switch: prev_comm=ksoftirqd/1 prev_pid=4578 prev_prio=120 prev_state=S ==> next_comm=swapper/1 next_pid=0 next_prio=120
          <idle>-0     [001] ...2   239.362659: sched_switch: prev_comm=swapper/1 prev_pid=0 prev_prio=120 prev_state=R ==> next_comm=ksoftirqd/1 next_pid=4578 next_prio=120
     ksoftirqd/1-4578  [001] ...2   239.362667: sched_switch: prev_comm=ksoftirqd/1 prev_pid=4578 prev_prio=120 prev_state=S ==> next_comm=swapper/1 next_pid=0 next_prio=120
          <idle>-0     [001] ...2   239.362679: sched_switch: prev_comm=swapper/1 prev_pid=0 prev_prio=120 prev_state=R ==> next_comm=ksoftirqd/1 next_pid=4578 next_prio=120
     ksoftirqd/1-4578  [001] ...2   239.362687: sched_switch: prev_comm=ksoftirqd/1 prev_pid=4578 prev_prio=120 prev_state=S ==> next_comm=swapper/1 next_pid=0 next_prio=120
          <idle>-0     [001] ...2   239.362698: sched_switch: prev_comm=swapper/1 prev_pid=0 prev_prio=120 prev_state=R ==> next_comm=ksoftirqd/1 next_pid=4578 next_prio=120
     ksoftirqd/1-4578  [001] ...2   239.362704: sched_switch: prev_comm=ksoftirqd/1 prev_pid=4578 prev_prio=120 prev_state=S ==> next_comm=swapper/1 next_pid=0 next_prio=120
          <idle>-0     [000] ...2   239.363393: sched_switch: prev_comm=swapper/0 prev_pid=0 prev_prio=120 prev_state=R ==> next_comm=kworker/u:3 next_pid=113 next_prio=120
          <idle>-0     [001] ...2   239.363417: sched_switch: prev_comm=swapper/1 prev_pid=0 prev_prio=120 prev_state=R ==> next_comm=kworker/u:1 next_pid=21 next_prio=120
           <...>-21    [001] ...2   239.363424: sched_switch: prev_comm=kworker/u:1 prev_pid=21 prev_prio=120 prev_state=S ==> next_comm=swapper/1 next_pid=0 next_prio=120
          <idle>-0     [001] ...2   239.363428: sched_switch: prev_comm=swapper/1 prev_pid=0 prev_prio=120 prev_state=R ==> next_comm=sensors.qcom next_pid=865 next_prio=120
     kworker/u:3-113   [000] ...2   239.363454: sched_switch: prev_comm=kworker/u:3 prev_pid=113 prev_prio=120 prev_state=S ==> next_comm=swapper/0 next_pid=0 next_prio=120
    sensors.qcom-865   [001] ...2   239.363486: sched_switch: prev_comm=sensors.qcom prev_pid=865 prev_prio=120 prev_state=S ==> next_comm=sensors.qcom next_pid=715 next_prio=120
    sensors.qcom-715   [001] ...2   239.363523: sched_switch: prev_comm=sensors.qcom prev_pid=715 prev_prio=120 prev_state=S ==> next_comm=system_server next_pid=738 next_prio=118
          <idle>-0     [000] ...2   239.363610: sched_switch: prev_comm=swapper/0 prev_pid=0 prev_prio=120 prev_state=R ==> next_comm=system_server next_pid=742 next_prio=118
   system_server-742   [000] ...2   239.363636: sched_switch: prev_comm=system_server prev_pid=742 prev_prio=118 prev_state=S ==> next_comm=ple.h2benchmark next_pid=3233 next_prio=120
   system_server-738   [001] ...2   239.363640: sched_switch: prev_comm=system_server prev_pid=738 prev_prio=118 prev_state=S ==> next_comm=swapper/1 next_pid=0 next_prio=120
           <...>-3233  [000] ...2   239.367480: sched_switch: prev_comm=ple.h2benchmark prev_pid=3233 prev_prio=120 prev_state=S ==> next_comm=swapper/0 next_pid=0 next_prio=120
          <idle>-0     [000] ...2   239.368531: sched_switch: prev_comm=swapper/0 prev_pid=0 prev_prio=120 prev_state=R ==> next_comm=ple.h2benchmark next_pid=3233 next_prio=120
          <idle>-0     [001] ...2   239.368833: sched_switch: prev_comm=swapper/1 prev_pid=0 prev_prio=120 prev_state=R ==> next_comm=ksoftirqd/1 next_pid=4578 next_prio=120
     ksoftirqd/1-4578  [001] ...2   239.368842: sched_switch: prev_comm=ksoftirqd/1 prev_pid=4578 prev_prio=120 prev_state=S ==> next_comm=swapper/1 next_pid=0 next_prio=120
          <idle>-0     [001] ...2   239.368857: sched_switch: prev_comm=swapper/1 prev_pid=0 prev_prio=120 prev_state=R ==> next_comm=ksoftirqd/1 next_pid=4578 next_prio=120
     ksoftirqd/1-4578  [001] ...2   239.368865: sched_switch: prev_comm=ksoftirqd/1 prev_pid=4578 prev_prio=120 prev_state=S ==> next_comm=swapper/1 next_pid=0 next_prio=120
          <idle>-0     [001] ...2   239.368879: sched_switch: prev_comm=swapper/1 prev_pid=0 prev_prio=120 prev_state=R ==> next_comm=ksoftirqd/1 next_pid=4578 next_prio=120
     ksoftirqd/1-4578  [001] ...2   239.368887: sched_switch: prev_comm=ksoftirqd/1 prev_pid=4578 prev_prio=120 prev_state=S ==> next_comm=swapper/1 next_pid=0 next_prio=120
          <idle>-0     [001] ...2   239.368902: sched_switch: prev_comm=swapper/1 prev_pid=0 prev_prio=120 prev_state=R ==> next_comm=ksoftirqd/1 next_pid=4578 next_prio=120
     ksoftirqd/1-4578  [001] ...2   239.368910: sched_switch: prev_comm=ksoftirqd/1 prev_pid=4578 prev_prio=120 prev_state=S ==> next_comm=swapper/1 next_pid=0 next_prio=120
          <idle>-0     [001] ...2   239.368925: sched_switch: prev_comm=swapper/1 prev_pid=0 prev_prio=120 prev_state=R ==> next_comm=ksoftirqd/1 next_pid=4578 next_prio=120
     ksoftirqd/1-4578  [001] ...2   239.368933: sched_switch: prev_comm=ksoftirqd/1 prev_pid=4578 prev_prio=120 prev_state=S ==> next_comm=swapper/1 next_pid=0 next_prio=120
          <idle>-0     [001] ...2   239.368947: sched_switch: prev_comm=swapper/1 prev_pid=0 prev_prio=120 prev_state=R ==> next_comm=ksoftirqd/1 next_pid=4578 next_prio=120
     ksoftirqd/1-4578  [001] ...2   239.368955: sched_switch: prev_comm=ksoftirqd/1 prev_pid=4578 prev_prio=120 prev_state=S ==> next_comm=swapper/1 next_pid=0 next_prio=120
           <...>-3233  [000] ...2   239.372343: sched_switch: prev_comm=ple.h2benchmark prev_pid=3233 prev_prio=120 prev_state=S ==> next_comm=swapper/0 next_pid=0 next_prio=120
          <idle>-0     [000] ...2   239.372359: sched_switch: prev_comm=swapper/0 prev_pid=0 prev_prio=120 prev_state=R ==> next_comm=ksoftirqd/0 next_pid=3 next_prio=120
     ksoftirqd/0-3     [000] ...2   239.372369: sched_switch: prev_comm=ksoftirqd/0 prev_pid=3 prev_prio=120 prev_state=S ==> next_comm=swapper/0 next_pid=0 next_prio=120
          <idle>-0     [000] ...2   239.372382: sched_switch: prev_comm=swapper/0 prev_pid=0 prev_prio=120 prev_state=R ==> next_comm=ksoftirqd/0 next_pid=3 next_prio=120
     ksoftirqd/0-3     [000] ...2   239.372391: sched_switch: prev_comm=ksoftirqd/0 prev_pid=3 prev_prio=120 prev_state=S ==> next_comm=swapper/0 next_pid=0 next_prio=120
          <idle>-0     [000] ...2   239.372403: sched_switch: prev_comm=swapper/0 prev_pid=0 prev_prio=120 prev_state=R ==> next_comm=ksoftirqd/0 next_pid=3 next_prio=120
     ksoftirqd/0-3     [000] ...2   239.372411: sched_switch: prev_comm=ksoftirqd/0 prev_pid=3 prev_prio=120 prev_state=S ==> next_comm=swapper/0 next_pid=0 next_prio=120
          <idle>-0     [000] ...2   239.373399: sched_switch: prev_comm=swapper/0 prev_pid=0 prev_prio=120 prev_state=R ==> next_comm=ple.h2benchmark next_pid=3233 next_prio=120
           <...>-3233  [000] ...2   239.377136: sched_switch: prev_comm=ple.h2benchmark prev_pid=3233 prev_prio=120 prev_state=S ==> next_comm=swapper/0 next_pid=0 next_prio=120
          <idle>-0     [000] ...2   239.378187: sched_switch: prev_comm=swapper/0 prev_pid=0 prev_prio=120 prev_state=R ==> next_comm=ple.h2benchmark next_pid=3233 next_prio=120
          <idle>-0     [001] ...2   239.378826: sched_switch: prev_comm=swapper/1 prev_pid=0 prev_prio=120 prev_state=R ==> next_comm=ksoftirqd/1 next_pid=4578 next_prio=120
     ksoftirqd/1-4578  [001] ...2   239.378834: sched_switch: prev_comm=ksoftirqd/1 prev_pid=4578 prev_prio=120 prev_state=S ==> next_comm=swapper/1 next_pid=0 next_prio=120
          <idle>-0     [001] ...2   239.378844: sched_switch: prev_comm=swapper/1 prev_pid=0 prev_prio=120 prev_state=R ==> next_comm=ksoftirqd/1 next_pid=4578 next_prio=120
     ksoftirqd/1-4578  [001] ...2   239.378852: sched_switch: prev_comm=ksoftirqd/1 prev_pid=4578 prev_prio=120 prev_state=S ==> next_comm=swapper/1 next_pid=0 next_prio=120
          <idle>-0     [001] ...2   239.378862: sched_switch: prev_comm=swapper/1 prev_pid=0 prev_prio=120 prev_state=R ==> next_comm=ksoftirqd/1 next_pid=4578 next_prio=120
     ksoftirqd/1-4578  [001] ...2   239.378870: sched_switch: prev_comm=ksoftirqd/1 prev_pid=4578 prev_prio=120 prev_state=S ==> next_comm=swapper/1 next_pid=0 next_prio=120
           <...>-3233  [000] ...2   239.381847: sched_switch: prev_comm=ple.h2benchmark prev_pid=3233 prev_prio=120 prev_state=S ==> next_comm=swapper/0 next_pid=0 next_prio=120
          <idle>-0     [000] ...2   239.381864: sched_switch: prev_comm=swapper/0 prev_pid=0 prev_prio=120 prev_state=R ==> next_comm=ksoftirqd/0 next_pid=3 next_prio=120
     ksoftirqd/0-3     [000] ...2   239.381877: sched_switch: prev_comm=ksoftirqd/0 prev_pid=3 prev_prio=120 prev_state=S ==> next_comm=swapper/0 next_pid=0 next_prio=120
          <idle>-0     [000] ...2   239.381890: sched_switch: prev_comm=swapper/0 prev_pid=0 prev_prio=120 prev_state=R ==> next_comm=ksoftirqd/0 next_pid=3 next_prio=120
     ksoftirqd/0-3     [000] ...2   239.381899: sched_switch: prev_comm=ksoftirqd/0 prev_pid=3 prev_prio=120 prev_state=S ==> next_comm=swapper/0 next_pid=0 next_prio=120
          <idle>-0     [000] ...2   239.381912: sched_switch: prev_comm=swapper/0 prev_pid=0 prev_prio=120 prev_state=R ==> next_comm=ksoftirqd/0 next_pid=3 next_prio=120
     ksoftirqd/0-3     [000] ...2   239.381920: sched_switch: prev_comm=ksoftirqd/0 prev_pid=3 prev_prio=120 prev_state=S ==> next_comm=swapper/0 next_pid=0 next_prio=120
          <idle>-0     [000] ...2   239.381933: sched_switch: prev_comm=swapper/0 prev_pid=0 prev_prio=120 prev_state=R ==> next_comm=ksoftirqd/0 next_pid=3 next_prio=120
     ksoftirqd/0-3     [000] ...2   239.381942: sched_switch: prev_comm=ksoftirqd/0 prev_pid=3 prev_prio=120 prev_state=S ==> next_comm=swapper/0 next_pid=0 next_prio=120
          <idle>-0     [000] ...2   239.381954: sched_switch: prev_comm=swapper/0 prev_pid=0 prev_prio=120 prev_state=R ==> next_comm=ksoftirqd/0 next_pid=3 next_prio=120
     ksoftirqd/0-3     [000] ...2   239.381963: sched_switch: prev_comm=ksoftirqd/0 prev_pid=3 prev_prio=120 prev_state=S ==> next_comm=swapper/0 next_pid=0 next_prio=120
          <idle>-0     [000] ...2   239.381974: sched_switch: prev_comm=swapper/0 prev_pid=0 prev_prio=120 prev_state=R ==> next_comm=ksoftirqd/0 next_pid=3 next_prio=120
     ksoftirqd/0-3     [000] ...2   239.381981: sched_switch: prev_comm=ksoftirqd/0 prev_pid=3 prev_prio=120 prev_state=S ==> next_comm=swapper/0 next_pid=0 next_prio=120
          <idle>-0     [000] ...2   239.382899: sched_switch: prev_comm=swapper/0 prev_pid=0 prev_prio=120 prev_state=R ==> next_comm=ple.h2benchmark next_pid=3233 next_prio=120
           <...>-3233  [000] ...2   239.386592: sched_switch: prev_comm=ple.h2benchmark prev_pid=3233 prev_prio=120 prev_state=S ==> next_comm=swapper/0 next_pid=0 next_prio=120
          <idle>-0     [000] ...2   239.387645: sched_switch: prev_comm=swapper/0 prev_pid=0 prev_prio=120 prev_state=R ==> next_comm=ple.h2benchmark next_pid=3233 next_prio=120
           <...>-3233  [000] ...2   239.388822: sched_switch: prev_comm=ple.h2benchmark prev_pid=3233 prev_prio=120 prev_state=R ==> next_comm=kworker/u:3 next_pid=113 next_prio=120
          <idle>-0     [001] ...2   239.388833: sched_switch: prev_comm=swapper/1 prev_pid=0 prev_prio=120 prev_state=R ==> next_comm=kworker/1:1 next_pid=4579 next_prio=120
     kworker/u:3-113   [000] ...2   239.388837: sched_switch: prev_comm=kworker/u:3 prev_pid=113 prev_prio=120 prev_state=S ==> next_comm=mpdecision next_pid=1777 next_prio=113
     kworker/1:1-4579  [001] ...2   239.388837: phonelab_periodic_ctx_switch_marker: BEGIN cpu=1 count=0 log_idx=88
     kworker/1:1-4579  [001] ...2   239.388839: phonelab_periodic_ctx_switch_info: cpu=1 pid=5054 tgid=5054 nice=0 comm=kthreadd utime=0 stime=0 rtime=10000 bg_utime=0 bg_stime=0 bg_rtime=0 s_run=0 s_int=0 s_unint=1 s_oth=0 log_idx=88
     kworker/1:1-4579  [001] ...2   239.388841: phonelab_periodic_ctx_switch_info: cpu=1 pid=5034 tgid=5034 nice=0 comm=sh utime=1 stime=0 rtime=8104478 bg_utime=0 bg_stime=0 bg_rtime=0 s_run=0 s_int=2 s_unint=0 s_oth=1 log_idx=88
     kworker/1:1-4579  [001] ...2   239.388842: phonelab_periodic_ctx_switch_info: cpu=1 pid=5030 tgid=3233 nice=0 comm=ple.h2benchmark utime=0 stime=0 rtime=1204010 bg_utime=0 bg_stime=0 bg_rtime=0 s_run=0 s_int=0 s_unint=0 s_oth=1 log_idx=88
     kworker/1:1-4579  [001] ...2   239.388843: phonelab_periodic_ctx_switch_info: cpu=1 pid=3247 tgid=3233 nice=0 comm=FinalizerDaemon utime=0 stime=0 rtime=517447 bg_utime=0 bg_stime=0 bg_rtime=0 s_run=0 s_int=3 s_unint=0 s_oth=0 log_idx=88
     kworker/1:1-4579  [001] ...2   239.388844: phonelab_periodic_ctx_switch_info: cpu=1 pid=2594 tgid=2584 nice=0 comm=ndroid.exchang utime=0 stime=0 rtime=26042 bg_utime=0 bg_stime=0 bg_rtime=26042 s_run=0 s_int=1 s_unint=0 s_oth=0 log_idx=88
     kworker/1:1-4579  [001] ...2   239.388846: phonelab_periodic_ctx_switch_info: cpu=1 pid=5042 tgid=5042 nice=0 comm=kthreadd utime=0 stime=0 rtime=46823 bg_utime=0 bg_stime=0 bg_rtime=0 s_run=0 s_int=0 s_unint=1 s_oth=1 log_idx=88
     kworker/1:1-4579  [001] ...2   239.388847: phonelab_periodic_ctx_switch_info: cpu=1 pid=5032 tgid=5032 nice=0 comm=adbd utime=1 stime=0 rtime=13418907 bg_utime=0 bg_stime=0 bg_rtime=0 s_run=6 s_int=1 s_unint=0 s_oth=1 log_idx=88
     kworker/1:1-4579  [001] ...2   239.388848: phonelab_periodic_ctx_switch_info: cpu=1 pid=5057 tgid=5057 nice=0 comm=kthreadd utime=0 stime=0 rtime=13959 bg_utime=0 bg_stime=0 bg_rtime=0 s_run=0 s_int=0 s_unint=1 s_oth=0 log_idx=88
     kworker/1:1-4579  [001] ...2   239.388849: phonelab_periodic_ctx_switch_info: cpu=1 pid=5049 tgid=5049 nice=0 comm=adbd utime=0 stime=0 rtime=190052 bg_utime=0 bg_stime=0 bg_rtime=0 s_run=1 s_int=0 s_unint=0 s_oth=0 log_idx=88
     kworker/1:1-4579  [001] ...2   239.388850: phonelab_periodic_ctx_switch_info: cpu=1 pid=5040 tgid=5040 nice=0 comm=kthreadd utime=0 stime=0 rtime=20989 bg_utime=0 bg_stime=0 bg_rtime=0 s_run=0 s_int=0 s_unint=1 s_oth=0 log_idx=88
     kworker/1:1-4579  [001] ...2   239.388851: phonelab_periodic_ctx_switch_info: cpu=1 pid=3239 tgid=3233 nice=0 comm=Heap thread poo utime=0 stime=0 rtime=1535992 bg_utime=0 bg_stime=0 bg_rtime=0 s_run=0 s_int=4 s_unint=0 s_oth=0 log_idx=88
     kworker/1:1-4579  [001] ...2   239.388852: phonelab_periodic_ctx_switch_info: cpu=1 pid=2949 tgid=2949 nice=0 comm=logcat utime=0 stime=0 rtime=19948 bg_utime=0 bg_stime=0 bg_rtime=19948 s_run=0 s_int=1 s_unint=0 s_oth=0 log_idx=88
     kworker/1:1-4579  [001] ...2   239.388853: phonelab_periodic_ctx_switch_info: cpu=1 pid=5056 tgid=5056 nice=0 comm=kthreadd utime=0 stime=0 rtime=17813 bg_utime=0 bg_stime=0 bg_rtime=0 s_run=0 s_int=0 s_unint=1 s_oth=0 log_idx=88
     kworker/1:1-4579  [001] ...2   239.388854: phonelab_periodic_ctx_switch_info: cpu=1 pid=5050 tgid=2459 nice=0 comm=adbd utime=0 stime=0 rtime=19063 bg_utime=0 bg_stime=0 bg_rtime=0 s_run=0 s_int=1 s_unint=0 s_oth=0 log_idx=88
     kworker/1:1-4579  [001] ...2   239.388855: phonelab_periodic_ctx_switch_info: cpu=1 pid=4575 tgid=4575 nice=0 comm=migration/1 utime=0 stime=0 rtime=711563 bg_utime=0 bg_stime=0 bg_rtime=0 s_run=0 s_int=2 s_unint=0 s_oth=0 log_idx=88
     kworker/1:1-4579  [001] ...2   239.388856: phonelab_periodic_ctx_switch_info: cpu=1 pid=5033 tgid=2459 nice=0 comm=adbd utime=0 stime=0 rtime=197708 bg_utime=0 bg_stime=0 bg_rtime=0 s_run=0 s_int=0 s_unint=0 s_oth=1 log_idx=88
     kworker/1:1-4579  [001] ...2   239.388858: phonelab_periodic_ctx_switch_info: cpu=1 pid=4578 tgid=4578 nice=0 comm=ksoftirqd/1 utime=0 stime=0 rtime=2971399 bg_utime=0 bg_stime=0 bg_rtime=0 s_run=0 s_int=177 s_unint=0 s_oth=0 log_idx=88
     kworker/1:1-4579  [001] ...2   239.388859: phonelab_periodic_ctx_switch_info: cpu=1 pid=4580 tgid=4580 nice=-20 comm=kworker/1:1H utime=0 stime=0 rtime=786719 bg_utime=0 bg_stime=0 bg_rtime=0 s_run=0 s_int=8 s_unint=2 s_oth=0 log_idx=88
     kworker/1:1-4579  [001] ...2   239.388860: phonelab_periodic_ctx_switch_info: cpu=1 pid=1604 tgid=1594 nice=0 comm=gle.android.gm utime=0 stime=0 rtime=29479 bg_utime=0 bg_stime=0 bg_rtime=29479 s_run=0 s_int=1 s_unint=0 s_oth=0 log_idx=88
     kworker/1:1-4579  [001] ...2   239.388861: phonelab_periodic_ctx_switch_info: cpu=1 pid=5051 tgid=5051 nice=0 comm=kthreadd utime=0 stime=0 rtime=14219 bg_utime=0 bg_stime=0 bg_rtime=0 s_run=0 s_int=0 s_unint=1 s_oth=0 log_idx=88
     kworker/1:1-4579  [001] ...2   239.388862: phonelab_periodic_ctx_switch_info: cpu=1 pid=4577 tgid=4577 nice=-20 comm=kworker/1:0H utime=0 stime=0 rtime=641665 bg_utime=0 bg_stime=0 bg_rtime=0 s_run=0 s_int=16 s_unint=9 s_oth=0 log_idx=88
     kworker/1:1-4579  [001] ...2   239.388863: phonelab_periodic_ctx_switch_info: cpu=1 pid=715 tgid=196 nice=0 comm=sensors.qcom utime=0 stime=0 rtime=1414375 bg_utime=0 bg_stime=0 bg_rtime=0 s_run=0 s_int=25 s_unint=0 s_oth=0 log_idx=88
     kworker/1:1-4579  [001] ...2   239.388864: phonelab_periodic_ctx_switch_info: cpu=1 pid=5052 tgid=5052 nice=0 comm=kthreadd utime=0 stime=0 rtime=17604 bg_utime=0 bg_stime=0 bg_rtime=0 s_run=0 s_int=0 s_unint=1 s_oth=0 log_idx=88
     kworker/1:1-4579  [001] ...2   239.388866: phonelab_periodic_ctx_switch_info: cpu=1 pid=3137 tgid=2459 nice=0 comm=adbd utime=0 stime=0 rtime=838073 bg_utime=0 bg_stime=0 bg_rtime=0 s_run=0 s_int=17 s_unint=0 s_oth=0 log_idx=88
     kworker/1:1-4579  [001] ...2   239.388867: phonelab_periodic_ctx_switch_info: cpu=1 pid=3246 tgid=3233 nice=0 comm=ReferenceQueueD utime=0 stime=0 rtime=607604 bg_utime=0 bg_stime=0 bg_rtime=0 s_run=0 s_int=15 s_unint=0 s_oth=0 log_idx=88
     kworker/1:1-4579  [001] ...2   239.388868: phonelab_periodic_ctx_switch_info: cpu=1 pid=5041 tgid=5041 nice=0 comm=kthreadd utime=0 stime=0 rtime=55313 bg_utime=0 bg_stime=0 bg_rtime=0 s_run=1 s_int=0 s_unint=1 s_oth=1 log_idx=88
     kworker/1:1-4579  [001] ...2   239.388869: phonelab_periodic_ctx_switch_info: cpu=1 pid=4579 tgid=4579 nice=0 comm=kworker/1:1 utime=0 stime=0 rtime=260522 bg_utime=0 bg_stime=0 bg_rtime=0 s_run=1 s_int=8 s_unint=0 s_oth=0 log_idx=88
     kworker/1:1-4579  [001] ...2   239.388870: phonelab_periodic_ctx_switch_info: cpu=1 pid=3245 tgid=3233 nice=0 comm=JDWP utime=1 stime=0 rtime=5675419 bg_utime=0 bg_stime=0 bg_rtime=0 s_run=3 s_int=3 s_unint=0 s_oth=0 log_idx=88
     kworker/1:1-4579  [001] ...2   239.388871: phonelab_periodic_ctx_switch_info: cpu=1 pid=5045 tgid=5045 nice=0 comm=adbd utime=0 stime=0 rtime=9303177 bg_utime=0 bg_stime=0 bg_rtime=0 s_run=3 s_int=1 s_unint=0 s_oth=1 log_idx=88
     kworker/1:1-4579  [001] ...2   239.388873: phonelab_periodic_ctx_switch_info: cpu=1 pid=21 tgid=21 nice=0 comm=kworker/u:1 utime=0 stime=1 rtime=1247969 bg_utime=0 bg_stime=0 bg_rtime=0 s_run=0 s_int=27 s_unint=0 s_oth=0 log_idx=88
     kworker/1:1-4579  [001] ...2   239.388874: phonelab_periodic_ctx_switch_info: cpu=1 pid=865 tgid=196 nice=0 comm=sensors.qcom utime=0 stime=1 rtime=2231352 bg_utime=0 bg_stime=0 bg_rtime=0 s_run=0 s_int=25 s_unint=0 s_oth=0 log_idx=88
     kworker/1:1-4579  [001] ...2   239.388875: phonelab_periodic_ctx_switch_info: cpu=1 pid=5043 tgid=5043 nice=0 comm=adbd utime=0 stime=0 rtime=8047604 bg_utime=0 bg_stime=0 bg_rtime=0 s_run=2 s_int=1 s_unint=1 s_oth=1 log_idx=88
     kworker/1:1-4579  [001] ...2   239.388876: phonelab_periodic_ctx_switch_info: cpu=1 pid=5037 tgid=5037 nice=0 comm=sh utime=0 stime=1 rtime=15633179 bg_utime=0 bg_stime=0 bg_rtime=0 s_run=4 s_int=0 s_unint=0 s_oth=1 log_idx=88
     kworker/1:1-4579  [001] ...2   239.388877: phonelab_periodic_ctx_switch_info: cpu=1 pid=5053 tgid=5053 nice=0 comm=kthreadd utime=0 stime=0 rtime=9792 bg_utime=0 bg_stime=0 bg_rtime=0 s_run=0 s_int=0 s_unint=1 s_oth=0 log_idx=88
     kworker/1:1-4579  [001] ...2   239.388880: phonelab_periodic_ctx_switch_info: cpu=1 pid=2459 tgid=2459 nice=0 comm=adbd utime=0 stime=0 rtime=5403440 bg_utime=0 bg_stime=0 bg_rtime=0 s_run=0 s_int=17 s_unint=2 s_oth=0 log_idx=88
     kworker/1:1-4579  [001] ...2   239.388881: phonelab_periodic_ctx_switch_info: cpu=1 pid=5048 tgid=5048 nice=0 comm=sh utime=0 stime=1 rtime=10076563 bg_utime=0 bg_stime=0 bg_rtime=0 s_run=4 s_int=0 s_unint=0 s_oth=1 log_idx=88
     kworker/1:1-4579  [001] ...2   239.388882: phonelab_periodic_ctx_switch_info: cpu=1 pid=3138 tgid=2459 nice=0 comm=adbd utime=0 stime=0 rtime=126770 bg_utime=0 bg_stime=0 bg_rtime=0 s_run=0 s_int=3 s_unint=0 s_oth=0 log_idx=88
     kworker/1:1-4579  [001] ...2   239.388883: phonelab_periodic_ctx_switch_info: cpu=1 pid=5055 tgid=5055 nice=0 comm=kthreadd utime=0 stime=0 rtime=20469 bg_utime=0 bg_stime=0 bg_rtime=0 s_run=0 s_int=0 s_unint=1 s_oth=0 log_idx=88
     kworker/1:1-4579  [001] ...2   239.388885: phonelab_periodic_ctx_switch_info: cpu=1 pid=5036 tgid=5036 nice=0 comm=sh utime=0 stime=0 rtime=2380574 bg_utime=0 bg_stime=0 bg_rtime=0 s_run=1 s_int=0 s_unint=0 s_oth=1 log_idx=88
     kworker/1:1-4579  [001] ...2   239.388886: phonelab_periodic_ctx_switch_info: cpu=1 pid=3233 tgid=3233 nice=0 comm=ple.h2benchmark utime=40 stime=2 rtime=416167913 bg_utime=0 bg_stime=0 bg_rtime=0 s_run=56 s_int=100 s_unint=11 s_oth=0 log_idx=88
     kworker/1:1-4579  [001] ...2   239.388887: phonelab_periodic_ctx_switch_info: cpu=1 pid=113 tgid=113 nice=0 comm=kworker/u:3 utime=0 stime=0 rtime=8073 bg_utime=0 bg_stime=0 bg_rtime=0 s_run=0 s_int=1 s_unint=0 s_oth=0 log_idx=88
     kworker/1:1-4579  [001] ...2   239.388888: phonelab_periodic_ctx_switch_info: cpu=1 pid=3250 tgid=3233 nice=0 comm=GCDaemon utime=6 stime=2 rtime=81884948 bg_utime=0 bg_stime=0 bg_rtime=0 s_run=24 s_int=11 s_unint=72 s_oth=0 log_idx=88
     kworker/1:1-4579  [001] ...2   239.388890: phonelab_periodic_ctx_switch_info: cpu=1 pid=127 tgid=127 nice=0 comm=ueventd utime=0 stime=0 rtime=6648382 bg_utime=0 bg_stime=0 bg_rtime=0 s_run=0 s_int=2 s_unint=6 s_oth=0 log_idx=88
     kworker/1:1-4579  [001] ...2   239.388891: phonelab_periodic_ctx_switch_info: cpu=1 pid=135 tgid=135 nice=0 comm=jbd2/mmcblk0p28 utime=0 stime=0 rtime=1066250 bg_utime=0 bg_stime=0 bg_rtime=0 s_run=0 s_int=6 s_unint=13 s_oth=0 log_idx=88
     kworker/1:1-4579  [001] ...2   239.388892: phonelab_periodic_ctx_switch_info: cpu=1 pid=0 tgid=0 nice=0 comm=swapper/1 utime=0 stime=0 rtime=394013596 bg_utime=0 bg_stime=0 bg_rtime=0 s_run=396 s_int=0 s_unint=0 s_oth=0 log_idx=88
     kworker/1:1-4579  [001] ...2   239.388893: phonelab_periodic_ctx_switch_info: cpu=1 pid=5039 tgid=2459 nice=0 comm=adbd utime=0 stime=0 rtime=64635 bg_utime=0 bg_stime=0 bg_rtime=0 s_run=0 s_int=1 s_unint=1 s_oth=0 log_idx=88
     kworker/1:1-4579  [001] ...2   239.388894: phonelab_periodic_ctx_switch_info: cpu=1 pid=5031 tgid=3233 nice=0 comm=ple.h2benchmark utime=0 stime=0 rtime=1546821 bg_utime=0 bg_stime=0 bg_rtime=0 s_run=0 s_int=17 s_unint=0 s_oth=0 log_idx=88
     kworker/1:1-4579  [001] ...2   239.388895: phonelab_periodic_ctx_switch_info: cpu=1 pid=3249 tgid=3233 nice=0 comm=HeapTrimmerDaem utime=0 stime=0 rtime=375625 bg_utime=0 bg_stime=0 bg_rtime=0 s_run=0 s_int=2 s_unint=1 s_oth=0 log_idx=88
     kworker/1:1-4579  [001] ...2   239.388897: phonelab_periodic_ctx_switch_info: cpu=1 pid=738 tgid=719 nice=-2 comm=system_server utime=0 stime=1 rtime=3892241 bg_utime=0 bg_stime=0 bg_rtime=0 s_run=0 s_int=25 s_unint=0 s_oth=0 log_idx=88
     kworker/1:1-4579  [001] ...2   239.388898: phonelab_periodic_ctx_switch_info: cpu=1 pid=5035 tgid=2459 nice=0 comm=adbd utime=0 stime=0 rtime=136093 bg_utime=0 bg_stime=0 bg_rtime=0 s_run=0 s_int=1 s_unint=0 s_oth=1 log_idx=88
     kworker/1:1-4579  [001] ...2   239.388899: phonelab_periodic_ctx_switch_info: cpu=1 pid=5046 tgid=2459 nice=0 comm=adbd utime=0 stime=0 rtime=159740 bg_utime=0 bg_stime=0 bg_rtime=0 s_run=0 s_int=1 s_unint=0 s_oth=1 log_idx=88
     kworker/1:1-4579  [001] ...2   239.388914: phonelab_periodic_ctx_switch_marker: END cpu=1 count=51 log_idx=88
     kworker/1:1-4579  [001] ...2   239.388918: phonelab_timing: func=periodic_ctx_switch_info time=80677ns cpu=1
     kworker/1:1-4579  [001] ...2   239.388924: sched_switch: prev_comm=kworker/1:1 prev_pid=4579 prev_prio=120 prev_state=S ==> next_comm=ksoftirqd/1 next_pid=4578 next_prio=120
     ksoftirqd/1-4578  [001] ...2   239.388935: sched_switch: prev_comm=ksoftirqd/1 prev_pid=4578 prev_prio=120 prev_state=S ==> next_comm=swapper/1 next_pid=0 next_prio=120
          <idle>-0     [001] ...2   239.388951: sched_switch: prev_comm=swapper/1 prev_pid=0 prev_prio=120 prev_state=R ==> next_comm=ksoftirqd/1 next_pid=4578 next_prio=120
     ksoftirqd/1-4578  [001] ...2   239.388960: sched_switch: prev_comm=ksoftirqd/1 prev_pid=4578 prev_prio=120 prev_state=S ==> next_comm=swapper/1 next_pid=0 next_prio=120
          <idle>-0     [001] ...2   239.388974: sched_switch: prev_comm=swapper/1 prev_pid=0 prev_prio=120 prev_state=R ==> next_comm=ksoftirqd/1 next_pid=4578 next_prio=120
     ksoftirqd/1-4578  [001] ...2   239.388983: sched_switch: prev_comm=ksoftirqd/1 prev_pid=4578 prev_prio=120 prev_state=S ==> next_comm=swapper/1 next_pid=0 next_prio=120
      mpdecision-1777  [000] ...2   239.389069: sched_switch: prev_comm=mpdecision prev_pid=1777 prev_prio=113 prev_state=S ==> next_comm=ple.h2benchmark next_pid=3233 next_prio=120
           <...>-3233  [000] ...2   239.391503: sched_switch: prev_comm=ple.h2benchmark prev_pid=3233 prev_prio=120 prev_state=S ==> next_comm=swapper/0 next_pid=0 next_prio=120
          <idle>-0     [000] ...2   239.391516: sched_switch: prev_comm=swapper/0 prev_pid=0 prev_prio=120 prev_state=R ==> next_comm=ksoftirqd/0 next_pid=3 next_prio=120
     ksoftirqd/0-3     [000] ...2   239.391525: sched_switch: prev_comm=ksoftirqd/0 prev_pid=3 prev_prio=120 prev_state=S ==> next_comm=swapper/0 next_pid=0 next_prio=120
          <idle>-0     [000] ...2   239.391536: sched_switch: prev_comm=swapper/0 prev_pid=0 prev_prio=120 prev_state=R ==> next_comm=ksoftirqd/0 next_pid=3 next_prio=120
     ksoftirqd/0-3     [000] ...2   239.391543: sched_switch: prev_comm=ksoftirqd/0 prev_pid=3 prev_prio=120 prev_state=S ==> next_comm=swapper/0 next_pid=0 next_prio=120
          <idle>-0     [000] ...2   239.391553: sched_switch: prev_comm=swapper/0 prev_pid=0 prev_prio=120 prev_state=R ==> next_comm=ksoftirqd/0 next_pid=3 next_prio=120
     ksoftirqd/0-3     [000] ...2   239.391561: sched_switch: prev_comm=ksoftirqd/0 prev_pid=3 prev_prio=120 prev_state=S ==> next_comm=swapper/0 next_pid=0 next_prio=120
          <idle>-0     [000] ...2   239.391572: sched_switch: prev_comm=swapper/0 prev_pid=0 prev_prio=120 prev_state=R ==> next_comm=ksoftirqd/0 next_pid=3 next_prio=120
     ksoftirqd/0-3     [000] ...2   239.391579: sched_switch: prev_comm=ksoftirqd/0 prev_pid=3 prev_prio=120 prev_state=S ==> next_comm=swapper/0 next_pid=0 next_prio=120
          <idle>-0     [000] ...2   239.391590: sched_switch: prev_comm=swapper/0 prev_pid=0 prev_prio=120 prev_state=R ==> next_comm=ksoftirqd/0 next_pid=3 next_prio=120
     ksoftirqd/0-3     [000] ...2   239.391597: sched_switch: prev_comm=ksoftirqd/0 prev_pid=3 prev_prio=120 prev_state=S ==> next_comm=swapper/0 next_pid=0 next_prio=120
          <idle>-0     [000] ...2   239.391607: sched_switch: prev_comm=swapper/0 prev_pid=0 prev_prio=120 prev_state=R ==> next_comm=ksoftirqd/0 next_pid=3 next_prio=120
     ksoftirqd/0-3     [000] ...2   239.391613: sched_switch: prev_comm=ksoftirqd/0 prev_pid=3 prev_prio=120 prev_state=S ==> next_comm=swapper/0 next_pid=0 next_prio=120
          <idle>-0     [000] ...2   239.392557: sched_switch: prev_comm=swapper/0 prev_pid=0 prev_prio=120 prev_state=R ==> next_comm=ple.h2benchmark next_pid=3233 next_prio=120
           <...>-3233  [000] ...2   239.396185: sched_switch: prev_comm=ple.h2benchmark prev_pid=3233 prev_prio=120 prev_state=S ==> next_comm=swapper/0 next_pid=0 next_prio=120
          <idle>-0     [000] ...2   239.397238: sched_switch: prev_comm=swapper/0 prev_pid=0 prev_prio=120 prev_state=R ==> next_comm=ple.h2benchmark next_pid=3233 next_prio=120
          <idle>-0     [001] ...2   239.398826: sched_switch: prev_comm=swapper/1 prev_pid=0 prev_prio=120 prev_state=R ==> next_comm=ksoftirqd/1 next_pid=4578 next_prio=120
           <...>-3233  [000] ...2   239.398827: sched_switch: prev_comm=ple.h2benchmark prev_pid=3233 prev_prio=120 prev_state=R ==> next_comm=kworker/0:0 next_pid=4 next_prio=120
     ksoftirqd/1-4578  [001] ...2   239.398838: sched_switch: prev_comm=ksoftirqd/1 prev_pid=4578 prev_prio=120 prev_state=S ==> next_comm=swapper/1 next_pid=0 next_prio=120
     kworker/0:0-4     [000] ...2   239.398974: sched_switch: prev_comm=kworker/0:0 prev_pid=4 prev_prio=120 prev_state=D ==> next_comm=ple.h2benchmark next_pid=3233 next_prio=120
           <...>-3233  [000] ...2   239.399093: sched_switch: prev_comm=ple.h2benchmark prev_pid=3233 prev_prio=120 prev_state=R ==> next_comm=kworker/u:0H next_pid=7 next_prio=100
    kworker/u:0H-7     [000] ...2   239.399121: sched_switch: prev_comm=kworker/u:0H prev_pid=7 prev_prio=100 prev_state=D ==> next_comm=kworker/0:0 next_pid=4 next_prio=120
     kworker/0:0-4     [000] ...2   239.399218: sched_switch: prev_comm=kworker/0:0 prev_pid=4 prev_prio=120 prev_state=D ==> next_comm=ple.h2benchmark next_pid=3233 next_prio=120
           <...>-3233  [000] ...2   239.399426: sched_switch: prev_comm=ple.h2benchmark prev_pid=3233 prev_prio=120 prev_state=R ==> next_comm=kworker/u:0H next_pid=7 next_prio=100
