           <...>-3192  [001] ...2   239.418873: sched_switch: prev_comm=ple.h2benchmark prev_pid=3192 prev_prio=120 prev_state=S ==> next_comm=swapper/1 next_pid=0 next_prio=120
          <idle>-0     [001] ...2   239.419928: sched_switch: prev_comm=swapper/1 prev_pid=0 prev_prio=120 prev_state=R ==> next_comm=ple.h2benchmark next_pid=3192 next_prio=120
           <...>-3192  [001] ...2   239.420009: sched_switch: prev_comm=ple.h2benchmark prev_pid=3192 prev_prio=120 prev_state=S ==> next_comm=swapper/1 next_pid=0 next_prio=120
          <idle>-0     [001] ...2   239.421065: sched_switch: prev_comm=swapper/1 prev_pid=0 prev_prio=120 prev_state=R ==> next_comm=ple.h2benchmark next_pid=3192 next_prio=120
           <...>-3192  [001] ...2   239.422772: sched_switch: prev_comm=ple.h2benchmark prev_pid=3192 prev_prio=120 prev_state=R ==> next_comm=kworker/u:0 next_pid=6 next_prio=120
          traced-203   [000] ...2   239.422786: sched_switch: prev_comm=traced prev_pid=203 prev_prio=120 prev_state=R ==> next_comm=mpdecision next_pid=1812 next_prio=113
     kworker/u:0-6     [001] ...2   239.422789: sched_switch: prev_comm=kworker/u:0 prev_pid=6 prev_prio=120 prev_state=S ==> next_comm=ple.h2benchmark next_pid=3192 next_prio=120
      mpdecision-1812  [000] ...2   239.423029: sched_switch: prev_comm=mpdecision prev_pid=1812 prev_prio=113 prev_state=S ==> next_comm=traced next_pid=203 next_prio=120
           <...>-3192  [001] ...2   239.424810: sched_switch: prev_comm=ple.h2benchmark prev_pid=3192 prev_prio=120 prev_state=S ==> next_comm=swapper/1 next_pid=0 next_prio=120
          <idle>-0     [001] ...2   239.425865: sched_switch: prev_comm=swapper/1 prev_pid=0 prev_prio=120 prev_state=R ==> next_comm=ple.h2benchmark next_pid=3192 next_prio=120
           <...>-3192  [001] ...2   239.429548: sched_switch: prev_comm=ple.h2benchmark prev_pid=3192 prev_prio=120 prev_state=S ==> next_comm=swapper/1 next_pid=0 next_prio=120
          <idle>-0     [001] ...2   239.430602: sched_switch: prev_comm=swapper/1 prev_pid=0 prev_prio=120 prev_state=R ==> next_comm=ple.h2benchmark next_pid=3192 next_prio=120
           <...>-3192  [001] ...2   239.434177: sched_switch: prev_comm=ple.h2benchmark prev_pid=3192 prev_prio=120 prev_state=S ==> next_comm=swapper/1 next_pid=0 next_prio=120
          <idle>-0     [001] ...2   239.435230: sched_switch: prev_comm=swapper/1 prev_pid=0 prev_prio=120 prev_state=R ==> next_comm=ple.h2benchmark next_pid=3192 next_prio=120
           <...>-3192  [001] ...2   239.438745: sched_switch: prev_comm=ple.h2benchmark prev_pid=3192 prev_prio=120 prev_state=S ==> next_comm=swapper/1 next_pid=0 next_prio=120
          <idle>-0     [001] ...2   239.439800: sched_switch: prev_comm=swapper/1 prev_pid=0 prev_prio=120 prev_state=R ==> next_comm=ple.h2benchmark next_pid=3192 next_prio=120
           <...>-3192  [001] ...2   239.443420: sched_switch: prev_comm=ple.h2benchmark prev_pid=3192 prev_prio=120 prev_state=S ==> next_comm=swapper/1 next_pid=0 next_prio=120
          <idle>-0     [001] ...2   239.444474: sched_switch: prev_comm=swapper/1 prev_pid=0 prev_prio=120 prev_state=R ==> next_comm=ple.h2benchmark next_pid=3192 next_prio=120
           <...>-3192  [001] ...2   239.448041: sched_switch: prev_comm=ple.h2benchmark prev_pid=3192 prev_prio=120 prev_state=S ==> next_comm=swapper/1 next_pid=0 next_prio=120
          <idle>-0     [001] ...2   239.449095: sched_switch: prev_comm=swapper/1 prev_pid=0 prev_prio=120 prev_state=R ==> next_comm=ple.h2benchmark next_pid=3192 next_prio=120
           <...>-3192  [001] ...2   239.452740: sched_switch: prev_comm=ple.h2benchmark prev_pid=3192 prev_prio=120 prev_state=S ==> next_comm=swapper/1 next_pid=0 next_prio=120
          <idle>-0     [001] ...2   239.453795: sched_switch: prev_comm=swapper/1 prev_pid=0 prev_prio=120 prev_state=R ==> next_comm=ple.h2benchmark next_pid=3192 next_prio=120
           <...>-3192  [001] ...2   239.453874: sched_switch: prev_comm=ple.h2benchmark prev_pid=3192 prev_prio=120 prev_state=S ==> next_comm=swapper/1 next_pid=0 next_prio=120
          <idle>-0     [001] ...2   239.454928: sched_switch: prev_comm=swapper/1 prev_pid=0 prev_prio=120 prev_state=R ==> next_comm=ple.h2benchmark next_pid=3192 next_prio=120
           <...>-3192  [001] ...2   239.458673: sched_switch: prev_comm=ple.h2benchmark prev_pid=3192 prev_prio=120 prev_state=S ==> next_comm=swapper/1 next_pid=0 next_prio=120
          <idle>-0     [001] ...2   239.458916: sched_switch: prev_comm=swapper/1 prev_pid=0 prev_prio=120 prev_state=R ==> next_comm=Benchmark.mv.db next_pid=4749 next_prio=120
           <...>-4749  [001] ...2   239.458949: sched_switch: prev_comm=Benchmark.mv.db prev_pid=4749 prev_prio=120 prev_state=S ==> next_comm=swapper/1 next_pid=0 next_prio=120
          <idle>-0     [001] ...2   239.459736: sched_switch: prev_comm=swapper/1 prev_pid=0 prev_prio=120 prev_state=R ==> next_comm=.apps.messagin next_pid=2391 next_prio=120
  .apps.messagin-2391  [001] ...2   239.459756: sched_switch: prev_comm=.apps.messagin prev_pid=2391 prev_prio=120 prev_state=S ==> next_comm=id.gms.wearabl next_pid=1726 next_prio=120
  id.gms.wearabl-1726  [001] ...2   239.459773: sched_switch: prev_comm=id.gms.wearabl prev_pid=1726 prev_prio=120 prev_state=S ==> next_comm=ple.h2benchmark next_pid=3192 next_prio=120
           <...>-3192  [001] ...2   239.463479: sched_switch: prev_comm=ple.h2benchmark prev_pid=3192 prev_prio=120 prev_state=S ==> next_comm=swapper/1 next_pid=0 next_prio=120
          <idle>-0     [001] ...2   239.464534: sched_switch: prev_comm=swapper/1 prev_pid=0 prev_prio=120 prev_state=R ==> next_comm=ple.h2benchmark next_pid=3192 next_prio=120
           <...>-3192  [001] ...2   239.468079: sched_switch: prev_comm=ple.h2benchmark prev_pid=3192 prev_prio=120 prev_state=S ==> next_comm=swapper/1 next_pid=0 next_prio=120
          <idle>-0     [001] ...2   239.469134: sched_switch: prev_comm=swapper/1 prev_pid=0 prev_prio=120 prev_state=R ==> next_comm=ple.h2benchmark next_pid=3192 next_prio=120
           <...>-3192  [001] ...2   239.472716: sched_switch: prev_comm=ple.h2benchmark prev_pid=3192 prev_prio=120 prev_state=S ==> next_comm=swapper/1 next_pid=0 next_prio=120
          <idle>-0     [001] ...2   239.472775: sched_switch: prev_comm=swapper/1 prev_pid=0 prev_prio=120 prev_state=R ==> next_comm=kworker/u:0 next_pid=6 next_prio=120
          traced-203   [000] ...2   239.472789: sched_switch: prev_comm=traced prev_pid=203 prev_prio=120 prev_state=R ==> next_comm=mpdecision next_pid=1812 next_prio=113
     kworker/u:0-6     [001] ...2   239.472797: sched_switch: prev_comm=kworker/u:0 prev_pid=6 prev_prio=120 prev_state=S ==> next_comm=swapper/1 next_pid=0 next_prio=120
      mpdecision-1812  [000] ...2   239.473015: sched_switch: prev_comm=mpdecision prev_pid=1812 prev_prio=113 prev_state=S ==> next_comm=traced next_pid=203 next_prio=120
          <idle>-0     [001] ...2   239.473770: sched_switch: prev_comm=swapper/1 prev_pid=0 prev_prio=120 prev_state=R ==> next_comm=ple.h2benchmark next_pid=3192 next_prio=120
           <...>-3192  [001] ...2   239.477590: sched_switch: prev_comm=ple.h2benchmark prev_pid=3192 prev_prio=120 prev_state=S ==> next_comm=swapper/1 next_pid=0 next_prio=120
          <idle>-0     [001] ...2   239.478643: sched_switch: prev_comm=swapper/1 prev_pid=0 prev_prio=120 prev_state=R ==> next_comm=ple.h2benchmark next_pid=3192 next_prio=120
           <...>-3192  [001] ...2   239.482154: sched_switch: prev_comm=ple.h2benchmark prev_pid=3192 prev_prio=120 prev_state=S ==> next_comm=swapper/1 next_pid=0 next_prio=120
          <idle>-0     [001] ...2   239.483208: sched_switch: prev_comm=swapper/1 prev_pid=0 prev_prio=120 prev_state=R ==> next_comm=ple.h2benchmark next_pid=3192 next_prio=120
           <...>-3192  [001] ...2   239.486786: sched_switch: prev_comm=ple.h2benchmark prev_pid=3192 prev_prio=120 prev_state=S ==> next_comm=swapper/1 next_pid=0 next_prio=120
          <idle>-0     [001] ...2   239.487839: sched_switch: prev_comm=swapper/1 prev_pid=0 prev_prio=120 prev_state=R ==> next_comm=ple.h2benchmark next_pid=3192 next_prio=120
           <...>-3192  [001] ...2   239.491566: sched_switch: prev_comm=ple.h2benchmark prev_pid=3192 prev_prio=120 prev_state=S ==> next_comm=swapper/1 next_pid=0 next_prio=120
          <idle>-0     [001] ...2   239.492621: sched_switch: prev_comm=swapper/1 prev_pid=0 prev_prio=120 prev_state=R ==> next_comm=ple.h2benchmark next_pid=3192 next_prio=120
           <...>-3192  [001] ...2   239.492699: sched_switch: prev_comm=ple.h2benchmark prev_pid=3192 prev_prio=120 prev_state=S ==> next_comm=swapper/1 next_pid=0 next_prio=120
          <idle>-0     [001] ...2   239.493755: sched_switch: prev_comm=swapper/1 prev_pid=0 prev_prio=120 prev_state=R ==> next_comm=ple.h2benchmark next_pid=3192 next_prio=120
           <...>-3192  [001] ...2   239.497218: sched_switch: prev_comm=ple.h2benchmark prev_pid=3192 prev_prio=120 prev_state=S ==> next_comm=swapper/1 next_pid=0 next_prio=120
          <idle>-0     [001] ...2   239.498271: sched_switch: prev_comm=swapper/1 prev_pid=0 prev_prio=120 prev_state=R ==> next_comm=ple.h2benchmark next_pid=3192 next_prio=120
           <...>-3192  [001] ...2   239.501716: sched_switch: prev_comm=ple.h2benchmark prev_pid=3192 prev_prio=120 prev_state=S ==> next_comm=swapper/1 next_pid=0 next_prio=120
          <idle>-0     [001] ...2   239.502771: sched_switch: prev_comm=swapper/1 prev_pid=0 prev_prio=120 prev_state=R ==> next_comm=ple.h2benchmark next_pid=3192 next_prio=120
           <...>-3192  [001] ...2   239.506305: sched_switch: prev_comm=ple.h2benchmark prev_pid=3192 prev_prio=120 prev_state=S ==> next_comm=swapper/1 next_pid=0 next_prio=120
          <idle>-0     [001] ...2   239.507358: sched_switch: prev_comm=swapper/1 prev_pid=0 prev_prio=120 prev_state=R ==> next_comm=ple.h2benchmark next_pid=3192 next_prio=120
           <...>-3192  [001] ...2   239.509002: sched_switch: prev_comm=ple.h2benchmark prev_pid=3192 prev_prio=120 prev_state=R ==> next_comm=Benchmark.mv.db next_pid=4749 next_prio=120
           <...>-4749  [001] ...2   239.509035: sched_switch: prev_comm=Benchmark.mv.db prev_pid=4749 prev_prio=120 prev_state=S ==> next_comm=ple.h2benchmark next_pid=3192 next_prio=120
           <...>-3192  [001] ...2   239.510970: sched_switch: prev_comm=ple.h2benchmark prev_pid=3192 prev_prio=120 prev_state=S ==> next_comm=swapper/1 next_pid=0 next_prio=120
          <idle>-0     [001] ...2   239.512026: sched_switch: prev_comm=swapper/1 prev_pid=0 prev_prio=120 prev_state=R ==> next_comm=ple.h2benchmark next_pid=3192 next_prio=120
           <...>-3192  [001] ...2   239.515481: sched_switch: prev_comm=ple.h2benchmark prev_pid=3192 prev_prio=120 prev_state=S ==> next_comm=swapper/1 next_pid=0 next_prio=120
          <idle>-0     [001] ...2   239.516533: sched_switch: prev_comm=swapper/1 prev_pid=0 prev_prio=120 prev_state=R ==> next_comm=ple.h2benchmark next_pid=3192 next_prio=120
           <...>-3192  [001] ...2   239.520104: sched_switch: prev_comm=ple.h2benchmark prev_pid=3192 prev_prio=120 prev_state=S ==> next_comm=swapper/1 next_pid=0 next_prio=120
          <idle>-0     [001] ...2   239.521157: sched_switch: prev_comm=swapper/1 prev_pid=0 prev_prio=120 prev_state=R ==> next_comm=ple.h2benchmark next_pid=3192 next_prio=120
           <...>-3192  [001] d..2   239.522559: block_rq_insert: 179,0 WS 0 () 5548576 + 8 [ple.h2benchmark]
          traced-203   [000] ...2   239.522581: sched_switch: prev_comm=traced prev_pid=203 prev_prio=120 prev_state=R ==> next_comm=mmcqd/1 next_pid=116 next_prio=120
           <...>-3192  [001] ...2   239.522591: sched_switch: prev_comm=ple.h2benchmark prev_pid=3192 prev_prio=120 prev_state=D ==> next_comm=swapper/1 next_pid=0 next_prio=120
         mmcqd/1-116   [000] ...2   239.522643: sched_switch: prev_comm=mmcqd/1 prev_pid=116 prev_prio=120 prev_state=S ==> next_comm=traced next_pid=203 next_prio=120
          <idle>-0     [001] ...2   239.522784: sched_switch: prev_comm=swapper/1 prev_pid=0 prev_prio=120 prev_state=R ==> next_comm=kworker/u:0 next_pid=6 next_prio=120
          traced-203   [000] ...2   239.522786: sched_switch: prev_comm=traced prev_pid=203 prev_prio=120 prev_state=R ==> next_comm=kworker/0:0 next_pid=4 next_prio=120
     kworker/0:0-4     [000] ...1   239.522793: thermal_temp: sensor_id=5 temp=64
     kworker/u:0-6     [001] ...2   239.522806: sched_switch: prev_comm=kworker/u:0 prev_pid=6 prev_prio=120 prev_state=S ==> next_comm=kworker/1:1 next_pid=4235 next_prio=120
     kworker/1:1-4235  [001] ...2   239.522813: phonelab_periodic_ctx_switch_marker: BEGIN cpu=1 count=0 log_idx=92
     kworker/1:1-4235  [001] ...2   239.522817: phonelab_periodic_ctx_switch_info: cpu=1 pid=2930 tgid=2930 nice=0 comm=logcat utime=0 stime=0 rtime=801614 bg_utime=0 bg_stime=0 bg_rtime=801614 s_run=0 s_int=6 s_unint=0 s_oth=0 log_idx=92
     kworker/1:1-4235  [001] ...2   239.522819: phonelab_periodic_ctx_switch_info: cpu=1 pid=4757 tgid=4757 nice=0 comm=sh utime=0 stime=0 rtime=9836510 bg_utime=0 bg_stime=0 bg_rtime=0 s_run=1 s_int=0 s_unint=0 s_oth=1 log_idx=92
     kworker/1:1-4235  [001] ...2   239.522820: phonelab_periodic_ctx_switch_info: cpu=1 pid=4750 tgid=4750 nice=0 comm=adbd utime=0 stime=0 rtime=7259479 bg_utime=0 bg_stime=0 bg_rtime=0 s_run=3 s_int=1 s_unint=0 s_oth=1 log_idx=92
     kworker/1:1-4235  [001] ...2   239.522827: phonelab_periodic_ctx_switch_info: cpu=1 pid=4748 tgid=3192 nice=0 comm=ple.h2benchmark utime=0 stime=0 rtime=771981 bg_utime=0 bg_stime=0 bg_rtime=0 s_run=5 s_int=0 s_unint=0 s_oth=1 log_idx=92
     kworker/1:1-4235  [001] ...2   239.522828: phonelab_periodic_ctx_switch_info: cpu=1 pid=4733 tgid=4733 nice=0 comm=sh utime=1 stime=1 rtime=20558593 bg_utime=0 bg_stime=0 bg_rtime=0 s_run=8 s_int=0 s_unint=0 s_oth=1 log_idx=92
     kworker/1:1-4235  [001] ...2   239.522831: phonelab_periodic_ctx_switch_info: cpu=1 pid=3201 tgid=3192 nice=0 comm=Heap thread poo utime=0 stime=0 rtime=839167 bg_utime=0 bg_stime=0 bg_rtime=0 s_run=0 s_int=6 s_unint=0 s_oth=0 log_idx=92
     kworker/1:1-4235  [001] ...2   239.522833: phonelab_periodic_ctx_switch_info: cpu=1 pid=4735 tgid=4735 nice=0 comm=kthreadd utime=0 stime=0 rtime=20677 bg_utime=0 bg_stime=0 bg_rtime=0 s_run=0 s_int=0 s_unint=1 s_oth=0 log_idx=92
     kworker/1:1-4235  [001] ...2   239.522835: phonelab_periodic_ctx_switch_info: cpu=1 pid=4728 tgid=4728 nice=0 comm=adbd utime=1 stime=0 rtime=15982604 bg_utime=0 bg_stime=0 bg_rtime=0 s_run=25 s_int=1 s_unint=0 s_oth=1 log_idx=92
     kworker/1:1-4235  [001] ...2   239.522837: phonelab_periodic_ctx_switch_info: cpu=1 pid=3208 tgid=3192 nice=0 comm=GCDaemon utime=2 stime=2 rtime=53380417 bg_utime=0 bg_stime=0 bg_rtime=0 s_run=33 s_int=18 s_unint=64 s_oth=1 log_idx=92
     kworker/1:1-4235  [001] ...2   239.522838: phonelab_periodic_ctx_switch_info: cpu=1 pid=4739 tgid=4739 nice=0 comm=kthreadd utime=0 stime=0 rtime=26458 bg_utime=0 bg_stime=0 bg_rtime=0 s_run=0 s_int=0 s_unint=1 s_oth=0 log_idx=92
     kworker/1:1-4235  [001] ...2   239.522840: phonelab_periodic_ctx_switch_info: cpu=1 pid=135 tgid=135 nice=0 comm=jbd2/mmcblk0p28 utime=0 stime=0 rtime=620675 bg_utime=0 bg_stime=0 bg_rtime=0 s_run=0 s_int=4 s_unint=9 s_oth=0 log_idx=92
     kworker/1:1-4235  [001] ...2   239.522841: phonelab_periodic_ctx_switch_info: cpu=1 pid=3198 tgid=3192 nice=0 comm=Heap thread poo utime=0 stime=0 rtime=4723492 bg_utime=0 bg_stime=0 bg_rtime=0 s_run=0 s_int=18 s_unint=0 s_oth=0 log_idx=92
     kworker/1:1-4235  [001] ...2   239.522842: phonelab_periodic_ctx_switch_info: cpu=1 pid=2391 tgid=2382 nice=0 comm=.apps.messagin utime=0 stime=0 rtime=23646 bg_utime=0 bg_stime=0 bg_rtime=23646 s_run=0 s_int=1 s_unint=0 s_oth=0 log_idx=92
     kworker/1:1-4235  [001] ...2   239.522843: phonelab_periodic_ctx_switch_info: cpu=1 pid=1726 tgid=1719 nice=0 comm=id.gms.wearabl utime=0 stime=0 rtime=17135 bg_utime=0 bg_stime=0 bg_rtime=17135 s_run=0 s_int=1 s_unint=0 s_oth=0 log_idx=92
     kworker/1:1-4235  [001] ...2   239.522844: phonelab_periodic_ctx_switch_info: cpu=1 pid=4753 tgid=1852 nice=0 comm=adbd utime=0 stime=0 rtime=129323 bg_utime=0 bg_stime=0 bg_rtime=0 s_run=0 s_int=1 s_unint=0 s_oth=1 log_idx=92
     kworker/0:0-4     [000] ...2   239.522844: sched_switch: prev_comm=kworker/0:0 prev_pid=4 prev_prio=120 prev_state=S ==> next_comm=mpdecision next_pid=1812 next_prio=113
     kworker/1:1-4235  [001] ...2   239.522845: phonelab_periodic_ctx_switch_info: cpu=1 pid=4751 tgid=1852 nice=0 comm=adbd utime=0 stime=0 rtime=136615 bg_utime=0 bg_stime=0 bg_rtime=0 s_run=0 s_int=1 s_unint=0 s_oth=1 log_idx=92
     kworker/1:1-4235  [001] ...2   239.522846: phonelab_periodic_ctx_switch_info: cpu=1 pid=4729 tgid=1852 nice=0 comm=adbd utime=0 stime=0 rtime=220261 bg_utime=0 bg_stime=0 bg_rtime=0 s_run=0 s_int=0 s_unint=0 s_oth=1 log_idx=92
     kworker/1:1-4235  [001] ...2   239.522847: phonelab_periodic_ctx_switch_info: cpu=1 pid=4745 tgid=4745 nice=0 comm=kthreadd utime=0 stime=0 rtime=117241 bg_utime=0 bg_stime=0 bg_rtime=0 s_run=0 s_int=0 s_unint=5 s_oth=1 log_idx=92
     kworker/1:1-4235  [001] ...2   239.522848: phonelab_periodic_ctx_switch_info: cpu=1 pid=4737 tgid=4737 nice=0 comm=kthreadd utime=0 stime=0 rtime=19583 bg_utime=0 bg_stime=0 bg_rtime=0 s_run=0 s_int=0 s_unint=1 s_oth=0 log_idx=92
     kworker/1:1-4235  [001] ...2   239.522850: phonelab_periodic_ctx_switch_info: cpu=1 pid=6 tgid=6 nice=0 comm=kworker/u:0 utime=0 stime=1 rtime=581668 bg_utime=0 bg_stime=0 bg_rtime=0 s_run=0 s_int=17 s_unint=0 s_oth=0 log_idx=92
     kworker/1:1-4235  [001] ...2   239.522851: phonelab_periodic_ctx_switch_info: cpu=1 pid=3057 tgid=1852 nice=0 comm=adbd utime=0 stime=1 rtime=909062 bg_utime=0 bg_stime=0 bg_rtime=0 s_run=0 s_int=19 s_unint=0 s_oth=0 log_idx=92
     kworker/1:1-4235  [001] ...2   239.522852: phonelab_periodic_ctx_switch_info: cpu=1 pid=4754 tgid=4754 nice=0 comm=adbd utime=0 stime=0 rtime=7992082 bg_utime=0 bg_stime=0 bg_rtime=0 s_run=1 s_int=3 s_unint=0 s_oth=1 log_idx=92
     kworker/1:1-4235  [001] ...2   239.522853: phonelab_periodic_ctx_switch_info: cpu=1 pid=4749 tgid=3192 nice=0 comm=ple.h2benchmark utime=0 stime=0 rtime=876405 bg_utime=0 bg_stime=0 bg_rtime=0 s_run=0 s_int=12 s_unint=0 s_oth=0 log_idx=92
     kworker/1:1-4235  [001] ...2   239.522854: phonelab_periodic_ctx_switch_info: cpu=1 pid=4732 tgid=4732 nice=0 comm=sh utime=0 stime=0 rtime=2524427 bg_utime=0 bg_stime=0 bg_rtime=0 s_run=1 s_int=0 s_unint=0 s_oth=1 log_idx=92
     kworker/1:1-4235  [001] ...2   239.522855: phonelab_periodic_ctx_switch_info: cpu=1 pid=4738 tgid=4738 nice=0 comm=kthreadd utime=0 stime=0 rtime=26146 bg_utime=0 bg_stime=0 bg_rtime=0 s_run=0 s_int=0 s_unint=1 s_oth=0 log_idx=92
     kworker/1:1-4235  [001] ...2   239.522856: phonelab_periodic_ctx_switch_info: cpu=1 pid=4231 tgid=4231 nice=0 comm=migration/1 utime=0 stime=0 rtime=1690625 bg_utime=0 bg_stime=0 bg_rtime=0 s_run=0 s_int=4 s_unint=0 s_oth=0 log_idx=92
     kworker/1:1-4235  [001] ...2   239.522857: phonelab_periodic_ctx_switch_info: cpu=1 pid=4752 tgid=4752 nice=0 comm=adbd utime=0 stime=0 rtime=7458076 bg_utime=0 bg_stime=0 bg_rtime=0 s_run=25 s_int=1 s_unint=0 s_oth=1 log_idx=92
     kworker/1:1-4235  [001] ...2   239.522859: phonelab_periodic_ctx_switch_info: cpu=1 pid=4747 tgid=4747 nice=0 comm=kthreadd utime=0 stime=0 rtime=77500 bg_utime=0 bg_stime=0 bg_rtime=0 s_run=0 s_int=0 s_unint=1 s_oth=1 log_idx=92
     kworker/1:1-4235  [001] ...2   239.522860: phonelab_periodic_ctx_switch_info: cpu=1 pid=4234 tgid=4234 nice=0 comm=ksoftirqd/1 utime=0 stime=1 rtime=3848017 bg_utime=0 bg_stime=0 bg_rtime=0 s_run=0 s_int=218 s_unint=0 s_oth=0 log_idx=92
     kworker/1:1-4235  [001] ...2   239.522861: phonelab_periodic_ctx_switch_info: cpu=1 pid=3204 tgid=3192 nice=0 comm=ReferenceQueueD utime=0 stime=0 rtime=236303 bg_utime=0 bg_stime=0 bg_rtime=0 s_run=0 s_int=6 s_unint=1 s_oth=0 log_idx=92
     kworker/1:1-4235  [001] ...2   239.522862: phonelab_periodic_ctx_switch_info: cpu=1 pid=4744 tgid=4744 nice=0 comm=kthreadd utime=0 stime=0 rtime=71458 bg_utime=0 bg_stime=0 bg_rtime=0 s_run=0 s_int=0 s_unint=1 s_oth=1 log_idx=92
     kworker/1:1-4235  [001] ...2   239.522863: phonelab_periodic_ctx_switch_info: cpu=1 pid=4734 tgid=4734 nice=0 comm=kthreadd utime=0 stime=0 rtime=27084 bg_utime=0 bg_stime=0 bg_rtime=0 s_run=0 s_int=0 s_unint=1 s_oth=0 log_idx=92
     kworker/1:1-4235  [001] ...2   239.522864: phonelab_periodic_ctx_switch_info: cpu=1 pid=4726 tgid=4726 nice=0 comm=adbd utime=0 stime=1 rtime=14576041 bg_utime=0 bg_stime=0 bg_rtime=0 s_run=3 s_int=1 s_unint=0 s_oth=1 log_idx=92
     kworker/1:1-4235  [001] ...2   239.522865: phonelab_periodic_ctx_switch_info: cpu=1 pid=3205 tgid=3192 nice=0 comm=FinalizerDaemon utime=1 stime=0 rtime=1983283 bg_utime=0 bg_stime=0 bg_rtime=0 s_run=0 s_int=14 s_unint=1 s_oth=0 log_idx=92
     kworker/1:1-4235  [001] ...2   239.522866: phonelab_periodic_ctx_switch_info: cpu=1 pid=4267 tgid=4267 nice=0 comm=kworker/2:0 utime=0 stime=0 rtime=37187 bg_utime=0 bg_stime=0 bg_rtime=0 s_run=0 s_int=0 s_unint=0 s_oth=1 log_idx=92
     kworker/1:1-4235  [001] ...2   239.522868: phonelab_periodic_ctx_switch_info: cpu=1 pid=3192 tgid=3192 nice=0 comm=ple.h2benchmark utime=35 stime=3 rtime=386034214 bg_utime=0 bg_stime=0 bg_rtime=0 s_run=47 s_int=86 s_unint=21 s_oth=30 log_idx=92
     kworker/1:1-4235  [001] ...2   239.522869: phonelab_periodic_ctx_switch_info: cpu=1 pid=3074 tgid=3074 nice=0 comm=logcat utime=0 stime=0 rtime=1148490 bg_utime=0 bg_stime=0 bg_rtime=0 s_run=0 s_int=10 s_unint=2 s_oth=0 log_idx=92
     kworker/1:1-4235  [001] ...2   239.522870: phonelab_periodic_ctx_switch_info: cpu=1 pid=1852 tgid=1852 nice=0 comm=adbd utime=0 stime=1 rtime=6150156 bg_utime=0 bg_stime=0 bg_rtime=0 s_run=1 s_int=17 s_unint=2 s_oth=0 log_idx=92
     kworker/1:1-4235  [001] ...2   239.522872: phonelab_periodic_ctx_switch_info: cpu=1 pid=4233 tgid=4233 nice=-20 comm=kworker/1:0H utime=0 stime=0 rtime=649792 bg_utime=0 bg_stime=0 bg_rtime=0 s_run=0 s_int=15 s_unint=5 s_oth=0 log_idx=92
     kworker/1:1-4235  [001] ...2   239.522874: phonelab_periodic_ctx_switch_info: cpu=1 pid=4270 tgid=4270 nice=0 comm=kworker/2:1 utime=0 stime=0 rtime=52708 bg_utime=0 bg_stime=0 bg_rtime=0 s_run=0 s_int=0 s_unint=0 s_oth=1 log_idx=92
     kworker/1:1-4235  [001] ...2   239.522875: phonelab_periodic_ctx_switch_info: cpu=1 pid=4743 tgid=4743 nice=0 comm=kthreadd utime=0 stime=0 rtime=80624 bg_utime=0 bg_stime=0 bg_rtime=0 s_run=1 s_int=0 s_unint=1 s_oth=1 log_idx=92
     kworker/1:1-4235  [001] ...2   239.522876: phonelab_periodic_ctx_switch_info: cpu=1 pid=4730 tgid=4730 nice=0 comm=adbd utime=1 stime=0 rtime=15790885 bg_utime=0 bg_stime=0 bg_rtime=0 s_run=3 s_int=2 s_unint=0 s_oth=1 log_idx=92
     kworker/1:1-4235  [001] ...2   239.522877: phonelab_periodic_ctx_switch_info: cpu=1 pid=4235 tgid=4235 nice=0 comm=kworker/1:1 utime=0 stime=0 rtime=1278018 bg_utime=0 bg_stime=0 bg_rtime=0 s_run=1 s_int=62 s_unint=0 s_oth=0 log_idx=92
     kworker/1:1-4235  [001] ...2   239.522878: phonelab_periodic_ctx_switch_info: cpu=1 pid=4727 tgid=1852 nice=0 comm=adbd utime=0 stime=0 rtime=203750 bg_utime=0 bg_stime=0 bg_rtime=0 s_run=0 s_int=0 s_unint=0 s_oth=1 log_idx=92
     kworker/1:1-4235  [001] ...2   239.522879: phonelab_periodic_ctx_switch_info: cpu=1 pid=4236 tgid=4236 nice=-20 comm=kworker/1:1H utime=0 stime=0 rtime=812189 bg_utime=0 bg_stime=0 bg_rtime=0 s_run=0 s_int=5 s_unint=3 s_oth=0 log_idx=92
     kworker/1:1-4235  [001] ...2   239.522881: phonelab_periodic_ctx_switch_info: cpu=1 pid=4736 tgid=4736 nice=0 comm=kthreadd utime=0 stime=0 rtime=19843 bg_utime=0 bg_stime=0 bg_rtime=0 s_run=0 s_int=0 s_unint=1 s_oth=0 log_idx=92
     kworker/1:1-4235  [001] ...2   239.522882: phonelab_periodic_ctx_switch_info: cpu=1 pid=0 tgid=0 nice=0 comm=swapper/1 utime=0 stime=0 rtime=426306145 bg_utime=0 bg_stime=0 bg_rtime=0 s_run=443 s_int=0 s_unint=0 s_oth=0 log_idx=92
     kworker/1:1-4235  [001] ...2   239.522883: phonelab_periodic_ctx_switch_info: cpu=1 pid=4742 tgid=4742 nice=0 comm=kthreadd utime=0 stime=0 rtime=32448 bg_utime=0 bg_stime=0 bg_rtime=0 s_run=0 s_int=0 s_unint=1 s_oth=0 log_idx=92
     kworker/1:1-4235  [001] ...2   239.522884: phonelab_periodic_ctx_switch_info: cpu=1 pid=4741 tgid=4741 nice=0 comm=init utime=0 stime=0 rtime=373021 bg_utime=0 bg_stime=0 bg_rtime=0 s_run=1 s_int=0 s_unint=0 s_oth=0 log_idx=92
     kworker/1:1-4235  [001] ...2   239.522885: phonelab_periodic_ctx_switch_info: cpu=1 pid=202 tgid=202 nice=0 comm=kmsgd utime=0 stime=0 rtime=154272 bg_utime=0 bg_stime=0 bg_rtime=0 s_run=1 s_int=1 s_unint=0 s_oth=0 log_idx=92
     kworker/1:1-4235  [001] ...2   239.522886: phonelab_periodic_ctx_switch_info: cpu=1 pid=116 tgid=116 nice=0 comm=mmcqd/1 utime=0 stime=0 rtime=2041568 bg_utime=0 bg_stime=0 bg_rtime=0 s_run=5 s_int=34 s_unint=0 s_oth=0 log_idx=92
     kworker/1:1-4235  [001] ...2   239.522887: phonelab_periodic_ctx_switch_info: cpu=1 pid=1343 tgid=1329 nice=0 comm=d.process.acor utime=0 stime=0 rtime=19010 bg_utime=0 bg_stime=0 bg_rtime=19010 s_run=0 s_int=1 s_unint=0 s_oth=0 log_idx=92
     kworker/1:1-4235  [001] ...2   239.522889: phonelab_periodic_ctx_switch_info: cpu=1 pid=4746 tgid=4746 nice=0 comm=kthreadd utime=0 stime=0 rtime=91354 bg_utime=0 bg_stime=0 bg_rtime=0 s_run=1 s_int=0 s_unint=1 s_oth=1 log_idx=92
     kworker/1:1-4235  [001] ...2   239.522890: phonelab_periodic_ctx_switch_info: cpu=1 pid=4740 tgid=4740 nice=0 comm=kthreadd utime=0 stime=0 rtime=24479 bg_utime=0 bg_stime=0 bg_rtime=0 s_run=0 s_int=0 s_unint=1 s_oth=0 log_idx=92
     kworker/1:1-4235  [001] ...2   239.522905: phonelab_periodic_ctx_switch_marker: END cpu=1 count=54 log_idx=92
     kworker/1:1-4235  [001] ...2   239.522908: phonelab_timing: func=periodic_ctx_switch_info time=97656ns cpu=1
     kworker/1:1-4235  [001] ...2   239.522919: sched_switch: prev_comm=kworker/1:1 prev_pid=4235 prev_prio=120 prev_state=S ==> next_comm=swapper/1 next_pid=0 next_prio=120
      mpdecision-1812  [000] ...2   239.523078: sched_switch: prev_comm=mpdecision prev_pid=1812 prev_prio=113 prev_state=S ==> next_comm=traced next_pid=203 next_prio=120
          traced-203   [000] ...2   239.523502: sched_switch: prev_comm=traced prev_pid=203 prev_prio=120 prev_state=R ==> next_comm=mmcqd/1 next_pid=116 next_prio=120
         mmcqd/1-116   [000] ...2   239.523531: sched_switch: prev_comm=mmcqd/1 prev_pid=116 prev_prio=120 prev_state=R ==> next_comm=traced next_pid=203 next_prio=120
          traced-203   [000] ...2   239.523535: sched_switch: prev_comm=traced prev_pid=203 prev_prio=120 prev_state=R ==> next_comm=mmcqd/1 next_pid=116 next_prio=120
         mmcqd/1-116   [000] ...1   239.523546: block_rq_complete: 179,0 WAS () 5548576 + 8 [0]
          <idle>-0     [001] ...2   239.523565: sched_switch: prev_comm=swapper/1 prev_pid=0 prev_prio=120 prev_state=R ==> next_comm=ple.h2benchmark next_pid=3192 next_prio=120
         mmcqd/1-116   [000] ...2   239.523574: sched_switch: prev_comm=mmcqd/1 prev_pid=116 prev_prio=120 prev_state=R+ ==> next_comm=kworker/0:2H next_pid=167 next_prio=100
           <...>-3192  [001] ...2   239.523579: sched_switch: prev_comm=ple.h2benchmark prev_pid=3192 prev_prio=120 prev_state=R+ ==> next_comm=jbd2/mmcblk0p28 next_pid=135 next_prio=120
    kworker/0:2H-167   [000] ...2   239.523581: sched_switch: prev_comm=kworker/0:2H prev_pid=167 prev_prio=100 prev_state=S ==> next_comm=mmcqd/1 next_pid=116 next_prio=120
         mmcqd/1-116   [000] ...2   239.523591: sched_switch: prev_comm=mmcqd/1 prev_pid=116 prev_prio=120 prev_state=S ==> next_comm=traced next_pid=203 next_prio=120
 jbd2/mmcblk0p28-135   [001] d..2   239.523629: block_rq_insert: 179,0 WS 0 () 3997280 + 32 [jbd2/mmcblk0p28]
          traced-203   [000] ...2   239.523642: sched_switch: prev_comm=traced prev_pid=203 prev_prio=120 prev_state=R ==> next_comm=mmcqd/1 next_pid=116 next_prio=120
 jbd2/mmcblk0p28-135   [001] ...2   239.523645: sched_switch: prev_comm=jbd2/mmcblk0p28 prev_pid=135 prev_prio=120 prev_state=D ==> next_comm=ple.h2benchmark next_pid=3192 next_prio=120
           <...>-3192  [001] ...2   239.523655: sched_switch: prev_comm=ple.h2benchmark prev_pid=3192 prev_prio=120 prev_state=D ==> next_comm=swapper/1 next_pid=0 next_prio=120
         mmcqd/1-116   [000] ...2   239.523675: sched_switch: prev_comm=mmcqd/1 prev_pid=116 prev_prio=120 prev_state=S ==> next_comm=traced next_pid=203 next_prio=120
          traced-203   [000] ...2   239.524812: sched_switch: prev_comm=traced prev_pid=203 prev_prio=120 prev_state=R ==> next_comm=adbd next_pid=3058 next_prio=120
            adbd-3058  [000] ...2   239.524830: sched_switch: prev_comm=adbd prev_pid=3058 prev_prio=120 prev_state=S ==> next_comm=traced next_pid=203 next_prio=120
          traced-203   [000] ...2   239.525021: sched_switch: prev_comm=traced prev_pid=203 prev_prio=120 prev_state=R ==> next_comm=adbd next_pid=3058 next_prio=120
            adbd-3058  [000] ...2   239.525070: sched_switch: prev_comm=adbd prev_pid=3058 prev_prio=120 prev_state=S ==> next_comm=adbd next_pid=1852 next_prio=120
            adbd-1852  [000] ...2   239.525281: sched_switch: prev_comm=adbd prev_pid=1852 prev_prio=120 prev_state=S ==> next_comm=adbd next_pid=3057 next_prio=120
            adbd-3057  [000] ...2   239.525326: sched_switch: prev_comm=adbd prev_pid=3057 prev_prio=120 prev_state=S ==> next_comm=JDWP next_pid=3203 next_prio=120
            JDWP-3203  [000] ...2   239.527003: sched_switch: prev_comm=JDWP prev_pid=3203 prev_prio=120 prev_state=S ==> next_comm=mmcqd/1 next_pid=116 next_prio=120
         mmcqd/1-116   [000] ...2   239.527036: sched_switch: prev_comm=mmcqd/1 prev_pid=116 prev_prio=120 prev_state=R ==> next_comm=adbd next_pid=1852 next_prio=120
            adbd-1852  [000] ...2   239.527188: sched_switch: prev_comm=adbd prev_pid=1852 prev_prio=120 prev_state=S ==> next_comm=mmcqd/1 next_pid=116 next_prio=120
         mmcqd/1-116   [000] ...1   239.527197: block_rq_complete: 179,0 WAS () 3997280 + 32 [0]
          <idle>-0     [001] ...2   239.527221: sched_switch: prev_comm=swapper/1 prev_pid=0 prev_prio=120 prev_state=R ==> next_comm=jbd2/mmcblk0p28 next_pid=135 next_prio=120
         mmcqd/1-116   [000] ...2   239.527223: sched_switch: prev_comm=mmcqd/1 prev_pid=116 prev_prio=120 prev_state=R+ ==> next_comm=kworker/0:2H next_pid=167 next_prio=100
    kworker/0:2H-167   [000] ...2   239.527230: sched_switch: prev_comm=kworker/0:2H prev_pid=167 prev_prio=100 prev_state=S ==> next_comm=adbd next_pid=3057 next_prio=120
 jbd2/mmcblk0p28-135   [001] d..2   239.527248: block_rq_insert: 179,0 FWFS 0 () 3997312 + 8 [jbd2/mmcblk0p28]
 jbd2/mmcblk0p28-135   [001] ...2   239.527264: sched_switch: prev_comm=jbd2/mmcblk0p28 prev_pid=135 prev_prio=120 prev_state=D ==> next_comm=traced next_pid=203 next_prio=120
            adbd-3057  [000] ...2   239.527276: sched_switch: prev_comm=adbd prev_pid=3057 prev_prio=120 prev_state=S ==> next_comm=mmcqd/1 next_pid=116 next_prio=120
         mmcqd/1-116   [000] ...2   239.527306: sched_switch: prev_comm=mmcqd/1 prev_pid=116 prev_prio=120 prev_state=D ==> next_comm=swapper/0 next_pid=0 next_prio=120
          <idle>-0     [000] ...2   239.527337: sched_switch: prev_comm=swapper/0 prev_pid=0 prev_prio=120 prev_state=R ==> next_comm=ksoftirqd/0 next_pid=3 next_prio=120
     ksoftirqd/0-3     [000] ...2   239.527346: sched_switch: prev_comm=ksoftirqd/0 prev_pid=3 prev_prio=120 prev_state=S ==> next_comm=mmcqd/1 next_pid=116 next_prio=120
         mmcqd/1-116   [000] ...2   239.527372: sched_switch: prev_comm=mmcqd/1 prev_pid=116 prev_prio=120 prev_state=R ==> next_comm=swapper/0 next_pid=0 next_prio=120
          <idle>-0     [000] ...2   239.527376: sched_switch: prev_comm=swapper/0 prev_pid=0 prev_prio=120 prev_state=R ==> next_comm=mmcqd/1 next_pid=116 next_prio=120
         mmcqd/1-116   [000] ...2   239.527387: sched_switch: prev_comm=mmcqd/1 prev_pid=116 prev_prio=120 prev_state=R+ ==> next_comm=kworker/0:2H next_pid=167 next_prio=100
    kworker/0:2H-167   [000] ...2   239.527394: sched_switch: prev_comm=kworker/0:2H prev_pid=167 prev_prio=100 prev_state=S ==> next_comm=mmcqd/1 next_pid=116 next_prio=120
         mmcqd/1-116   [000] ...2   239.527428: sched_switch: prev_comm=mmcqd/1 prev_pid=116 prev_prio=120 prev_state=S ==> next_comm=swapper/0 next_pid=0 next_prio=120
          <idle>-0     [000] ...2   239.527444: sched_switch: prev_comm=swapper/0 prev_pid=0 prev_prio=120 prev_state=R ==> next_comm=ksoftirqd/0 next_pid=3 next_prio=120
     ksoftirqd/0-3     [000] ...2   239.527466: sched_switch: prev_comm=ksoftirqd/0 prev_pid=3 prev_prio=120 prev_state=S ==> next_comm=swapper/0 next_pid=0 next_prio=120
          <idle>-0     [000] ...2   239.527742: sched_switch: prev_comm=swapper/0 prev_pid=0 prev_prio=120 prev_state=R ==> next_comm=adbd next_pid=3058 next_prio=120
            adbd-3058  [000] ...2   239.527774: sched_switch: prev_comm=adbd prev_pid=3058 prev_prio=120 prev_state=S ==> next_comm=adbd next_pid=1852 next_prio=120
            adbd-1852  [000] ...2   239.527906: sched_switch: prev_comm=adbd prev_pid=1852 prev_prio=120 prev_state=S ==> next_comm=adbd next_pid=3057 next_prio=120
            adbd-3057  [000] ...2   239.527912: sched_switch: prev_comm=adbd prev_pid=3057 prev_prio=120 prev_state=S ==> next_comm=swapper/0 next_pid=0 next_prio=120
          <idle>-0     [000] ...2   239.528163: sched_switch: prev_comm=swapper/0 prev_pid=0 prev_prio=120 prev_state=R ==> next_comm=mmcqd/1 next_pid=116 next_prio=120
         mmcqd/1-116   [000] ...2   239.528188: sched_switch: prev_comm=mmcqd/1 prev_pid=116 prev_prio=120 prev_state=R ==> next_comm=swapper/0 next_pid=0 next_prio=120
          <idle>-0     [000] ...2   239.528191: sched_switch: prev_comm=swapper/0 prev_pid=0 prev_prio=120 prev_state=R ==> next_comm=mmcqd/1 next_pid=116 next_prio=120
         mmcqd/1-116   [000] ...1   239.528198: block_rq_complete: 179,0 WFS () 3997312 + 8 [0]
         mmcqd/1-116   [000] d..2   239.528201: block_rq_complete: 179,0 WFS () 3997312 + 0 [0]
          traced-203   [001] ...2   239.528211: sched_switch: prev_comm=traced prev_pid=203 prev_prio=120 prev_state=R ==> next_comm=jbd2/mmcblk0p28 next_pid=135 next_prio=120
         mmcqd/1-116   [000] ...2   239.528218: sched_switch: prev_comm=mmcqd/1 prev_pid=116 prev_prio=120 prev_state=S ==> next_comm=swapper/0 next_pid=0 next_prio=120
 jbd2/mmcblk0p28-135   [001] ...2   239.528229: sched_switch: prev_comm=jbd2/mmcblk0p28 prev_pid=135 prev_prio=120 prev_state=S ==> next_comm=ple.h2benchmark next_pid=3192 next_prio=120
           <...>-3192  [001] ...2   239.532380: sched_switch: prev_comm=ple.h2benchmark prev_pid=3192 prev_prio=120 prev_state=S ==> next_comm=traced next_pid=203 next_prio=120
          traced-203   [001] ...2   239.532783: sched_switch: prev_comm=traced prev_pid=203 prev_prio=120 prev_state=R ==> next_comm=kworker/1:0H next_pid=4233 next_prio=100
          <idle>-0     [000] ...2   239.532790: sched_switch: prev_comm=swapper/0 prev_pid=0 prev_prio=120 prev_state=R ==> next_comm=kworker/0:2H next_pid=167 next_prio=100
    kworker/1:0H-4233  [001] ...2   239.532800: sched_switch: prev_comm=kworker/1:0H prev_pid=4233 prev_prio=100 prev_state=S ==> next_comm=traced next_pid=203 next_prio=120
    kworker/0:2H-167   [000] ...2   239.532803: sched_switch: prev_comm=kworker/0:2H prev_pid=167 prev_prio=100 prev_state=S ==> next_comm=ksoftirqd/0 next_pid=3 next_prio=120
     ksoftirqd/0-3     [000] ...2   239.532812: sched_switch: prev_comm=ksoftirqd/0 prev_pid=3 prev_prio=120 prev_state=S ==> next_comm=swapper/0 next_pid=0 next_prio=120
          <idle>-0     [000] ...2   239.532825: sched_switch: prev_comm=swapper/0 prev_pid=0 prev_prio=120 prev_state=R ==> next_comm=ksoftirqd/0 next_pid=3 next_prio=120
     ksoftirqd/0-3     [000] ...2   239.532833: sched_switch: prev_comm=ksoftirqd/0 prev_pid=3 prev_prio=120 prev_state=S ==> next_comm=swapper/0 next_pid=0 next_prio=120
          <idle>-0     [000] ...2   239.532844: sched_switch: prev_comm=swapper/0 prev_pid=0 prev_prio=120 prev_state=R ==> next_comm=ksoftirqd/0 next_pid=3 next_prio=120
     ksoftirqd/0-3     [000] ...2   239.532851: sched_switch: prev_comm=ksoftirqd/0 prev_pid=3 prev_prio=120 prev_state=S ==> next_comm=swapper/0 next_pid=0 next_prio=120
          <idle>-0     [000] ...2   239.539096: sched_switch: prev_comm=swapper/0 prev_pid=0 prev_prio=120 prev_state=R ==> next_comm=ndroid.systemu next_pid=877 next_prio=120
  ndroid.systemu-877   [000] ...2   239.539121: sched_switch: prev_comm=ndroid.systemu prev_pid=877 prev_prio=120 prev_state=S ==> next_comm=ple.h2benchmark next_pid=3192 next_prio=120
           <...>-3192  [000] ...2   239.542791: sched_switch: prev_comm=ple.h2benchmark prev_pid=3192 prev_prio=120 prev_state=S ==> next_comm=swapper/0 next_pid=0 next_prio=120
          <idle>-0     [000] ...2   239.542806: sched_switch: prev_comm=swapper/0 prev_pid=0 prev_prio=120 prev_state=R ==> next_comm=ksoftirqd/0 next_pid=3 next_prio=120
     ksoftirqd/0-3     [000] ...2   239.542816: sched_switch: prev_comm=ksoftirqd/0 prev_pid=3 prev_prio=120 prev_state=S ==> next_comm=swapper/0 next_pid=0 next_prio=120
          <idle>-0     [000] ...2   239.543849: sched_switch: prev_comm=swapper/0 prev_pid=0 prev_prio=120 prev_state=R ==> next_comm=ple.h2benchmark next_pid=3192 next_prio=120
           <...>-3192  [000] ...2   239.547475: sched_switch: prev_comm=ple.h2benchmark prev_pid=3192 prev_prio=120 prev_state=S ==> next_comm=swapper/0 next_pid=0 next_prio=120
          <idle>-0     [000] ...2   239.548531: sched_switch: prev_comm=swapper/0 prev_pid=0 prev_prio=120 prev_state=R ==> next_comm=ple.h2benchmark next_pid=3192 next_prio=120
           <...>-3192  [000] ...2   239.552028: sched_switch: prev_comm=ple.h2benchmark prev_pid=3192 prev_prio=120 prev_state=S ==> next_comm=swapper/0 next_pid=0 next_prio=120
          <idle>-0     [000] ...2   239.553086: sched_switch: prev_comm=swapper/0 prev_pid=0 prev_prio=120 prev_state=R ==> next_comm=ple.h2benchmark next_pid=3192 next_prio=120
           <...>-3192  [000] ...2   239.556721: sched_switch: prev_comm=ple.h2benchmark prev_pid=3192 prev_prio=120 prev_state=S ==> next_comm=swapper/0 next_pid=0 next_prio=120
          <idle>-0     [000] ...2   239.557778: sched_switch: prev_comm=swapper/0 prev_pid=0 prev_prio=120 prev_state=R ==> next_comm=ple.h2benchmark next_pid=3192 next_prio=120
          traced-203   [001] ...2   239.559091: sched_switch: prev_comm=traced prev_pid=203 prev_prio=120 prev_state=R ==> next_comm=Benchmark.mv.db next_pid=4749 next_prio=120
           <...>-3192  [000] d..2   239.559122: block_rq_insert: 179,0 WS 0 () 5548584 + 8 [ple.h2benchmark]
           <...>-4749  [001] ...2   239.559127: sched_switch: prev_comm=Benchmark.mv.db prev_pid=4749 prev_prio=120 prev_state=S ==> next_comm=traced next_pid=203 next_prio=120
           <...>-3192  [000] ...2   239.559141: sched_switch: prev_comm=ple.h2benchmark prev_pid=3192 prev_prio=120 prev_state=R+ ==> next_comm=mmcqd/1 next_pid=116 next_prio=120
         mmcqd/1-116   [000] ...2   239.559195: sched_switch: prev_comm=mmcqd/1 prev_pid=116 prev_prio=120 prev_state=S ==> next_comm=ple.h2benchmark next_pid=3192 next_prio=120
           <...>-3192  [000] ...2   239.559205: sched_switch: prev_comm=ple.h2benchmark prev_pid=3192 prev_prio=120 prev_state=D ==> next_comm=swapper/0 next_pid=0 next_prio=120
          <idle>-0     [000] ...2   239.560077: sched_switch: prev_comm=swapper/0 prev_pid=0 prev_prio=120 prev_state=R ==> next_comm=mmcqd/1 next_pid=116 next_prio=120
         mmcqd/1-116   [000] ...2   239.560105: sched_switch: prev_comm=mmcqd/1 prev_pid=116 prev_prio=120 prev_state=R ==> next_comm=swapper/0 next_pid=0 next_prio=120
          <idle>-0     [000] ...2   239.560108: sched_switch: prev_comm=swapper/0 prev_pid=0 prev_prio=120 prev_state=R ==> next_comm=mmcqd/1 next_pid=116 next_prio=120
         mmcqd/1-116   [000] ...1   239.560118: block_rq_complete: 179,0 WAS () 5548584 + 8 [0]
         mmcqd/1-116   [000] ...2   239.560143: sched_switch: prev_comm=mmcqd/1 prev_pid=116 prev_prio=120 prev_state=R+ ==> next_comm=kworker/0:2H next_pid=167 next_prio=100
    kworker/0:2H-167   [000] ...2   239.560151: sched_switch: prev_comm=kworker/0:2H prev_pid=167 prev_prio=100 prev_state=S ==> next_comm=mmcqd/1 next_pid=116 next_prio=120
         mmcqd/1-116   [000] ...2   239.560161: sched_switch: prev_comm=mmcqd/1 prev_pid=116 prev_prio=120 prev_state=S ==> next_comm=ple.h2benchmark next_pid=3192 next_prio=120
          traced-203   [001] ...2   239.560176: sched_switch: prev_comm=traced prev_pid=203 prev_prio=120 prev_state=R ==> next_comm=jbd2/mmcblk0p28 next_pid=135 next_prio=120
           <...>-3192  [000] ...2   239.560180: sched_switch: prev_comm=ple.h2benchmark prev_pid=3192 prev_prio=120 prev_state=D ==> next_comm=swapper/0 next_pid=0 next_prio=120
 jbd2/mmcblk0p28-135   [001] d..2   239.560226: block_rq_insert: 179,0 WS 0 () 3997320 + 32 [jbd2/mmcblk0p28]
 jbd2/mmcblk0p28-135   [001] ...2   239.560241: sched_switch: prev_comm=jbd2/mmcblk0p28 prev_pid=135 prev_prio=120 prev_state=D ==> next_comm=traced next_pid=203 next_prio=120
          <idle>-0     [000] ...2   239.560245: sched_switch: prev_comm=swapper/0 prev_pid=0 prev_prio=120 prev_state=R ==> next_comm=mmcqd/1 next_pid=116 next_prio=120
         mmcqd/1-116   [000] ...2   239.560284: sched_switch: prev_comm=mmcqd/1 prev_pid=116 prev_prio=120 prev_state=S ==> next_comm=swapper/0 next_pid=0 next_prio=120
          <idle>-0     [000] ...2   239.562061: sched_switch: prev_comm=swapper/0 prev_pid=0 prev_prio=120 prev_state=R ==> next_comm=mmcqd/1 next_pid=116 next_prio=120
         mmcqd/1-116   [000] ...2   239.562088: sched_switch: prev_comm=mmcqd/1 prev_pid=116 prev_prio=120 prev_state=R ==> next_comm=swapper/0 next_pid=0 next_prio=120
          <idle>-0     [000] ...2   239.562092: sched_switch: prev_comm=swapper/0 prev_pid=0 prev_prio=120 prev_state=R ==> next_comm=mmcqd/1 next_pid=116 next_prio=120
         mmcqd/1-116   [000] ...1   239.562099: block_rq_complete: 179,0 WAS () 3997320 + 32 [0]
          traced-203   [001] ...2   239.562111: sched_switch: prev_comm=traced prev_pid=203 prev_prio=120 prev_state=R ==> next_comm=jbd2/mmcblk0p28 next_pid=135 next_prio=120
         mmcqd/1-116   [000] ...2   239.562119: sched_switch: prev_comm=mmcqd/1 prev_pid=116 prev_prio=120 prev_state=R+ ==> next_comm=kworker/0:2H next_pid=167 next_prio=100
    kworker/0:2H-167   [000] ...2   239.562127: sched_switch: prev_comm=kworker/0:2H prev_pid=167 prev_prio=100 prev_state=S ==> next_comm=mmcqd/1 next_pid=116 next_prio=120
 jbd2/mmcblk0p28-135   [001] d..2   239.562132: block_rq_insert: 179,0 FWFS 0 () 3997352 + 8 [jbd2/mmcblk0p28]
 jbd2/mmcblk0p28-135   [001] ...2   239.562140: sched_switch: prev_comm=jbd2/mmcblk0p28 prev_pid=135 prev_prio=120 prev_state=D ==> next_comm=traced next_pid=203 next_prio=120
         mmcqd/1-116   [000] ...2   239.562157: sched_switch: prev_comm=mmcqd/1 prev_pid=116 prev_prio=120 prev_state=D ==> next_comm=swapper/0 next_pid=0 next_prio=120
          <idle>-0     [000] ...2   239.562189: sched_switch: prev_comm=swapper/0 prev_pid=0 prev_prio=120 prev_state=R ==> next_comm=mmcqd/1 next_pid=116 next_prio=120
         mmcqd/1-116   [000] ...2   239.562214: sched_switch: prev_comm=mmcqd/1 prev_pid=116 prev_prio=120 prev_state=R ==> next_comm=swapper/0 next_pid=0 next_prio=120
          <idle>-0     [000] ...2   239.562218: sched_switch: prev_comm=swapper/0 prev_pid=0 prev_prio=120 prev_state=R ==> next_comm=mmcqd/1 next_pid=116 next_prio=120
         mmcqd/1-116   [000] ...2   239.562228: sched_switch: prev_comm=mmcqd/1 prev_pid=116 prev_prio=120 prev_state=R+ ==> next_comm=kworker/0:2H next_pid=167 next_prio=100
    kworker/0:2H-167   [000] ...2   239.562235: sched_switch: prev_comm=kworker/0:2H prev_pid=167 prev_prio=100 prev_state=S ==> next_comm=mmcqd/1 next_pid=116 next_prio=120
         mmcqd/1-116   [000] ...2   239.562268: sched_switch: prev_comm=mmcqd/1 prev_pid=116 prev_prio=120 prev_state=S ==> next_comm=swapper/0 next_pid=0 next_prio=120
          <idle>-0     [000] ...2   239.562848: sched_switch: prev_comm=swapper/0 prev_pid=0 prev_prio=120 prev_state=R ==> next_comm=mmcqd/1 next_pid=116 next_prio=120
         mmcqd/1-116   [000] ...2   239.562874: sched_switch: prev_comm=mmcqd/1 prev_pid=116 prev_prio=120 prev_state=R ==> next_comm=swapper/0 next_pid=0 next_prio=120
          <idle>-0     [000] ...2   239.562878: sched_switch: prev_comm=swapper/0 prev_pid=0 prev_prio=120 prev_state=R ==> next_comm=mmcqd/1 next_pid=116 next_prio=120
         mmcqd/1-116   [000] ...1   239.562884: block_rq_complete: 179,0 WFS () 3997352 + 8 [0]
         mmcqd/1-116   [000] d..2   239.562887: block_rq_complete: 179,0 WFS () 3997352 + 0 [0]
          traced-203   [001] ...2   239.562896: sched_switch: prev_comm=traced prev_pid=203 prev_prio=120 prev_state=R ==> next_comm=jbd2/mmcblk0p28 next_pid=135 next_prio=120
         mmcqd/1-116   [000] ...2   239.562907: sched_switch: prev_comm=mmcqd/1 prev_pid=116 prev_prio=120 prev_state=S ==> next_comm=swapper/0 next_pid=0 next_prio=120
          <idle>-0     [000] ...2   239.562912: sched_switch: prev_comm=swapper/0 prev_pid=0 prev_prio=120 prev_state=R ==> next_comm=ple.h2benchmark next_pid=3192 next_prio=120
 jbd2/mmcblk0p28-135   [001] ...2   239.562914: sched_switch: prev_comm=jbd2/mmcblk0p28 prev_pid=135 prev_prio=120 prev_state=S ==> next_comm=traced next_pid=203 next_prio=120
           <...>-3192  [000] ...2   239.567021: sched_switch: prev_comm=ple.h2benchmark prev_pid=3192 prev_prio=120 prev_state=S ==> next_comm=swapper/0 next_pid=0 next_prio=120
          <idle>-0     [000] ...2   239.568076: sched_switch: prev_comm=swapper/0 prev_pid=0 prev_prio=120 prev_state=R ==> next_comm=ple.h2benchmark next_pid=3192 next_prio=120
           <...>-3192  [000] ...2   239.571698: sched_switch: prev_comm=ple.h2benchmark prev_pid=3192 prev_prio=120 prev_state=S ==> next_comm=swapper/0 next_pid=0 next_prio=120
          <idle>-0     [000] ...2   239.572758: sched_switch: prev_comm=swapper/0 prev_pid=0 prev_prio=120 prev_state=R ==> next_comm=ksoftirqd/0 next_pid=3 next_prio=120
     ksoftirqd/0-3     [000] ...2   239.572768: sched_switch: prev_comm=ksoftirqd/0 prev_pid=3 prev_prio=120 prev_state=S ==> next_comm=ple.h2benchmark next_pid=3192 next_prio=120
          traced-203   [001] ...2   239.572775: sched_switch: prev_comm=traced prev_pid=203 prev_prio=120 prev_state=R ==> next_comm=kworker/u:0 next_pid=6 next_prio=120
           <...>-3192  [000] ...2   239.572790: sched_switch: prev_comm=ple.h2benchmark prev_pid=3192 prev_prio=120 prev_state=R ==> next_comm=mpdecision next_pid=1812 next_prio=113
     kworker/u:0-6     [001] ...2   239.572792: sched_switch: prev_comm=kworker/u:0 prev_pid=6 prev_prio=120 prev_state=S ==> next_comm=traced next_pid=203 next_prio=120
      mpdecision-1812  [000] ...2   239.573041: sched_switch: prev_comm=mpdecision prev_pid=1812 prev_prio=113 prev_state=S ==> next_comm=ple.h2benchmark next_pid=3192 next_prio=120
           <...>-3192  [000] ...2   239.576771: sched_switch: prev_comm=ple.h2benchmark prev_pid=3192 prev_prio=120 prev_state=S ==> next_comm=swapper/0 next_pid=0 next_prio=120
          <idle>-0     [000] ...2   239.576785: sched_switch: prev_comm=swapper/0 prev_pid=0 prev_prio=120 prev_state=R ==> next_comm=ksoftirqd/0 next_pid=3 next_prio=120
     ksoftirqd/0-3     [000] ...2   239.576795: sched_switch: prev_comm=ksoftirqd/0 prev_pid=3 prev_prio=120 prev_state=S ==> next_comm=swapper/0 next_pid=0 next_prio=120
          <idle>-0     [000] ...2   239.576808: sched_switch: prev_comm=swapper/0 prev_pid=0 prev_prio=120 prev_state=R ==> next_comm=ksoftirqd/0 next_pid=3 next_prio=120
     ksoftirqd/0-3     [000] ...2   239.576816: sched_switch: prev_comm=ksoftirqd/0 prev_pid=3 prev_prio=120 prev_state=S ==> next_comm=swapper/0 next_pid=0 next_prio=120
          <idle>-0     [000] ...2   239.576828: sched_switch: prev_comm=swapper/0 prev_pid=0 prev_prio=120 prev_state=R ==> next_comm=ksoftirqd/0 next_pid=3 next_prio=120
     ksoftirqd/0-3     [000] ...2   239.576835: sched_switch: prev_comm=ksoftirqd/0 prev_pid=3 prev_prio=120 prev_state=S ==> next_comm=swapper/0 next_pid=0 next_prio=120
          <idle>-0     [000] ...2   239.577827: sched_switch: prev_comm=swapper/0 prev_pid=0 prev_prio=120 prev_state=R ==> next_comm=ple.h2benchmark next_pid=3192 next_prio=120
           <...>-3192  [000] ...2   239.581308: sched_switch: prev_comm=ple.h2benchmark prev_pid=3192 prev_prio=120 prev_state=S ==> next_comm=swapper/0 next_pid=0 next_prio=120
          <idle>-0     [000] ...2   239.582362: sched_switch: prev_comm=swapper/0 prev_pid=0 prev_prio=120 prev_state=R ==> next_comm=ple.h2benchmark next_pid=3192 next_prio=120
           <...>-3192  [000] ...2   239.585933: sched_switch: prev_comm=ple.h2benchmark prev_pid=3192 prev_prio=120 prev_state=S ==> next_comm=swapper/0 next_pid=0 next_prio=120
          <idle>-0     [000] ...2   239.585948: sched_switch: prev_comm=swapper/0 prev_pid=0 prev_prio=120 prev_state=R ==> next_comm=ksoftirqd/0 next_pid=3 next_prio=120
     ksoftirqd/0-3     [000] ...2   239.585956: sched_switch: prev_comm=ksoftirqd/0 prev_pid=3 prev_prio=120 prev_state=S ==> next_comm=swapper/0 next_pid=0 next_prio=120
          <idle>-0     [000] ...2   239.585968: sched_switch: prev_comm=swapper/0 prev_pid=0 prev_prio=120 prev_state=R ==> next_comm=ksoftirqd/0 next_pid=3 next_prio=120
     ksoftirqd/0-3     [000] ...2   239.585975: sched_switch: prev_comm=ksoftirqd/0 prev_pid=3 prev_prio=120 prev_state=S ==> next_comm=swapper/0 next_pid=0 next_prio=120
