           <...>-5038  [002] ...2   238.702713: sched_switch: prev_comm=sh prev_pid=5038 prev_prio=120 prev_state=R+ ==> next_comm=kworker/2:1 next_pid=4608 next_prio=120
           <...>-4608  [002] ...2   238.702721: sched_switch: prev_comm=kworker/2:1 prev_pid=4608 prev_prio=120 prev_state=S ==> next_comm=sh next_pid=5038 next_prio=120
           <...>-5038  [002] ...2   238.702730: sched_switch: prev_comm=sh prev_pid=5038 prev_prio=120 prev_state=R+ ==> next_comm=kworker/2:1 next_pid=4608 next_prio=120
           <...>-4608  [002] ...2   238.702738: sched_switch: prev_comm=kworker/2:1 prev_pid=4608 prev_prio=120 prev_state=S ==> next_comm=sh next_pid=5038 next_prio=120
           <...>-5038  [002] ...2   238.702747: sched_switch: prev_comm=sh prev_pid=5038 prev_prio=120 prev_state=R+ ==> next_comm=kworker/2:1 next_pid=4608 next_prio=120
           <...>-4608  [002] ...2   238.702755: sched_switch: prev_comm=kworker/2:1 prev_pid=4608 prev_prio=120 prev_state=S ==> next_comm=sh next_pid=5038 next_prio=120
           <...>-5038  [002] ...2   238.702764: sched_switch: prev_comm=sh prev_pid=5038 prev_prio=120 prev_state=R+ ==> next_comm=kworker/2:1 next_pid=4608 next_prio=120
           <...>-4608  [002] ...2   238.702772: sched_switch: prev_comm=kworker/2:1 prev_pid=4608 prev_prio=120 prev_state=S ==> next_comm=sh next_pid=5038 next_prio=120
           <...>-5038  [002] ...2   238.702782: sched_switch: prev_comm=sh prev_pid=5038 prev_prio=120 prev_state=R+ ==> next_comm=kworker/2:1 next_pid=4608 next_prio=120
           <...>-4608  [002] ...2   238.702789: sched_switch: prev_comm=kworker/2:1 prev_pid=4608 prev_prio=120 prev_state=S ==> next_comm=sh next_pid=5038 next_prio=120
           <...>-5038  [002] ...2   238.702798: sched_switch: prev_comm=sh prev_pid=5038 prev_prio=120 prev_state=R+ ==> next_comm=kworker/2:1 next_pid=4608 next_prio=120
           <...>-4608  [002] ...2   238.702806: sched_switch: prev_comm=kworker/2:1 prev_pid=4608 prev_prio=120 prev_state=S ==> next_comm=sh next_pid=5038 next_prio=120
           <...>-3233  [001] ...2   238.702946: sched_switch: prev_comm=ple.h2benchmark prev_pid=3233 prev_prio=120 prev_state=R ==> next_comm=adbd next_pid=3138 next_prio=120
          traced-201   [000] ...2   238.702968: sched_switch: prev_comm=traced prev_pid=201 prev_prio=120 prev_state=R ==> next_comm=adbd next_pid=2459 next_prio=120
            adbd-3138  [001] ...2   238.702985: sched_switch: prev_comm=adbd prev_pid=3138 prev_prio=120 prev_state=S ==> next_comm=ple.h2benchmark next_pid=3233 next_prio=120
           <...>-3233  [001] ...2   238.703071: sched_switch: prev_comm=ple.h2benchmark prev_pid=3233 prev_prio=120 prev_state=R ==> next_comm=Benchmark.mv.db next_pid=5031 next_prio=120
           <...>-5031  [001] ...2   238.703118: sched_switch: prev_comm=Benchmark.mv.db prev_pid=5031 prev_prio=120 prev_state=S ==> next_comm=ple.h2benchmark next_pid=3233 next_prio=120
           <...>-3233  [001] ...2   238.703260: sched_switch: prev_comm=ple.h2benchmark prev_pid=3233 prev_prio=120 prev_state=S ==> next_comm=adbd next_pid=3137 next_prio=120
            adbd-2459  [000] ...2   238.703276: sched_switch: prev_comm=adbd prev_pid=2459 prev_prio=120 prev_state=S ==> next_comm=kworker/0:0 next_pid=4 next_prio=120
     kworker/0:0-4     [000] ...2   238.703294: sched_switch: prev_comm=kworker/0:0 prev_pid=4 prev_prio=120 prev_state=S ==> next_comm=traced next_pid=201 next_prio=120
            adbd-3137  [001] ...2   238.703337: sched_switch: prev_comm=adbd prev_pid=3137 prev_prio=120 prev_state=S ==> next_comm=swapper/1 next_pid=0 next_prio=120
          <idle>-0     [001] ...2   238.703355: sched_switch: prev_comm=swapper/1 prev_pid=0 prev_prio=120 prev_state=R ==> next_comm=ksoftirqd/1 next_pid=4578 next_prio=120
     ksoftirqd/1-4578  [001] ...2   238.703365: sched_switch: prev_comm=ksoftirqd/1 prev_pid=4578 prev_prio=120 prev_state=S ==> next_comm=swapper/1 next_pid=0 next_prio=120
           <...>-5038  [002] ...2   238.703400: sched_switch: prev_comm=sh prev_pid=5038 prev_prio=120 prev_state=R+ ==> next_comm=adbd next_pid=5039 next_prio=120
          traced-201   [000] ...2   238.703469: sched_switch: prev_comm=traced prev_pid=201 prev_prio=120 prev_state=R ==> next_comm=adbd next_pid=2459 next_prio=120
           <...>-5039  [002] ...3   238.703514: sched_switch: prev_comm=adbd prev_pid=5039 prev_prio=120 prev_state=x ==> next_comm=sh next_pid=5038 next_prio=120
           <...>-5038  [002] ...3   238.703525: sched_switch: prev_comm=sh prev_pid=5038 prev_prio=120 prev_state=x ==> next_comm=swapper/2 next_pid=0 next_prio=120
          <idle>-0     [002] ...2   238.703544: sched_switch: prev_comm=swapper/2 prev_pid=0 prev_prio=120 prev_state=R ==> next_comm=ksoftirqd/2 next_pid=4607 next_prio=120
           <...>-4607  [002] ...2   238.703555: sched_switch: prev_comm=ksoftirqd/2 prev_pid=4607 prev_prio=120 prev_state=S ==> next_comm=swapper/2 next_pid=0 next_prio=120
          <idle>-0     [002] ...2   238.703571: sched_switch: prev_comm=swapper/2 prev_pid=0 prev_prio=120 prev_state=R ==> next_comm=ksoftirqd/2 next_pid=4607 next_prio=120
           <...>-4607  [002] ...2   238.703581: sched_switch: prev_comm=ksoftirqd/2 prev_pid=4607 prev_prio=120 prev_state=S ==> next_comm=swapper/2 next_pid=0 next_prio=120
          <idle>-0     [002] ...2   238.703595: sched_switch: prev_comm=swapper/2 prev_pid=0 prev_prio=120 prev_state=R ==> next_comm=ksoftirqd/2 next_pid=4607 next_prio=120
           <...>-4607  [002] ...2   238.703603: sched_switch: prev_comm=ksoftirqd/2 prev_pid=4607 prev_prio=120 prev_state=S ==> next_comm=swapper/2 next_pid=0 next_prio=120
            adbd-2459  [000] ...2   238.703608: sched_switch: prev_comm=adbd prev_pid=2459 prev_prio=120 prev_state=S ==> next_comm=traced next_pid=201 next_prio=120
          <idle>-0     [002] ...2   238.703618: sched_switch: prev_comm=swapper/2 prev_pid=0 prev_prio=120 prev_state=R ==> next_comm=ksoftirqd/2 next_pid=4607 next_prio=120
           <...>-4607  [002] ...2   238.703628: sched_switch: prev_comm=ksoftirqd/2 prev_pid=4607 prev_prio=120 prev_state=S ==> next_comm=swapper/2 next_pid=0 next_prio=120
          <idle>-0     [002] ...2   238.703643: sched_switch: prev_comm=swapper/2 prev_pid=0 prev_prio=120 prev_state=R ==> next_comm=ksoftirqd/2 next_pid=4607 next_prio=120
           <...>-4607  [002] ...2   238.703650: sched_switch: prev_comm=ksoftirqd/2 prev_pid=4607 prev_prio=120 prev_state=S ==> next_comm=swapper/2 next_pid=0 next_prio=120
          <idle>-0     [002] ...2   238.703664: sched_switch: prev_comm=swapper/2 prev_pid=0 prev_prio=120 prev_state=R ==> next_comm=ksoftirqd/2 next_pid=4607 next_prio=120
           <...>-4607  [002] ...2   238.703670: sched_switch: prev_comm=ksoftirqd/2 prev_pid=4607 prev_prio=120 prev_state=S ==> next_comm=swapper/2 next_pid=0 next_prio=120
          <idle>-0     [001] ...2   238.703729: sched_switch: prev_comm=swapper/1 prev_pid=0 prev_prio=120 prev_state=R ==> next_comm=adbd next_pid=3138 next_prio=120
            adbd-3138  [001] ...2   238.703761: sched_switch: prev_comm=adbd prev_pid=3138 prev_prio=120 prev_state=S ==> next_comm=adbd next_pid=2459 next_prio=120
          traced-201   [000] ...2   238.703880: sched_switch: prev_comm=traced prev_pid=201 prev_prio=120 prev_state=R ==> next_comm=adbd next_pid=3138 next_prio=120
            adbd-3138  [000] ...2   238.703907: sched_switch: prev_comm=adbd prev_pid=3138 prev_prio=120 prev_state=S ==> next_comm=traced next_pid=201 next_prio=120
            adbd-2459  [001] ...2   238.704023: sched_switch: prev_comm=adbd prev_pid=2459 prev_prio=120 prev_state=S ==> next_comm=adbd next_pid=3137 next_prio=120
            adbd-3137  [001] ...2   238.704031: sched_switch: prev_comm=adbd prev_pid=3137 prev_prio=120 prev_state=S ==> next_comm=swapper/1 next_pid=0 next_prio=120
          <idle>-0     [001] ...2   238.704305: sched_switch: prev_comm=swapper/1 prev_pid=0 prev_prio=120 prev_state=R ==> next_comm=ple.h2benchmark next_pid=3233 next_prio=120
           <...>-3233  [001] ...2   238.708292: sched_switch: prev_comm=ple.h2benchmark prev_pid=3233 prev_prio=120 prev_state=S ==> next_comm=swapper/1 next_pid=0 next_prio=120
          <idle>-0     [001] ...2   238.708832: sched_switch: prev_comm=swapper/1 prev_pid=0 prev_prio=120 prev_state=R ==> next_comm=ksoftirqd/1 next_pid=4578 next_prio=120
          <idle>-0     [002] ...2   238.708833: sched_switch: prev_comm=swapper/2 prev_pid=0 prev_prio=120 prev_state=R ==> next_comm=ksoftirqd/2 next_pid=4607 next_prio=120
           <...>-4607  [002] ...2   238.708841: sched_switch: prev_comm=ksoftirqd/2 prev_pid=4607 prev_prio=120 prev_state=S ==> next_comm=swapper/2 next_pid=0 next_prio=120
     ksoftirqd/1-4578  [001] ...2   238.708842: sched_switch: prev_comm=ksoftirqd/1 prev_pid=4578 prev_prio=120 prev_state=S ==> next_comm=swapper/1 next_pid=0 next_prio=120
          <idle>-0     [001] ...2   238.708853: sched_switch: prev_comm=swapper/1 prev_pid=0 prev_prio=120 prev_state=R ==> next_comm=ksoftirqd/1 next_pid=4578 next_prio=120
          <idle>-0     [002] ...2   238.708855: sched_switch: prev_comm=swapper/2 prev_pid=0 prev_prio=120 prev_state=R ==> next_comm=ksoftirqd/2 next_pid=4607 next_prio=120
           <...>-4607  [002] ...2   238.708863: sched_switch: prev_comm=ksoftirqd/2 prev_pid=4607 prev_prio=120 prev_state=S ==> next_comm=swapper/2 next_pid=0 next_prio=120
          <idle>-0     [002] ...2   238.708876: sched_switch: prev_comm=swapper/2 prev_pid=0 prev_prio=120 prev_state=R ==> next_comm=ksoftirqd/2 next_pid=4607 next_prio=120
           <...>-4607  [002] ...2   238.708884: sched_switch: prev_comm=ksoftirqd/2 prev_pid=4607 prev_prio=120 prev_state=S ==> next_comm=swapper/2 next_pid=0 next_prio=120
     ksoftirqd/1-4578  [001] ...2   238.708907: sched_switch: prev_comm=ksoftirqd/1 prev_pid=4578 prev_prio=120 prev_state=S ==> next_comm=swapper/1 next_pid=0 next_prio=120
          <idle>-0     [001] ...2   238.708921: sched_switch: prev_comm=swapper/1 prev_pid=0 prev_prio=120 prev_state=R ==> next_comm=ksoftirqd/1 next_pid=4578 next_prio=120
     ksoftirqd/1-4578  [001] ...2   238.708927: sched_switch: prev_comm=ksoftirqd/1 prev_pid=4578 prev_prio=120 prev_state=S ==> next_comm=swapper/1 next_pid=0 next_prio=120
          <idle>-0     [001] ...2   238.709344: sched_switch: prev_comm=swapper/1 prev_pid=0 prev_prio=120 prev_state=R ==> next_comm=ple.h2benchmark next_pid=3233 next_prio=120
           <...>-3233  [001] ...2   238.713118: sched_switch: prev_comm=ple.h2benchmark prev_pid=3233 prev_prio=120 prev_state=S ==> next_comm=swapper/1 next_pid=0 next_prio=120
          <idle>-0     [001] ...2   238.714171: sched_switch: prev_comm=swapper/1 prev_pid=0 prev_prio=120 prev_state=R ==> next_comm=ple.h2benchmark next_pid=3233 next_prio=120
           <...>-3233  [001] ...2   238.717984: sched_switch: prev_comm=ple.h2benchmark prev_pid=3233 prev_prio=120 prev_state=S ==> next_comm=swapper/1 next_pid=0 next_prio=120
          <idle>-0     [001] ...2   238.718826: sched_switch: prev_comm=swapper/1 prev_pid=0 prev_prio=120 prev_state=R ==> next_comm=ksoftirqd/1 next_pid=4578 next_prio=120
     ksoftirqd/1-4578  [001] ...2   238.718854: sched_switch: prev_comm=ksoftirqd/1 prev_pid=4578 prev_prio=120 prev_state=S ==> next_comm=swapper/1 next_pid=0 next_prio=120
          <idle>-0     [001] ...2   238.718868: sched_switch: prev_comm=swapper/1 prev_pid=0 prev_prio=120 prev_state=R ==> next_comm=ksoftirqd/1 next_pid=4578 next_prio=120
     ksoftirqd/1-4578  [001] ...2   238.718876: sched_switch: prev_comm=ksoftirqd/1 prev_pid=4578 prev_prio=120 prev_state=S ==> next_comm=swapper/1 next_pid=0 next_prio=120
          <idle>-0     [001] ...2   238.718888: sched_switch: prev_comm=swapper/1 prev_pid=0 prev_prio=120 prev_state=R ==> next_comm=ksoftirqd/1 next_pid=4578 next_prio=120
     ksoftirqd/1-4578  [001] ...2   238.718896: sched_switch: prev_comm=ksoftirqd/1 prev_pid=4578 prev_prio=120 prev_state=S ==> next_comm=swapper/1 next_pid=0 next_prio=120
          <idle>-0     [001] ...2   238.719039: sched_switch: prev_comm=swapper/1 prev_pid=0 prev_prio=120 prev_state=R ==> next_comm=ple.h2benchmark next_pid=3233 next_prio=120
           <...>-3233  [001] ...2   238.722671: sched_switch: prev_comm=ple.h2benchmark prev_pid=3233 prev_prio=120 prev_state=S ==> next_comm=swapper/1 next_pid=0 next_prio=120
          <idle>-0     [001] ...2   238.723724: sched_switch: prev_comm=swapper/1 prev_pid=0 prev_prio=120 prev_state=R ==> next_comm=ple.h2benchmark next_pid=3233 next_prio=120
           <...>-3233  [001] ...2   238.727409: sched_switch: prev_comm=ple.h2benchmark prev_pid=3233 prev_prio=120 prev_state=S ==> next_comm=swapper/1 next_pid=0 next_prio=120
          <idle>-0     [001] ...2   238.728463: sched_switch: prev_comm=swapper/1 prev_pid=0 prev_prio=120 prev_state=R ==> next_comm=ple.h2benchmark next_pid=3233 next_prio=120
           <...>-3233  [001] ...2   238.732151: sched_switch: prev_comm=ple.h2benchmark prev_pid=3233 prev_prio=120 prev_state=S ==> next_comm=swapper/1 next_pid=0 next_prio=120
          <idle>-0     [001] ...2   238.732167: sched_switch: prev_comm=swapper/1 prev_pid=0 prev_prio=120 prev_state=R ==> next_comm=ksoftirqd/1 next_pid=4578 next_prio=120
     ksoftirqd/1-4578  [001] ...2   238.732176: sched_switch: prev_comm=ksoftirqd/1 prev_pid=4578 prev_prio=120 prev_state=S ==> next_comm=swapper/1 next_pid=0 next_prio=120
          <idle>-0     [001] ...2   238.732189: sched_switch: prev_comm=swapper/1 prev_pid=0 prev_prio=120 prev_state=R ==> next_comm=ksoftirqd/1 next_pid=4578 next_prio=120
     ksoftirqd/1-4578  [001] ...2   238.732197: sched_switch: prev_comm=ksoftirqd/1 prev_pid=4578 prev_prio=120 prev_state=S ==> next_comm=swapper/1 next_pid=0 next_prio=120
          <idle>-0     [001] ...2   238.732209: sched_switch: prev_comm=swapper/1 prev_pid=0 prev_prio=120 prev_state=R ==> next_comm=ksoftirqd/1 next_pid=4578 next_prio=120
     ksoftirqd/1-4578  [001] ...2   238.732217: sched_switch: prev_comm=ksoftirqd/1 prev_pid=4578 prev_prio=120 prev_state=S ==> next_comm=swapper/1 next_pid=0 next_prio=120
          <idle>-0     [001] ...2   238.733206: sched_switch: prev_comm=swapper/1 prev_pid=0 prev_prio=120 prev_state=R ==> next_comm=ple.h2benchmark next_pid=3233 next_prio=120
           <...>-3233  [001] ...2   238.736951: sched_switch: prev_comm=ple.h2benchmark prev_pid=3233 prev_prio=120 prev_state=S ==> next_comm=swapper/1 next_pid=0 next_prio=120
          <idle>-0     [001] ...2   238.738006: sched_switch: prev_comm=swapper/1 prev_pid=0 prev_prio=120 prev_state=R ==> next_comm=ple.h2benchmark next_pid=3233 next_prio=120
           <...>-3233  [001] ...2   238.738820: sched_switch: prev_comm=ple.h2benchmark prev_pid=3233 prev_prio=120 prev_state=R ==> next_comm=kworker/1:0H next_pid=4577 next_prio=100
          traced-201   [000] ...2   238.738828: sched_switch: prev_comm=traced prev_pid=201 prev_prio=120 prev_state=R ==> next_comm=kworker/u:3 next_pid=113 next_prio=120
     kworker/u:3-113   [000] ...2   238.738836: sched_switch: prev_comm=kworker/u:3 prev_pid=113 prev_prio=120 prev_state=D ==> next_comm=kworker/0:2H next_pid=236 next_prio=100
    kworker/1:0H-4577  [001] ...2   238.738846: sched_switch: prev_comm=kworker/1:0H prev_pid=4577 prev_prio=100 prev_state=S ==> next_comm=ple.h2benchmark next_pid=3233 next_prio=120
    kworker/0:2H-236   [000] ...2   238.738850: sched_switch: prev_comm=kworker/0:2H prev_pid=236 prev_prio=100 prev_state=S ==> next_comm=kworker/u:3 next_pid=113 next_prio=120
     kworker/u:3-113   [000] ...2   238.738863: sched_switch: prev_comm=kworker/u:3 prev_pid=113 prev_prio=120 prev_state=S ==> next_comm=mpdecision next_pid=1777 next_prio=113
      mpdecision-1777  [000] ...2   238.739120: sched_switch: prev_comm=mpdecision prev_pid=1777 prev_prio=113 prev_state=S ==> next_comm=traced next_pid=201 next_prio=120
           <...>-3233  [001] ...2   238.741849: sched_switch: prev_comm=ple.h2benchmark prev_pid=3233 prev_prio=120 prev_state=S ==> next_comm=swapper/1 next_pid=0 next_prio=120
          <idle>-0     [001] ...2   238.741863: sched_switch: prev_comm=swapper/1 prev_pid=0 prev_prio=120 prev_state=R ==> next_comm=ksoftirqd/1 next_pid=4578 next_prio=120
     ksoftirqd/1-4578  [001] ...2   238.741941: sched_switch: prev_comm=ksoftirqd/1 prev_pid=4578 prev_prio=120 prev_state=S ==> next_comm=swapper/1 next_pid=0 next_prio=120
          <idle>-0     [001] ...2   238.741956: sched_switch: prev_comm=swapper/1 prev_pid=0 prev_prio=120 prev_state=R ==> next_comm=ksoftirqd/1 next_pid=4578 next_prio=120
     ksoftirqd/1-4578  [001] ...2   238.741964: sched_switch: prev_comm=ksoftirqd/1 prev_pid=4578 prev_prio=120 prev_state=S ==> next_comm=swapper/1 next_pid=0 next_prio=120
          <idle>-0     [001] ...2   238.741976: sched_switch: prev_comm=swapper/1 prev_pid=0 prev_prio=120 prev_state=R ==> next_comm=ksoftirqd/1 next_pid=4578 next_prio=120
     ksoftirqd/1-4578  [001] ...2   238.741984: sched_switch: prev_comm=ksoftirqd/1 prev_pid=4578 prev_prio=120 prev_state=S ==> next_comm=swapper/1 next_pid=0 next_prio=120
          <idle>-0     [001] ...2   238.742902: sched_switch: prev_comm=swapper/1 prev_pid=0 prev_prio=120 prev_state=R ==> next_comm=ple.h2benchmark next_pid=3233 next_prio=120
           <...>-3233  [001] ...2   238.746590: sched_switch: prev_comm=ple.h2benchmark prev_pid=3233 prev_prio=120 prev_state=S ==> next_comm=swapper/1 next_pid=0 next_prio=120
          <idle>-0     [001] ...2   238.747644: sched_switch: prev_comm=swapper/1 prev_pid=0 prev_prio=120 prev_state=R ==> next_comm=ple.h2benchmark next_pid=3233 next_prio=120
           <...>-3233  [001] ...2   238.747724: sched_switch: prev_comm=ple.h2benchmark prev_pid=3233 prev_prio=120 prev_state=S ==> next_comm=swapper/1 next_pid=0 next_prio=120
          <idle>-0     [001] ...2   238.748778: sched_switch: prev_comm=swapper/1 prev_pid=0 prev_prio=120 prev_state=R ==> next_comm=ple.h2benchmark next_pid=3233 next_prio=120
           <...>-3233  [001] ...2   238.748874: sched_switch: prev_comm=ple.h2benchmark prev_pid=3233 prev_prio=120 prev_state=S ==> next_comm=swapper/1 next_pid=0 next_prio=120
          <idle>-0     [001] ...2   238.748889: sched_switch: prev_comm=swapper/1 prev_pid=0 prev_prio=120 prev_state=R ==> next_comm=ksoftirqd/1 next_pid=4578 next_prio=120
     ksoftirqd/1-4578  [001] ...2   238.748897: sched_switch: prev_comm=ksoftirqd/1 prev_pid=4578 prev_prio=120 prev_state=S ==> next_comm=swapper/1 next_pid=0 next_prio=120
          <idle>-0     [001] ...2   238.748910: sched_switch: prev_comm=swapper/1 prev_pid=0 prev_prio=120 prev_state=R ==> next_comm=ksoftirqd/1 next_pid=4578 next_prio=120
     ksoftirqd/1-4578  [001] ...2   238.748918: sched_switch: prev_comm=ksoftirqd/1 prev_pid=4578 prev_prio=120 prev_state=S ==> next_comm=swapper/1 next_pid=0 next_prio=120
          <idle>-0     [001] ...2   238.748930: sched_switch: prev_comm=swapper/1 prev_pid=0 prev_prio=120 prev_state=R ==> next_comm=ksoftirqd/1 next_pid=4578 next_prio=120
     ksoftirqd/1-4578  [001] ...2   238.748938: sched_switch: prev_comm=ksoftirqd/1 prev_pid=4578 prev_prio=120 prev_state=S ==> next_comm=swapper/1 next_pid=0 next_prio=120
          <idle>-0     [001] ...2   238.749930: sched_switch: prev_comm=swapper/1 prev_pid=0 prev_prio=120 prev_state=R ==> next_comm=ple.h2benchmark next_pid=3233 next_prio=120
           <...>-3233  [001] ...2   238.753170: sched_switch: prev_comm=ple.h2benchmark prev_pid=3233 prev_prio=120 prev_state=R ==> next_comm=Benchmark.mv.db next_pid=5031 next_prio=120
           <...>-5031  [001] ...2   238.753206: sched_switch: prev_comm=Benchmark.mv.db prev_pid=5031 prev_prio=120 prev_state=S ==> next_comm=ple.h2benchmark next_pid=3233 next_prio=120
           <...>-3233  [001] ...2   238.753747: sched_switch: prev_comm=ple.h2benchmark prev_pid=3233 prev_prio=120 prev_state=S ==> next_comm=swapper/1 next_pid=0 next_prio=120
          <idle>-0     [001] ...2   238.754802: sched_switch: prev_comm=swapper/1 prev_pid=0 prev_prio=120 prev_state=R ==> next_comm=ple.h2benchmark next_pid=3233 next_prio=120
          traced-201   [000] ...2   238.757769: sched_switch: prev_comm=traced prev_pid=201 prev_prio=120 prev_state=R ==> next_comm=kworker/u:3 next_pid=113 next_prio=120
           <...>-3233  [001] ...2   238.757815: sched_switch: prev_comm=ple.h2benchmark prev_pid=3233 prev_prio=120 prev_state=R ==> next_comm=sensors.qcom next_pid=865 next_prio=120
     kworker/u:3-113   [000] ...2   238.757817: sched_switch: prev_comm=kworker/u:3 prev_pid=113 prev_prio=120 prev_state=S ==> next_comm=kworker/u:1 next_pid=21 next_prio=120
           <...>-21    [000] ...2   238.757823: sched_switch: prev_comm=kworker/u:1 prev_pid=21 prev_prio=120 prev_state=S ==> next_comm=traced next_pid=201 next_prio=120
    sensors.qcom-865   [001] ...2   238.757894: sched_switch: prev_comm=sensors.qcom prev_pid=865 prev_prio=120 prev_state=S ==> next_comm=sensors.qcom next_pid=715 next_prio=120
    sensors.qcom-715   [001] ...2   238.757945: sched_switch: prev_comm=sensors.qcom prev_pid=715 prev_prio=120 prev_state=S ==> next_comm=system_server next_pid=738 next_prio=118
          traced-201   [000] ...2   238.758061: sched_switch: prev_comm=traced prev_pid=201 prev_prio=120 prev_state=R ==> next_comm=system_server next_pid=742 next_prio=118
   system_server-742   [000] ...2   238.758085: sched_switch: prev_comm=system_server prev_pid=742 prev_prio=118 prev_state=S ==> next_comm=traced next_pid=201 next_prio=120
   system_server-738   [001] ...2   238.758089: sched_switch: prev_comm=system_server prev_pid=738 prev_prio=118 prev_state=S ==> next_comm=ple.h2benchmark next_pid=3233 next_prio=120
          traced-201   [000] ...2   238.758824: sched_switch: prev_comm=traced prev_pid=201 prev_prio=120 prev_state=R ==> next_comm=kworker/0:0 next_pid=4 next_prio=120
     kworker/0:0-4     [000] ...2   238.758829: phonelab_periodic_ctx_switch_marker: BEGIN cpu=0 count=0 log_idx=238
     kworker/0:0-4     [000] ...2   238.758831: phonelab_periodic_ctx_switch_info: cpu=0 pid=719 tgid=719 nice=-2 comm=system_server utime=0 stime=0 rtime=507292 bg_utime=0 bg_stime=0 bg_rtime=0 s_run=0 s_int=1 s_unint=0 s_oth=0 log_idx=238
     kworker/0:0-4     [000] ...2   238.758832: phonelab_periodic_ctx_switch_info: cpu=0 pid=201 tgid=201 nice=0 comm=traced utime=97 stime=0 rtime=974425519 bg_utime=0 bg_stime=0 bg_rtime=0 s_run=250 s_int=0 s_unint=0 s_oth=0 log_idx=238
     kworker/0:0-4     [000] ...2   238.758833: phonelab_periodic_ctx_switch_info: cpu=0 pid=4 tgid=4 nice=0 comm=kworker/0:0 utime=0 stime=0 rtime=469949 bg_utime=0 bg_stime=0 bg_rtime=0 s_run=1 s_int=14 s_unint=0 s_oth=0 log_idx=238
     kworker/0:0-4     [000] ...2   238.758834: phonelab_periodic_ctx_switch_info: cpu=0 pid=1548 tgid=1533 nice=0 comm=.gms.persisten utime=0 stime=0 rtime=39896 bg_utime=0 bg_stime=0 bg_rtime=0 s_run=0 s_int=1 s_unint=0 s_oth=0 log_idx=238
     kworker/0:0-4     [000] ...2   238.758836: phonelab_periodic_ctx_switch_info: cpu=0 pid=5022 tgid=5022 nice=0 comm=sh utime=0 stime=0 rtime=15104 bg_utime=0 bg_stime=0 bg_rtime=0 s_run=0 s_int=0 s_unint=0 s_oth=1 log_idx=238
     kworker/0:0-4     [000] ...2   238.758837: phonelab_periodic_ctx_switch_info: cpu=0 pid=236 tgid=236 nice=-20 comm=kworker/0:2H utime=0 stime=0 rtime=323074 bg_utime=0 bg_stime=0 bg_rtime=0 s_run=0 s_int=22 s_unint=2 s_oth=0 log_idx=238
     kworker/0:0-4     [000] ...2   238.758838: phonelab_periodic_ctx_switch_info: cpu=0 pid=7 tgid=7 nice=-20 comm=kworker/u:0H utime=0 stime=0 rtime=282812 bg_utime=0 bg_stime=0 bg_rtime=0 s_run=0 s_int=0 s_unint=9 s_oth=0 log_idx=238
     kworker/0:0-4     [000] ...2   238.758839: phonelab_periodic_ctx_switch_info: cpu=0 pid=3137 tgid=2459 nice=0 comm=adbd utime=0 stime=0 rtime=1009479 bg_utime=0 bg_stime=0 bg_rtime=0 s_run=0 s_int=23 s_unint=0 s_oth=0 log_idx=238
     kworker/0:0-4     [000] ...2   238.758841: phonelab_periodic_ctx_switch_info: cpu=0 pid=1499 tgid=1490 nice=0 comm=android.smspus utime=0 stime=0 rtime=42031 bg_utime=0 bg_stime=0 bg_rtime=0 s_run=0 s_int=1 s_unint=0 s_oth=0 log_idx=238
     kworker/0:0-4     [000] ...2   238.758842: phonelab_periodic_ctx_switch_info: cpu=0 pid=21 tgid=21 nice=0 comm=kworker/u:1 utime=0 stime=0 rtime=122657 bg_utime=0 bg_stime=0 bg_rtime=0 s_run=0 s_int=4 s_unint=0 s_oth=0 log_idx=238
     kworker/0:0-4     [000] ...2   238.758843: phonelab_periodic_ctx_switch_info: cpu=0 pid=2459 tgid=2459 nice=0 comm=adbd utime=0 stime=2 rtime=6547085 bg_utime=0 bg_stime=0 bg_rtime=0 s_run=0 s_int=25 s_unint=9 s_oth=0 log_idx=238
     kworker/0:0-4     [000] ...2   238.758844: phonelab_periodic_ctx_switch_info: cpu=0 pid=3138 tgid=2459 nice=0 comm=adbd utime=0 stime=0 rtime=767395 bg_utime=0 bg_stime=0 bg_rtime=0 s_run=0 s_int=19 s_unint=0 s_oth=0 log_idx=238
     kworker/0:0-4     [000] ...2   238.758845: phonelab_periodic_ctx_switch_info: cpu=0 pid=113 tgid=113 nice=0 comm=kworker/u:3 utime=0 stime=0 rtime=540625 bg_utime=0 bg_stime=0 bg_rtime=0 s_run=0 s_int=27 s_unint=1 s_oth=0 log_idx=238
     kworker/0:0-4     [000] ...2   238.758846: phonelab_periodic_ctx_switch_info: cpu=0 pid=3250 tgid=3233 nice=0 comm=GCDaemon utime=0 stime=0 rtime=260833 bg_utime=0 bg_stime=0 bg_rtime=0 s_run=0 s_int=1 s_unint=0 s_oth=0 log_idx=238
     kworker/0:0-4     [000] ...2   238.758848: phonelab_periodic_ctx_switch_info: cpu=0 pid=1777 tgid=1761 nice=-7 comm=mpdecision utime=0 stime=1 rtime=5558179 bg_utime=0 bg_stime=0 bg_rtime=0 s_run=0 s_int=20 s_unint=2 s_oth=0 log_idx=238
     kworker/0:0-4     [000] ...2   238.758849: phonelab_periodic_ctx_switch_info: cpu=0 pid=116 tgid=116 nice=0 comm=mmcqd/1 utime=0 stime=1 rtime=8092757 bg_utime=0 bg_stime=0 bg_rtime=0 s_run=8 s_int=138 s_unint=9 s_oth=0 log_idx=238
     kworker/0:0-4     [000] ...2   238.758850: phonelab_periodic_ctx_switch_info: cpu=0 pid=1392 tgid=1384 nice=0 comm=earchbox:searc utime=0 stime=0 rtime=44480 bg_utime=0 bg_stime=0 bg_rtime=0 s_run=0 s_int=1 s_unint=0 s_oth=0 log_idx=238
     kworker/0:0-4     [000] ...2   238.758851: phonelab_periodic_ctx_switch_info: cpu=0 pid=742 tgid=719 nice=-2 comm=system_server utime=0 stime=0 rtime=788800 bg_utime=0 bg_stime=0 bg_rtime=0 s_run=0 s_int=24 s_unint=0 s_oth=0 log_idx=238
     kworker/0:0-4     [000] ...2   238.758852: phonelab_periodic_ctx_switch_info: cpu=0 pid=5025 tgid=2459 nice=0 comm=adbd utime=0 stime=0 rtime=154845 bg_utime=0 bg_stime=0 bg_rtime=0 s_run=0 s_int=1 s_unint=0 s_oth=1 log_idx=238
     kworker/0:0-4     [000] ...2   238.758857: phonelab_periodic_ctx_switch_marker: END cpu=0 count=19 log_idx=238
     kworker/0:0-4     [000] ...2   238.758860: phonelab_timing: func=periodic_ctx_switch_info time=31458ns cpu=0
     kworker/0:0-4     [000] ...2   238.758866: sched_switch: prev_comm=kworker/0:0 prev_pid=4 prev_prio=120 prev_state=S ==> next_comm=traced next_pid=201 next_prio=120
           <...>-3233  [001] ...2   238.758884: sched_switch: prev_comm=ple.h2benchmark prev_pid=3233 prev_prio=120 prev_state=S ==> next_comm=swapper/1 next_pid=0 next_prio=120
          <idle>-0     [001] ...2   238.758900: sched_switch: prev_comm=swapper/1 prev_pid=0 prev_prio=120 prev_state=R ==> next_comm=ksoftirqd/1 next_pid=4578 next_prio=120
     ksoftirqd/1-4578  [001] ...2   238.758913: sched_switch: prev_comm=ksoftirqd/1 prev_pid=4578 prev_prio=120 prev_state=S ==> next_comm=swapper/1 next_pid=0 next_prio=120
          <idle>-0     [001] ...2   238.758926: sched_switch: prev_comm=swapper/1 prev_pid=0 prev_prio=120 prev_state=R ==> next_comm=ksoftirqd/1 next_pid=4578 next_prio=120
     ksoftirqd/1-4578  [001] ...2   238.758934: sched_switch: prev_comm=ksoftirqd/1 prev_pid=4578 prev_prio=120 prev_state=S ==> next_comm=swapper/1 next_pid=0 next_prio=120
          <idle>-0     [001] ...2   238.758946: sched_switch: prev_comm=swapper/1 prev_pid=0 prev_prio=120 prev_state=R ==> next_comm=ksoftirqd/1 next_pid=4578 next_prio=120
     ksoftirqd/1-4578  [001] ...2   238.758954: sched_switch: prev_comm=ksoftirqd/1 prev_pid=4578 prev_prio=120 prev_state=S ==> next_comm=swapper/1 next_pid=0 next_prio=120
          <idle>-0     [001] ...2   238.758967: sched_switch: prev_comm=swapper/1 prev_pid=0 prev_prio=120 prev_state=R ==> next_comm=ksoftirqd/1 next_pid=4578 next_prio=120
     ksoftirqd/1-4578  [001] ...2   238.758975: sched_switch: prev_comm=ksoftirqd/1 prev_pid=4578 prev_prio=120 prev_state=S ==> next_comm=swapper/1 next_pid=0 next_prio=120
          <idle>-0     [001] ...2   238.758987: sched_switch: prev_comm=swapper/1 prev_pid=0 prev_prio=120 prev_state=R ==> next_comm=ksoftirqd/1 next_pid=4578 next_prio=120
     ksoftirqd/1-4578  [001] ...2   238.758995: sched_switch: prev_comm=ksoftirqd/1 prev_pid=4578 prev_prio=120 prev_state=S ==> next_comm=swapper/1 next_pid=0 next_prio=120
          <idle>-0     [001] ...2   238.759007: sched_switch: prev_comm=swapper/1 prev_pid=0 prev_prio=120 prev_state=R ==> next_comm=ksoftirqd/1 next_pid=4578 next_prio=120
     ksoftirqd/1-4578  [001] ...2   238.759013: sched_switch: prev_comm=ksoftirqd/1 prev_pid=4578 prev_prio=120 prev_state=S ==> next_comm=swapper/1 next_pid=0 next_prio=120
          <idle>-0     [001] ...2   238.759937: sched_switch: prev_comm=swapper/1 prev_pid=0 prev_prio=120 prev_state=R ==> next_comm=ple.h2benchmark next_pid=3233 next_prio=120
          traced-201   [000] ...2   238.763331: sched_switch: prev_comm=traced prev_pid=201 prev_prio=120 prev_state=R ==> next_comm=kworker/u:1 next_pid=21 next_prio=120
           <...>-3233  [001] ...2   238.763367: sched_switch: prev_comm=ple.h2benchmark prev_pid=3233 prev_prio=120 prev_state=R ==> next_comm=sensors.qcom next_pid=865 next_prio=120
           <...>-21    [000] ...2   238.763388: sched_switch: prev_comm=kworker/u:1 prev_pid=21 prev_prio=120 prev_state=S ==> next_comm=kworker/u:3 next_pid=113 next_prio=120
     kworker/u:3-113   [000] ...2   238.763394: sched_switch: prev_comm=kworker/u:3 prev_pid=113 prev_prio=120 prev_state=S ==> next_comm=traced next_pid=201 next_prio=120
    sensors.qcom-865   [001] ...2   238.763422: sched_switch: prev_comm=sensors.qcom prev_pid=865 prev_prio=120 prev_state=S ==> next_comm=sensors.qcom next_pid=715 next_prio=120
    sensors.qcom-715   [001] ...2   238.763458: sched_switch: prev_comm=sensors.qcom prev_pid=715 prev_prio=120 prev_state=S ==> next_comm=system_server next_pid=738 next_prio=118
          traced-201   [000] ...2   238.763536: sched_switch: prev_comm=traced prev_pid=201 prev_prio=120 prev_state=R ==> next_comm=system_server next_pid=742 next_prio=118
   system_server-742   [000] ...2   238.763559: sched_switch: prev_comm=system_server prev_pid=742 prev_prio=118 prev_state=S ==> next_comm=traced next_pid=201 next_prio=120
   system_server-738   [001] ...2   238.763561: sched_switch: prev_comm=system_server prev_pid=738 prev_prio=118 prev_state=S ==> next_comm=ple.h2benchmark next_pid=3233 next_prio=120
          <idle>-0     [002] ...2   238.763562: sched_switch: prev_comm=swapper/2 prev_pid=0 prev_prio=120 prev_state=R ==> next_comm=SensorService next_pid=783 next_prio=112
   SensorService-783   [002] ...2   238.763626: sched_switch: prev_comm=SensorService prev_pid=783 prev_prio=112 prev_state=S ==> next_comm=android.ui next_pid=788 next_prio=118
      android.ui-788   [002] ...2   238.763717: sched_switch: prev_comm=android.ui prev_pid=788 prev_prio=118 prev_state=S ==> next_comm=swapper/2 next_pid=0 next_prio=120
          <idle>-0     [002] ...2   238.763735: sched_switch: prev_comm=swapper/2 prev_pid=0 prev_prio=120 prev_state=R ==> next_comm=ksoftirqd/2 next_pid=4607 next_prio=120
           <...>-4607  [002] ...2   238.763757: sched_switch: prev_comm=ksoftirqd/2 prev_pid=4607 prev_prio=120 prev_state=S ==> next_comm=swapper/2 next_pid=0 next_prio=120
          <idle>-0     [002] ...2   238.763771: sched_switch: prev_comm=swapper/2 prev_pid=0 prev_prio=120 prev_state=R ==> next_comm=ksoftirqd/2 next_pid=4607 next_prio=120
           <...>-4607  [002] ...2   238.763778: sched_switch: prev_comm=ksoftirqd/2 prev_pid=4607 prev_prio=120 prev_state=S ==> next_comm=swapper/2 next_pid=0 next_prio=120
          <idle>-0     [002] ...2   238.763792: sched_switch: prev_comm=swapper/2 prev_pid=0 prev_prio=120 prev_state=R ==> next_comm=ksoftirqd/2 next_pid=4607 next_prio=120
           <...>-4607  [002] ...2   238.763800: sched_switch: prev_comm=ksoftirqd/2 prev_pid=4607 prev_prio=120 prev_state=S ==> next_comm=swapper/2 next_pid=0 next_prio=120
           <...>-3233  [001] ...2   238.764091: sched_switch: prev_comm=ple.h2benchmark prev_pid=3233 prev_prio=120 prev_state=S ==> next_comm=swapper/1 next_pid=0 next_prio=120
          <idle>-0     [001] ...2   238.765144: sched_switch: prev_comm=swapper/1 prev_pid=0 prev_prio=120 prev_state=R ==> next_comm=ple.h2benchmark next_pid=3233 next_prio=120
           <...>-3233  [001] ...2   238.768904: sched_switch: prev_comm=ple.h2benchmark prev_pid=3233 prev_prio=120 prev_state=S ==> next_comm=swapper/1 next_pid=0 next_prio=120
          <idle>-0     [001] ...2   238.768919: sched_switch: prev_comm=swapper/1 prev_pid=0 prev_prio=120 prev_state=R ==> next_comm=ksoftirqd/1 next_pid=4578 next_prio=120
     ksoftirqd/1-4578  [001] ...2   238.768932: sched_switch: prev_comm=ksoftirqd/1 prev_pid=4578 prev_prio=120 prev_state=S ==> next_comm=swapper/1 next_pid=0 next_prio=120
          <idle>-0     [001] ...2   238.768946: sched_switch: prev_comm=swapper/1 prev_pid=0 prev_prio=120 prev_state=R ==> next_comm=ksoftirqd/1 next_pid=4578 next_prio=120
     ksoftirqd/1-4578  [001] ...2   238.768954: sched_switch: prev_comm=ksoftirqd/1 prev_pid=4578 prev_prio=120 prev_state=S ==> next_comm=swapper/1 next_pid=0 next_prio=120
          <idle>-0     [001] ...2   238.768966: sched_switch: prev_comm=swapper/1 prev_pid=0 prev_prio=120 prev_state=R ==> next_comm=ksoftirqd/1 next_pid=4578 next_prio=120
     ksoftirqd/1-4578  [001] ...2   238.768974: sched_switch: prev_comm=ksoftirqd/1 prev_pid=4578 prev_prio=120 prev_state=S ==> next_comm=swapper/1 next_pid=0 next_prio=120
          <idle>-0     [001] ...2   238.769964: sched_switch: prev_comm=swapper/1 prev_pid=0 prev_prio=120 prev_state=R ==> next_comm=ndroid.exchang next_pid=2594 next_prio=120
           <...>-2594  [001] ...2   238.769984: sched_switch: prev_comm=ndroid.exchang prev_pid=2594 prev_prio=120 prev_state=S ==> next_comm=ple.h2benchmark next_pid=3233 next_prio=120
           <...>-3233  [001] ...2   238.773692: sched_switch: prev_comm=ple.h2benchmark prev_pid=3233 prev_prio=120 prev_state=S ==> next_comm=swapper/1 next_pid=0 next_prio=120
          <idle>-0     [001] ...2   238.774742: sched_switch: prev_comm=swapper/1 prev_pid=0 prev_prio=120 prev_state=R ==> next_comm=ple.h2benchmark next_pid=3233 next_prio=120
           <...>-3233  [001] ...2   238.778368: sched_switch: prev_comm=ple.h2benchmark prev_pid=3233 prev_prio=120 prev_state=S ==> next_comm=swapper/1 next_pid=0 next_prio=120
          <idle>-0     [001] ...2   238.778830: sched_switch: prev_comm=swapper/1 prev_pid=0 prev_prio=120 prev_state=R ==> next_comm=ksoftirqd/1 next_pid=4578 next_prio=120
     ksoftirqd/1-4578  [001] ...2   238.778839: sched_switch: prev_comm=ksoftirqd/1 prev_pid=4578 prev_prio=120 prev_state=S ==> next_comm=swapper/1 next_pid=0 next_prio=120
          <idle>-0     [001] ...2   238.778852: sched_switch: prev_comm=swapper/1 prev_pid=0 prev_prio=120 prev_state=R ==> next_comm=ksoftirqd/1 next_pid=4578 next_prio=120
     ksoftirqd/1-4578  [001] ...2   238.778861: sched_switch: prev_comm=ksoftirqd/1 prev_pid=4578 prev_prio=120 prev_state=S ==> next_comm=swapper/1 next_pid=0 next_prio=120
          <idle>-0     [001] ...2   238.778874: sched_switch: prev_comm=swapper/1 prev_pid=0 prev_prio=120 prev_state=R ==> next_comm=ksoftirqd/1 next_pid=4578 next_prio=120
     ksoftirqd/1-4578  [001] ...2   238.778882: sched_switch: prev_comm=ksoftirqd/1 prev_pid=4578 prev_prio=120 prev_state=S ==> next_comm=swapper/1 next_pid=0 next_prio=120
          <idle>-0     [001] ...2   238.779422: sched_switch: prev_comm=swapper/1 prev_pid=0 prev_prio=120 prev_state=R ==> next_comm=ple.h2benchmark next_pid=3233 next_prio=120
          <idle>-0     [002] ...2   238.780234: sched_switch: prev_comm=swapper/2 prev_pid=0 prev_prio=120 prev_state=R ==> next_comm=nelab.conducto next_pid=2626 next_prio=120
           <...>-2626  [002] ...2   238.780251: sched_switch: prev_comm=nelab.conducto prev_pid=2626 prev_prio=120 prev_state=S ==> next_comm=ksoftirqd/2 next_pid=4607 next_prio=120
           <...>-4607  [002] ...2   238.780303: sched_switch: prev_comm=ksoftirqd/2 prev_pid=4607 prev_prio=120 prev_state=S ==> next_comm=swapper/2 next_pid=0 next_prio=120
          <idle>-0     [002] ...2   238.780318: sched_switch: prev_comm=swapper/2 prev_pid=0 prev_prio=120 prev_state=R ==> next_comm=ksoftirqd/2 next_pid=4607 next_prio=120
           <...>-4607  [002] ...2   238.780326: sched_switch: prev_comm=ksoftirqd/2 prev_pid=4607 prev_prio=120 prev_state=S ==> next_comm=swapper/2 next_pid=0 next_prio=120
          <idle>-0     [002] ...2   238.780340: sched_switch: prev_comm=swapper/2 prev_pid=0 prev_prio=120 prev_state=R ==> next_comm=ksoftirqd/2 next_pid=4607 next_prio=120
           <...>-4607  [002] ...2   238.780349: sched_switch: prev_comm=ksoftirqd/2 prev_pid=4607 prev_prio=120 prev_state=S ==> next_comm=swapper/2 next_pid=0 next_prio=120
           <...>-3233  [001] ...2   238.783176: sched_switch: prev_comm=ple.h2benchmark prev_pid=3233 prev_prio=120 prev_state=S ==> next_comm=swapper/1 next_pid=0 next_prio=120
          <idle>-0     [001] ...2   238.784227: sched_switch: prev_comm=swapper/1 prev_pid=0 prev_prio=120 prev_state=R ==> next_comm=ple.h2benchmark next_pid=3233 next_prio=120
           <...>-3233  [001] ...2   238.787780: sched_switch: prev_comm=ple.h2benchmark prev_pid=3233 prev_prio=120 prev_state=S ==> next_comm=swapper/1 next_pid=0 next_prio=120
          <idle>-0     [001] ...2   238.788826: sched_switch: prev_comm=swapper/1 prev_pid=0 prev_prio=120 prev_state=R ==> next_comm=ksoftirqd/1 next_pid=4578 next_prio=120
          traced-201   [000] ...2   238.788827: sched_switch: prev_comm=traced prev_pid=201 prev_prio=120 prev_state=R ==> next_comm=kworker/u:3 next_pid=113 next_prio=120
     ksoftirqd/1-4578  [001] ...2   238.788837: sched_switch: prev_comm=ksoftirqd/1 prev_pid=4578 prev_prio=120 prev_state=S ==> next_comm=ple.h2benchmark next_pid=3233 next_prio=120
     kworker/u:3-113   [000] ...2   238.788844: sched_switch: prev_comm=kworker/u:3 prev_pid=113 prev_prio=120 prev_state=S ==> next_comm=kworker/0:0 next_pid=4 next_prio=120
     kworker/0:0-4     [000] ...1   238.788851: thermal_temp: sensor_id=5 temp=66
     kworker/0:0-4     [000] ...2   238.788904: sched_switch: prev_comm=kworker/0:0 prev_pid=4 prev_prio=120 prev_state=S ==> next_comm=mpdecision next_pid=1777 next_prio=113
      mpdecision-1777  [000] ...2   238.789142: sched_switch: prev_comm=mpdecision prev_pid=1777 prev_prio=113 prev_state=S ==> next_comm=traced next_pid=201 next_prio=120
           <...>-3233  [001] ...2   238.792410: sched_switch: prev_comm=ple.h2benchmark prev_pid=3233 prev_prio=120 prev_state=S ==> next_comm=swapper/1 next_pid=0 next_prio=120
          <idle>-0     [001] ...2   238.792426: sched_switch: prev_comm=swapper/1 prev_pid=0 prev_prio=120 prev_state=R ==> next_comm=ksoftirqd/1 next_pid=4578 next_prio=120
     ksoftirqd/1-4578  [001] ...2   238.792436: sched_switch: prev_comm=ksoftirqd/1 prev_pid=4578 prev_prio=120 prev_state=S ==> next_comm=swapper/1 next_pid=0 next_prio=120
          <idle>-0     [001] ...2   238.792449: sched_switch: prev_comm=swapper/1 prev_pid=0 prev_prio=120 prev_state=R ==> next_comm=ksoftirqd/1 next_pid=4578 next_prio=120
     ksoftirqd/1-4578  [001] ...2   238.792458: sched_switch: prev_comm=ksoftirqd/1 prev_pid=4578 prev_prio=120 prev_state=S ==> next_comm=swapper/1 next_pid=0 next_prio=120
          <idle>-0     [001] ...2   238.793461: sched_switch: prev_comm=swapper/1 prev_pid=0 prev_prio=120 prev_state=R ==> next_comm=ple.h2benchmark next_pid=3233 next_prio=120
           <...>-3233  [001] ...2   238.797014: sched_switch: prev_comm=ple.h2benchmark prev_pid=3233 prev_prio=120 prev_state=S ==> next_comm=swapper/1 next_pid=0 next_prio=120
          <idle>-0     [001] ...2   238.798066: sched_switch: prev_comm=swapper/1 prev_pid=0 prev_prio=120 prev_state=R ==> next_comm=ple.h2benchmark next_pid=3233 next_prio=120
           <...>-3233  [001] ...2   238.801761: sched_switch: prev_comm=ple.h2benchmark prev_pid=3233 prev_prio=120 prev_state=S ==> next_comm=swapper/1 next_pid=0 next_prio=120
          <idle>-0     [001] ...2   238.801776: sched_switch: prev_comm=swapper/1 prev_pid=0 prev_prio=120 prev_state=R ==> next_comm=ksoftirqd/1 next_pid=4578 next_prio=120
     ksoftirqd/1-4578  [001] ...2   238.801786: sched_switch: prev_comm=ksoftirqd/1 prev_pid=4578 prev_prio=120 prev_state=S ==> next_comm=swapper/1 next_pid=0 next_prio=120
          <idle>-0     [001] ...2   238.801798: sched_switch: prev_comm=swapper/1 prev_pid=0 prev_prio=120 prev_state=R ==> next_comm=ksoftirqd/1 next_pid=4578 next_prio=120
     ksoftirqd/1-4578  [001] ...2   238.801807: sched_switch: prev_comm=ksoftirqd/1 prev_pid=4578 prev_prio=120 prev_state=S ==> next_comm=swapper/1 next_pid=0 next_prio=120
          <idle>-0     [001] ...2   238.801819: sched_switch: prev_comm=swapper/1 prev_pid=0 prev_prio=120 prev_state=R ==> next_comm=ksoftirqd/1 next_pid=4578 next_prio=120
     ksoftirqd/1-4578  [001] ...2   238.801828: sched_switch: prev_comm=ksoftirqd/1 prev_pid=4578 prev_prio=120 prev_state=S ==> next_comm=swapper/1 next_pid=0 next_prio=120
          <idle>-0     [001] ...2   238.802813: sched_switch: prev_comm=swapper/1 prev_pid=0 prev_prio=120 prev_state=R ==> next_comm=ple.h2benchmark next_pid=3233 next_prio=120
           <...>-3233  [001] ...2   238.803258: sched_switch: prev_comm=ple.h2benchmark prev_pid=3233 prev_prio=120 prev_state=R ==> next_comm=Benchmark.mv.db next_pid=5031 next_prio=120
           <...>-5031  [001] ...2   238.803294: sched_switch: prev_comm=Benchmark.mv.db prev_pid=5031 prev_prio=120 prev_state=S ==> next_comm=ple.h2benchmark next_pid=3233 next_prio=120
           <...>-3233  [001] ...2   238.806561: sched_switch: prev_comm=ple.h2benchmark prev_pid=3233 prev_prio=120 prev_state=S ==> next_comm=swapper/1 next_pid=0 next_prio=120
          <idle>-0     [001] ...2   238.807613: sched_switch: prev_comm=swapper/1 prev_pid=0 prev_prio=120 prev_state=R ==> next_comm=ple.h2benchmark next_pid=3233 next_prio=120
           <...>-3233  [001] ...2   238.811251: sched_switch: prev_comm=ple.h2benchmark prev_pid=3233 prev_prio=120 prev_state=S ==> next_comm=swapper/1 next_pid=0 next_prio=120
          <idle>-0     [001] ...2   238.811268: sched_switch: prev_comm=swapper/1 prev_pid=0 prev_prio=120 prev_state=R ==> next_comm=ksoftirqd/1 next_pid=4578 next_prio=120
     ksoftirqd/1-4578  [001] ...2   238.811279: sched_switch: prev_comm=ksoftirqd/1 prev_pid=4578 prev_prio=120 prev_state=S ==> next_comm=swapper/1 next_pid=0 next_prio=120
          <idle>-0     [001] ...2   238.812304: sched_switch: prev_comm=swapper/1 prev_pid=0 prev_prio=120 prev_state=R ==> next_comm=ple.h2benchmark next_pid=3233 next_prio=120
          traced-201   [000] ...2   238.812830: sched_switch: prev_comm=traced prev_pid=201 prev_prio=120 prev_state=R ==> next_comm=kworker/u:3 next_pid=113 next_prio=120
           <...>-3233  [001] ...2   238.812872: sched_switch: prev_comm=ple.h2benchmark prev_pid=3233 prev_prio=120 prev_state=R ==> next_comm=sensors.qcom next_pid=865 next_prio=120
     kworker/u:3-113   [000] ...2   238.812873: sched_switch: prev_comm=kworker/u:3 prev_pid=113 prev_prio=120 prev_state=S ==> next_comm=kworker/u:1 next_pid=21 next_prio=120
           <...>-21    [000] ...2   238.812879: sched_switch: prev_comm=kworker/u:1 prev_pid=21 prev_prio=120 prev_state=S ==> next_comm=traced next_pid=201 next_prio=120
    sensors.qcom-865   [001] ...2   238.812940: sched_switch: prev_comm=sensors.qcom prev_pid=865 prev_prio=120 prev_state=S ==> next_comm=sensors.qcom next_pid=715 next_prio=120
    sensors.qcom-715   [001] ...2   238.812983: sched_switch: prev_comm=sensors.qcom prev_pid=715 prev_prio=120 prev_state=S ==> next_comm=system_server next_pid=738 next_prio=118
          traced-201   [000] ...2   238.813079: sched_switch: prev_comm=traced prev_pid=201 prev_prio=120 prev_state=R ==> next_comm=system_server next_pid=742 next_prio=118
   system_server-738   [001] ...2   238.813106: sched_switch: prev_comm=system_server prev_pid=738 prev_prio=118 prev_state=S ==> next_comm=ple.h2benchmark next_pid=3233 next_prio=120
   system_server-742   [000] ...2   238.813107: sched_switch: prev_comm=system_server prev_pid=742 prev_prio=118 prev_state=S ==> next_comm=traced next_pid=201 next_prio=120
          <idle>-0     [002] ...2   238.813108: sched_switch: prev_comm=swapper/2 prev_pid=0 prev_prio=120 prev_state=R ==> next_comm=SensorService next_pid=783 next_prio=112
   SensorService-783   [002] ...2   238.813161: sched_switch: prev_comm=SensorService prev_pid=783 prev_prio=112 prev_state=S ==> next_comm=android.ui next_pid=788 next_prio=118
      android.ui-788   [002] ...2   238.813231: sched_switch: prev_comm=android.ui prev_pid=788 prev_prio=118 prev_state=S ==> next_comm=swapper/2 next_pid=0 next_prio=120
          <idle>-0     [002] ...2   238.813249: sched_switch: prev_comm=swapper/2 prev_pid=0 prev_prio=120 prev_state=R ==> next_comm=ksoftirqd/2 next_pid=4607 next_prio=120
           <...>-4607  [002] ...2   238.813259: sched_switch: prev_comm=ksoftirqd/2 prev_pid=4607 prev_prio=120 prev_state=S ==> next_comm=swapper/2 next_pid=0 next_prio=120
          <idle>-0     [002] ...2   238.813273: sched_switch: prev_comm=swapper/2 prev_pid=0 prev_prio=120 prev_state=R ==> next_comm=ksoftirqd/2 next_pid=4607 next_prio=120
           <...>-4607  [002] ...2   238.813281: sched_switch: prev_comm=ksoftirqd/2 prev_pid=4607 prev_prio=120 prev_state=S ==> next_comm=swapper/2 next_pid=0 next_prio=120
          <idle>-0     [002] ...2   238.813295: sched_switch: prev_comm=swapper/2 prev_pid=0 prev_prio=120 prev_state=R ==> next_comm=ksoftirqd/2 next_pid=4607 next_prio=120
           <...>-4607  [002] ...2   238.813303: sched_switch: prev_comm=ksoftirqd/2 prev_pid=4607 prev_prio=120 prev_state=S ==> next_comm=swapper/2 next_pid=0 next_prio=120
           <...>-3233  [001] ...2   238.816225: sched_switch: prev_comm=ple.h2benchmark prev_pid=3233 prev_prio=120 prev_state=S ==> next_comm=swapper/1 next_pid=0 next_prio=120
          <idle>-0     [001] ...2   238.817279: sched_switch: prev_comm=swapper/1 prev_pid=0 prev_prio=120 prev_state=R ==> next_comm=ple.h2benchmark next_pid=3233 next_prio=120
           <...>-3233  [001] ...2   238.820986: sched_switch: prev_comm=ple.h2benchmark prev_pid=3233 prev_prio=120 prev_state=S ==> next_comm=swapper/1 next_pid=0 next_prio=120
          <idle>-0     [001] ...2   238.822042: sched_switch: prev_comm=swapper/1 prev_pid=0 prev_prio=120 prev_state=R ==> next_comm=ple.h2benchmark next_pid=3233 next_prio=120
           <...>-3233  [001] ...2   238.825809: sched_switch: prev_comm=ple.h2benchmark prev_pid=3233 prev_prio=120 prev_state=S ==> next_comm=swapper/1 next_pid=0 next_prio=120
          <idle>-0     [001] ...2   238.826864: sched_switch: prev_comm=swapper/1 prev_pid=0 prev_prio=120 prev_state=R ==> next_comm=ple.h2benchmark next_pid=3233 next_prio=120
           <...>-3233  [001] d..2   238.832980: block_rq_insert: 179,0 R 0 () 7114752 + 8 [ple.h2benchmark]
          traced-201   [000] ...2   238.833003: sched_switch: prev_comm=traced prev_pid=201 prev_prio=120 prev_state=R ==> next_comm=mmcqd/1 next_pid=116 next_prio=120
           <...>-3233  [001] ...2   238.833012: sched_switch: prev_comm=ple.h2benchmark prev_pid=3233 prev_prio=120 prev_state=D ==> next_comm=swapper/1 next_pid=0 next_prio=120
          <idle>-0     [001] ...2   238.833034: sched_switch: prev_comm=swapper/1 prev_pid=0 prev_prio=120 prev_state=R ==> next_comm=ksoftirqd/1 next_pid=4578 next_prio=120
     ksoftirqd/1-4578  [001] ...2   238.833048: sched_switch: prev_comm=ksoftirqd/1 prev_pid=4578 prev_prio=120 prev_state=S ==> next_comm=swapper/1 next_pid=0 next_prio=120
          <idle>-0     [001] ...2   238.833064: sched_switch: prev_comm=swapper/1 prev_pid=0 prev_prio=120 prev_state=R ==> next_comm=ksoftirqd/1 next_pid=4578 next_prio=120
           <...>-116   [000] ...2   238.833064: sched_switch: prev_comm=mmcqd/1 prev_pid=116 prev_prio=120 prev_state=S ==> next_comm=traced next_pid=201 next_prio=120
     ksoftirqd/1-4578  [001] ...2   238.833074: sched_switch: prev_comm=ksoftirqd/1 prev_pid=4578 prev_prio=120 prev_state=S ==> next_comm=swapper/1 next_pid=0 next_prio=120
          <idle>-0     [001] ...2   238.833088: sched_switch: prev_comm=swapper/1 prev_pid=0 prev_prio=120 prev_state=R ==> next_comm=ksoftirqd/1 next_pid=4578 next_prio=120
     ksoftirqd/1-4578  [001] ...2   238.833096: sched_switch: prev_comm=ksoftirqd/1 prev_pid=4578 prev_prio=120 prev_state=S ==> next_comm=swapper/1 next_pid=0 next_prio=120
          traced-201   [000] ...2   238.833434: sched_switch: prev_comm=traced prev_pid=201 prev_prio=120 prev_state=R ==> next_comm=mmcqd/1 next_pid=116 next_prio=120
           <...>-116   [000] ...1   238.833444: block_rq_complete: 179,0 RA () 7114752 + 8 [0]
          <idle>-0     [001] ...2   238.833461: sched_switch: prev_comm=swapper/1 prev_pid=0 prev_prio=120 prev_state=R ==> next_comm=ple.h2benchmark next_pid=3233 next_prio=120
           <...>-116   [000] ...2   238.833470: sched_switch: prev_comm=mmcqd/1 prev_pid=116 prev_prio=120 prev_state=R+ ==> next_comm=kworker/0:2H next_pid=236 next_prio=100
