           <...>-3192  [000] ...2   239.744011: sched_switch: prev_comm=ple.h2benchmark prev_pid=3192 prev_prio=120 prev_state=S ==> next_comm=swapper/0 next_pid=0 next_prio=120
          <idle>-0     [000] ...2   239.744024: sched_switch: prev_comm=swapper/0 prev_pid=0 prev_prio=120 prev_state=R ==> next_comm=ksoftirqd/0 next_pid=3 next_prio=120
     ksoftirqd/0-3     [000] ...2   239.744034: sched_switch: prev_comm=ksoftirqd/0 prev_pid=3 prev_prio=120 prev_state=S ==> next_comm=swapper/0 next_pid=0 next_prio=120
          <idle>-0     [000] ...2   239.745067: sched_switch: prev_comm=swapper/0 prev_pid=0 prev_prio=120 prev_state=R ==> next_comm=ple.h2benchmark next_pid=3192 next_prio=120
           <...>-3192  [000] ...2   239.748570: sched_switch: prev_comm=ple.h2benchmark prev_pid=3192 prev_prio=120 prev_state=S ==> next_comm=swapper/0 next_pid=0 next_prio=120
          <idle>-0     [000] ...2   239.748660: sched_switch: prev_comm=swapper/0 prev_pid=0 prev_prio=120 prev_state=R ==> next_comm=adbd next_pid=3058 next_prio=120
            adbd-3058  [000] ...2   239.748680: sched_switch: prev_comm=adbd prev_pid=3058 prev_prio=120 prev_state=S ==> next_comm=swapper/0 next_pid=0 next_prio=120
          <idle>-0     [000] ...2   239.748900: sched_switch: prev_comm=swapper/0 prev_pid=0 prev_prio=120 prev_state=R ==> next_comm=adbd next_pid=3058 next_prio=120
            adbd-3058  [000] ...2   239.748947: sched_switch: prev_comm=adbd prev_pid=3058 prev_prio=120 prev_state=S ==> next_comm=adbd next_pid=1852 next_prio=120
          traced-203   [001] ...2   239.749358: sched_switch: prev_comm=traced prev_pid=203 prev_prio=120 prev_state=R ==> next_comm=adbd next_pid=4758 next_prio=120
            adbd-1852  [000] ...2   239.749642: sched_switch: prev_comm=adbd prev_pid=1852 prev_prio=120 prev_state=D ==> next_comm=adbd next_pid=3057 next_prio=120
            adbd-3057  [000] ...2   239.749707: sched_switch: prev_comm=adbd prev_pid=3057 prev_prio=120 prev_state=S ==> next_comm=kworker/0:0 next_pid=4 next_prio=120
     kworker/0:0-4     [000] ...2   239.749722: sched_switch: prev_comm=kworker/0:0 prev_pid=4 prev_prio=120 prev_state=S ==> next_comm=adbd next_pid=1852 next_prio=120
            adbd-1852  [000] ...2   239.749753: sched_switch: prev_comm=adbd prev_pid=1852 prev_prio=120 prev_state=S ==> next_comm=ple.h2benchmark next_pid=3192 next_prio=120
           <...>-3192  [000] ...2   239.754063: sched_switch: prev_comm=ple.h2benchmark prev_pid=3192 prev_prio=120 prev_state=S ==> next_comm=adbd next_pid=4759 next_prio=120
           <...>-4759  [000] ...2   239.754098: sched_switch: prev_comm=adbd prev_pid=4759 prev_prio=120 prev_state=S ==> next_comm=traced next_pid=203 next_prio=120
          traced-203   [000] ...2   239.755114: sched_switch: prev_comm=traced prev_pid=203 prev_prio=120 prev_state=R ==> next_comm=ple.h2benchmark next_pid=3192 next_prio=120
           <...>-4758  [001] ...2   239.755886: sched_switch: prev_comm=sh prev_pid=4758 prev_prio=120 prev_state=R+ ==> next_comm=kworker/1:1 next_pid=4235 next_prio=120
           <...>-3192  [000] ...2   239.755907: sched_switch: prev_comm=ple.h2benchmark prev_pid=3192 prev_prio=120 prev_state=R ==> next_comm=adbd next_pid=1852 next_prio=120
     kworker/1:1-4235  [001] ...2   239.755909: sched_switch: prev_comm=kworker/1:1 prev_pid=4235 prev_prio=120 prev_state=S ==> next_comm=sh next_pid=4758 next_prio=120
           <...>-4758  [001] ...2   239.755920: sched_switch: prev_comm=sh prev_pid=4758 prev_prio=120 prev_state=R+ ==> next_comm=kworker/1:1 next_pid=4235 next_prio=120
     kworker/1:1-4235  [001] ...2   239.755930: sched_switch: prev_comm=kworker/1:1 prev_pid=4235 prev_prio=120 prev_state=S ==> next_comm=sh next_pid=4758 next_prio=120
            adbd-1852  [000] ...2   239.756106: sched_switch: prev_comm=adbd prev_pid=1852 prev_prio=120 prev_state=S ==> next_comm=adbd next_pid=3057 next_prio=120
            adbd-3057  [000] ...2   239.756174: sched_switch: prev_comm=adbd prev_pid=3057 prev_prio=120 prev_state=S ==> next_comm=ple.h2benchmark next_pid=3192 next_prio=120
           <...>-4758  [001] ...3   239.756519: sched_switch: prev_comm=sh prev_pid=4758 prev_prio=120 prev_state=x ==> next_comm=adbd next_pid=4759 next_prio=120
           <...>-4759  [001] ...2   239.756578: sched_switch: prev_comm=adbd prev_pid=4759 prev_prio=120 prev_state=R+ ==> next_comm=adbd next_pid=1852 next_prio=120
           <...>-3192  [000] ...2   239.756579: sched_switch: prev_comm=ple.h2benchmark prev_pid=3192 prev_prio=120 prev_state=R ==> next_comm=adbd next_pid=3058 next_prio=120
            adbd-3058  [000] ...2   239.756613: sched_switch: prev_comm=adbd prev_pid=3058 prev_prio=120 prev_state=S ==> next_comm=ple.h2benchmark next_pid=3192 next_prio=120
            adbd-1852  [001] ...2   239.756848: sched_switch: prev_comm=adbd prev_pid=1852 prev_prio=120 prev_state=S ==> next_comm=kworker/1:1 next_pid=4235 next_prio=120
     kworker/1:1-4235  [001] ...2   239.756859: sched_switch: prev_comm=kworker/1:1 prev_pid=4235 prev_prio=120 prev_state=S ==> next_comm=adbd next_pid=3057 next_prio=120
            adbd-3057  [001] ...2   239.756895: sched_switch: prev_comm=adbd prev_pid=3057 prev_prio=120 prev_state=S ==> next_comm=adbd next_pid=4759 next_prio=120
           <...>-4759  [001] ...3   239.756961: sched_switch: prev_comm=adbd prev_pid=4759 prev_prio=120 prev_state=x ==> next_comm=traced next_pid=203 next_prio=120
           <...>-3192  [000] ...2   239.757248: sched_switch: prev_comm=ple.h2benchmark prev_pid=3192 prev_prio=120 prev_state=R ==> next_comm=adbd next_pid=3058 next_prio=120
          traced-203   [001] ...2   239.757268: sched_switch: prev_comm=traced prev_pid=203 prev_prio=120 prev_state=R ==> next_comm=adbd next_pid=1852 next_prio=120
            adbd-3058  [000] ...2   239.757278: sched_switch: prev_comm=adbd prev_pid=3058 prev_prio=120 prev_state=S ==> next_comm=ple.h2benchmark next_pid=3192 next_prio=120
            adbd-1852  [001] ...2   239.757396: sched_switch: prev_comm=adbd prev_pid=1852 prev_prio=120 prev_state=S ==> next_comm=adbd next_pid=3057 next_prio=120
            adbd-3057  [001] ...2   239.757402: sched_switch: prev_comm=adbd prev_pid=3057 prev_prio=120 prev_state=S ==> next_comm=traced next_pid=203 next_prio=120
          traced-203   [001] ...2   239.759445: sched_switch: prev_comm=traced prev_pid=203 prev_prio=120 prev_state=R ==> next_comm=Benchmark.mv.db next_pid=4749 next_prio=120
           <...>-4749  [001] ...2   239.759488: sched_switch: prev_comm=Benchmark.mv.db prev_pid=4749 prev_prio=120 prev_state=S ==> next_comm=traced next_pid=203 next_prio=120
           <...>-3192  [000] ...2   239.759693: sched_switch: prev_comm=ple.h2benchmark prev_pid=3192 prev_prio=120 prev_state=S ==> next_comm=swapper/0 next_pid=0 next_prio=120
          <idle>-0     [000] ...2   239.760750: sched_switch: prev_comm=swapper/0 prev_pid=0 prev_prio=120 prev_state=R ==> next_comm=ple.h2benchmark next_pid=3192 next_prio=120
           <...>-3192  [000] ...2   239.761706: sched_switch: prev_comm=ple.h2benchmark prev_pid=3192 prev_prio=120 prev_state=R ==> next_comm=adbd next_pid=3058 next_prio=120
            adbd-3058  [000] ...2   239.761719: sched_switch: prev_comm=adbd prev_pid=3058 prev_prio=120 prev_state=S ==> next_comm=ple.h2benchmark next_pid=3192 next_prio=120
           <...>-3192  [000] ...2   239.761896: sched_switch: prev_comm=ple.h2benchmark prev_pid=3192 prev_prio=120 prev_state=R+ ==> next_comm=adbd next_pid=3058 next_prio=120
          traced-203   [001] ...2   239.761920: sched_switch: prev_comm=traced prev_pid=203 prev_prio=120 prev_state=R ==> next_comm=adbd next_pid=1852 next_prio=120
            adbd-3058  [000] ...2   239.761932: sched_switch: prev_comm=adbd prev_pid=3058 prev_prio=120 prev_state=S ==> next_comm=ple.h2benchmark next_pid=3192 next_prio=120
            adbd-1852  [001] ...2   239.762526: sched_switch: prev_comm=adbd prev_pid=1852 prev_prio=120 prev_state=D ==> next_comm=adbd next_pid=3057 next_prio=120
            adbd-3057  [001] ...2   239.762587: sched_switch: prev_comm=adbd prev_pid=3057 prev_prio=120 prev_state=S ==> next_comm=kworker/1:1 next_pid=4235 next_prio=120
     kworker/1:1-4235  [001] ...2   239.762601: sched_switch: prev_comm=kworker/1:1 prev_pid=4235 prev_prio=120 prev_state=S ==> next_comm=adbd next_pid=1852 next_prio=120
            adbd-1852  [001] ...2   239.762638: sched_switch: prev_comm=adbd prev_pid=1852 prev_prio=120 prev_state=S ==> next_comm=traced next_pid=203 next_prio=120
           <...>-3192  [000] ...2   239.764797: sched_switch: prev_comm=ple.h2benchmark prev_pid=3192 prev_prio=120 prev_state=S ==> next_comm=adbd next_pid=4760 next_prio=120
          traced-203   [001] ...2   239.771679: sched_switch: prev_comm=traced prev_pid=203 prev_prio=120 prev_state=R ==> next_comm=sh next_pid=4763 next_prio=120
           <...>-4760  [000] ...2   239.771743: sched_switch: prev_comm=sh prev_pid=4760 prev_prio=120 prev_state=S ==> next_comm=ple.h2benchmark next_pid=3192 next_prio=120
           <...>-4763  [001] ...2   239.772084: sched_switch: prev_comm=sh prev_pid=4763 prev_prio=120 prev_state=R+ ==> next_comm=migration/1 next_pid=4231 next_prio=0
           <...>-4231  [001] ...2   239.772099: sched_switch: prev_comm=migration/1 prev_pid=4231 prev_prio=0 prev_state=S ==> next_comm=earchbox:searc next_pid=1411 next_prio=120
  earchbox:searc-1411  [001] ...2   239.772121: sched_switch: prev_comm=earchbox:searc prev_pid=1411 prev_prio=120 prev_state=S ==> next_comm=adbd next_pid=4761 next_prio=120
           <...>-4761  [001] ...2   239.772146: sched_switch: prev_comm=adbd prev_pid=4761 prev_prio=120 prev_state=S ==> next_comm=traced next_pid=203 next_prio=120
          traced-203   [001] ...2   239.772782: sched_switch: prev_comm=traced prev_pid=203 prev_prio=120 prev_state=R ==> next_comm=kworker/u:0 next_pid=6 next_prio=120
           <...>-3192  [000] ...2   239.772786: sched_switch: prev_comm=ple.h2benchmark prev_pid=3192 prev_prio=120 prev_state=R ==> next_comm=kworker/0:0 next_pid=4 next_prio=120
     kworker/0:0-4     [000] ...1   239.772794: thermal_temp: sensor_id=5 temp=61
     kworker/u:0-6     [001] ...2   239.772800: sched_switch: prev_comm=kworker/u:0 prev_pid=6 prev_prio=120 prev_state=S ==> next_comm=traced next_pid=203 next_prio=120
     kworker/0:0-4     [000] ...2   239.772848: sched_switch: prev_comm=kworker/0:0 prev_pid=4 prev_prio=120 prev_state=S ==> next_comm=mpdecision next_pid=1812 next_prio=113
      mpdecision-1812  [000] ...2   239.773088: sched_switch: prev_comm=mpdecision prev_pid=1812 prev_prio=113 prev_state=S ==> next_comm=ple.h2benchmark next_pid=3192 next_prio=120
           <...>-3192  [000] ...2   239.776110: sched_switch: prev_comm=ple.h2benchmark prev_pid=3192 prev_prio=120 prev_state=S ==> next_comm=sh next_pid=4762 next_prio=120
           <...>-4762  [000] ...2   239.777164: sched_switch: prev_comm=sh prev_pid=4762 prev_prio=120 prev_state=R+ ==> next_comm=ple.h2benchmark next_pid=3192 next_prio=120
           <...>-3192  [000] ...2   239.780979: sched_switch: prev_comm=ple.h2benchmark prev_pid=3192 prev_prio=120 prev_state=S ==> next_comm=sh next_pid=4763 next_prio=120
           <...>-4763  [000] ...2   239.784179: sched_switch: prev_comm=grep prev_pid=4763 prev_prio=120 prev_state=R ==> next_comm=adbd next_pid=3058 next_prio=120
            adbd-3058  [000] ...2   239.784206: sched_switch: prev_comm=adbd prev_pid=3058 prev_prio=120 prev_state=S ==> next_comm=sh next_pid=4762 next_prio=120
           <...>-4762  [000] ...2   239.784413: sched_switch: prev_comm=sh prev_pid=4762 prev_prio=120 prev_state=R+ ==> next_comm=adbd next_pid=3058 next_prio=120
          traced-203   [001] ...2   239.784447: sched_switch: prev_comm=traced prev_pid=203 prev_prio=120 prev_state=R ==> next_comm=adbd next_pid=1852 next_prio=120
            adbd-3058  [000] ...2   239.784462: sched_switch: prev_comm=adbd prev_pid=3058 prev_prio=120 prev_state=S ==> next_comm=sh next_pid=4762 next_prio=120
           <...>-4762  [000] ...3   239.784697: sched_switch: prev_comm=sh prev_pid=4762 prev_prio=120 prev_state=x ==> next_comm=sh next_pid=4760 next_prio=120
           <...>-4760  [000] ...2   239.784761: sched_switch: prev_comm=sh prev_pid=4760 prev_prio=120 prev_state=S ==> next_comm=grep next_pid=4763 next_prio=120
            adbd-1852  [001] ...2   239.785119: sched_switch: prev_comm=adbd prev_pid=1852 prev_prio=120 prev_state=D ==> next_comm=adbd next_pid=3057 next_prio=120
            adbd-3057  [001] ...2   239.785180: sched_switch: prev_comm=adbd prev_pid=3057 prev_prio=120 prev_state=S ==> next_comm=kworker/1:1 next_pid=4235 next_prio=120
     kworker/1:1-4235  [001] ...2   239.785196: sched_switch: prev_comm=kworker/1:1 prev_pid=4235 prev_prio=120 prev_state=S ==> next_comm=adbd next_pid=1852 next_prio=120
            adbd-1852  [001] ...2   239.785222: sched_switch: prev_comm=adbd prev_pid=1852 prev_prio=120 prev_state=S ==> next_comm=ple.h2benchmark next_pid=3192 next_prio=120
           <...>-3192  [001] ...2   239.789457: sched_switch: prev_comm=ple.h2benchmark prev_pid=3192 prev_prio=120 prev_state=S ==> next_comm=traced next_pid=203 next_prio=120
           <...>-4763  [000] ...2   239.791105: sched_switch: prev_comm=grep prev_pid=4763 prev_prio=120 prev_state=R+ ==> next_comm=sh next_pid=4760 next_prio=120
          traced-203   [001] ...2   239.791339: sched_switch: prev_comm=traced prev_pid=203 prev_prio=120 prev_state=R ==> next_comm=adbd next_pid=1852 next_prio=120
            adbd-1852  [001] ...2   239.791556: sched_switch: prev_comm=adbd prev_pid=1852 prev_prio=120 prev_state=S ==> next_comm=adbd next_pid=3057 next_prio=120
            adbd-3057  [001] ...2   239.791618: sched_switch: prev_comm=adbd prev_pid=3057 prev_prio=120 prev_state=S ==> next_comm=traced next_pid=203 next_prio=120
          traced-203   [001] ...2   239.791841: sched_switch: prev_comm=traced prev_pid=203 prev_prio=120 prev_state=R ==> next_comm=adbd next_pid=4761 next_prio=120
           <...>-4760  [000] ...2   239.791849: sched_switch: prev_comm=sh prev_pid=4760 prev_prio=120 prev_state=R+ ==> next_comm=adbd next_pid=3058 next_prio=120
            adbd-3058  [000] ...2   239.791903: sched_switch: prev_comm=adbd prev_pid=3058 prev_prio=120 prev_state=S ==> next_comm=sh next_pid=4760 next_prio=120
           <...>-4760  [000] ...3   239.791909: sched_switch: prev_comm=sh prev_pid=4760 prev_prio=120 prev_state=x ==> next_comm=adbd next_pid=4764 next_prio=120
           <...>-4761  [001] ...3   239.791948: sched_switch: prev_comm=adbd prev_pid=4761 prev_prio=120 prev_state=x ==> next_comm=adbd next_pid=1852 next_prio=120
            adbd-1852  [001] ...2   239.792100: sched_switch: prev_comm=adbd prev_pid=1852 prev_prio=120 prev_state=S ==> next_comm=adbd next_pid=3057 next_prio=120
            adbd-3057  [001] ...2   239.792107: sched_switch: prev_comm=adbd prev_pid=3057 prev_prio=120 prev_state=S ==> next_comm=traced next_pid=203 next_prio=120
           <...>-4764  [000] ...2   239.792349: sched_switch: prev_comm=sh prev_pid=4764 prev_prio=120 prev_state=R+ ==> next_comm=kworker/0:0 next_pid=4 next_prio=120
     kworker/0:0-4     [000] ...2   239.792360: sched_switch: prev_comm=kworker/0:0 prev_pid=4 prev_prio=120 prev_state=S ==> next_comm=sh next_pid=4764 next_prio=120
           <...>-4764  [000] ...2   239.792368: sched_switch: prev_comm=sh prev_pid=4764 prev_prio=120 prev_state=R+ ==> next_comm=kworker/0:0 next_pid=4 next_prio=120
     kworker/0:0-4     [000] ...2   239.792375: sched_switch: prev_comm=kworker/0:0 prev_pid=4 prev_prio=120 prev_state=S ==> next_comm=sh next_pid=4764 next_prio=120
           <...>-4764  [000] ...2   239.798478: sched_switch: prev_comm=sh prev_pid=4764 prev_prio=120 prev_state=R+ ==> next_comm=kworker/0:0 next_pid=4 next_prio=120
          traced-203   [001] ...2   239.798497: sched_switch: prev_comm=traced prev_pid=203 prev_prio=120 prev_state=R ==> next_comm=adbd next_pid=1852 next_prio=120
     kworker/0:0-4     [000] ...2   239.798499: sched_switch: prev_comm=kworker/0:0 prev_pid=4 prev_prio=120 prev_state=S ==> next_comm=adbd next_pid=4765 next_prio=120
           <...>-4765  [000] ...2   239.798520: sched_switch: prev_comm=adbd prev_pid=4765 prev_prio=120 prev_state=S ==> next_comm=sh next_pid=4764 next_prio=120
           <...>-4764  [000] ...2   239.798532: sched_switch: prev_comm=sh prev_pid=4764 prev_prio=120 prev_state=R+ ==> next_comm=kworker/0:0 next_pid=4 next_prio=120
            adbd-1852  [001] ...2   239.798541: sched_switch: prev_comm=adbd prev_pid=1852 prev_prio=120 prev_state=D ==> next_comm=ple.h2benchmark next_pid=3192 next_prio=120
     kworker/0:0-4     [000] ...2   239.798548: sched_switch: prev_comm=kworker/0:0 prev_pid=4 prev_prio=120 prev_state=S ==> next_comm=sh next_pid=4764 next_prio=120
           <...>-3192  [001] ...2   239.798549: sched_switch: prev_comm=ple.h2benchmark prev_pid=3192 prev_prio=120 prev_state=R+ ==> next_comm=adbd next_pid=1852 next_prio=120
           <...>-4764  [000] ...2   239.798559: sched_switch: prev_comm=sh prev_pid=4764 prev_prio=120 prev_state=R+ ==> next_comm=kworker/0:0 next_pid=4 next_prio=120
     kworker/0:0-4     [000] ...2   239.798569: sched_switch: prev_comm=kworker/0:0 prev_pid=4 prev_prio=120 prev_state=S ==> next_comm=sh next_pid=4764 next_prio=120
           <...>-4764  [000] ...2   239.798579: sched_switch: prev_comm=sh prev_pid=4764 prev_prio=120 prev_state=R+ ==> next_comm=kworker/0:0 next_pid=4 next_prio=120
     kworker/0:0-4     [000] ...2   239.798587: sched_switch: prev_comm=kworker/0:0 prev_pid=4 prev_prio=120 prev_state=S ==> next_comm=sh next_pid=4764 next_prio=120
           <...>-4764  [000] ...2   239.798597: sched_switch: prev_comm=sh prev_pid=4764 prev_prio=120 prev_state=R+ ==> next_comm=kworker/0:0 next_pid=4 next_prio=120
     kworker/0:0-4     [000] ...2   239.798605: sched_switch: prev_comm=kworker/0:0 prev_pid=4 prev_prio=120 prev_state=S ==> next_comm=sh next_pid=4764 next_prio=120
           <...>-4764  [000] ...2   239.798614: sched_switch: prev_comm=sh prev_pid=4764 prev_prio=120 prev_state=R+ ==> next_comm=kworker/0:0 next_pid=4 next_prio=120
            adbd-1852  [001] ...2   239.798619: sched_switch: prev_comm=adbd prev_pid=1852 prev_prio=120 prev_state=D ==> next_comm=ple.h2benchmark next_pid=3192 next_prio=120
           <...>-3192  [001] ...2   239.798626: sched_switch: prev_comm=ple.h2benchmark prev_pid=3192 prev_prio=120 prev_state=R+ ==> next_comm=adbd next_pid=1852 next_prio=120
     kworker/0:0-4     [000] ...2   239.798626: sched_switch: prev_comm=kworker/0:0 prev_pid=4 prev_prio=120 prev_state=S ==> next_comm=sh next_pid=4764 next_prio=120
           <...>-4764  [000] ...2   239.798636: sched_switch: prev_comm=sh prev_pid=4764 prev_prio=120 prev_state=R+ ==> next_comm=kworker/0:0 next_pid=4 next_prio=120
            adbd-1852  [001] ...2   239.798641: sched_switch: prev_comm=adbd prev_pid=1852 prev_prio=120 prev_state=D ==> next_comm=ple.h2benchmark next_pid=3192 next_prio=120
     kworker/0:0-4     [000] ...2   239.798648: sched_switch: prev_comm=kworker/0:0 prev_pid=4 prev_prio=120 prev_state=S ==> next_comm=sh next_pid=4764 next_prio=120
           <...>-3192  [001] ...2   239.798649: sched_switch: prev_comm=ple.h2benchmark prev_pid=3192 prev_prio=120 prev_state=R ==> next_comm=adbd next_pid=1852 next_prio=120
           <...>-4764  [000] ...2   239.798658: sched_switch: prev_comm=sh prev_pid=4764 prev_prio=120 prev_state=R+ ==> next_comm=kworker/0:0 next_pid=4 next_prio=120
            adbd-1852  [001] ...2   239.798663: sched_switch: prev_comm=adbd prev_pid=1852 prev_prio=120 prev_state=D ==> next_comm=ple.h2benchmark next_pid=3192 next_prio=120
           <...>-3192  [001] ...2   239.798670: sched_switch: prev_comm=ple.h2benchmark prev_pid=3192 prev_prio=120 prev_state=R ==> next_comm=adbd next_pid=1852 next_prio=120
     kworker/0:0-4     [000] ...2   239.798670: sched_switch: prev_comm=kworker/0:0 prev_pid=4 prev_prio=120 prev_state=S ==> next_comm=sh next_pid=4764 next_prio=120
           <...>-4764  [000] ...2   239.798680: sched_switch: prev_comm=sh prev_pid=4764 prev_prio=120 prev_state=R+ ==> next_comm=kworker/0:0 next_pid=4 next_prio=120
            adbd-1852  [001] ...2   239.798684: sched_switch: prev_comm=adbd prev_pid=1852 prev_prio=120 prev_state=D ==> next_comm=ple.h2benchmark next_pid=3192 next_prio=120
           <...>-3192  [001] ...2   239.798692: sched_switch: prev_comm=ple.h2benchmark prev_pid=3192 prev_prio=120 prev_state=R ==> next_comm=adbd next_pid=1852 next_prio=120
     kworker/0:0-4     [000] ...2   239.798692: sched_switch: prev_comm=kworker/0:0 prev_pid=4 prev_prio=120 prev_state=S ==> next_comm=sh next_pid=4764 next_prio=120
           <...>-4764  [000] ...2   239.798702: sched_switch: prev_comm=sh prev_pid=4764 prev_prio=120 prev_state=R+ ==> next_comm=kworker/0:0 next_pid=4 next_prio=120
            adbd-1852  [001] ...2   239.798706: sched_switch: prev_comm=adbd prev_pid=1852 prev_prio=120 prev_state=D ==> next_comm=ple.h2benchmark next_pid=3192 next_prio=120
           <...>-3192  [001] ...2   239.798713: sched_switch: prev_comm=ple.h2benchmark prev_pid=3192 prev_prio=120 prev_state=R ==> next_comm=adbd next_pid=1852 next_prio=120
     kworker/0:0-4     [000] ...2   239.798714: sched_switch: prev_comm=kworker/0:0 prev_pid=4 prev_prio=120 prev_state=S ==> next_comm=sh next_pid=4764 next_prio=120
           <...>-4764  [000] ...2   239.798735: sched_switch: prev_comm=sh prev_pid=4764 prev_prio=120 prev_state=R+ ==> next_comm=kworker/0:0 next_pid=4 next_prio=120
     kworker/0:0-4     [000] ...2   239.798743: sched_switch: prev_comm=kworker/0:0 prev_pid=4 prev_prio=120 prev_state=S ==> next_comm=sh next_pid=4764 next_prio=120
           <...>-4764  [000] ...2   239.798753: sched_switch: prev_comm=sh prev_pid=4764 prev_prio=120 prev_state=R+ ==> next_comm=kworker/0:0 next_pid=4 next_prio=120
     kworker/0:0-4     [000] ...2   239.798760: sched_switch: prev_comm=kworker/0:0 prev_pid=4 prev_prio=120 prev_state=S ==> next_comm=sh next_pid=4764 next_prio=120
           <...>-4764  [000] ...2   239.798769: sched_switch: prev_comm=sh prev_pid=4764 prev_prio=120 prev_state=R+ ==> next_comm=kworker/0:0 next_pid=4 next_prio=120
     kworker/0:0-4     [000] ...2   239.798777: sched_switch: prev_comm=kworker/0:0 prev_pid=4 prev_prio=120 prev_state=S ==> next_comm=sh next_pid=4764 next_prio=120
           <...>-4764  [000] ...2   239.798786: sched_switch: prev_comm=sh prev_pid=4764 prev_prio=120 prev_state=R+ ==> next_comm=kworker/0:0 next_pid=4 next_prio=120
     kworker/0:0-4     [000] ...2   239.798794: sched_switch: prev_comm=kworker/0:0 prev_pid=4 prev_prio=120 prev_state=S ==> next_comm=sh next_pid=4764 next_prio=120
           <...>-4764  [000] ...2   239.798803: sched_switch: prev_comm=sh prev_pid=4764 prev_prio=120 prev_state=R+ ==> next_comm=kworker/0:0 next_pid=4 next_prio=120
            adbd-1852  [001] ...2   239.798804: sched_switch: prev_comm=adbd prev_pid=1852 prev_prio=120 prev_state=S ==> next_comm=adbd next_pid=3057 next_prio=120
     kworker/0:0-4     [000] ...2   239.798810: sched_switch: prev_comm=kworker/0:0 prev_pid=4 prev_prio=120 prev_state=S ==> next_comm=sh next_pid=4764 next_prio=120
           <...>-4764  [000] ...2   239.798819: sched_switch: prev_comm=sh prev_pid=4764 prev_prio=120 prev_state=R+ ==> next_comm=kworker/0:0 next_pid=4 next_prio=120
     kworker/0:0-4     [000] ...2   239.798827: sched_switch: prev_comm=kworker/0:0 prev_pid=4 prev_prio=120 prev_state=S ==> next_comm=sh next_pid=4764 next_prio=120
           <...>-4764  [000] ...2   239.798836: sched_switch: prev_comm=sh prev_pid=4764 prev_prio=120 prev_state=R+ ==> next_comm=kworker/0:0 next_pid=4 next_prio=120
     kworker/0:0-4     [000] ...2   239.798845: sched_switch: prev_comm=kworker/0:0 prev_pid=4 prev_prio=120 prev_state=S ==> next_comm=sh next_pid=4764 next_prio=120
            adbd-3057  [001] ...2   239.798854: sched_switch: prev_comm=adbd prev_pid=3057 prev_prio=120 prev_state=S ==> next_comm=ple.h2benchmark next_pid=3192 next_prio=120
           <...>-4764  [000] ...2   239.798855: sched_switch: prev_comm=sh prev_pid=4764 prev_prio=120 prev_state=R+ ==> next_comm=kworker/0:0 next_pid=4 next_prio=120
     kworker/0:0-4     [000] ...2   239.798862: sched_switch: prev_comm=kworker/0:0 prev_pid=4 prev_prio=120 prev_state=S ==> next_comm=sh next_pid=4764 next_prio=120
           <...>-4764  [000] ...2   239.798871: sched_switch: prev_comm=sh prev_pid=4764 prev_prio=120 prev_state=R+ ==> next_comm=kworker/0:0 next_pid=4 next_prio=120
     kworker/0:0-4     [000] ...2   239.798879: sched_switch: prev_comm=kworker/0:0 prev_pid=4 prev_prio=120 prev_state=S ==> next_comm=sh next_pid=4764 next_prio=120
           <...>-4764  [000] ...2   239.798899: sched_switch: prev_comm=sh prev_pid=4764 prev_prio=120 prev_state=R+ ==> next_comm=kworker/0:0 next_pid=4 next_prio=120
     kworker/0:0-4     [000] ...2   239.798907: sched_switch: prev_comm=kworker/0:0 prev_pid=4 prev_prio=120 prev_state=S ==> next_comm=sh next_pid=4764 next_prio=120
           <...>-4764  [000] ...2   239.798917: sched_switch: prev_comm=sh prev_pid=4764 prev_prio=120 prev_state=R+ ==> next_comm=kworker/0:0 next_pid=4 next_prio=120
     kworker/0:0-4     [000] ...2   239.798926: sched_switch: prev_comm=kworker/0:0 prev_pid=4 prev_prio=120 prev_state=S ==> next_comm=sh next_pid=4764 next_prio=120
           <...>-4764  [000] ...2   239.798935: sched_switch: prev_comm=sh prev_pid=4764 prev_prio=120 prev_state=R+ ==> next_comm=kworker/0:0 next_pid=4 next_prio=120
     kworker/0:0-4     [000] ...2   239.798943: sched_switch: prev_comm=kworker/0:0 prev_pid=4 prev_prio=120 prev_state=S ==> next_comm=sh next_pid=4764 next_prio=120
           <...>-4764  [000] ...2   239.798953: sched_switch: prev_comm=sh prev_pid=4764 prev_prio=120 prev_state=R+ ==> next_comm=kworker/0:0 next_pid=4 next_prio=120
     kworker/0:0-4     [000] ...2   239.798960: sched_switch: prev_comm=kworker/0:0 prev_pid=4 prev_prio=120 prev_state=S ==> next_comm=sh next_pid=4764 next_prio=120
           <...>-4764  [000] ...2   239.798970: sched_switch: prev_comm=sh prev_pid=4764 prev_prio=120 prev_state=R+ ==> next_comm=kworker/0:0 next_pid=4 next_prio=120
     kworker/0:0-4     [000] ...2   239.798977: sched_switch: prev_comm=kworker/0:0 prev_pid=4 prev_prio=120 prev_state=S ==> next_comm=sh next_pid=4764 next_prio=120
           <...>-4764  [000] ...2   239.799351: sched_switch: prev_comm=sh prev_pid=4764 prev_prio=120 prev_state=R+ ==> next_comm=adbd next_pid=3058 next_prio=120
           <...>-3192  [001] ...2   239.799377: sched_switch: prev_comm=ple.h2benchmark prev_pid=3192 prev_prio=120 prev_state=R ==> next_comm=adbd next_pid=1852 next_prio=120
            adbd-3058  [000] ...2   239.799390: sched_switch: prev_comm=adbd prev_pid=3058 prev_prio=120 prev_state=S ==> next_comm=grep next_pid=4763 next_prio=120
           <...>-4763  [000] ...3   239.799397: sched_switch: prev_comm=grep prev_pid=4763 prev_prio=120 prev_state=x ==> next_comm=sh next_pid=4764 next_prio=120
           <...>-4764  [000] ...2   239.799656: sched_switch: prev_comm=sh prev_pid=4764 prev_prio=120 prev_state=R+ ==> next_comm=adbd next_pid=4765 next_prio=120
            adbd-1852  [001] ...2   239.799678: sched_switch: prev_comm=adbd prev_pid=1852 prev_prio=120 prev_state=S ==> next_comm=adbd next_pid=3057 next_prio=120
            adbd-3057  [001] ...2   239.799729: sched_switch: prev_comm=adbd prev_pid=3057 prev_prio=120 prev_state=D ==> next_comm=kworker/1:1 next_pid=4235 next_prio=120
     kworker/1:1-4235  [001] ...2   239.799739: sched_switch: prev_comm=kworker/1:1 prev_pid=4235 prev_prio=120 prev_state=S ==> next_comm=adbd next_pid=3057 next_prio=120
           <...>-4765  [000] ...2   239.799744: sched_switch: prev_comm=adbd prev_pid=4765 prev_prio=120 prev_state=D ==> next_comm=adbd next_pid=1852 next_prio=120
            adbd-3057  [001] ...2   239.799760: sched_switch: prev_comm=adbd prev_pid=3057 prev_prio=120 prev_state=S ==> next_comm=ple.h2benchmark next_pid=3192 next_prio=120
            adbd-1852  [000] ...2   239.799879: sched_switch: prev_comm=adbd prev_pid=1852 prev_prio=120 prev_state=S ==> next_comm=adbd next_pid=4765 next_prio=120
           <...>-4765  [000] ...3   239.799909: sched_switch: prev_comm=adbd prev_pid=4765 prev_prio=120 prev_state=x ==> next_comm=sh next_pid=4764 next_prio=120
           <...>-4764  [000] ...3   239.799924: sched_switch: prev_comm=sh prev_pid=4764 prev_prio=120 prev_state=x ==> next_comm=traced next_pid=203 next_prio=120
          traced-203   [000] ...2   239.800265: sched_switch: prev_comm=traced prev_pid=203 prev_prio=120 prev_state=R ==> next_comm=adbd next_pid=3058 next_prio=120
            adbd-3058  [000] ...2   239.800295: sched_switch: prev_comm=adbd prev_pid=3058 prev_prio=120 prev_state=S ==> next_comm=adbd next_pid=1852 next_prio=120
           <...>-3192  [001] ...2   239.800369: sched_switch: prev_comm=ple.h2benchmark prev_pid=3192 prev_prio=120 prev_state=R ==> next_comm=adbd next_pid=3057 next_prio=120
            adbd-3057  [001] ...2   239.800376: sched_switch: prev_comm=adbd prev_pid=3057 prev_prio=120 prev_state=S ==> next_comm=ple.h2benchmark next_pid=3192 next_prio=120
            adbd-1852  [000] ...2   239.800422: sched_switch: prev_comm=adbd prev_pid=1852 prev_prio=120 prev_state=S ==> next_comm=traced next_pid=203 next_prio=120
          traced-203   [000] ...2   239.800521: sched_switch: prev_comm=traced prev_pid=203 prev_prio=120 prev_state=R ==> next_comm=adbd next_pid=3058 next_prio=120
            adbd-3058  [000] ...2   239.800550: sched_switch: prev_comm=adbd prev_pid=3058 prev_prio=120 prev_state=S ==> next_comm=adbd next_pid=1852 next_prio=120
           <...>-3192  [001] ...2   239.800620: sched_switch: prev_comm=ple.h2benchmark prev_pid=3192 prev_prio=120 prev_state=R ==> next_comm=adbd next_pid=3057 next_prio=120
            adbd-3057  [001] ...2   239.800627: sched_switch: prev_comm=adbd prev_pid=3057 prev_prio=120 prev_state=S ==> next_comm=ple.h2benchmark next_pid=3192 next_prio=120
            adbd-1852  [000] ...2   239.800675: sched_switch: prev_comm=adbd prev_pid=1852 prev_prio=120 prev_state=S ==> next_comm=traced next_pid=203 next_prio=120
           <...>-3192  [001] ...2   239.803634: sched_switch: prev_comm=ple.h2benchmark prev_pid=3192 prev_prio=120 prev_state=S ==> next_comm=swapper/1 next_pid=0 next_prio=120
          <idle>-0     [001] ...2   239.803654: sched_switch: prev_comm=swapper/1 prev_pid=0 prev_prio=120 prev_state=R ==> next_comm=ksoftirqd/1 next_pid=4234 next_prio=120
     ksoftirqd/1-4234  [001] ...2   239.803664: sched_switch: prev_comm=ksoftirqd/1 prev_pid=4234 prev_prio=120 prev_state=S ==> next_comm=swapper/1 next_pid=0 next_prio=120
          <idle>-0     [001] ...2   239.803677: sched_switch: prev_comm=swapper/1 prev_pid=0 prev_prio=120 prev_state=R ==> next_comm=ksoftirqd/1 next_pid=4234 next_prio=120
     ksoftirqd/1-4234  [001] ...2   239.803685: sched_switch: prev_comm=ksoftirqd/1 prev_pid=4234 prev_prio=120 prev_state=S ==> next_comm=swapper/1 next_pid=0 next_prio=120
          <idle>-0     [001] ...2   239.803697: sched_switch: prev_comm=swapper/1 prev_pid=0 prev_prio=120 prev_state=R ==> next_comm=ksoftirqd/1 next_pid=4234 next_prio=120
     ksoftirqd/1-4234  [001] ...2   239.803705: sched_switch: prev_comm=ksoftirqd/1 prev_pid=4234 prev_prio=120 prev_state=S ==> next_comm=swapper/1 next_pid=0 next_prio=120
          <idle>-0     [001] ...2   239.804685: sched_switch: prev_comm=swapper/1 prev_pid=0 prev_prio=120 prev_state=R ==> next_comm=ple.h2benchmark next_pid=3192 next_prio=120
           <...>-3192  [001] ...2   239.808342: sched_switch: prev_comm=ple.h2benchmark prev_pid=3192 prev_prio=120 prev_state=S ==> next_comm=swapper/1 next_pid=0 next_prio=120
          <idle>-0     [001] ...2   239.809394: sched_switch: prev_comm=swapper/1 prev_pid=0 prev_prio=120 prev_state=R ==> next_comm=ple.h2benchmark next_pid=3192 next_prio=120
           <...>-3192  [001] ...2   239.809541: sched_switch: prev_comm=ple.h2benchmark prev_pid=3192 prev_prio=120 prev_state=R ==> next_comm=Benchmark.mv.db next_pid=4749 next_prio=120
           <...>-4749  [001] ...2   239.809574: sched_switch: prev_comm=Benchmark.mv.db prev_pid=4749 prev_prio=120 prev_state=S ==> next_comm=ple.h2benchmark next_pid=3192 next_prio=120
           <...>-3192  [001] ...2   239.813058: sched_switch: prev_comm=ple.h2benchmark prev_pid=3192 prev_prio=120 prev_state=S ==> next_comm=swapper/1 next_pid=0 next_prio=120
          <idle>-0     [001] ...2   239.813072: sched_switch: prev_comm=swapper/1 prev_pid=0 prev_prio=120 prev_state=R ==> next_comm=ksoftirqd/1 next_pid=4234 next_prio=120
     ksoftirqd/1-4234  [001] ...2   239.813095: sched_switch: prev_comm=ksoftirqd/1 prev_pid=4234 prev_prio=120 prev_state=S ==> next_comm=swapper/1 next_pid=0 next_prio=120
          <idle>-0     [001] ...2   239.813108: sched_switch: prev_comm=swapper/1 prev_pid=0 prev_prio=120 prev_state=R ==> next_comm=ksoftirqd/1 next_pid=4234 next_prio=120
     ksoftirqd/1-4234  [001] ...2   239.813115: sched_switch: prev_comm=ksoftirqd/1 prev_pid=4234 prev_prio=120 prev_state=S ==> next_comm=swapper/1 next_pid=0 next_prio=120
          <idle>-0     [001] ...2   239.813127: sched_switch: prev_comm=swapper/1 prev_pid=0 prev_prio=120 prev_state=R ==> next_comm=ksoftirqd/1 next_pid=4234 next_prio=120
     ksoftirqd/1-4234  [001] ...2   239.813135: sched_switch: prev_comm=ksoftirqd/1 prev_pid=4234 prev_prio=120 prev_state=S ==> next_comm=swapper/1 next_pid=0 next_prio=120
          <idle>-0     [001] ...2   239.813147: sched_switch: prev_comm=swapper/1 prev_pid=0 prev_prio=120 prev_state=R ==> next_comm=ksoftirqd/1 next_pid=4234 next_prio=120
     ksoftirqd/1-4234  [001] ...2   239.813154: sched_switch: prev_comm=ksoftirqd/1 prev_pid=4234 prev_prio=120 prev_state=S ==> next_comm=swapper/1 next_pid=0 next_prio=120
          <idle>-0     [001] ...2   239.813166: sched_switch: prev_comm=swapper/1 prev_pid=0 prev_prio=120 prev_state=R ==> next_comm=ksoftirqd/1 next_pid=4234 next_prio=120
     ksoftirqd/1-4234  [001] ...2   239.813173: sched_switch: prev_comm=ksoftirqd/1 prev_pid=4234 prev_prio=120 prev_state=S ==> next_comm=swapper/1 next_pid=0 next_prio=120
          <idle>-0     [001] ...2   239.813184: sched_switch: prev_comm=swapper/1 prev_pid=0 prev_prio=120 prev_state=R ==> next_comm=ksoftirqd/1 next_pid=4234 next_prio=120
     ksoftirqd/1-4234  [001] ...2   239.813190: sched_switch: prev_comm=ksoftirqd/1 prev_pid=4234 prev_prio=120 prev_state=S ==> next_comm=swapper/1 next_pid=0 next_prio=120
          <idle>-0     [001] ...2   239.814110: sched_switch: prev_comm=swapper/1 prev_pid=0 prev_prio=120 prev_state=R ==> next_comm=ple.h2benchmark next_pid=3192 next_prio=120
           <...>-3192  [001] ...2   239.817821: sched_switch: prev_comm=ple.h2benchmark prev_pid=3192 prev_prio=120 prev_state=S ==> next_comm=swapper/1 next_pid=0 next_prio=120
          <idle>-0     [001] ...2   239.818873: sched_switch: prev_comm=swapper/1 prev_pid=0 prev_prio=120 prev_state=R ==> next_comm=ple.h2benchmark next_pid=3192 next_prio=120
           <...>-3192  [001] ...2   239.822505: sched_switch: prev_comm=ple.h2benchmark prev_pid=3192 prev_prio=120 prev_state=S ==> next_comm=swapper/1 next_pid=0 next_prio=120
          <idle>-0     [001] ...2   239.822781: sched_switch: prev_comm=swapper/1 prev_pid=0 prev_prio=120 prev_state=R ==> next_comm=kworker/u:0 next_pid=6 next_prio=120
          traced-203   [000] ...2   239.822797: sched_switch: prev_comm=traced prev_pid=203 prev_prio=120 prev_state=R ==> next_comm=mpdecision next_pid=1812 next_prio=113
     kworker/u:0-6     [001] ...2   239.822799: sched_switch: prev_comm=kworker/u:0 prev_pid=6 prev_prio=120 prev_state=S ==> next_comm=ksoftirqd/1 next_pid=4234 next_prio=120
     ksoftirqd/1-4234  [001] ...2   239.822815: sched_switch: prev_comm=ksoftirqd/1 prev_pid=4234 prev_prio=120 prev_state=S ==> next_comm=swapper/1 next_pid=0 next_prio=120
          <idle>-0     [001] ...2   239.822826: sched_switch: prev_comm=swapper/1 prev_pid=0 prev_prio=120 prev_state=R ==> next_comm=ksoftirqd/1 next_pid=4234 next_prio=120
     ksoftirqd/1-4234  [001] ...2   239.822836: sched_switch: prev_comm=ksoftirqd/1 prev_pid=4234 prev_prio=120 prev_state=S ==> next_comm=swapper/1 next_pid=0 next_prio=120
          <idle>-0     [001] ...2   239.822849: sched_switch: prev_comm=swapper/1 prev_pid=0 prev_prio=120 prev_state=R ==> next_comm=ksoftirqd/1 next_pid=4234 next_prio=120
     ksoftirqd/1-4234  [001] ...2   239.822860: sched_switch: prev_comm=ksoftirqd/1 prev_pid=4234 prev_prio=120 prev_state=S ==> next_comm=swapper/1 next_pid=0 next_prio=120
      mpdecision-1812  [000] ...2   239.823045: sched_switch: prev_comm=mpdecision prev_pid=1812 prev_prio=113 prev_state=R+ ==> next_comm=kthreadd next_pid=2 next_prio=98
           <...>-2     [000] ...2   239.823080: sched_switch: prev_comm=kthreadd prev_pid=2 prev_prio=98 prev_state=S ==> next_comm=mpdecision next_pid=1812 next_prio=113
          <idle>-0     [001] ...2   239.823083: sched_switch: prev_comm=swapper/1 prev_pid=0 prev_prio=120 prev_state=R ==> next_comm=kthreadd next_pid=4766 next_prio=98
      mpdecision-1812  [000] ...2   239.823087: sched_switch: prev_comm=mpdecision prev_pid=1812 prev_prio=113 prev_state=D ==> next_comm=traced next_pid=203 next_prio=120
          traced-203   [000] ...2   239.823093: sched_switch: prev_comm=traced prev_pid=203 prev_prio=120 prev_state=R ==> next_comm=mpdecision next_pid=1812 next_prio=113
           <...>-4766  [001] ...2   239.823098: sched_switch: prev_comm=migration/2 prev_pid=4766 prev_prio=120 prev_state=D ==> next_comm=swapper/1 next_pid=0 next_prio=120
      mpdecision-1812  [000] ...2   239.823111: sched_switch: prev_comm=mpdecision prev_pid=1812 prev_prio=113 prev_state=R+ ==> next_comm=kthreadd next_pid=2 next_prio=98
           <...>-2     [000] ...2   239.823135: sched_switch: prev_comm=kthreadd prev_pid=2 prev_prio=98 prev_state=S ==> next_comm=mpdecision next_pid=1812 next_prio=113
          <idle>-0     [001] ...2   239.823135: sched_switch: prev_comm=swapper/1 prev_pid=0 prev_prio=120 prev_state=R ==> next_comm=kthreadd next_pid=4767 next_prio=98
      mpdecision-1812  [000] ...2   239.823141: sched_switch: prev_comm=mpdecision prev_pid=1812 prev_prio=113 prev_state=D ==> next_comm=traced next_pid=203 next_prio=120
          traced-203   [000] ...2   239.823147: sched_switch: prev_comm=traced prev_pid=203 prev_prio=120 prev_state=R ==> next_comm=mpdecision next_pid=1812 next_prio=113
           <...>-4767  [001] ...2   239.823151: sched_switch: prev_comm=kworker/2:0 prev_pid=4767 prev_prio=98 prev_state=D ==> next_comm=swapper/1 next_pid=0 next_prio=120
      mpdecision-1812  [000] ...2   239.823169: sched_switch: prev_comm=mpdecision prev_pid=1812 prev_prio=113 prev_state=R+ ==> next_comm=kthreadd next_pid=2 next_prio=98
           <...>-2     [000] ...2   239.823190: sched_switch: prev_comm=kthreadd prev_pid=2 prev_prio=98 prev_state=S ==> next_comm=mpdecision next_pid=1812 next_prio=113
          <idle>-0     [001] ...2   239.823192: sched_switch: prev_comm=swapper/1 prev_pid=0 prev_prio=120 prev_state=R ==> next_comm=kthreadd next_pid=4768 next_prio=98
      mpdecision-1812  [000] ...2   239.823196: sched_switch: prev_comm=mpdecision prev_pid=1812 prev_prio=113 prev_state=D ==> next_comm=traced next_pid=203 next_prio=120
          traced-203   [000] ...2   239.823202: sched_switch: prev_comm=traced prev_pid=203 prev_prio=120 prev_state=R ==> next_comm=mpdecision next_pid=1812 next_prio=113
           <...>-4768  [001] ...2   239.823205: sched_switch: prev_comm=kworker/2:0H prev_pid=4768 prev_prio=98 prev_state=D ==> next_comm=swapper/1 next_pid=0 next_prio=120
      mpdecision-1812  [000] ...2   239.823225: sched_switch: prev_comm=mpdecision prev_pid=1812 prev_prio=113 prev_state=R+ ==> next_comm=kthreadd next_pid=2 next_prio=98
           <...>-2     [000] ...2   239.823247: sched_switch: prev_comm=kthreadd prev_pid=2 prev_prio=98 prev_state=S ==> next_comm=mpdecision next_pid=1812 next_prio=113
          <idle>-0     [001] ...2   239.823249: sched_switch: prev_comm=swapper/1 prev_pid=0 prev_prio=120 prev_state=R ==> next_comm=kthreadd next_pid=4769 next_prio=98
      mpdecision-1812  [000] ...2   239.823253: sched_switch: prev_comm=mpdecision prev_pid=1812 prev_prio=113 prev_state=D ==> next_comm=traced next_pid=203 next_prio=120
          traced-203   [000] ...2   239.823258: sched_switch: prev_comm=traced prev_pid=203 prev_prio=120 prev_state=R ==> next_comm=mpdecision next_pid=1812 next_prio=113
           <...>-4769  [001] ...2   239.823262: sched_switch: prev_comm=ksoftirqd/2 prev_pid=4769 prev_prio=120 prev_state=D ==> next_comm=swapper/1 next_pid=0 next_prio=120
          <idle>-0     [001] ...2   239.823594: sched_switch: prev_comm=swapper/1 prev_pid=0 prev_prio=120 prev_state=R ==> next_comm=ple.h2benchmark next_pid=3192 next_prio=120
      mpdecision-1812  [000] ...2   239.823700: sched_switch: prev_comm=mpdecision prev_pid=1812 prev_prio=113 prev_state=D ==> next_comm=traced next_pid=203 next_prio=120
          traced-203   [000] ...2   239.823723: sched_switch: prev_comm=traced prev_pid=203 prev_prio=120 prev_state=R ==> next_comm=mpdecision next_pid=1812 next_prio=113
          <idle>-0     [002] ...2   239.823816: sched_switch: prev_comm=swapper/2 prev_pid=0 prev_prio=120 prev_state=R ==> next_comm=migration/2 next_pid=4766 next_prio=0
           <...>-3192  [001] ...2   239.823818: sched_switch: prev_comm=ple.h2benchmark prev_pid=3192 prev_prio=120 prev_state=S ==> next_comm=swapper/1 next_pid=0 next_prio=120
           <...>-4766  [002] ...2   239.823826: sched_switch: prev_comm=migration/2 prev_pid=4766 prev_prio=0 prev_state=S ==> next_comm=kworker/2:0 next_pid=4767 next_prio=120
           <...>-4767  [002] ...2   239.823838: sched_switch: prev_comm=kworker/2:0 prev_pid=4767 prev_prio=120 prev_state=S ==> next_comm=kworker/2:0H next_pid=4768 next_prio=100
           <...>-4768  [002] ...2   239.823846: sched_switch: prev_comm=kworker/2:0H prev_pid=4768 prev_prio=100 prev_state=S ==> next_comm=ksoftirqd/2 next_pid=4769 next_prio=120
      mpdecision-1812  [000] ...1   239.823850: cpu_frequency_switch_start: start=0 end=2265600 cpu_id=2
      mpdecision-1812  [000] ...1   239.823854: cpu_frequency_switch_end: cpu_id=2
      mpdecision-1812  [000] ...1   239.823856: cpu_frequency: state=2265600 cpu_id=2
           <...>-4769  [002] ...2   239.823856: sched_switch: prev_comm=ksoftirqd/2 prev_pid=4769 prev_prio=120 prev_state=S ==> next_comm=swapper/2 next_pid=0 next_prio=120
      mpdecision-1812  [000] ...1   239.823933: phonelab_periodic_warning_cpu: warning=notify_up cpu=0
      mpdecision-1812  [000] ...1   239.823944: phonelab_periodic_warning_cpu: warning=setup_periodic_work cpu=2
          <idle>-0     [002] ...2   239.823957: sched_switch: prev_comm=swapper/2 prev_pid=0 prev_prio=120 prev_state=R ==> next_comm=kworker/2:0 next_pid=4767 next_prio=120
      mpdecision-1812  [000] ...1   239.823958: sched_cpu_hotplug: cpu 2 online error=0
      mpdecision-1812  [000] ...1   239.823960: phonelab_num_online_cpus: num_online_cpus=3
      mpdecision-1812  [000] ...2   239.823971: sched_switch: prev_comm=mpdecision prev_pid=1812 prev_prio=113 prev_state=R+ ==> next_comm=kthreadd next_pid=2 next_prio=98
           <...>-4767  [002] ...2   239.823976: sched_switch: prev_comm=kworker/2:0 prev_pid=4767 prev_prio=120 prev_state=D ==> next_comm=swapper/2 next_pid=0 next_prio=120
           <...>-2     [000] ...2   239.824009: sched_switch: prev_comm=kthreadd prev_pid=2 prev_prio=98 prev_state=S ==> next_comm=mpdecision next_pid=1812 next_prio=113
          <idle>-0     [001] ...2   239.824013: sched_switch: prev_comm=swapper/1 prev_pid=0 prev_prio=120 prev_state=R ==> next_comm=kthreadd next_pid=4770 next_prio=98
          <idle>-0     [002] ...2   239.824025: sched_switch: prev_comm=swapper/2 prev_pid=0 prev_prio=120 prev_state=R ==> next_comm=kworker/2:0 next_pid=4767 next_prio=120
           <...>-4770  [001] ...2   239.824027: sched_switch: prev_comm=kthreadd prev_pid=4770 prev_prio=98 prev_state=D ==> next_comm=swapper/1 next_pid=0 next_prio=120
           <...>-4767  [002] ...2   239.824052: sched_switch: prev_comm=kworker/2:0 prev_pid=4767 prev_prio=120 prev_state=S ==> next_comm=kworker/2:1 next_pid=4770 next_prio=120
           <...>-4770  [002] ...2   239.824066: sched_switch: prev_comm=kworker/2:1 prev_pid=4770 prev_prio=120 prev_state=S ==> next_comm=healthd next_pid=171 next_prio=120
           <...>-171   [002] ...2   239.824103: sched_switch: prev_comm=healthd prev_pid=171 prev_prio=120 prev_state=S ==> next_comm=ueventd next_pid=127 next_prio=120
           <...>-127   [002] ...2   239.824144: sched_switch: prev_comm=ueventd prev_pid=127 prev_prio=120 prev_state=R ==> next_comm=vold next_pid=238 next_prio=120
      mpdecision-1812  [000] ...2   239.824183: sched_switch: prev_comm=mpdecision prev_pid=1812 prev_prio=113 prev_state=S ==> next_comm=mpdecision next_pid=1802 next_prio=113
           <...>-238   [002] ...2   239.824188: sched_switch: prev_comm=vold prev_pid=238 prev_prio=120 prev_state=S ==> next_comm=ueventd next_pid=127 next_prio=120
           <...>-1802  [000] ...2   239.824206: sched_switch: prev_comm=mpdecision prev_pid=1802 prev_prio=113 prev_state=S ==> next_comm=bridgemgrd next_pid=1677 next_prio=120
           <...>-1677  [000] ...2   239.824248: sched_switch: prev_comm=bridgemgrd prev_pid=1677 prev_prio=120 prev_state=S ==> next_comm=UEventObserver next_pid=797 next_prio=120
           <...>-797   [000] ...2   239.824276: sched_switch: prev_comm=UEventObserver prev_pid=797 prev_prio=120 prev_state=S ==> next_comm=system_server next_pid=790 next_prio=118
           <...>-790   [000] ...2   239.824293: sched_switch: prev_comm=system_server prev_pid=790 prev_prio=118 prev_state=S ==> next_comm=netd next_pid=526 next_prio=120
           <...>-526   [000] ...2   239.824329: sched_switch: prev_comm=netd prev_pid=526 prev_prio=120 prev_state=S ==> next_comm=hwcUeventThread next_pid=286 next_prio=112
           <...>-286   [000] ...2   239.824350: sched_switch: prev_comm=hwcUeventThread prev_pid=286 prev_prio=112 prev_state=S ==> next_comm=bridgemgrd next_pid=542 next_prio=120
           <...>-542   [000] ...2   239.824367: sched_switch: prev_comm=bridgemgrd prev_pid=542 prev_prio=120 prev_state=S ==> next_comm=traced next_pid=203 next_prio=120
          <idle>-0     [001] ...2   239.824860: sched_switch: prev_comm=swapper/1 prev_pid=0 prev_prio=120 prev_state=R ==> next_comm=ple.h2benchmark next_pid=3192 next_prio=120
           <...>-3192  [001] ...2   239.824942: sched_switch: prev_comm=ple.h2benchmark prev_pid=3192 prev_prio=120 prev_state=S ==> next_comm=swapper/1 next_pid=0 next_prio=120
          <idle>-0     [001] ...2   239.825994: sched_switch: prev_comm=swapper/1 prev_pid=0 prev_prio=120 prev_state=R ==> next_comm=ple.h2benchmark next_pid=3192 next_prio=120
           <...>-3192  [001] ...2   239.830160: sched_switch: prev_comm=ple.h2benchmark prev_pid=3192 prev_prio=120 prev_state=S ==> next_comm=swapper/1 next_pid=0 next_prio=120
           <...>-127   [002] ...2   239.830494: sched_switch: prev_comm=ueventd prev_pid=127 prev_prio=120 prev_state=S ==> next_comm=swapper/2 next_pid=0 next_prio=120
          <idle>-0     [002] ...2   239.830509: sched_switch: prev_comm=swapper/2 prev_pid=0 prev_prio=120 prev_state=R ==> next_comm=ksoftirqd/2 next_pid=4769 next_prio=120
           <...>-4769  [002] ...2   239.830520: sched_switch: prev_comm=ksoftirqd/2 prev_pid=4769 prev_prio=120 prev_state=S ==> next_comm=swapper/2 next_pid=0 next_prio=120
          <idle>-0     [002] ...2   239.830530: sched_switch: prev_comm=swapper/2 prev_pid=0 prev_prio=120 prev_state=R ==> next_comm=ksoftirqd/2 next_pid=4769 next_prio=120
           <...>-4769  [002] ...2   239.830539: sched_switch: prev_comm=ksoftirqd/2 prev_pid=4769 prev_prio=120 prev_state=S ==> next_comm=swapper/2 next_pid=0 next_prio=120
          <idle>-0     [002] ...2   239.830549: sched_switch: prev_comm=swapper/2 prev_pid=0 prev_prio=120 prev_state=R ==> next_comm=ksoftirqd/2 next_pid=4769 next_prio=120
           <...>-4769  [002] ...2   239.830555: sched_switch: prev_comm=ksoftirqd/2 prev_pid=4769 prev_prio=120 prev_state=S ==> next_comm=swapper/2 next_pid=0 next_prio=120
          <idle>-0     [001] ...2   239.831210: sched_switch: prev_comm=swapper/1 prev_pid=0 prev_prio=120 prev_state=R ==> next_comm=ple.h2benchmark next_pid=3192 next_prio=120
          <idle>-0     [002] ...2   239.832793: sched_switch: prev_comm=swapper/2 prev_pid=0 prev_prio=120 prev_state=R ==> next_comm=kworker/2:0H next_pid=4768 next_prio=100
           <...>-4768  [002] ...2   239.832808: sched_switch: prev_comm=kworker/2:0H prev_pid=4768 prev_prio=100 prev_state=D ==> next_comm=ksoftirqd/2 next_pid=4769 next_prio=120
           <...>-4769  [002] ...2   239.832822: sched_switch: prev_comm=ksoftirqd/2 prev_pid=4769 prev_prio=120 prev_state=S ==> next_comm=kmsgd next_pid=202 next_prio=120
          traced-203   [000] ...2   239.832845: sched_switch: prev_comm=traced prev_pid=203 prev_prio=120 prev_state=R ==> next_comm=kthreadd next_pid=2 next_prio=98
           <...>-3192  [001] ...2   239.832874: sched_switch: prev_comm=ple.h2benchmark prev_pid=3192 prev_prio=120 prev_state=R ==> next_comm=kthreadd next_pid=4771 next_prio=98
           <...>-2     [000] ...2   239.832874: sched_switch: prev_comm=kthreadd prev_pid=2 prev_prio=98 prev_state=S ==> next_comm=ksoftirqd/0 next_pid=3 next_prio=120
