          <idle>-0     [001] ...2   239.142786: sched_switch: prev_comm=swapper/1 prev_pid=0 prev_prio=120 prev_state=R ==> next_comm=ksoftirqd/1 next_pid=4234 next_prio=120
     ksoftirqd/1-4234  [001] ...2   239.142798: sched_switch: prev_comm=ksoftirqd/1 prev_pid=4234 prev_prio=120 prev_state=S ==> next_comm=swapper/1 next_pid=0 next_prio=120
          <idle>-0     [001] ...2   239.142813: sched_switch: prev_comm=swapper/1 prev_pid=0 prev_prio=120 prev_state=R ==> next_comm=ksoftirqd/1 next_pid=4234 next_prio=120
     ksoftirqd/1-4234  [001] ...2   239.142820: sched_switch: prev_comm=ksoftirqd/1 prev_pid=4234 prev_prio=120 prev_state=S ==> next_comm=swapper/1 next_pid=0 next_prio=120
          <idle>-0     [001] ...2   239.142834: sched_switch: prev_comm=swapper/1 prev_pid=0 prev_prio=120 prev_state=R ==> next_comm=ksoftirqd/1 next_pid=4234 next_prio=120
     ksoftirqd/1-4234  [001] ...2   239.142841: sched_switch: prev_comm=ksoftirqd/1 prev_pid=4234 prev_prio=120 prev_state=S ==> next_comm=swapper/1 next_pid=0 next_prio=120
          <idle>-0     [001] ...2   239.142855: sched_switch: prev_comm=swapper/1 prev_pid=0 prev_prio=120 prev_state=R ==> next_comm=ksoftirqd/1 next_pid=4234 next_prio=120
     ksoftirqd/1-4234  [001] ...2   239.142862: sched_switch: prev_comm=ksoftirqd/1 prev_pid=4234 prev_prio=120 prev_state=S ==> next_comm=swapper/1 next_pid=0 next_prio=120
          <idle>-0     [001] ...2   239.142876: sched_switch: prev_comm=swapper/1 prev_pid=0 prev_prio=120 prev_state=R ==> next_comm=ksoftirqd/1 next_pid=4234 next_prio=120
     ksoftirqd/1-4234  [001] ...2   239.142883: sched_switch: prev_comm=ksoftirqd/1 prev_pid=4234 prev_prio=120 prev_state=S ==> next_comm=swapper/1 next_pid=0 next_prio=120
          <idle>-0     [001] ...2   239.142895: sched_switch: prev_comm=swapper/1 prev_pid=0 prev_prio=120 prev_state=R ==> next_comm=ksoftirqd/1 next_pid=4234 next_prio=120
     ksoftirqd/1-4234  [001] ...2   239.142902: sched_switch: prev_comm=ksoftirqd/1 prev_pid=4234 prev_prio=120 prev_state=S ==> next_comm=swapper/1 next_pid=0 next_prio=120
          traced-203   [000] ...2   239.143325: sched_switch: prev_comm=traced prev_pid=203 prev_prio=120 prev_state=R ==> next_comm=mmcqd/1 next_pid=116 next_prio=120
         mmcqd/1-116   [000] ...1   239.143356: block_rq_complete: 179,0 WAS () 5548552 + 8 [0]
          <idle>-0     [001] ...2   239.143373: sched_switch: prev_comm=swapper/1 prev_pid=0 prev_prio=120 prev_state=R ==> next_comm=ple.h2benchmark next_pid=3192 next_prio=120
         mmcqd/1-116   [000] ...2   239.143381: sched_switch: prev_comm=mmcqd/1 prev_pid=116 prev_prio=120 prev_state=R+ ==> next_comm=kworker/0:2H next_pid=167 next_prio=100
           <...>-3192  [001] ...2   239.143386: sched_switch: prev_comm=ple.h2benchmark prev_pid=3192 prev_prio=120 prev_state=R+ ==> next_comm=jbd2/mmcblk0p28 next_pid=135 next_prio=120
    kworker/0:2H-167   [000] ...2   239.143388: sched_switch: prev_comm=kworker/0:2H prev_pid=167 prev_prio=100 prev_state=S ==> next_comm=mmcqd/1 next_pid=116 next_prio=120
         mmcqd/1-116   [000] ...2   239.143398: sched_switch: prev_comm=mmcqd/1 prev_pid=116 prev_prio=120 prev_state=S ==> next_comm=traced next_pid=203 next_prio=120
 jbd2/mmcblk0p28-135   [001] d..2   239.143437: block_rq_insert: 179,0 WS 0 () 3997160 + 32 [jbd2/mmcblk0p28]
          traced-203   [000] ...2   239.143450: sched_switch: prev_comm=traced prev_pid=203 prev_prio=120 prev_state=R ==> next_comm=mmcqd/1 next_pid=116 next_prio=120
 jbd2/mmcblk0p28-135   [001] ...2   239.143453: sched_switch: prev_comm=jbd2/mmcblk0p28 prev_pid=135 prev_prio=120 prev_state=D ==> next_comm=ple.h2benchmark next_pid=3192 next_prio=120
           <...>-3192  [001] ...2   239.143460: sched_switch: prev_comm=ple.h2benchmark prev_pid=3192 prev_prio=120 prev_state=D ==> next_comm=swapper/1 next_pid=0 next_prio=120
         mmcqd/1-116   [000] ...2   239.143484: sched_switch: prev_comm=mmcqd/1 prev_pid=116 prev_prio=120 prev_state=S ==> next_comm=traced next_pid=203 next_prio=120
          traced-203   [000] ...2   239.145153: sched_switch: prev_comm=traced prev_pid=203 prev_prio=120 prev_state=R ==> next_comm=mmcqd/1 next_pid=116 next_prio=120
         mmcqd/1-116   [000] ...1   239.145179: block_rq_complete: 179,0 WAS () 3997160 + 32 [0]
          <idle>-0     [001] ...2   239.145194: sched_switch: prev_comm=swapper/1 prev_pid=0 prev_prio=120 prev_state=R ==> next_comm=jbd2/mmcblk0p28 next_pid=135 next_prio=120
         mmcqd/1-116   [000] ...2   239.145198: sched_switch: prev_comm=mmcqd/1 prev_pid=116 prev_prio=120 prev_state=R+ ==> next_comm=kworker/0:2H next_pid=167 next_prio=100
    kworker/0:2H-167   [000] ...2   239.145205: sched_switch: prev_comm=kworker/0:2H prev_pid=167 prev_prio=100 prev_state=S ==> next_comm=mmcqd/1 next_pid=116 next_prio=120
         mmcqd/1-116   [000] ...2   239.145214: sched_switch: prev_comm=mmcqd/1 prev_pid=116 prev_prio=120 prev_state=S ==> next_comm=traced next_pid=203 next_prio=120
 jbd2/mmcblk0p28-135   [001] d..2   239.145217: block_rq_insert: 179,0 FWFS 0 () 3997192 + 8 [jbd2/mmcblk0p28]
          traced-203   [000] ...2   239.145227: sched_switch: prev_comm=traced prev_pid=203 prev_prio=120 prev_state=R ==> next_comm=mmcqd/1 next_pid=116 next_prio=120
 jbd2/mmcblk0p28-135   [001] ...2   239.145233: sched_switch: prev_comm=jbd2/mmcblk0p28 prev_pid=135 prev_prio=120 prev_state=D ==> next_comm=swapper/1 next_pid=0 next_prio=120
         mmcqd/1-116   [000] ...2   239.145247: sched_switch: prev_comm=mmcqd/1 prev_pid=116 prev_prio=120 prev_state=D ==> next_comm=traced next_pid=203 next_prio=120
          traced-203   [000] ...2   239.145272: sched_switch: prev_comm=traced prev_pid=203 prev_prio=120 prev_state=R ==> next_comm=mmcqd/1 next_pid=116 next_prio=120
         mmcqd/1-116   [000] ...2   239.145295: sched_switch: prev_comm=mmcqd/1 prev_pid=116 prev_prio=120 prev_state=R ==> next_comm=traced next_pid=203 next_prio=120
          traced-203   [000] ...2   239.145299: sched_switch: prev_comm=traced prev_pid=203 prev_prio=120 prev_state=R ==> next_comm=mmcqd/1 next_pid=116 next_prio=120
         mmcqd/1-116   [000] ...2   239.145310: sched_switch: prev_comm=mmcqd/1 prev_pid=116 prev_prio=120 prev_state=R+ ==> next_comm=kworker/0:2H next_pid=167 next_prio=100
    kworker/0:2H-167   [000] ...2   239.145317: sched_switch: prev_comm=kworker/0:2H prev_pid=167 prev_prio=100 prev_state=S ==> next_comm=mmcqd/1 next_pid=116 next_prio=120
         mmcqd/1-116   [000] ...2   239.145346: sched_switch: prev_comm=mmcqd/1 prev_pid=116 prev_prio=120 prev_state=S ==> next_comm=traced next_pid=203 next_prio=120
          traced-203   [000] ...2   239.145940: sched_switch: prev_comm=traced prev_pid=203 prev_prio=120 prev_state=R ==> next_comm=mmcqd/1 next_pid=116 next_prio=120
         mmcqd/1-116   [000] ...2   239.145963: sched_switch: prev_comm=mmcqd/1 prev_pid=116 prev_prio=120 prev_state=R ==> next_comm=traced next_pid=203 next_prio=120
          traced-203   [000] ...2   239.145967: sched_switch: prev_comm=traced prev_pid=203 prev_prio=120 prev_state=R ==> next_comm=mmcqd/1 next_pid=116 next_prio=120
         mmcqd/1-116   [000] ...1   239.145974: block_rq_complete: 179,0 WFS () 3997192 + 8 [0]
         mmcqd/1-116   [000] d..2   239.145977: block_rq_complete: 179,0 WFS () 3997192 + 0 [0]
          <idle>-0     [001] ...2   239.145989: sched_switch: prev_comm=swapper/1 prev_pid=0 prev_prio=120 prev_state=R ==> next_comm=jbd2/mmcblk0p28 next_pid=135 next_prio=120
         mmcqd/1-116   [000] ...2   239.145993: sched_switch: prev_comm=mmcqd/1 prev_pid=116 prev_prio=120 prev_state=S ==> next_comm=traced next_pid=203 next_prio=120
 jbd2/mmcblk0p28-135   [001] ...2   239.146007: sched_switch: prev_comm=jbd2/mmcblk0p28 prev_pid=135 prev_prio=120 prev_state=S ==> next_comm=ple.h2benchmark next_pid=3192 next_prio=120
           <...>-3192  [001] ...2   239.149859: sched_switch: prev_comm=ple.h2benchmark prev_pid=3192 prev_prio=120 prev_state=S ==> next_comm=swapper/1 next_pid=0 next_prio=120
          <idle>-0     [001] ...2   239.150910: sched_switch: prev_comm=swapper/1 prev_pid=0 prev_prio=120 prev_state=R ==> next_comm=ple.h2benchmark next_pid=3192 next_prio=120
          traced-203   [000] ...2   239.152224: sched_switch: prev_comm=traced prev_pid=203 prev_prio=120 prev_state=R ==> next_comm=adbd next_pid=3058 next_prio=120
            adbd-3058  [000] ...2   239.152242: sched_switch: prev_comm=adbd prev_pid=3058 prev_prio=120 prev_state=S ==> next_comm=traced next_pid=203 next_prio=120
          traced-203   [000] ...2   239.152391: sched_switch: prev_comm=traced prev_pid=203 prev_prio=120 prev_state=R ==> next_comm=adbd next_pid=3058 next_prio=120
           <...>-3192  [001] ...2   239.152423: sched_switch: prev_comm=ple.h2benchmark prev_pid=3192 prev_prio=120 prev_state=R ==> next_comm=adbd next_pid=1852 next_prio=120
            adbd-3058  [000] ...2   239.152440: sched_switch: prev_comm=adbd prev_pid=3058 prev_prio=120 prev_state=S ==> next_comm=traced next_pid=203 next_prio=120
          traced-203   [000] ...2   239.152780: sched_switch: prev_comm=traced prev_pid=203 prev_prio=120 prev_state=R ==> next_comm=adbd next_pid=3057 next_prio=120
            adbd-3057  [000] ...2   239.152788: sched_switch: prev_comm=adbd prev_pid=3057 prev_prio=120 prev_state=S ==> next_comm=traced next_pid=203 next_prio=120
            adbd-1852  [001] ...2   239.153145: sched_switch: prev_comm=adbd prev_pid=1852 prev_prio=120 prev_state=D ==> next_comm=kworker/1:1 next_pid=4235 next_prio=120
     kworker/1:1-4235  [001] ...2   239.153161: sched_switch: prev_comm=kworker/1:1 prev_pid=4235 prev_prio=120 prev_state=S ==> next_comm=adbd next_pid=3057 next_prio=120
            adbd-3057  [001] ...2   239.153223: sched_switch: prev_comm=adbd prev_pid=3057 prev_prio=120 prev_state=S ==> next_comm=adbd next_pid=1852 next_prio=120
            adbd-1852  [001] ...2   239.153256: sched_switch: prev_comm=adbd prev_pid=1852 prev_prio=120 prev_state=S ==> next_comm=ple.h2benchmark next_pid=3192 next_prio=120
           <...>-3192  [001] ...2   239.155442: sched_switch: prev_comm=ple.h2benchmark prev_pid=3192 prev_prio=120 prev_state=S ==> next_comm=adbd next_pid=4751 next_prio=120
           <...>-4751  [001] ...2   239.155467: sched_switch: prev_comm=adbd prev_pid=4751 prev_prio=120 prev_state=S ==> next_comm=adbd next_pid=4750 next_prio=120
           <...>-4750  [001] ...2   239.158353: sched_switch: prev_comm=sh prev_pid=4750 prev_prio=120 prev_state=R ==> next_comm=Benchmark.mv.db next_pid=4749 next_prio=120
           <...>-4749  [001] ...2   239.158398: sched_switch: prev_comm=Benchmark.mv.db prev_pid=4749 prev_prio=120 prev_state=S ==> next_comm=ple.h2benchmark next_pid=3192 next_prio=120
           <...>-3192  [001] ...2   239.162530: sched_switch: prev_comm=ple.h2benchmark prev_pid=3192 prev_prio=120 prev_state=S ==> next_comm=sh next_pid=4750 next_prio=120
           <...>-4750  [001] ...2   239.166277: sched_switch: prev_comm=sh prev_pid=4750 prev_prio=120 prev_state=R+ ==> next_comm=kworker/1:1 next_pid=4235 next_prio=120
     kworker/1:1-4235  [001] ...2   239.166297: sched_switch: prev_comm=kworker/1:1 prev_pid=4235 prev_prio=120 prev_state=S ==> next_comm=adbd next_pid=1852 next_prio=120
            adbd-1852  [001] ...2   239.166505: sched_switch: prev_comm=adbd prev_pid=1852 prev_prio=120 prev_state=S ==> next_comm=adbd next_pid=3057 next_prio=120
            adbd-3057  [001] ...2   239.166559: sched_switch: prev_comm=adbd prev_pid=3057 prev_prio=120 prev_state=S ==> next_comm=ple.h2benchmark next_pid=3192 next_prio=120
          traced-203   [000] ...2   239.166964: sched_switch: prev_comm=traced prev_pid=203 prev_prio=120 prev_state=R ==> next_comm=adbd next_pid=3058 next_prio=120
            adbd-3058  [000] ...2   239.167006: sched_switch: prev_comm=adbd prev_pid=3058 prev_prio=120 prev_state=S ==> next_comm=adbd next_pid=1852 next_prio=120
            adbd-1852  [000] ...2   239.167139: sched_switch: prev_comm=adbd prev_pid=1852 prev_prio=120 prev_state=S ==> next_comm=adbd next_pid=3057 next_prio=120
            adbd-3057  [000] ...2   239.167145: sched_switch: prev_comm=adbd prev_pid=3057 prev_prio=120 prev_state=S ==> next_comm=traced next_pid=203 next_prio=120
           <...>-3192  [001] ...2   239.170656: sched_switch: prev_comm=ple.h2benchmark prev_pid=3192 prev_prio=120 prev_state=S ==> next_comm=sh next_pid=4750 next_prio=120
           <...>-4750  [001] ...2   239.170671: sched_switch: prev_comm=sh prev_pid=4750 prev_prio=120 prev_state=R+ ==> next_comm=kworker/1:1 next_pid=4235 next_prio=120
          traced-203   [000] ...2   239.170685: sched_switch: prev_comm=traced prev_pid=203 prev_prio=120 prev_state=R ==> next_comm=adbd next_pid=1852 next_prio=120
     kworker/1:1-4235  [001] ...2   239.170686: sched_switch: prev_comm=kworker/1:1 prev_pid=4235 prev_prio=120 prev_state=S ==> next_comm=sh next_pid=4750 next_prio=120
            adbd-1852  [000] ...2   239.170834: sched_switch: prev_comm=adbd prev_pid=1852 prev_prio=120 prev_state=S ==> next_comm=adbd next_pid=3057 next_prio=120
            adbd-3057  [000] ...2   239.170896: sched_switch: prev_comm=adbd prev_pid=3057 prev_prio=120 prev_state=S ==> next_comm=traced next_pid=203 next_prio=120
           <...>-4750  [001] ...2   239.171307: sched_switch: prev_comm=sh prev_pid=4750 prev_prio=120 prev_state=R+ ==> next_comm=adbd next_pid=4751 next_prio=120
          traced-203   [000] ...2   239.171332: sched_switch: prev_comm=traced prev_pid=203 prev_prio=120 prev_state=R ==> next_comm=adbd next_pid=3058 next_prio=120
            adbd-3058  [000] ...2   239.171363: sched_switch: prev_comm=adbd prev_pid=3058 prev_prio=120 prev_state=S ==> next_comm=adbd next_pid=1852 next_prio=120
           <...>-4751  [001] ...3   239.171414: sched_switch: prev_comm=adbd prev_pid=4751 prev_prio=120 prev_state=x ==> next_comm=sh next_pid=4750 next_prio=120
           <...>-4750  [001] ...3   239.171428: sched_switch: prev_comm=sh prev_pid=4750 prev_prio=120 prev_state=x ==> next_comm=swapper/1 next_pid=0 next_prio=120
          <idle>-0     [001] ...2   239.171448: sched_switch: prev_comm=swapper/1 prev_pid=0 prev_prio=120 prev_state=R ==> next_comm=ksoftirqd/1 next_pid=4234 next_prio=120
     ksoftirqd/1-4234  [001] ...2   239.171462: sched_switch: prev_comm=ksoftirqd/1 prev_pid=4234 prev_prio=120 prev_state=S ==> next_comm=swapper/1 next_pid=0 next_prio=120
          <idle>-0     [001] ...2   239.171475: sched_switch: prev_comm=swapper/1 prev_pid=0 prev_prio=120 prev_state=R ==> next_comm=ksoftirqd/1 next_pid=4234 next_prio=120
     ksoftirqd/1-4234  [001] ...2   239.171488: sched_switch: prev_comm=ksoftirqd/1 prev_pid=4234 prev_prio=120 prev_state=S ==> next_comm=adbd next_pid=3057 next_prio=120
            adbd-3057  [001] ...2   239.171529: sched_switch: prev_comm=adbd prev_pid=3057 prev_prio=120 prev_state=S ==> next_comm=swapper/1 next_pid=0 next_prio=120
          <idle>-0     [001] ...2   239.171543: sched_switch: prev_comm=swapper/1 prev_pid=0 prev_prio=120 prev_state=R ==> next_comm=ksoftirqd/1 next_pid=4234 next_prio=120
     ksoftirqd/1-4234  [001] ...2   239.171549: sched_switch: prev_comm=ksoftirqd/1 prev_pid=4234 prev_prio=120 prev_state=S ==> next_comm=adbd next_pid=3057 next_prio=120
            adbd-3057  [001] ...2   239.171558: sched_switch: prev_comm=adbd prev_pid=3057 prev_prio=120 prev_state=S ==> next_comm=swapper/1 next_pid=0 next_prio=120
            adbd-1852  [000] ...2   239.171603: sched_switch: prev_comm=adbd prev_pid=1852 prev_prio=120 prev_state=S ==> next_comm=kworker/0:0 next_pid=4 next_prio=120
     kworker/0:0-4     [000] ...2   239.171615: sched_switch: prev_comm=kworker/0:0 prev_pid=4 prev_prio=120 prev_state=S ==> next_comm=traced next_pid=203 next_prio=120
          <idle>-0     [001] ...2   239.171713: sched_switch: prev_comm=swapper/1 prev_pid=0 prev_prio=120 prev_state=R ==> next_comm=ple.h2benchmark next_pid=3192 next_prio=120
          traced-203   [000] ...2   239.171866: sched_switch: prev_comm=traced prev_pid=203 prev_prio=120 prev_state=R ==> next_comm=adbd next_pid=3058 next_prio=120
            adbd-3058  [000] ...2   239.171896: sched_switch: prev_comm=adbd prev_pid=3058 prev_prio=120 prev_state=S ==> next_comm=adbd next_pid=1852 next_prio=120
           <...>-3192  [001] ...2   239.171970: sched_switch: prev_comm=ple.h2benchmark prev_pid=3192 prev_prio=120 prev_state=R ==> next_comm=adbd next_pid=3057 next_prio=120
            adbd-3057  [001] ...2   239.171978: sched_switch: prev_comm=adbd prev_pid=3057 prev_prio=120 prev_state=S ==> next_comm=ple.h2benchmark next_pid=3192 next_prio=120
            adbd-1852  [000] ...2   239.172024: sched_switch: prev_comm=adbd prev_pid=1852 prev_prio=120 prev_state=S ==> next_comm=traced next_pid=203 next_prio=120
           <...>-3192  [001] ...2   239.172772: sched_switch: prev_comm=ple.h2benchmark prev_pid=3192 prev_prio=120 prev_state=R ==> next_comm=kworker/u:0 next_pid=6 next_prio=120
          traced-203   [000] ...2   239.172785: sched_switch: prev_comm=traced prev_pid=203 prev_prio=120 prev_state=R ==> next_comm=mpdecision next_pid=1812 next_prio=113
     kworker/u:0-6     [001] ...2   239.172788: sched_switch: prev_comm=kworker/u:0 prev_pid=6 prev_prio=120 prev_state=S ==> next_comm=ple.h2benchmark next_pid=3192 next_prio=120
      mpdecision-1812  [000] ...2   239.173018: sched_switch: prev_comm=mpdecision prev_pid=1812 prev_prio=113 prev_state=S ==> next_comm=traced next_pid=203 next_prio=120
           <...>-3192  [001] ...2   239.175668: sched_switch: prev_comm=ple.h2benchmark prev_pid=3192 prev_prio=120 prev_state=S ==> next_comm=swapper/1 next_pid=0 next_prio=120
          <idle>-0     [001] ...2   239.175685: sched_switch: prev_comm=swapper/1 prev_pid=0 prev_prio=120 prev_state=R ==> next_comm=ksoftirqd/1 next_pid=4234 next_prio=120
     ksoftirqd/1-4234  [001] ...2   239.175693: sched_switch: prev_comm=ksoftirqd/1 prev_pid=4234 prev_prio=120 prev_state=S ==> next_comm=swapper/1 next_pid=0 next_prio=120
          <idle>-0     [001] ...2   239.175705: sched_switch: prev_comm=swapper/1 prev_pid=0 prev_prio=120 prev_state=R ==> next_comm=ksoftirqd/1 next_pid=4234 next_prio=120
     ksoftirqd/1-4234  [001] ...2   239.175711: sched_switch: prev_comm=ksoftirqd/1 prev_pid=4234 prev_prio=120 prev_state=S ==> next_comm=swapper/1 next_pid=0 next_prio=120
          <idle>-0     [001] ...2   239.175722: sched_switch: prev_comm=swapper/1 prev_pid=0 prev_prio=120 prev_state=R ==> next_comm=ksoftirqd/1 next_pid=4234 next_prio=120
     ksoftirqd/1-4234  [001] ...2   239.175728: sched_switch: prev_comm=ksoftirqd/1 prev_pid=4234 prev_prio=120 prev_state=S ==> next_comm=swapper/1 next_pid=0 next_prio=120
          <idle>-0     [001] ...2   239.176723: sched_switch: prev_comm=swapper/1 prev_pid=0 prev_prio=120 prev_state=R ==> next_comm=ple.h2benchmark next_pid=3192 next_prio=120
           <...>-3192  [001] ...2   239.180370: sched_switch: prev_comm=ple.h2benchmark prev_pid=3192 prev_prio=120 prev_state=S ==> next_comm=swapper/1 next_pid=0 next_prio=120
          <idle>-0     [001] ...2   239.181426: sched_switch: prev_comm=swapper/1 prev_pid=0 prev_prio=120 prev_state=R ==> next_comm=ple.h2benchmark next_pid=3192 next_prio=120
           <...>-3192  [001] ...2   239.185113: sched_switch: prev_comm=ple.h2benchmark prev_pid=3192 prev_prio=120 prev_state=S ==> next_comm=swapper/1 next_pid=0 next_prio=120
          <idle>-0     [001] ...2   239.185128: sched_switch: prev_comm=swapper/1 prev_pid=0 prev_prio=120 prev_state=R ==> next_comm=ksoftirqd/1 next_pid=4234 next_prio=120
     ksoftirqd/1-4234  [001] ...2   239.185150: sched_switch: prev_comm=ksoftirqd/1 prev_pid=4234 prev_prio=120 prev_state=S ==> next_comm=swapper/1 next_pid=0 next_prio=120
          <idle>-0     [001] ...2   239.185163: sched_switch: prev_comm=swapper/1 prev_pid=0 prev_prio=120 prev_state=R ==> next_comm=ksoftirqd/1 next_pid=4234 next_prio=120
     ksoftirqd/1-4234  [001] ...2   239.185171: sched_switch: prev_comm=ksoftirqd/1 prev_pid=4234 prev_prio=120 prev_state=S ==> next_comm=swapper/1 next_pid=0 next_prio=120
          <idle>-0     [001] ...2   239.185183: sched_switch: prev_comm=swapper/1 prev_pid=0 prev_prio=120 prev_state=R ==> next_comm=ksoftirqd/1 next_pid=4234 next_prio=120
     ksoftirqd/1-4234  [001] ...2   239.185190: sched_switch: prev_comm=ksoftirqd/1 prev_pid=4234 prev_prio=120 prev_state=S ==> next_comm=swapper/1 next_pid=0 next_prio=120
          <idle>-0     [001] ...2   239.185202: sched_switch: prev_comm=swapper/1 prev_pid=0 prev_prio=120 prev_state=R ==> next_comm=ksoftirqd/1 next_pid=4234 next_prio=120
     ksoftirqd/1-4234  [001] ...2   239.185210: sched_switch: prev_comm=ksoftirqd/1 prev_pid=4234 prev_prio=120 prev_state=S ==> next_comm=swapper/1 next_pid=0 next_prio=120
          <idle>-0     [001] ...2   239.185222: sched_switch: prev_comm=swapper/1 prev_pid=0 prev_prio=120 prev_state=R ==> next_comm=ksoftirqd/1 next_pid=4234 next_prio=120
     ksoftirqd/1-4234  [001] ...2   239.185229: sched_switch: prev_comm=ksoftirqd/1 prev_pid=4234 prev_prio=120 prev_state=S ==> next_comm=swapper/1 next_pid=0 next_prio=120
          <idle>-0     [001] ...2   239.185240: sched_switch: prev_comm=swapper/1 prev_pid=0 prev_prio=120 prev_state=R ==> next_comm=ksoftirqd/1 next_pid=4234 next_prio=120
     ksoftirqd/1-4234  [001] ...2   239.185246: sched_switch: prev_comm=ksoftirqd/1 prev_pid=4234 prev_prio=120 prev_state=S ==> next_comm=swapper/1 next_pid=0 next_prio=120
          <idle>-0     [001] ...2   239.186165: sched_switch: prev_comm=swapper/1 prev_pid=0 prev_prio=120 prev_state=R ==> next_comm=ple.h2benchmark next_pid=3192 next_prio=120
          traced-203   [000] ...2   239.187837: sched_switch: prev_comm=traced prev_pid=203 prev_prio=120 prev_state=R ==> next_comm=adbd next_pid=3058 next_prio=120
            adbd-3058  [000] ...2   239.187850: sched_switch: prev_comm=adbd prev_pid=3058 prev_prio=120 prev_state=S ==> next_comm=traced next_pid=203 next_prio=120
          traced-203   [000] ...2   239.188016: sched_switch: prev_comm=traced prev_pid=203 prev_prio=120 prev_state=R ==> next_comm=adbd next_pid=3058 next_prio=120
            adbd-3058  [000] ...2   239.188051: sched_switch: prev_comm=adbd prev_pid=3058 prev_prio=120 prev_state=S ==> next_comm=adbd next_pid=1852 next_prio=120
           <...>-3192  [001] ...2   239.188147: sched_switch: prev_comm=ple.h2benchmark prev_pid=3192 prev_prio=120 prev_state=R ==> next_comm=adbd next_pid=3057 next_prio=120
            adbd-3057  [001] ...2   239.188155: sched_switch: prev_comm=adbd prev_pid=3057 prev_prio=120 prev_state=S ==> next_comm=ple.h2benchmark next_pid=3192 next_prio=120
            adbd-1852  [000] ...2   239.188687: sched_switch: prev_comm=adbd prev_pid=1852 prev_prio=120 prev_state=D ==> next_comm=kworker/0:0 next_pid=4 next_prio=120
     kworker/0:0-4     [000] ...2   239.188703: sched_switch: prev_comm=kworker/0:0 prev_pid=4 prev_prio=120 prev_state=S ==> next_comm=adbd next_pid=3057 next_prio=120
            adbd-3057  [000] ...2   239.188773: sched_switch: prev_comm=adbd prev_pid=3057 prev_prio=120 prev_state=S ==> next_comm=adbd next_pid=1852 next_prio=120
            adbd-1852  [000] ...2   239.188809: sched_switch: prev_comm=adbd prev_pid=1852 prev_prio=120 prev_state=S ==> next_comm=traced next_pid=203 next_prio=120
           <...>-3192  [001] ...2   239.190016: sched_switch: prev_comm=ple.h2benchmark prev_pid=3192 prev_prio=120 prev_state=S ==> next_comm=adbd next_pid=4752 next_prio=120
           <...>-4752  [001] ...2   239.190202: sched_switch: prev_comm=adbd prev_pid=4752 prev_prio=120 prev_state=R+ ==> next_comm=migration/1 next_pid=4231 next_prio=0
           <...>-4231  [001] ...2   239.190215: sched_switch: prev_comm=migration/1 prev_pid=4231 prev_prio=0 prev_state=S ==> next_comm=adbd next_pid=4753 next_prio=120
           <...>-4753  [001] ...2   239.190237: sched_switch: prev_comm=adbd prev_pid=4753 prev_prio=120 prev_state=S ==> next_comm=swapper/1 next_pid=0 next_prio=120
          <idle>-0     [001] ...2   239.191072: sched_switch: prev_comm=swapper/1 prev_pid=0 prev_prio=120 prev_state=R ==> next_comm=ple.h2benchmark next_pid=3192 next_prio=120
           <...>-3192  [001] ...2   239.195077: sched_switch: prev_comm=ple.h2benchmark prev_pid=3192 prev_prio=120 prev_state=S ==> next_comm=adbd next_pid=4752 next_prio=120
          traced-203   [000] ...2   239.200970: sched_switch: prev_comm=traced prev_pid=203 prev_prio=120 prev_state=R ==> next_comm=adbd next_pid=3058 next_prio=120
            adbd-3058  [000] ...2   239.200996: sched_switch: prev_comm=adbd prev_pid=3058 prev_prio=120 prev_state=S ==> next_comm=traced next_pid=203 next_prio=120
          traced-203   [000] ...2   239.201100: sched_switch: prev_comm=traced prev_pid=203 prev_prio=120 prev_state=R ==> next_comm=adbd next_pid=3058 next_prio=120
            adbd-3058  [000] ...2   239.201143: sched_switch: prev_comm=adbd prev_pid=3058 prev_prio=120 prev_state=S ==> next_comm=adbd next_pid=1852 next_prio=120
           <...>-4752  [001] ...2   239.201471: sched_switch: prev_comm=sh prev_pid=4752 prev_prio=120 prev_state=R+ ==> next_comm=kworker/1:1 next_pid=4235 next_prio=120
     kworker/1:1-4235  [001] ...2   239.201485: sched_switch: prev_comm=kworker/1:1 prev_pid=4235 prev_prio=120 prev_state=S ==> next_comm=ple.h2benchmark next_pid=3192 next_prio=120
            adbd-1852  [000] ...2   239.201784: sched_switch: prev_comm=adbd prev_pid=1852 prev_prio=120 prev_state=D ==> next_comm=adbd next_pid=3057 next_prio=120
            adbd-3057  [000] ...2   239.201859: sched_switch: prev_comm=adbd prev_pid=3057 prev_prio=120 prev_state=S ==> next_comm=kworker/0:0 next_pid=4 next_prio=120
     kworker/0:0-4     [000] ...2   239.201874: sched_switch: prev_comm=kworker/0:0 prev_pid=4 prev_prio=120 prev_state=S ==> next_comm=adbd next_pid=1852 next_prio=120
            adbd-1852  [000] ...2   239.202007: sched_switch: prev_comm=adbd prev_pid=1852 prev_prio=120 prev_state=S ==> next_comm=adbd next_pid=3057 next_prio=120
            adbd-3057  [000] ...2   239.202064: sched_switch: prev_comm=adbd prev_pid=3057 prev_prio=120 prev_state=S ==> next_comm=traced next_pid=203 next_prio=120
          traced-203   [000] ...2   239.202471: sched_switch: prev_comm=traced prev_pid=203 prev_prio=120 prev_state=R ==> next_comm=adbd next_pid=3058 next_prio=120
            adbd-3058  [000] ...2   239.202517: sched_switch: prev_comm=adbd prev_pid=3058 prev_prio=120 prev_state=S ==> next_comm=adbd next_pid=1852 next_prio=120
            adbd-1852  [000] ...2   239.202650: sched_switch: prev_comm=adbd prev_pid=1852 prev_prio=120 prev_state=S ==> next_comm=adbd next_pid=3057 next_prio=120
            adbd-3057  [000] ...2   239.202656: sched_switch: prev_comm=adbd prev_pid=3057 prev_prio=120 prev_state=S ==> next_comm=traced next_pid=203 next_prio=120
           <...>-3192  [001] ...2   239.205819: sched_switch: prev_comm=ple.h2benchmark prev_pid=3192 prev_prio=120 prev_state=S ==> next_comm=adbd next_pid=4754 next_prio=120
           <...>-4754  [001] ...2   239.208454: sched_switch: prev_comm=sh prev_pid=4754 prev_prio=120 prev_state=R ==> next_comm=Benchmark.mv.db next_pid=4749 next_prio=120
           <...>-4749  [001] ...2   239.208498: sched_switch: prev_comm=Benchmark.mv.db prev_pid=4749 prev_prio=120 prev_state=S ==> next_comm=ple.h2benchmark next_pid=3192 next_prio=120
           <...>-3192  [001] ...2   239.212457: sched_switch: prev_comm=ple.h2benchmark prev_pid=3192 prev_prio=120 prev_state=S ==> next_comm=sh next_pid=4752 next_prio=120
           <...>-4752  [001] ...2   239.212475: sched_switch: prev_comm=sh prev_pid=4752 prev_prio=120 prev_state=R+ ==> next_comm=kworker/1:1 next_pid=4235 next_prio=120
          traced-203   [000] ...2   239.212492: sched_switch: prev_comm=traced prev_pid=203 prev_prio=120 prev_state=R ==> next_comm=adbd next_pid=1852 next_prio=120
     kworker/1:1-4235  [001] ...2   239.212494: sched_switch: prev_comm=kworker/1:1 prev_pid=4235 prev_prio=120 prev_state=S ==> next_comm=sh next_pid=4752 next_prio=120
           <...>-4752  [001] ...2   239.212506: sched_switch: prev_comm=sh prev_pid=4752 prev_prio=120 prev_state=R+ ==> next_comm=kworker/1:1 next_pid=4235 next_prio=120
     kworker/1:1-4235  [001] ...2   239.212515: sched_switch: prev_comm=kworker/1:1 prev_pid=4235 prev_prio=120 prev_state=S ==> next_comm=sh next_pid=4752 next_prio=120
           <...>-4752  [001] ...2   239.212524: sched_switch: prev_comm=sh prev_pid=4752 prev_prio=120 prev_state=R+ ==> next_comm=kworker/1:1 next_pid=4235 next_prio=120
            adbd-1852  [000] ...2   239.212530: sched_switch: prev_comm=adbd prev_pid=1852 prev_prio=120 prev_state=D ==> next_comm=adbd next_pid=4755 next_prio=120
           <...>-4755  [000] ...2   239.212537: sched_switch: prev_comm=adbd prev_pid=4755 prev_prio=120 prev_state=R ==> next_comm=adbd next_pid=1852 next_prio=120
     kworker/1:1-4235  [001] ...2   239.212537: sched_switch: prev_comm=kworker/1:1 prev_pid=4235 prev_prio=120 prev_state=S ==> next_comm=sh next_pid=4752 next_prio=120
           <...>-4752  [001] ...2   239.212548: sched_switch: prev_comm=sh prev_pid=4752 prev_prio=120 prev_state=R+ ==> next_comm=kworker/1:1 next_pid=4235 next_prio=120
     kworker/1:1-4235  [001] ...2   239.212556: sched_switch: prev_comm=kworker/1:1 prev_pid=4235 prev_prio=120 prev_state=S ==> next_comm=sh next_pid=4752 next_prio=120
           <...>-4752  [001] ...2   239.212566: sched_switch: prev_comm=sh prev_pid=4752 prev_prio=120 prev_state=R+ ==> next_comm=kworker/1:1 next_pid=4235 next_prio=120
     kworker/1:1-4235  [001] ...2   239.212574: sched_switch: prev_comm=kworker/1:1 prev_pid=4235 prev_prio=120 prev_state=S ==> next_comm=sh next_pid=4754 next_prio=120
            adbd-1852  [000] ...2   239.212696: sched_switch: prev_comm=adbd prev_pid=1852 prev_prio=120 prev_state=S ==> next_comm=adbd next_pid=3057 next_prio=120
            adbd-3057  [000] ...2   239.212775: sched_switch: prev_comm=adbd prev_pid=3057 prev_prio=120 prev_state=S ==> next_comm=adbd next_pid=4755 next_prio=120
           <...>-4755  [000] ...2   239.212795: sched_switch: prev_comm=adbd prev_pid=4755 prev_prio=120 prev_state=S ==> next_comm=traced next_pid=203 next_prio=120
          traced-203   [000] ...2   239.213213: sched_switch: prev_comm=traced prev_pid=203 prev_prio=120 prev_state=R ==> next_comm=adbd next_pid=3058 next_prio=120
            adbd-3058  [000] ...2   239.213245: sched_switch: prev_comm=adbd prev_pid=3058 prev_prio=120 prev_state=S ==> next_comm=adbd next_pid=1852 next_prio=120
            adbd-1852  [000] ...2   239.213377: sched_switch: prev_comm=adbd prev_pid=1852 prev_prio=120 prev_state=S ==> next_comm=adbd next_pid=3057 next_prio=120
            adbd-3057  [000] ...2   239.213383: sched_switch: prev_comm=adbd prev_pid=3057 prev_prio=120 prev_state=S ==> next_comm=traced next_pid=203 next_prio=120
           <...>-4754  [001] ...2   239.217107: sched_switch: prev_comm=sh prev_pid=4754 prev_prio=120 prev_state=S ==> next_comm=sh next_pid=4752 next_prio=120
           <...>-4752  [001] ...2   239.217125: sched_switch: prev_comm=sh prev_pid=4752 prev_prio=120 prev_state=R+ ==> next_comm=kworker/1:1 next_pid=4235 next_prio=120
          traced-203   [000] ...2   239.217140: sched_switch: prev_comm=traced prev_pid=203 prev_prio=120 prev_state=R ==> next_comm=adbd next_pid=1852 next_prio=120
     kworker/1:1-4235  [001] ...2   239.217142: sched_switch: prev_comm=kworker/1:1 prev_pid=4235 prev_prio=120 prev_state=S ==> next_comm=sh next_pid=4752 next_prio=120
           <...>-4752  [001] ...2   239.217154: sched_switch: prev_comm=sh prev_pid=4752 prev_prio=120 prev_state=R+ ==> next_comm=kworker/1:1 next_pid=4235 next_prio=120
     kworker/1:1-4235  [001] ...2   239.217163: sched_switch: prev_comm=kworker/1:1 prev_pid=4235 prev_prio=120 prev_state=S ==> next_comm=sh next_pid=4752 next_prio=120
           <...>-4752  [001] ...2   239.217173: sched_switch: prev_comm=sh prev_pid=4752 prev_prio=120 prev_state=R+ ==> next_comm=kworker/1:1 next_pid=4235 next_prio=120
            adbd-1852  [000] ...2   239.217177: sched_switch: prev_comm=adbd prev_pid=1852 prev_prio=120 prev_state=D ==> next_comm=traced next_pid=203 next_prio=120
          traced-203   [000] ...2   239.217186: sched_switch: prev_comm=traced prev_pid=203 prev_prio=120 prev_state=R ==> next_comm=adbd next_pid=1852 next_prio=120
     kworker/1:1-4235  [001] ...2   239.217186: sched_switch: prev_comm=kworker/1:1 prev_pid=4235 prev_prio=120 prev_state=S ==> next_comm=sh next_pid=4752 next_prio=120
           <...>-4752  [001] ...2   239.217196: sched_switch: prev_comm=sh prev_pid=4752 prev_prio=120 prev_state=R+ ==> next_comm=kworker/1:1 next_pid=4235 next_prio=120
     kworker/1:1-4235  [001] ...2   239.217204: sched_switch: prev_comm=kworker/1:1 prev_pid=4235 prev_prio=120 prev_state=S ==> next_comm=sh next_pid=4752 next_prio=120
           <...>-4752  [001] ...2   239.217227: sched_switch: prev_comm=sh prev_pid=4752 prev_prio=120 prev_state=R+ ==> next_comm=kworker/1:1 next_pid=4235 next_prio=120
     kworker/1:1-4235  [001] ...2   239.217236: sched_switch: prev_comm=kworker/1:1 prev_pid=4235 prev_prio=120 prev_state=S ==> next_comm=sh next_pid=4752 next_prio=120
           <...>-4752  [001] ...2   239.217245: sched_switch: prev_comm=sh prev_pid=4752 prev_prio=120 prev_state=R+ ==> next_comm=kworker/1:1 next_pid=4235 next_prio=120
            adbd-1852  [000] ...2   239.217253: sched_switch: prev_comm=adbd prev_pid=1852 prev_prio=120 prev_state=D ==> next_comm=traced next_pid=203 next_prio=120
          traced-203   [000] ...2   239.217258: sched_switch: prev_comm=traced prev_pid=203 prev_prio=120 prev_state=R ==> next_comm=adbd next_pid=1852 next_prio=120
     kworker/1:1-4235  [001] ...2   239.217259: sched_switch: prev_comm=kworker/1:1 prev_pid=4235 prev_prio=120 prev_state=S ==> next_comm=sh next_pid=4752 next_prio=120
           <...>-4752  [001] ...2   239.217269: sched_switch: prev_comm=sh prev_pid=4752 prev_prio=120 prev_state=R+ ==> next_comm=kworker/1:1 next_pid=4235 next_prio=120
            adbd-1852  [000] ...2   239.217275: sched_switch: prev_comm=adbd prev_pid=1852 prev_prio=120 prev_state=D ==> next_comm=traced next_pid=203 next_prio=120
          traced-203   [000] ...2   239.217280: sched_switch: prev_comm=traced prev_pid=203 prev_prio=120 prev_state=R ==> next_comm=adbd next_pid=1852 next_prio=120
     kworker/1:1-4235  [001] ...2   239.217281: sched_switch: prev_comm=kworker/1:1 prev_pid=4235 prev_prio=120 prev_state=S ==> next_comm=sh next_pid=4752 next_prio=120
           <...>-4752  [001] ...2   239.217291: sched_switch: prev_comm=sh prev_pid=4752 prev_prio=120 prev_state=R+ ==> next_comm=kworker/1:1 next_pid=4235 next_prio=120
            adbd-1852  [000] ...2   239.217294: sched_switch: prev_comm=adbd prev_pid=1852 prev_prio=120 prev_state=D ==> next_comm=traced next_pid=203 next_prio=120
          traced-203   [000] ...2   239.217302: sched_switch: prev_comm=traced prev_pid=203 prev_prio=120 prev_state=R ==> next_comm=adbd next_pid=1852 next_prio=120
     kworker/1:1-4235  [001] ...2   239.217303: sched_switch: prev_comm=kworker/1:1 prev_pid=4235 prev_prio=120 prev_state=S ==> next_comm=sh next_pid=4752 next_prio=120
           <...>-4752  [001] ...2   239.217312: sched_switch: prev_comm=sh prev_pid=4752 prev_prio=120 prev_state=R+ ==> next_comm=kworker/1:1 next_pid=4235 next_prio=120
            adbd-1852  [000] ...2   239.217316: sched_switch: prev_comm=adbd prev_pid=1852 prev_prio=120 prev_state=D ==> next_comm=traced next_pid=203 next_prio=120
          traced-203   [000] ...2   239.217324: sched_switch: prev_comm=traced prev_pid=203 prev_prio=120 prev_state=R ==> next_comm=adbd next_pid=1852 next_prio=120
     kworker/1:1-4235  [001] ...2   239.217324: sched_switch: prev_comm=kworker/1:1 prev_pid=4235 prev_prio=120 prev_state=S ==> next_comm=sh next_pid=4752 next_prio=120
           <...>-4752  [001] ...2   239.217334: sched_switch: prev_comm=sh prev_pid=4752 prev_prio=120 prev_state=R+ ==> next_comm=kworker/1:1 next_pid=4235 next_prio=120
            adbd-1852  [000] ...2   239.217337: sched_switch: prev_comm=adbd prev_pid=1852 prev_prio=120 prev_state=D ==> next_comm=traced next_pid=203 next_prio=120
          traced-203   [000] ...2   239.217345: sched_switch: prev_comm=traced prev_pid=203 prev_prio=120 prev_state=R ==> next_comm=adbd next_pid=1852 next_prio=120
     kworker/1:1-4235  [001] ...2   239.217346: sched_switch: prev_comm=kworker/1:1 prev_pid=4235 prev_prio=120 prev_state=S ==> next_comm=sh next_pid=4752 next_prio=120
           <...>-4752  [001] ...2   239.217355: sched_switch: prev_comm=sh prev_pid=4752 prev_prio=120 prev_state=R+ ==> next_comm=kworker/1:1 next_pid=4235 next_prio=120
            adbd-1852  [000] ...2   239.217359: sched_switch: prev_comm=adbd prev_pid=1852 prev_prio=120 prev_state=D ==> next_comm=traced next_pid=203 next_prio=120
          traced-203   [000] ...2   239.217366: sched_switch: prev_comm=traced prev_pid=203 prev_prio=120 prev_state=R ==> next_comm=adbd next_pid=1852 next_prio=120
     kworker/1:1-4235  [001] ...2   239.217367: sched_switch: prev_comm=kworker/1:1 prev_pid=4235 prev_prio=120 prev_state=S ==> next_comm=sh next_pid=4752 next_prio=120
           <...>-4752  [001] ...2   239.217377: sched_switch: prev_comm=sh prev_pid=4752 prev_prio=120 prev_state=R+ ==> next_comm=kworker/1:1 next_pid=4235 next_prio=120
            adbd-1852  [000] ...2   239.217380: sched_switch: prev_comm=adbd prev_pid=1852 prev_prio=120 prev_state=D ==> next_comm=traced next_pid=203 next_prio=120
          traced-203   [000] ...2   239.217388: sched_switch: prev_comm=traced prev_pid=203 prev_prio=120 prev_state=R ==> next_comm=adbd next_pid=1852 next_prio=120
     kworker/1:1-4235  [001] ...2   239.217388: sched_switch: prev_comm=kworker/1:1 prev_pid=4235 prev_prio=120 prev_state=S ==> next_comm=sh next_pid=4752 next_prio=120
           <...>-4752  [001] ...2   239.217398: sched_switch: prev_comm=sh prev_pid=4752 prev_prio=120 prev_state=R+ ==> next_comm=kworker/1:1 next_pid=4235 next_prio=120
            adbd-1852  [000] ...2   239.217402: sched_switch: prev_comm=adbd prev_pid=1852 prev_prio=120 prev_state=D ==> next_comm=traced next_pid=203 next_prio=120
          traced-203   [000] ...2   239.217409: sched_switch: prev_comm=traced prev_pid=203 prev_prio=120 prev_state=R ==> next_comm=adbd next_pid=1852 next_prio=120
     kworker/1:1-4235  [001] ...2   239.217410: sched_switch: prev_comm=kworker/1:1 prev_pid=4235 prev_prio=120 prev_state=S ==> next_comm=sh next_pid=4752 next_prio=120
           <...>-4752  [001] ...2   239.217419: sched_switch: prev_comm=sh prev_pid=4752 prev_prio=120 prev_state=R+ ==> next_comm=kworker/1:1 next_pid=4235 next_prio=120
            adbd-1852  [000] ...2   239.217423: sched_switch: prev_comm=adbd prev_pid=1852 prev_prio=120 prev_state=D ==> next_comm=traced next_pid=203 next_prio=120
          traced-203   [000] ...2   239.217430: sched_switch: prev_comm=traced prev_pid=203 prev_prio=120 prev_state=R ==> next_comm=adbd next_pid=1852 next_prio=120
     kworker/1:1-4235  [001] ...2   239.217431: sched_switch: prev_comm=kworker/1:1 prev_pid=4235 prev_prio=120 prev_state=S ==> next_comm=sh next_pid=4752 next_prio=120
           <...>-4752  [001] ...2   239.217441: sched_switch: prev_comm=sh prev_pid=4752 prev_prio=120 prev_state=R+ ==> next_comm=kworker/1:1 next_pid=4235 next_prio=120
            adbd-1852  [000] ...2   239.217444: sched_switch: prev_comm=adbd prev_pid=1852 prev_prio=120 prev_state=D ==> next_comm=traced next_pid=203 next_prio=120
          traced-203   [000] ...2   239.217452: sched_switch: prev_comm=traced prev_pid=203 prev_prio=120 prev_state=R ==> next_comm=adbd next_pid=1852 next_prio=120
     kworker/1:1-4235  [001] ...2   239.217452: sched_switch: prev_comm=kworker/1:1 prev_pid=4235 prev_prio=120 prev_state=S ==> next_comm=sh next_pid=4752 next_prio=120
           <...>-4752  [001] ...2   239.217462: sched_switch: prev_comm=sh prev_pid=4752 prev_prio=120 prev_state=R+ ==> next_comm=kworker/1:1 next_pid=4235 next_prio=120
            adbd-1852  [000] ...2   239.217466: sched_switch: prev_comm=adbd prev_pid=1852 prev_prio=120 prev_state=D ==> next_comm=traced next_pid=203 next_prio=120
          traced-203   [000] ...2   239.217473: sched_switch: prev_comm=traced prev_pid=203 prev_prio=120 prev_state=R ==> next_comm=adbd next_pid=1852 next_prio=120
     kworker/1:1-4235  [001] ...2   239.217474: sched_switch: prev_comm=kworker/1:1 prev_pid=4235 prev_prio=120 prev_state=S ==> next_comm=sh next_pid=4752 next_prio=120
           <...>-4752  [001] ...2   239.217484: sched_switch: prev_comm=sh prev_pid=4752 prev_prio=120 prev_state=R+ ==> next_comm=kworker/1:1 next_pid=4235 next_prio=120
            adbd-1852  [000] ...2   239.217487: sched_switch: prev_comm=adbd prev_pid=1852 prev_prio=120 prev_state=D ==> next_comm=traced next_pid=203 next_prio=120
          traced-203   [000] ...2   239.217495: sched_switch: prev_comm=traced prev_pid=203 prev_prio=120 prev_state=R ==> next_comm=adbd next_pid=1852 next_prio=120
     kworker/1:1-4235  [001] ...2   239.217496: sched_switch: prev_comm=kworker/1:1 prev_pid=4235 prev_prio=120 prev_state=S ==> next_comm=sh next_pid=4752 next_prio=120
           <...>-4752  [001] ...2   239.217505: sched_switch: prev_comm=sh prev_pid=4752 prev_prio=120 prev_state=R+ ==> next_comm=kworker/1:1 next_pid=4235 next_prio=120
            adbd-1852  [000] ...2   239.217509: sched_switch: prev_comm=adbd prev_pid=1852 prev_prio=120 prev_state=D ==> next_comm=traced next_pid=203 next_prio=120
          traced-203   [000] ...2   239.217516: sched_switch: prev_comm=traced prev_pid=203 prev_prio=120 prev_state=R ==> next_comm=adbd next_pid=1852 next_prio=120
     kworker/1:1-4235  [001] ...2   239.217517: sched_switch: prev_comm=kworker/1:1 prev_pid=4235 prev_prio=120 prev_state=S ==> next_comm=sh next_pid=4752 next_prio=120
            adbd-1852  [000] ...2   239.217603: sched_switch: prev_comm=adbd prev_pid=1852 prev_prio=120 prev_state=S ==> next_comm=adbd next_pid=3057 next_prio=120
            adbd-3057  [000] ...2   239.217665: sched_switch: prev_comm=adbd prev_pid=3057 prev_prio=120 prev_state=S ==> next_comm=traced next_pid=203 next_prio=120
           <...>-4752  [001] ...2   239.218179: sched_switch: prev_comm=sh prev_pid=4752 prev_prio=120 prev_state=R+ ==> next_comm=adbd next_pid=4753 next_prio=120
          traced-203   [000] ...2   239.218208: sched_switch: prev_comm=traced prev_pid=203 prev_prio=120 prev_state=R ==> next_comm=adbd next_pid=3058 next_prio=120
            adbd-3058  [000] ...2   239.218239: sched_switch: prev_comm=adbd prev_pid=3058 prev_prio=120 prev_state=S ==> next_comm=adbd next_pid=1852 next_prio=120
           <...>-4753  [001] ...3   239.218288: sched_switch: prev_comm=adbd prev_pid=4753 prev_prio=120 prev_state=x ==> next_comm=sh next_pid=4752 next_prio=120
           <...>-4752  [001] ...3   239.218295: sched_switch: prev_comm=sh prev_pid=4752 prev_prio=120 prev_state=x ==> next_comm=ple.h2benchmark next_pid=3192 next_prio=120
            adbd-1852  [000] ...2   239.218472: sched_switch: prev_comm=adbd prev_pid=1852 prev_prio=120 prev_state=S ==> next_comm=adbd next_pid=3057 next_prio=120
            adbd-3057  [000] ...2   239.218516: sched_switch: prev_comm=adbd prev_pid=3057 prev_prio=120 prev_state=S ==> next_comm=kworker/0:0 next_pid=4 next_prio=120
     kworker/0:0-4     [000] ...2   239.218528: sched_switch: prev_comm=kworker/0:0 prev_pid=4 prev_prio=120 prev_state=S ==> next_comm=sh next_pid=4756 next_prio=120
           <...>-4756  [000] ...2   239.218875: sched_switch: prev_comm=sh prev_pid=4756 prev_prio=120 prev_state=R+ ==> next_comm=adbd next_pid=3058 next_prio=120
            adbd-3058  [000] ...2   239.218910: sched_switch: prev_comm=adbd prev_pid=3058 prev_prio=120 prev_state=S ==> next_comm=adbd next_pid=1852 next_prio=120
            adbd-1852  [000] ...2   239.219051: sched_switch: prev_comm=adbd prev_pid=1852 prev_prio=120 prev_state=S ==> next_comm=adbd next_pid=3057 next_prio=120
            adbd-3057  [000] ...2   239.219058: sched_switch: prev_comm=adbd prev_pid=3057 prev_prio=120 prev_state=S ==> next_comm=sh next_pid=4756 next_prio=120
           <...>-4756  [000] ...3   239.220141: sched_switch: prev_comm=sh prev_pid=4756 prev_prio=120 prev_state=x ==> next_comm=traced next_pid=203 next_prio=120
           <...>-3192  [001] ...2   239.222705: sched_switch: prev_comm=ple.h2benchmark prev_pid=3192 prev_prio=120 prev_state=S ==> next_comm=sh next_pid=4754 next_prio=120
           <...>-4754  [001] ...2   239.222801: sched_switch: prev_comm=sh prev_pid=4754 prev_prio=120 prev_state=R+ ==> next_comm=kworker/u:0 next_pid=6 next_prio=120
          traced-203   [000] ...2   239.222817: sched_switch: prev_comm=traced prev_pid=203 prev_prio=120 prev_state=R ==> next_comm=mpdecision next_pid=1812 next_prio=113
     kworker/u:0-6     [001] ...2   239.222819: sched_switch: prev_comm=kworker/u:0 prev_pid=6 prev_prio=120 prev_state=S ==> next_comm=sh next_pid=4754 next_prio=120
           <...>-4754  [001] ...2   239.222851: sched_switch: prev_comm=sh prev_pid=4754 prev_prio=120 prev_state=S ==> next_comm=sh next_pid=4757 next_prio=120
      mpdecision-1812  [000] ...2   239.223089: sched_switch: prev_comm=mpdecision prev_pid=1812 prev_prio=113 prev_state=S ==> next_comm=traced next_pid=203 next_prio=120
           <...>-4757  [001] ...2   239.232683: sched_switch: prev_comm=grep prev_pid=4757 prev_prio=120 prev_state=R+ ==> next_comm=sh next_pid=4754 next_prio=120
          traced-203   [000] ...2   239.232939: sched_switch: prev_comm=traced prev_pid=203 prev_prio=120 prev_state=R ==> next_comm=adbd next_pid=1852 next_prio=120
            adbd-1852  [000] ...2   239.233211: sched_switch: prev_comm=adbd prev_pid=1852 prev_prio=120 prev_state=S ==> next_comm=adbd next_pid=3057 next_prio=120
            adbd-3057  [000] ...2   239.233270: sched_switch: prev_comm=adbd prev_pid=3057 prev_prio=120 prev_state=S ==> next_comm=kworker/0:0 next_pid=4 next_prio=120
     kworker/0:0-4     [000] ...2   239.233281: sched_switch: prev_comm=kworker/0:0 prev_pid=4 prev_prio=120 prev_state=S ==> next_comm=traced next_pid=203 next_prio=120
          traced-203   [000] ...2   239.233408: sched_switch: prev_comm=traced prev_pid=203 prev_prio=120 prev_state=R ==> next_comm=adbd next_pid=4755 next_prio=120
           <...>-4754  [001] ...3   239.233410: sched_switch: prev_comm=sh prev_pid=4754 prev_prio=120 prev_state=x ==> next_comm=ple.h2benchmark next_pid=3192 next_prio=120
           <...>-4755  [000] ...3   239.233503: sched_switch: prev_comm=adbd prev_pid=4755 prev_prio=120 prev_state=x ==> next_comm=adbd next_pid=1852 next_prio=120
            adbd-1852  [000] ...2   239.233641: sched_switch: prev_comm=adbd prev_pid=1852 prev_prio=120 prev_state=S ==> next_comm=adbd next_pid=3058 next_prio=120
            adbd-3058  [000] ...2   239.233674: sched_switch: prev_comm=adbd prev_pid=3058 prev_prio=120 prev_state=S ==> next_comm=adbd next_pid=1852 next_prio=120
            adbd-1852  [000] ...2   239.233799: sched_switch: prev_comm=adbd prev_pid=1852 prev_prio=120 prev_state=S ==> next_comm=adbd next_pid=3057 next_prio=120
            adbd-3057  [000] ...2   239.233805: sched_switch: prev_comm=adbd prev_pid=3057 prev_prio=120 prev_state=S ==> next_comm=traced next_pid=203 next_prio=120
           <...>-3192  [001] ...2   239.237634: sched_switch: prev_comm=ple.h2benchmark prev_pid=3192 prev_prio=120 prev_state=S ==> next_comm=grep next_pid=4757 next_prio=120
           <...>-4757  [001] ...3   239.237644: sched_switch: prev_comm=grep prev_pid=4757 prev_prio=120 prev_state=x ==> next_comm=swapper/1 next_pid=0 next_prio=120
          <idle>-0     [001] ...2   239.237665: sched_switch: prev_comm=swapper/1 prev_pid=0 prev_prio=120 prev_state=R ==> next_comm=ksoftirqd/1 next_pid=4234 next_prio=120
     ksoftirqd/1-4234  [001] ...2   239.237723: sched_switch: prev_comm=ksoftirqd/1 prev_pid=4234 prev_prio=120 prev_state=S ==> next_comm=swapper/1 next_pid=0 next_prio=120
          <idle>-0     [001] ...2   239.237738: sched_switch: prev_comm=swapper/1 prev_pid=0 prev_prio=120 prev_state=R ==> next_comm=ksoftirqd/1 next_pid=4234 next_prio=120
     ksoftirqd/1-4234  [001] ...2   239.237744: sched_switch: prev_comm=ksoftirqd/1 prev_pid=4234 prev_prio=120 prev_state=S ==> next_comm=swapper/1 next_pid=0 next_prio=120
          <idle>-0     [001] ...2   239.237756: sched_switch: prev_comm=swapper/1 prev_pid=0 prev_prio=120 prev_state=R ==> next_comm=ksoftirqd/1 next_pid=4234 next_prio=120
     ksoftirqd/1-4234  [001] ...2   239.237762: sched_switch: prev_comm=ksoftirqd/1 prev_pid=4234 prev_prio=120 prev_state=S ==> next_comm=swapper/1 next_pid=0 next_prio=120
          <idle>-0     [001] ...2   239.237775: sched_switch: prev_comm=swapper/1 prev_pid=0 prev_prio=120 prev_state=R ==> next_comm=ksoftirqd/1 next_pid=4234 next_prio=120
     ksoftirqd/1-4234  [001] ...2   239.237781: sched_switch: prev_comm=ksoftirqd/1 prev_pid=4234 prev_prio=120 prev_state=S ==> next_comm=swapper/1 next_pid=0 next_prio=120
          <idle>-0     [001] ...2   239.237793: sched_switch: prev_comm=swapper/1 prev_pid=0 prev_prio=120 prev_state=R ==> next_comm=ksoftirqd/1 next_pid=4234 next_prio=120
     ksoftirqd/1-4234  [001] ...2   239.237799: sched_switch: prev_comm=ksoftirqd/1 prev_pid=4234 prev_prio=120 prev_state=S ==> next_comm=swapper/1 next_pid=0 next_prio=120
          <idle>-0     [001] ...2   239.237810: sched_switch: prev_comm=swapper/1 prev_pid=0 prev_prio=120 prev_state=R ==> next_comm=ksoftirqd/1 next_pid=4234 next_prio=120
