     ksoftirqd/0-3     [000] ...2   236.548956: sched_switch: prev_comm=ksoftirqd/0 prev_pid=3 prev_prio=120 prev_state=S ==> next_comm=swapper/0 next_pid=0 next_prio=120
          <idle>-0     [000] ...2   236.548971: sched_switch: prev_comm=swapper/0 prev_pid=0 prev_prio=120 prev_state=R ==> next_comm=ksoftirqd/0 next_pid=3 next_prio=120
     ksoftirqd/0-3     [000] ...2   236.548978: sched_switch: prev_comm=ksoftirqd/0 prev_pid=3 prev_prio=120 prev_state=S ==> next_comm=swapper/0 next_pid=0 next_prio=120
           <...>-3322  [002] ...2   236.556191: sched_switch: prev_comm=ple.h2benchmark prev_pid=3322 prev_prio=120 prev_state=R ==> next_comm=Benchmark.mv.db next_pid=4911 next_prio=120
           <...>-4911  [002] ...2   236.556235: sched_switch: prev_comm=Benchmark.mv.db prev_pid=4911 prev_prio=120 prev_state=S ==> next_comm=ple.h2benchmark next_pid=3322 next_prio=120
          <idle>-0     [000] ...2   236.568833: sched_switch: prev_comm=swapper/0 prev_pid=0 prev_prio=120 prev_state=R ==> next_comm=kworker/u:1 next_pid=21 next_prio=120
     kworker/u:1-21    [000] ...2   236.568855: sched_switch: prev_comm=kworker/u:1 prev_pid=21 prev_prio=120 prev_state=S ==> next_comm=mpdecision next_pid=1831 next_prio=113
      mpdecision-1831  [000] ...2   236.569166: sched_switch: prev_comm=mpdecision prev_pid=1831 prev_prio=113 prev_state=S ==> next_comm=swapper/0 next_pid=0 next_prio=120
          <idle>-0     [000] ...2   236.569184: sched_switch: prev_comm=swapper/0 prev_pid=0 prev_prio=120 prev_state=R ==> next_comm=ksoftirqd/0 next_pid=3 next_prio=120
     ksoftirqd/0-3     [000] ...2   236.569196: sched_switch: prev_comm=ksoftirqd/0 prev_pid=3 prev_prio=120 prev_state=S ==> next_comm=swapper/0 next_pid=0 next_prio=120
          <idle>-0     [000] ...2   236.569213: sched_switch: prev_comm=swapper/0 prev_pid=0 prev_prio=120 prev_state=R ==> next_comm=ksoftirqd/0 next_pid=3 next_prio=120
     ksoftirqd/0-3     [000] ...2   236.569223: sched_switch: prev_comm=ksoftirqd/0 prev_pid=3 prev_prio=120 prev_state=S ==> next_comm=swapper/0 next_pid=0 next_prio=120
          <idle>-0     [000] ...2   236.569239: sched_switch: prev_comm=swapper/0 prev_pid=0 prev_prio=120 prev_state=R ==> next_comm=ksoftirqd/0 next_pid=3 next_prio=120
     ksoftirqd/0-3     [000] ...2   236.569248: sched_switch: prev_comm=ksoftirqd/0 prev_pid=3 prev_prio=120 prev_state=S ==> next_comm=swapper/0 next_pid=0 next_prio=120
           <...>-3322  [002] d..2   236.571328: block_rq_insert: 179,0 R 0 () 8065312 + 8 [ple.h2benchmark]
           <...>-3322  [002] d..2   236.571333: block_rq_insert: 179,0 R 0 () 8065392 + 24 [ple.h2benchmark]
           <...>-3322  [002] d..2   236.571335: block_rq_insert: 179,0 R 0 () 8065440 + 16 [ple.h2benchmark]
           <...>-3322  [002] d..2   236.571336: block_rq_insert: 179,0 R 0 () 8065472 + 96 [ple.h2benchmark]
           <...>-3322  [002] ...2   236.571353: sched_switch: prev_comm=ple.h2benchmark prev_pid=3322 prev_prio=120 prev_state=D|W ==> next_comm=swapper/2 next_pid=0 next_prio=120
          <idle>-0     [000] ...2   236.571355: sched_switch: prev_comm=swapper/0 prev_pid=0 prev_prio=120 prev_state=R ==> next_comm=mmcqd/1 next_pid=116 next_prio=120
           <...>-116   [000] ...2   236.571427: sched_switch: prev_comm=mmcqd/1 prev_pid=116 prev_prio=120 prev_state=S ==> next_comm=swapper/0 next_pid=0 next_prio=120
          <idle>-0     [000] ...2   236.571779: sched_switch: prev_comm=swapper/0 prev_pid=0 prev_prio=120 prev_state=R ==> next_comm=mmcqd/1 next_pid=116 next_prio=120
           <...>-116   [000] ...1   236.571810: block_rq_complete: 179,0 RA () 8065312 + 8 [0]
           <...>-116   [000] ...2   236.571841: sched_switch: prev_comm=mmcqd/1 prev_pid=116 prev_prio=120 prev_state=S ==> next_comm=swapper/0 next_pid=0 next_prio=120
          <idle>-0     [000] ...2   236.572180: sched_switch: prev_comm=swapper/0 prev_pid=0 prev_prio=120 prev_state=R ==> next_comm=mmcqd/1 next_pid=116 next_prio=120
           <...>-116   [000] ...1   236.572213: block_rq_complete: 179,0 RA () 8065392 + 24 [0]
           <...>-116   [000] ...2   236.572263: sched_switch: prev_comm=mmcqd/1 prev_pid=116 prev_prio=120 prev_state=S ==> next_comm=swapper/0 next_pid=0 next_prio=120
          <idle>-0     [000] ...2   236.572488: sched_switch: prev_comm=swapper/0 prev_pid=0 prev_prio=120 prev_state=R ==> next_comm=mmcqd/1 next_pid=116 next_prio=120
           <...>-116   [000] ...1   236.572518: block_rq_complete: 179,0 RA () 8065440 + 16 [0]
          <idle>-0     [002] ...2   236.572536: sched_switch: prev_comm=swapper/2 prev_pid=0 prev_prio=120 prev_state=R ==> next_comm=ple.h2benchmark next_pid=3322 next_prio=120
           <...>-116   [000] ...2   236.572540: sched_switch: prev_comm=mmcqd/1 prev_pid=116 prev_prio=120 prev_state=S ==> next_comm=swapper/0 next_pid=0 next_prio=120
          <idle>-0     [000] ...2   236.573285: sched_switch: prev_comm=swapper/0 prev_pid=0 prev_prio=120 prev_state=R ==> next_comm=mmcqd/1 next_pid=116 next_prio=120
           <...>-116   [000] ...1   236.573318: block_rq_complete: 179,0 RA () 8065472 + 96 [0]
           <...>-116   [000] ...2   236.573340: sched_switch: prev_comm=mmcqd/1 prev_pid=116 prev_prio=120 prev_state=R+ ==> next_comm=kworker/0:1H next_pid=17 next_prio=100
    kworker/0:1H-17    [000] ...2   236.573350: sched_switch: prev_comm=kworker/0:1H prev_pid=17 prev_prio=100 prev_state=S ==> next_comm=mmcqd/1 next_pid=116 next_prio=120
           <...>-116   [000] ...2   236.573364: sched_switch: prev_comm=mmcqd/1 prev_pid=116 prev_prio=120 prev_state=S ==> next_comm=swapper/0 next_pid=0 next_prio=120
           <...>-3322  [002] d..2   236.574616: block_rq_insert: 179,0 R 0 () 8064992 + 16 [ple.h2benchmark]
           <...>-3322  [002] d..2   236.574619: block_rq_insert: 179,0 R 0 () 8065016 + 232 [ple.h2benchmark]
          <idle>-0     [000] ...2   236.574636: sched_switch: prev_comm=swapper/0 prev_pid=0 prev_prio=120 prev_state=R ==> next_comm=mmcqd/1 next_pid=116 next_prio=120
           <...>-3322  [002] ...2   236.574636: sched_switch: prev_comm=ple.h2benchmark prev_pid=3322 prev_prio=120 prev_state=D|W ==> next_comm=swapper/2 next_pid=0 next_prio=120
           <...>-116   [000] ...2   236.574758: sched_switch: prev_comm=mmcqd/1 prev_pid=116 prev_prio=120 prev_state=S ==> next_comm=swapper/0 next_pid=0 next_prio=120
          <idle>-0     [000] ...2   236.576147: sched_switch: prev_comm=swapper/0 prev_pid=0 prev_prio=120 prev_state=R ==> next_comm=mmcqd/1 next_pid=116 next_prio=120
           <...>-116   [000] ...1   236.576232: block_rq_complete: 179,0 RA () 8065016 + 232 [0]
          <idle>-0     [002] ...2   236.576254: sched_switch: prev_comm=swapper/2 prev_pid=0 prev_prio=120 prev_state=R ==> next_comm=ple.h2benchmark next_pid=3322 next_prio=120
           <...>-116   [000] ...2   236.576264: sched_switch: prev_comm=mmcqd/1 prev_pid=116 prev_prio=120 prev_state=S ==> next_comm=swapper/0 next_pid=0 next_prio=120
           <...>-3322  [002] ...2   236.576339: sched_switch: prev_comm=ple.h2benchmark prev_pid=3322 prev_prio=120 prev_state=S ==> next_comm=swapper/2 next_pid=0 next_prio=120
          <idle>-0     [000] ...2   236.576460: sched_switch: prev_comm=swapper/0 prev_pid=0 prev_prio=120 prev_state=R ==> next_comm=mmcqd/1 next_pid=116 next_prio=120
           <...>-116   [000] ...1   236.576474: block_rq_complete: 179,0 RA () 8064992 + 16 [0]
           <...>-116   [000] ...2   236.576491: sched_switch: prev_comm=mmcqd/1 prev_pid=116 prev_prio=120 prev_state=R+ ==> next_comm=kworker/0:1H next_pid=17 next_prio=100
    kworker/0:1H-17    [000] ...2   236.576500: sched_switch: prev_comm=kworker/0:1H prev_pid=17 prev_prio=100 prev_state=S ==> next_comm=mmcqd/1 next_pid=116 next_prio=120
           <...>-116   [000] ...2   236.576513: sched_switch: prev_comm=mmcqd/1 prev_pid=116 prev_prio=120 prev_state=S ==> next_comm=swapper/0 next_pid=0 next_prio=120
          <idle>-0     [002] ...2   236.577396: sched_switch: prev_comm=swapper/2 prev_pid=0 prev_prio=120 prev_state=R ==> next_comm=ple.h2benchmark next_pid=3322 next_prio=120
          <idle>-0     [000] ...2   236.578842: sched_switch: prev_comm=swapper/0 prev_pid=0 prev_prio=120 prev_state=R ==> next_comm=ksoftirqd/0 next_pid=3 next_prio=120
     ksoftirqd/0-3     [000] ...2   236.578853: sched_switch: prev_comm=ksoftirqd/0 prev_pid=3 prev_prio=120 prev_state=S ==> next_comm=swapper/0 next_pid=0 next_prio=120
          <idle>-0     [000] ...2   236.578870: sched_switch: prev_comm=swapper/0 prev_pid=0 prev_prio=120 prev_state=R ==> next_comm=ksoftirqd/0 next_pid=3 next_prio=120
     ksoftirqd/0-3     [000] ...2   236.578879: sched_switch: prev_comm=ksoftirqd/0 prev_pid=3 prev_prio=120 prev_state=S ==> next_comm=swapper/0 next_pid=0 next_prio=120
          <idle>-0     [000] ...2   236.578894: sched_switch: prev_comm=swapper/0 prev_pid=0 prev_prio=120 prev_state=R ==> next_comm=ksoftirqd/0 next_pid=3 next_prio=120
     ksoftirqd/0-3     [000] ...2   236.578903: sched_switch: prev_comm=ksoftirqd/0 prev_pid=3 prev_prio=120 prev_state=S ==> next_comm=swapper/0 next_pid=0 next_prio=120
           <...>-3322  [002] ...2   236.581280: sched_switch: prev_comm=ple.h2benchmark prev_pid=3322 prev_prio=120 prev_state=S ==> next_comm=swapper/2 next_pid=0 next_prio=120
          <idle>-0     [002] ...2   236.582336: sched_switch: prev_comm=swapper/2 prev_pid=0 prev_prio=120 prev_state=R ==> next_comm=ple.h2benchmark next_pid=3322 next_prio=120
           <...>-3322  [002] ...2   236.585849: sched_switch: prev_comm=ple.h2benchmark prev_pid=3322 prev_prio=120 prev_state=S ==> next_comm=swapper/2 next_pid=0 next_prio=120
          <idle>-0     [002] ...2   236.586904: sched_switch: prev_comm=swapper/2 prev_pid=0 prev_prio=120 prev_state=R ==> next_comm=ple.h2benchmark next_pid=3322 next_prio=120
          <idle>-0     [000] ...2   236.588835: sched_switch: prev_comm=swapper/0 prev_pid=0 prev_prio=120 prev_state=R ==> next_comm=ksoftirqd/0 next_pid=3 next_prio=120
     ksoftirqd/0-3     [000] ...2   236.588848: sched_switch: prev_comm=ksoftirqd/0 prev_pid=3 prev_prio=120 prev_state=S ==> next_comm=swapper/0 next_pid=0 next_prio=120
           <...>-3322  [002] ...2   236.590704: sched_switch: prev_comm=ple.h2benchmark prev_pid=3322 prev_prio=120 prev_state=S ==> next_comm=swapper/2 next_pid=0 next_prio=120
          <idle>-0     [002] ...2   236.591759: sched_switch: prev_comm=swapper/2 prev_pid=0 prev_prio=120 prev_state=R ==> next_comm=ple.h2benchmark next_pid=3322 next_prio=120
           <...>-3322  [002] ...2   236.595501: sched_switch: prev_comm=ple.h2benchmark prev_pid=3322 prev_prio=120 prev_state=S ==> next_comm=swapper/2 next_pid=0 next_prio=120
          <idle>-0     [002] ...2   236.596556: sched_switch: prev_comm=swapper/2 prev_pid=0 prev_prio=120 prev_state=R ==> next_comm=ple.h2benchmark next_pid=3322 next_prio=120
          <idle>-0     [000] ...2   236.597209: sched_switch: prev_comm=swapper/0 prev_pid=0 prev_prio=120 prev_state=R ==> next_comm=kworker/u:1 next_pid=21 next_prio=120
           <...>-3322  [002] ...2   236.597236: sched_switch: prev_comm=ple.h2benchmark prev_pid=3322 prev_prio=120 prev_state=R ==> next_comm=kworker/u:3 next_pid=113 next_prio=120
     kworker/u:3-113   [002] ...2   236.597244: sched_switch: prev_comm=kworker/u:3 prev_pid=113 prev_prio=120 prev_state=S ==> next_comm=ple.h2benchmark next_pid=3322 next_prio=120
     kworker/u:1-21    [000] ...2   236.597261: sched_switch: prev_comm=kworker/u:1 prev_pid=21 prev_prio=120 prev_state=S ==> next_comm=sensors.qcom next_pid=860 next_prio=120
           <...>-3322  [002] ...2   236.597344: sched_switch: prev_comm=ple.h2benchmark prev_pid=3322 prev_prio=120 prev_state=R ==> next_comm=sensors.qcom next_pid=732 next_prio=120
    sensors.qcom-860   [000] ...2   236.597358: sched_switch: prev_comm=sensors.qcom prev_pid=860 prev_prio=120 prev_state=S ==> next_comm=swapper/0 next_pid=0 next_prio=120
    sensors.qcom-732   [002] ...2   236.597397: sched_switch: prev_comm=sensors.qcom prev_pid=732 prev_prio=120 prev_state=S ==> next_comm=system_server next_pid=736 next_prio=118
          <idle>-0     [000] ...2   236.597520: sched_switch: prev_comm=swapper/0 prev_pid=0 prev_prio=120 prev_state=R ==> next_comm=system_server next_pid=740 next_prio=118
   system_server-736   [002] ...2   236.597538: sched_switch: prev_comm=system_server prev_pid=736 prev_prio=118 prev_state=S ==> next_comm=ple.h2benchmark next_pid=3322 next_prio=120
   system_server-740   [000] ...2   236.597547: sched_switch: prev_comm=system_server prev_pid=740 prev_prio=118 prev_state=S ==> next_comm=swapper/0 next_pid=0 next_prio=120
           <...>-3322  [002] ...2   236.600379: sched_switch: prev_comm=ple.h2benchmark prev_pid=3322 prev_prio=120 prev_state=S ==> next_comm=swapper/2 next_pid=0 next_prio=120
          <idle>-0     [002] ...2   236.601432: sched_switch: prev_comm=swapper/2 prev_pid=0 prev_prio=120 prev_state=R ==> next_comm=ple.h2benchmark next_pid=3322 next_prio=120
           <...>-3322  [002] ...2   236.605114: sched_switch: prev_comm=ple.h2benchmark prev_pid=3322 prev_prio=120 prev_state=S ==> next_comm=swapper/2 next_pid=0 next_prio=120
          <idle>-0     [002] ...2   236.606168: sched_switch: prev_comm=swapper/2 prev_pid=0 prev_prio=120 prev_state=R ==> next_comm=ple.h2benchmark next_pid=3322 next_prio=120
           <...>-3322  [002] ...2   236.606288: sched_switch: prev_comm=ple.h2benchmark prev_pid=3322 prev_prio=120 prev_state=R ==> next_comm=Benchmark.mv.db next_pid=4911 next_prio=120
           <...>-4911  [002] ...2   236.606325: sched_switch: prev_comm=Benchmark.mv.db prev_pid=4911 prev_prio=120 prev_state=S ==> next_comm=ple.h2benchmark next_pid=3322 next_prio=120
           <...>-3322  [002] ...2   236.609970: sched_switch: prev_comm=ple.h2benchmark prev_pid=3322 prev_prio=120 prev_state=S ==> next_comm=swapper/2 next_pid=0 next_prio=120
          <idle>-0     [002] ...2   236.611024: sched_switch: prev_comm=swapper/2 prev_pid=0 prev_prio=120 prev_state=R ==> next_comm=ple.h2benchmark next_pid=3322 next_prio=120
          <idle>-0     [000] ...2   236.614182: sched_switch: prev_comm=swapper/0 prev_pid=0 prev_prio=120 prev_state=R ==> next_comm=kworker/u:1 next_pid=21 next_prio=120
           <...>-3322  [002] ...2   236.614208: sched_switch: prev_comm=ple.h2benchmark prev_pid=3322 prev_prio=120 prev_state=R ==> next_comm=kworker/u:3 next_pid=113 next_prio=120
     kworker/u:3-113   [002] ...2   236.614214: sched_switch: prev_comm=kworker/u:3 prev_pid=113 prev_prio=120 prev_state=S ==> next_comm=ple.h2benchmark next_pid=3322 next_prio=120
     kworker/u:1-21    [000] ...2   236.614228: sched_switch: prev_comm=kworker/u:1 prev_pid=21 prev_prio=120 prev_state=S ==> next_comm=sensors.qcom next_pid=860 next_prio=120
           <...>-3322  [002] ...2   236.614290: sched_switch: prev_comm=ple.h2benchmark prev_pid=3322 prev_prio=120 prev_state=R ==> next_comm=sensors.qcom next_pid=732 next_prio=120
    sensors.qcom-860   [000] ...2   236.614302: sched_switch: prev_comm=sensors.qcom prev_pid=860 prev_prio=120 prev_state=S ==> next_comm=swapper/0 next_pid=0 next_prio=120
    sensors.qcom-732   [002] ...2   236.614329: sched_switch: prev_comm=sensors.qcom prev_pid=732 prev_prio=120 prev_state=S ==> next_comm=system_server next_pid=736 next_prio=118
          <idle>-0     [000] ...2   236.614415: sched_switch: prev_comm=swapper/0 prev_pid=0 prev_prio=120 prev_state=R ==> next_comm=system_server next_pid=740 next_prio=118
   system_server-736   [002] ...2   236.614430: sched_switch: prev_comm=system_server prev_pid=736 prev_prio=118 prev_state=S ==> next_comm=ple.h2benchmark next_pid=3322 next_prio=120
           <...>-3322  [002] ...2   236.614438: sched_switch: prev_comm=ple.h2benchmark prev_pid=3322 prev_prio=120 prev_state=R ==> next_comm=SensorService next_pid=781 next_prio=112
   system_server-740   [000] ...2   236.614448: sched_switch: prev_comm=system_server prev_pid=740 prev_prio=118 prev_state=S ==> next_comm=swapper/0 next_pid=0 next_prio=120
          traced-202   [001] ...2   236.614485: sched_switch: prev_comm=traced prev_pid=202 prev_prio=120 prev_state=R ==> next_comm=android.ui next_pid=786 next_prio=118
   SensorService-781   [002] ...2   236.614503: sched_switch: prev_comm=SensorService prev_pid=781 prev_prio=112 prev_state=S ==> next_comm=ple.h2benchmark next_pid=3322 next_prio=120
      android.ui-786   [001] ...2   236.614574: sched_switch: prev_comm=android.ui prev_pid=786 prev_prio=118 prev_state=S ==> next_comm=traced next_pid=202 next_prio=120
           <...>-3322  [002] ...2   236.615001: sched_switch: prev_comm=ple.h2benchmark prev_pid=3322 prev_prio=120 prev_state=S ==> next_comm=swapper/2 next_pid=0 next_prio=120
          <idle>-0     [002] ...2   236.616059: sched_switch: prev_comm=swapper/2 prev_pid=0 prev_prio=120 prev_state=R ==> next_comm=ple.h2benchmark next_pid=3322 next_prio=120
          <idle>-0     [000] ...2   236.618826: sched_switch: prev_comm=swapper/0 prev_pid=0 prev_prio=120 prev_state=R ==> next_comm=kworker/u:1 next_pid=21 next_prio=120
     kworker/u:1-21    [000] ...2   236.618844: sched_switch: prev_comm=kworker/u:1 prev_pid=21 prev_prio=120 prev_state=S ==> next_comm=mpdecision next_pid=1831 next_prio=113
      mpdecision-1831  [000] ...2   236.619133: sched_switch: prev_comm=mpdecision prev_pid=1831 prev_prio=113 prev_state=S ==> next_comm=swapper/0 next_pid=0 next_prio=120
          <idle>-0     [000] ...2   236.619149: sched_switch: prev_comm=swapper/0 prev_pid=0 prev_prio=120 prev_state=R ==> next_comm=ksoftirqd/0 next_pid=3 next_prio=120
     ksoftirqd/0-3     [000] ...2   236.619161: sched_switch: prev_comm=ksoftirqd/0 prev_pid=3 prev_prio=120 prev_state=S ==> next_comm=swapper/0 next_pid=0 next_prio=120
          <idle>-0     [000] ...2   236.619177: sched_switch: prev_comm=swapper/0 prev_pid=0 prev_prio=120 prev_state=R ==> next_comm=ksoftirqd/0 next_pid=3 next_prio=120
     ksoftirqd/0-3     [000] ...2   236.619188: sched_switch: prev_comm=ksoftirqd/0 prev_pid=3 prev_prio=120 prev_state=S ==> next_comm=swapper/0 next_pid=0 next_prio=120
          <idle>-0     [000] ...2   236.619203: sched_switch: prev_comm=swapper/0 prev_pid=0 prev_prio=120 prev_state=R ==> next_comm=ksoftirqd/0 next_pid=3 next_prio=120
     ksoftirqd/0-3     [000] ...2   236.619212: sched_switch: prev_comm=ksoftirqd/0 prev_pid=3 prev_prio=120 prev_state=S ==> next_comm=swapper/0 next_pid=0 next_prio=120
           <...>-3322  [002] ...2   236.619850: sched_switch: prev_comm=ple.h2benchmark prev_pid=3322 prev_prio=120 prev_state=S ==> next_comm=swapper/2 next_pid=0 next_prio=120
          <idle>-0     [002] ...2   236.620907: sched_switch: prev_comm=swapper/2 prev_pid=0 prev_prio=120 prev_state=R ==> next_comm=ple.h2benchmark next_pid=3322 next_prio=120
          <idle>-0     [000] ...2   236.624008: sched_switch: prev_comm=swapper/0 prev_pid=0 prev_prio=120 prev_state=R ==> next_comm=storaged next_pid=168 next_prio=120
           <...>-3322  [002] ...2   236.624493: sched_switch: prev_comm=ple.h2benchmark prev_pid=3322 prev_prio=120 prev_state=S ==> next_comm=swapper/2 next_pid=0 next_prio=120
          <idle>-0     [002] ...2   236.625550: sched_switch: prev_comm=swapper/2 prev_pid=0 prev_prio=120 prev_state=R ==> next_comm=ple.h2benchmark next_pid=3322 next_prio=120
        storaged-168   [000] ...2   236.627346: sched_switch: prev_comm=storaged prev_pid=168 prev_prio=120 prev_state=S ==> next_comm=swapper/0 next_pid=0 next_prio=120
          <idle>-0     [000] ...2   236.628839: sched_switch: prev_comm=swapper/0 prev_pid=0 prev_prio=120 prev_state=R ==> next_comm=kworker/0:1H next_pid=17 next_prio=100
    kworker/0:1H-17    [000] ...2   236.628865: sched_switch: prev_comm=kworker/0:1H prev_pid=17 prev_prio=100 prev_state=D ==> next_comm=kworker/0:0H next_pid=5 next_prio=100
    kworker/0:0H-5     [000] ...2   236.628978: sched_switch: prev_comm=kworker/0:0H prev_pid=5 prev_prio=100 prev_state=S ==> next_comm=kworker/0:1H next_pid=17 next_prio=100
    kworker/0:1H-17    [000] ...2   236.628993: sched_switch: prev_comm=kworker/0:1H prev_pid=17 prev_prio=100 prev_state=S ==> next_comm=ksoftirqd/0 next_pid=3 next_prio=120
     ksoftirqd/0-3     [000] ...2   236.629007: sched_switch: prev_comm=ksoftirqd/0 prev_pid=3 prev_prio=120 prev_state=S ==> next_comm=swapper/0 next_pid=0 next_prio=120
          <idle>-0     [000] ...2   236.629033: sched_switch: prev_comm=swapper/0 prev_pid=0 prev_prio=120 prev_state=R ==> next_comm=ksoftirqd/0 next_pid=3 next_prio=120
     ksoftirqd/0-3     [000] ...2   236.629046: sched_switch: prev_comm=ksoftirqd/0 prev_pid=3 prev_prio=120 prev_state=S ==> next_comm=swapper/0 next_pid=0 next_prio=120
          <idle>-0     [000] ...2   236.629071: sched_switch: prev_comm=swapper/0 prev_pid=0 prev_prio=120 prev_state=R ==> next_comm=ksoftirqd/0 next_pid=3 next_prio=120
     ksoftirqd/0-3     [000] ...2   236.629085: sched_switch: prev_comm=ksoftirqd/0 prev_pid=3 prev_prio=120 prev_state=S ==> next_comm=swapper/0 next_pid=0 next_prio=120
           <...>-3322  [002] ...2   236.629198: sched_switch: prev_comm=ple.h2benchmark prev_pid=3322 prev_prio=120 prev_state=S ==> next_comm=swapper/2 next_pid=0 next_prio=120
          <idle>-0     [002] ...2   236.630255: sched_switch: prev_comm=swapper/2 prev_pid=0 prev_prio=120 prev_state=R ==> next_comm=ple.h2benchmark next_pid=3322 next_prio=120
           <...>-3322  [002] ...2   236.634103: sched_switch: prev_comm=ple.h2benchmark prev_pid=3322 prev_prio=120 prev_state=S ==> next_comm=swapper/2 next_pid=0 next_prio=120
          <idle>-0     [002] ...2   236.635158: sched_switch: prev_comm=swapper/2 prev_pid=0 prev_prio=120 prev_state=R ==> next_comm=ple.h2benchmark next_pid=3322 next_prio=120
           <...>-3322  [002] ...2   236.638826: sched_switch: prev_comm=ple.h2benchmark prev_pid=3322 prev_prio=120 prev_state=S ==> next_comm=swapper/2 next_pid=0 next_prio=120
          <idle>-0     [000] ...2   236.638845: sched_switch: prev_comm=swapper/0 prev_pid=0 prev_prio=120 prev_state=R ==> next_comm=ksoftirqd/0 next_pid=3 next_prio=120
     ksoftirqd/0-3     [000] ...2   236.638862: sched_switch: prev_comm=ksoftirqd/0 prev_pid=3 prev_prio=120 prev_state=S ==> next_comm=swapper/0 next_pid=0 next_prio=120
          <idle>-0     [002] ...2   236.639864: sched_switch: prev_comm=swapper/2 prev_pid=0 prev_prio=120 prev_state=R ==> next_comm=ple.h2benchmark next_pid=3322 next_prio=120
           <...>-3322  [002] ...2   236.643397: sched_switch: prev_comm=ple.h2benchmark prev_pid=3322 prev_prio=120 prev_state=S ==> next_comm=swapper/2 next_pid=0 next_prio=120
          <idle>-0     [002] ...2   236.644453: sched_switch: prev_comm=swapper/2 prev_pid=0 prev_prio=120 prev_state=R ==> next_comm=ple.h2benchmark next_pid=3322 next_prio=120
           <...>-3322  [002] ...2   236.648124: sched_switch: prev_comm=ple.h2benchmark prev_pid=3322 prev_prio=120 prev_state=S ==> next_comm=swapper/2 next_pid=0 next_prio=120
          <idle>-0     [002] ...2   236.649178: sched_switch: prev_comm=swapper/2 prev_pid=0 prev_prio=120 prev_state=R ==> next_comm=ple.h2benchmark next_pid=3322 next_prio=120
           <...>-3322  [002] ...2   236.652962: sched_switch: prev_comm=ple.h2benchmark prev_pid=3322 prev_prio=120 prev_state=S ==> next_comm=swapper/2 next_pid=0 next_prio=120
          <idle>-0     [002] ...2   236.654016: sched_switch: prev_comm=swapper/2 prev_pid=0 prev_prio=120 prev_state=R ==> next_comm=ple.h2benchmark next_pid=3322 next_prio=120
           <...>-3322  [002] ...2   236.656379: sched_switch: prev_comm=ple.h2benchmark prev_pid=3322 prev_prio=120 prev_state=R+ ==> next_comm=Benchmark.mv.db next_pid=4911 next_prio=120
           <...>-4911  [002] ...2   236.656414: sched_switch: prev_comm=Benchmark.mv.db prev_pid=4911 prev_prio=120 prev_state=S ==> next_comm=ple.h2benchmark next_pid=3322 next_prio=120
           <...>-3322  [002] ...2   236.657683: sched_switch: prev_comm=ple.h2benchmark prev_pid=3322 prev_prio=120 prev_state=S ==> next_comm=swapper/2 next_pid=0 next_prio=120
          <idle>-0     [002] ...2   236.658739: sched_switch: prev_comm=swapper/2 prev_pid=0 prev_prio=120 prev_state=R ==> next_comm=ple.h2benchmark next_pid=3322 next_prio=120
           <...>-3322  [002] ...2   236.662478: sched_switch: prev_comm=ple.h2benchmark prev_pid=3322 prev_prio=120 prev_state=S ==> next_comm=swapper/2 next_pid=0 next_prio=120
          <idle>-0     [002] ...2   236.663535: sched_switch: prev_comm=swapper/2 prev_pid=0 prev_prio=120 prev_state=R ==> next_comm=ple.h2benchmark next_pid=3322 next_prio=120
          <idle>-0     [000] ...2   236.663722: sched_switch: prev_comm=swapper/0 prev_pid=0 prev_prio=120 prev_state=R ==> next_comm=kworker/u:1 next_pid=21 next_prio=120
           <...>-3322  [002] ...2   236.663754: sched_switch: prev_comm=ple.h2benchmark prev_pid=3322 prev_prio=120 prev_state=R ==> next_comm=kworker/u:3 next_pid=113 next_prio=120
     kworker/u:3-113   [002] ...2   236.663761: sched_switch: prev_comm=kworker/u:3 prev_pid=113 prev_prio=120 prev_state=S ==> next_comm=ple.h2benchmark next_pid=3322 next_prio=120
     kworker/u:1-21    [000] ...2   236.663786: sched_switch: prev_comm=kworker/u:1 prev_pid=21 prev_prio=120 prev_state=S ==> next_comm=sensors.qcom next_pid=860 next_prio=120
           <...>-3322  [002] ...2   236.663881: sched_switch: prev_comm=ple.h2benchmark prev_pid=3322 prev_prio=120 prev_state=R ==> next_comm=sensors.qcom next_pid=732 next_prio=120
    sensors.qcom-860   [000] ...2   236.663900: sched_switch: prev_comm=sensors.qcom prev_pid=860 prev_prio=120 prev_state=S ==> next_comm=swapper/0 next_pid=0 next_prio=120
    sensors.qcom-732   [002] ...2   236.663927: sched_switch: prev_comm=sensors.qcom prev_pid=732 prev_prio=120 prev_state=S ==> next_comm=system_server next_pid=736 next_prio=118
          <idle>-0     [000] ...2   236.664042: sched_switch: prev_comm=swapper/0 prev_pid=0 prev_prio=120 prev_state=R ==> next_comm=system_server next_pid=740 next_prio=118
   system_server-736   [002] ...2   236.664056: sched_switch: prev_comm=system_server prev_pid=736 prev_prio=118 prev_state=S ==> next_comm=ple.h2benchmark next_pid=3322 next_prio=120
           <...>-3322  [002] ...2   236.664075: sched_switch: prev_comm=ple.h2benchmark prev_pid=3322 prev_prio=120 prev_state=R ==> next_comm=SensorService next_pid=781 next_prio=112
   system_server-740   [000] ...2   236.664096: sched_switch: prev_comm=system_server prev_pid=740 prev_prio=118 prev_state=S ==> next_comm=swapper/0 next_pid=0 next_prio=120
          traced-202   [001] ...2   236.664116: sched_switch: prev_comm=traced prev_pid=202 prev_prio=120 prev_state=R ==> next_comm=android.ui next_pid=786 next_prio=118
   SensorService-781   [002] ...2   236.664132: sched_switch: prev_comm=SensorService prev_pid=781 prev_prio=112 prev_state=S ==> next_comm=ple.h2benchmark next_pid=3322 next_prio=120
      android.ui-786   [001] ...2   236.664189: sched_switch: prev_comm=android.ui prev_pid=786 prev_prio=118 prev_state=S ==> next_comm=traced next_pid=202 next_prio=120
           <...>-3322  [002] ...2   236.667546: sched_switch: prev_comm=ple.h2benchmark prev_pid=3322 prev_prio=120 prev_state=S ==> next_comm=swapper/2 next_pid=0 next_prio=120
          <idle>-0     [002] ...2   236.668600: sched_switch: prev_comm=swapper/2 prev_pid=0 prev_prio=120 prev_state=R ==> next_comm=ple.h2benchmark next_pid=3322 next_prio=120
          <idle>-0     [000] ...2   236.668830: sched_switch: prev_comm=swapper/0 prev_pid=0 prev_prio=120 prev_state=R ==> next_comm=kworker/u:1 next_pid=21 next_prio=120
     kworker/u:1-21    [000] ...2   236.668853: sched_switch: prev_comm=kworker/u:1 prev_pid=21 prev_prio=120 prev_state=S ==> next_comm=mpdecision next_pid=1831 next_prio=113
          traced-202   [001] ...2   236.669244: sched_switch: prev_comm=traced prev_pid=202 prev_prio=120 prev_state=R ==> next_comm=kthreadd next_pid=2 next_prio=98
      mpdecision-1831  [000] ...2   236.669255: sched_switch: prev_comm=mpdecision prev_pid=1831 prev_prio=113 prev_state=D ==> next_comm=swapper/0 next_pid=0 next_prio=120
          <idle>-0     [000] ...2   236.669283: sched_switch: prev_comm=swapper/0 prev_pid=0 prev_prio=120 prev_state=R ==> next_comm=kthreadd next_pid=4912 next_prio=98
           <...>-2     [001] ...2   236.669285: sched_switch: prev_comm=kthreadd prev_pid=2 prev_prio=98 prev_state=S ==> next_comm=traced next_pid=202 next_prio=120
           <...>-4912  [000] ...2   236.669300: sched_switch: prev_comm=kthreadd prev_pid=4912 prev_prio=98 prev_state=D ==> next_comm=mpdecision next_pid=1831 next_prio=113
          traced-202   [001] ...2   236.669324: sched_switch: prev_comm=traced prev_pid=202 prev_prio=120 prev_state=R ==> next_comm=kthreadd next_pid=2 next_prio=98
      mpdecision-1831  [000] ...2   236.669329: sched_switch: prev_comm=mpdecision prev_pid=1831 prev_prio=113 prev_state=D ==> next_comm=ksoftirqd/0 next_pid=3 next_prio=120
           <...>-2     [001] ...2   236.669348: sched_switch: prev_comm=kthreadd prev_pid=2 prev_prio=98 prev_state=S ==> next_comm=traced next_pid=202 next_prio=120
     ksoftirqd/0-3     [000] ...2   236.669355: sched_switch: prev_comm=ksoftirqd/0 prev_pid=3 prev_prio=120 prev_state=S ==> next_comm=kthreadd next_pid=4913 next_prio=98
           <...>-4913  [000] ...2   236.669371: sched_switch: prev_comm=kthreadd prev_pid=4913 prev_prio=98 prev_state=D ==> next_comm=mpdecision next_pid=1831 next_prio=113
          traced-202   [001] ...2   236.669392: sched_switch: prev_comm=traced prev_pid=202 prev_prio=120 prev_state=R ==> next_comm=kthreadd next_pid=2 next_prio=98
      mpdecision-1831  [000] ...2   236.669402: sched_switch: prev_comm=mpdecision prev_pid=1831 prev_prio=113 prev_state=D ==> next_comm=swapper/0 next_pid=0 next_prio=120
           <...>-2     [001] ...2   236.669413: sched_switch: prev_comm=kthreadd prev_pid=2 prev_prio=98 prev_state=S ==> next_comm=traced next_pid=202 next_prio=120
          <idle>-0     [000] ...2   236.669431: sched_switch: prev_comm=swapper/0 prev_pid=0 prev_prio=120 prev_state=R ==> next_comm=kthreadd next_pid=4914 next_prio=98
           <...>-4914  [000] ...2   236.669446: sched_switch: prev_comm=kthreadd prev_pid=4914 prev_prio=98 prev_state=D ==> next_comm=mpdecision next_pid=1831 next_prio=113
           <...>-3322  [002] ...2   236.669468: sched_switch: prev_comm=ple.h2benchmark prev_pid=3322 prev_prio=120 prev_state=R+ ==> next_comm=workqueue_trust next_pid=4912 next_prio=120
      mpdecision-1831  [000] ...2   236.669472: sched_switch: prev_comm=mpdecision prev_pid=1831 prev_prio=113 prev_state=D ==> next_comm=ksoftirqd/0 next_pid=3 next_prio=120
     ksoftirqd/0-3     [000] ...2   236.669484: sched_switch: prev_comm=ksoftirqd/0 prev_pid=3 prev_prio=120 prev_state=S ==> next_comm=mpdecision next_pid=1831 next_prio=113
           <...>-4912  [002] ...2   236.669485: sched_switch: prev_comm=workqueue_trust prev_pid=4912 prev_prio=120 prev_state=D ==> next_comm=ple.h2benchmark next_pid=3322 next_prio=120
          traced-202   [001] ...2   236.669829: sched_switch: prev_comm=traced prev_pid=202 prev_prio=120 prev_state=R ==> next_comm=migration/1 next_pid=4470 next_prio=0
      mpdecision-1831  [000] ...2   236.669833: sched_switch: prev_comm=mpdecision prev_pid=1831 prev_prio=113 prev_state=R+ ==> next_comm=migration/0 next_pid=8 next_prio=0
           <...>-3322  [002] ...2   236.669834: sched_switch: prev_comm=ple.h2benchmark prev_pid=3322 prev_prio=120 prev_state=R ==> next_comm=migration/2 next_pid=4527 next_prio=0
           <...>-4527  [002] ...2   236.670438: sched_switch: prev_comm=migration/2 prev_pid=4527 prev_prio=0 prev_state=S ==> next_comm=swapper/2 next_pid=0 next_prio=120
           <...>-4470  [001] ...2   236.670439: sched_switch: prev_comm=migration/1 prev_pid=4470 prev_prio=0 prev_state=S ==> next_comm=traced next_pid=202 next_prio=120
     migration/0-8     [000] ...2   236.670439: sched_switch: prev_comm=migration/0 prev_pid=8 prev_prio=0 prev_state=S ==> next_comm=mpdecision next_pid=1831 next_prio=113
      mpdecision-1831  [000] ...2   236.670914: sched_switch: prev_comm=mpdecision prev_pid=1831 prev_prio=113 prev_state=R+ ==> next_comm=ksoftirqd/2 next_pid=4530 next_prio=0
           <...>-4530  [000] ...3   236.670997: sched_switch: prev_comm=ksoftirqd/2 prev_pid=4530 prev_prio=0 prev_state=x ==> next_comm=mpdecision next_pid=1831 next_prio=113
      mpdecision-1831  [000] ...2   236.671261: sched_switch: prev_comm=mpdecision prev_pid=1831 prev_prio=113 prev_state=R+ ==> next_comm=migration/2 next_pid=4527 next_prio=0
           <...>-4527  [000] ...3   236.671320: sched_switch: prev_comm=migration/2 prev_pid=4527 prev_prio=0 prev_state=x ==> next_comm=mpdecision next_pid=1831 next_prio=113
      mpdecision-1831  [000] ...2   236.671341: sched_switch: prev_comm=mpdecision prev_pid=1831 prev_prio=113 prev_state=D ==> next_comm=ksoftirqd/0 next_pid=3 next_prio=120
     ksoftirqd/0-3     [000] ...2   236.671355: sched_switch: prev_comm=ksoftirqd/0 prev_pid=3 prev_prio=120 prev_state=S ==> next_comm=kworker/2:2 next_pid=4913 next_prio=120
           <...>-4913  [000] ...3   236.671393: sched_switch: prev_comm=kworker/2:2 prev_pid=4913 prev_prio=120 prev_state=x ==> next_comm=mpdecision next_pid=1831 next_prio=113
      mpdecision-1831  [000] ...2   236.671411: sched_switch: prev_comm=mpdecision prev_pid=1831 prev_prio=113 prev_state=D ==> next_comm=kworker/2:3H next_pid=4914 next_prio=100
           <...>-4914  [000] ...3   236.671448: sched_switch: prev_comm=kworker/2:3H prev_pid=4914 prev_prio=100 prev_state=x ==> next_comm=mpdecision next_pid=1831 next_prio=113
      mpdecision-1831  [000] ...2   236.671711: sched_switch: prev_comm=mpdecision prev_pid=1831 prev_prio=113 prev_state=S ==> next_comm=bridgemgrd next_pid=1942 next_prio=120
           <...>-1942  [000] ...2   236.671761: sched_switch: prev_comm=bridgemgrd prev_pid=1942 prev_prio=120 prev_state=S ==> next_comm=mpdecision next_pid=1819 next_prio=113
           <...>-1819  [000] ...2   236.671801: sched_switch: prev_comm=mpdecision prev_pid=1819 prev_prio=113 prev_state=S ==> next_comm=UEventObserver next_pid=800 next_prio=120
           <...>-800   [000] ...2   236.671844: sched_switch: prev_comm=UEventObserver prev_pid=800 prev_prio=120 prev_state=S ==> next_comm=system_server next_pid=791 next_prio=118
           <...>-791   [000] ...2   236.671869: sched_switch: prev_comm=system_server prev_pid=791 prev_prio=118 prev_state=S ==> next_comm=netd next_pid=535 next_prio=120
           <...>-535   [000] ...2   236.671934: sched_switch: prev_comm=netd prev_pid=535 prev_prio=120 prev_state=S ==> next_comm=hwcUeventThread next_pid=267 next_prio=112
           <...>-267   [000] ...2   236.671966: sched_switch: prev_comm=hwcUeventThread prev_pid=267 prev_prio=112 prev_state=S ==> next_comm=healthd next_pid=170 next_prio=120
           <...>-170   [000] ...2   236.672002: sched_switch: prev_comm=healthd prev_pid=170 prev_prio=120 prev_state=S ==> next_comm=vold next_pid=223 next_prio=120
           <...>-223   [000] ...2   236.672059: sched_switch: prev_comm=vold prev_pid=223 prev_prio=120 prev_state=S ==> next_comm=ueventd next_pid=127 next_prio=120
           <...>-127   [000] ...2   236.672096: sched_switch: prev_comm=ueventd prev_pid=127 prev_prio=120 prev_state=S ==> next_comm=bridgemgrd next_pid=531 next_prio=120
           <...>-531   [000] ...2   236.672126: sched_switch: prev_comm=bridgemgrd prev_pid=531 prev_prio=120 prev_state=S ==> next_comm=ple.h2benchmark next_pid=3322 next_prio=120
           <...>-3322  [000] ...2   236.676491: sched_switch: prev_comm=ple.h2benchmark prev_pid=3322 prev_prio=120 prev_state=S ==> next_comm=swapper/0 next_pid=0 next_prio=120
          <idle>-0     [000] ...2   236.676513: sched_switch: prev_comm=swapper/0 prev_pid=0 prev_prio=120 prev_state=R ==> next_comm=ksoftirqd/0 next_pid=3 next_prio=120
     ksoftirqd/0-3     [000] ...2   236.676531: sched_switch: prev_comm=ksoftirqd/0 prev_pid=3 prev_prio=120 prev_state=S ==> next_comm=swapper/0 next_pid=0 next_prio=120
          <idle>-0     [000] ...2   236.676550: sched_switch: prev_comm=swapper/0 prev_pid=0 prev_prio=120 prev_state=R ==> next_comm=ksoftirqd/0 next_pid=3 next_prio=120
     ksoftirqd/0-3     [000] ...2   236.676564: sched_switch: prev_comm=ksoftirqd/0 prev_pid=3 prev_prio=120 prev_state=S ==> next_comm=swapper/0 next_pid=0 next_prio=120
          <idle>-0     [000] ...2   236.677543: sched_switch: prev_comm=swapper/0 prev_pid=0 prev_prio=120 prev_state=R ==> next_comm=ple.h2benchmark next_pid=3322 next_prio=120
          traced-202   [001] ...2   236.678828: sched_switch: prev_comm=traced prev_pid=202 prev_prio=120 prev_state=R ==> next_comm=kmsgd next_pid=201 next_prio=120
           <...>-3322  [000] ...2   236.678852: sched_switch: prev_comm=ple.h2benchmark prev_pid=3322 prev_prio=120 prev_state=R ==> next_comm=kworker/0:1H next_pid=17 next_prio=100
    kworker/0:1H-17    [000] ...2   236.678886: sched_switch: prev_comm=kworker/0:1H prev_pid=17 prev_prio=100 prev_state=D ==> next_comm=kworker/0:0H next_pid=5 next_prio=100
           <...>-201   [001] ...2   236.678912: sched_switch: prev_comm=kmsgd prev_pid=201 prev_prio=120 prev_state=S ==> next_comm=traced next_pid=202 next_prio=120
    kworker/0:0H-5     [000] ...2   236.678919: sched_switch: prev_comm=kworker/0:0H prev_pid=5 prev_prio=100 prev_state=S ==> next_comm=logcat next_pid=3227 next_prio=120
           <...>-3227  [000] ...2   236.679106: sched_switch: prev_comm=logcat prev_pid=3227 prev_prio=120 prev_state=S ==> next_comm=kworker/0:2 next_pid=98 next_prio=120
     kworker/0:2-98    [000] ...2   236.679131: sched_switch: prev_comm=kworker/0:2 prev_pid=98 prev_prio=120 prev_state=S ==> next_comm=adbd next_pid=2393 next_prio=120
            adbd-2393  [000] ...2   236.679428: sched_switch: prev_comm=adbd prev_pid=2393 prev_prio=120 prev_state=S ==> next_comm=adbd next_pid=3221 next_prio=120
            adbd-3221  [000] ...2   236.679525: sched_switch: prev_comm=adbd prev_pid=3221 prev_prio=120 prev_state=S ==> next_comm=kworker/0:1H next_pid=17 next_prio=100
    kworker/0:1H-17    [000] ...2   236.679541: sched_switch: prev_comm=kworker/0:1H prev_pid=17 prev_prio=100 prev_state=S ==> next_comm=ple.h2benchmark next_pid=3322 next_prio=120
           <...>-3322  [000] ...2   236.679829: sched_switch: prev_comm=ple.h2benchmark prev_pid=3322 prev_prio=120 prev_state=R ==> next_comm=adbd next_pid=3222 next_prio=120
            adbd-3222  [000] ...2   236.679880: sched_switch: prev_comm=adbd prev_pid=3222 prev_prio=120 prev_state=S ==> next_comm=adbd next_pid=2393 next_prio=120
            adbd-2393  [000] ...2   236.680087: sched_switch: prev_comm=adbd prev_pid=2393 prev_prio=120 prev_state=S ==> next_comm=adbd next_pid=3221 next_prio=120
            adbd-3221  [000] ...2   236.680097: sched_switch: prev_comm=adbd prev_pid=3221 prev_prio=120 prev_state=S ==> next_comm=ple.h2benchmark next_pid=3322 next_prio=120
           <...>-3322  [000] ...2   236.684162: sched_switch: prev_comm=ple.h2benchmark prev_pid=3322 prev_prio=120 prev_state=R ==> next_comm=logcat next_pid=3227 next_prio=120
           <...>-3227  [000] ...2   236.684188: sched_switch: prev_comm=logcat prev_pid=3227 prev_prio=120 prev_state=S ==> next_comm=ple.h2benchmark next_pid=3322 next_prio=120
           <...>-3322  [000] ...2   236.685070: sched_switch: prev_comm=ple.h2benchmark prev_pid=3322 prev_prio=120 prev_state=S ==> next_comm=swapper/0 next_pid=0 next_prio=120
          <idle>-0     [000] ...2   236.685097: sched_switch: prev_comm=swapper/0 prev_pid=0 prev_prio=120 prev_state=R ==> next_comm=ksoftirqd/0 next_pid=3 next_prio=120
     ksoftirqd/0-3     [000] ...2   236.685112: sched_switch: prev_comm=ksoftirqd/0 prev_pid=3 prev_prio=120 prev_state=S ==> next_comm=swapper/0 next_pid=0 next_prio=120
          <idle>-0     [000] ...2   236.685135: sched_switch: prev_comm=swapper/0 prev_pid=0 prev_prio=120 prev_state=R ==> next_comm=ksoftirqd/0 next_pid=3 next_prio=120
     ksoftirqd/0-3     [000] ...2   236.685145: sched_switch: prev_comm=ksoftirqd/0 prev_pid=3 prev_prio=120 prev_state=S ==> next_comm=swapper/0 next_pid=0 next_prio=120
          <idle>-0     [000] ...2   236.685166: sched_switch: prev_comm=swapper/0 prev_pid=0 prev_prio=120 prev_state=R ==> next_comm=ksoftirqd/0 next_pid=3 next_prio=120
     ksoftirqd/0-3     [000] ...2   236.685176: sched_switch: prev_comm=ksoftirqd/0 prev_pid=3 prev_prio=120 prev_state=S ==> next_comm=swapper/0 next_pid=0 next_prio=120
          <idle>-0     [000] ...2   236.686128: sched_switch: prev_comm=swapper/0 prev_pid=0 prev_prio=120 prev_state=R ==> next_comm=ple.h2benchmark next_pid=3322 next_prio=120
           <...>-3322  [000] ...2   236.688838: sched_switch: prev_comm=ple.h2benchmark prev_pid=3322 prev_prio=120 prev_state=R ==> next_comm=kworker/0:1H next_pid=17 next_prio=100
    kworker/0:1H-17    [000] ...2   236.688859: sched_switch: prev_comm=kworker/0:1H prev_pid=17 prev_prio=100 prev_state=S ==> next_comm=ple.h2benchmark next_pid=3322 next_prio=120
           <...>-3322  [000] ...2   236.692235: sched_switch: prev_comm=ple.h2benchmark prev_pid=3322 prev_prio=120 prev_state=S ==> next_comm=swapper/0 next_pid=0 next_prio=120
          <idle>-0     [000] ...2   236.692258: sched_switch: prev_comm=swapper/0 prev_pid=0 prev_prio=120 prev_state=R ==> next_comm=ksoftirqd/0 next_pid=3 next_prio=120
     ksoftirqd/0-3     [000] ...2   236.692275: sched_switch: prev_comm=ksoftirqd/0 prev_pid=3 prev_prio=120 prev_state=S ==> next_comm=swapper/0 next_pid=0 next_prio=120
          <idle>-0     [000] ...2   236.692297: sched_switch: prev_comm=swapper/0 prev_pid=0 prev_prio=120 prev_state=R ==> next_comm=ksoftirqd/0 next_pid=3 next_prio=120
     ksoftirqd/0-3     [000] ...2   236.692307: sched_switch: prev_comm=ksoftirqd/0 prev_pid=3 prev_prio=120 prev_state=S ==> next_comm=swapper/0 next_pid=0 next_prio=120
          <idle>-0     [000] ...2   236.692328: sched_switch: prev_comm=swapper/0 prev_pid=0 prev_prio=120 prev_state=R ==> next_comm=ksoftirqd/0 next_pid=3 next_prio=120
     ksoftirqd/0-3     [000] ...2   236.692338: sched_switch: prev_comm=ksoftirqd/0 prev_pid=3 prev_prio=120 prev_state=S ==> next_comm=swapper/0 next_pid=0 next_prio=120
          <idle>-0     [000] ...2   236.693295: sched_switch: prev_comm=swapper/0 prev_pid=0 prev_prio=120 prev_state=R ==> next_comm=ple.h2benchmark next_pid=3322 next_prio=120
           <...>-3322  [000] ...2   236.697899: sched_switch: prev_comm=ple.h2benchmark prev_pid=3322 prev_prio=120 prev_state=R+ ==> next_comm=kworker/u:1 next_pid=21 next_prio=120
     kworker/u:1-21    [000] ...2   236.697962: sched_switch: prev_comm=kworker/u:1 prev_pid=21 prev_prio=120 prev_state=S ==> next_comm=kworker/u:3 next_pid=113 next_prio=120
     kworker/u:3-113   [000] ...2   236.697973: sched_switch: prev_comm=kworker/u:3 prev_pid=113 prev_prio=120 prev_state=S ==> next_comm=sensors.qcom next_pid=860 next_prio=120
    sensors.qcom-860   [000] ...2   236.698082: sched_switch: prev_comm=sensors.qcom prev_pid=860 prev_prio=120 prev_state=S ==> next_comm=sensors.qcom next_pid=732 next_prio=120
    sensors.qcom-732   [000] ...2   236.698155: sched_switch: prev_comm=sensors.qcom prev_pid=732 prev_prio=120 prev_state=S ==> next_comm=system_server next_pid=736 next_prio=118
   system_server-736   [000] ...2   236.698355: sched_switch: prev_comm=system_server prev_pid=736 prev_prio=118 prev_state=S ==> next_comm=system_server next_pid=740 next_prio=118
   system_server-740   [000] ...2   236.698384: sched_switch: prev_comm=system_server prev_pid=740 prev_prio=118 prev_state=S ==> next_comm=ple.h2benchmark next_pid=3322 next_prio=120
           <...>-3322  [000] ...2   236.699801: sched_switch: prev_comm=ple.h2benchmark prev_pid=3322 prev_prio=120 prev_state=S ==> next_comm=swapper/0 next_pid=0 next_prio=120
          <idle>-0     [000] ...2   236.699825: sched_switch: prev_comm=swapper/0 prev_pid=0 prev_prio=120 prev_state=R ==> next_comm=ksoftirqd/0 next_pid=3 next_prio=120
     ksoftirqd/0-3     [000] ...2   236.699836: sched_switch: prev_comm=ksoftirqd/0 prev_pid=3 prev_prio=120 prev_state=S ==> next_comm=swapper/0 next_pid=0 next_prio=120
          <idle>-0     [000] ...2   236.699857: sched_switch: prev_comm=swapper/0 prev_pid=0 prev_prio=120 prev_state=R ==> next_comm=ksoftirqd/0 next_pid=3 next_prio=120
     ksoftirqd/0-3     [000] ...2   236.699866: sched_switch: prev_comm=ksoftirqd/0 prev_pid=3 prev_prio=120 prev_state=S ==> next_comm=swapper/0 next_pid=0 next_prio=120
          <idle>-0     [000] ...2   236.699887: sched_switch: prev_comm=swapper/0 prev_pid=0 prev_prio=120 prev_state=R ==> next_comm=ksoftirqd/0 next_pid=3 next_prio=120
     ksoftirqd/0-3     [000] ...2   236.699896: sched_switch: prev_comm=ksoftirqd/0 prev_pid=3 prev_prio=120 prev_state=S ==> next_comm=swapper/0 next_pid=0 next_prio=120
          <idle>-0     [000] ...2   236.700861: sched_switch: prev_comm=swapper/0 prev_pid=0 prev_prio=120 prev_state=R ==> next_comm=ple.h2benchmark next_pid=3322 next_prio=120
           <...>-3322  [000] ...2   236.706478: sched_switch: prev_comm=ple.h2benchmark prev_pid=3322 prev_prio=120 prev_state=R ==> next_comm=Benchmark.mv.db next_pid=4911 next_prio=120
           <...>-4911  [000] ...2   236.706535: sched_switch: prev_comm=Benchmark.mv.db prev_pid=4911 prev_prio=120 prev_state=S ==> next_comm=ple.h2benchmark next_pid=3322 next_prio=120
           <...>-3322  [000] ...2   236.707042: sched_switch: prev_comm=ple.h2benchmark prev_pid=3322 prev_prio=120 prev_state=S ==> next_comm=swapper/0 next_pid=0 next_prio=120
          <idle>-0     [000] ...2   236.708099: sched_switch: prev_comm=swapper/0 prev_pid=0 prev_prio=120 prev_state=R ==> next_comm=ple.h2benchmark next_pid=3322 next_prio=120
           <...>-3322  [000] ...2   236.713209: sched_switch: prev_comm=ple.h2benchmark prev_pid=3322 prev_prio=120 prev_state=R ==> next_comm=kworker/u:3 next_pid=113 next_prio=120
     kworker/u:3-113   [000] ...2   236.713297: sched_switch: prev_comm=kworker/u:3 prev_pid=113 prev_prio=120 prev_state=S ==> next_comm=kworker/u:1 next_pid=21 next_prio=120
     kworker/u:1-21    [000] ...2   236.713307: sched_switch: prev_comm=kworker/u:1 prev_pid=21 prev_prio=120 prev_state=S ==> next_comm=sensors.qcom next_pid=860 next_prio=120
    sensors.qcom-860   [000] ...2   236.713396: sched_switch: prev_comm=sensors.qcom prev_pid=860 prev_prio=120 prev_state=S ==> next_comm=sensors.qcom next_pid=732 next_prio=120
    sensors.qcom-732   [000] ...2   236.713456: sched_switch: prev_comm=sensors.qcom prev_pid=732 prev_prio=120 prev_state=S ==> next_comm=system_server next_pid=736 next_prio=118
   system_server-736   [000] ...2   236.713623: sched_switch: prev_comm=system_server prev_pid=736 prev_prio=118 prev_state=S ==> next_comm=system_server next_pid=740 next_prio=118
   system_server-740   [000] ...2   236.713662: sched_switch: prev_comm=system_server prev_pid=740 prev_prio=118 prev_state=S ==> next_comm=SensorService next_pid=781 next_prio=112
          traced-202   [001] ...2   236.713728: sched_switch: prev_comm=traced prev_pid=202 prev_prio=120 prev_state=R ==> next_comm=android.ui next_pid=786 next_prio=118
   SensorService-781   [000] ...2   236.713758: sched_switch: prev_comm=SensorService prev_pid=781 prev_prio=112 prev_state=S ==> next_comm=ple.h2benchmark next_pid=3322 next_prio=120
      android.ui-786   [001] ...2   236.713814: sched_switch: prev_comm=android.ui prev_pid=786 prev_prio=118 prev_state=S ==> next_comm=traced next_pid=202 next_prio=120
           <...>-3322  [000] ...2   236.714703: sched_switch: prev_comm=ple.h2benchmark prev_pid=3322 prev_prio=120 prev_state=S ==> next_comm=swapper/0 next_pid=0 next_prio=120
          <idle>-0     [000] ...2   236.714727: sched_switch: prev_comm=swapper/0 prev_pid=0 prev_prio=120 prev_state=R ==> next_comm=ksoftirqd/0 next_pid=3 next_prio=120
     ksoftirqd/0-3     [000] ...2   236.714806: sched_switch: prev_comm=ksoftirqd/0 prev_pid=3 prev_prio=120 prev_state=S ==> next_comm=swapper/0 next_pid=0 next_prio=120
          <idle>-0     [000] ...2   236.714829: sched_switch: prev_comm=swapper/0 prev_pid=0 prev_prio=120 prev_state=R ==> next_comm=ksoftirqd/0 next_pid=3 next_prio=120
     ksoftirqd/0-3     [000] ...2   236.714843: sched_switch: prev_comm=ksoftirqd/0 prev_pid=3 prev_prio=120 prev_state=S ==> next_comm=swapper/0 next_pid=0 next_prio=120
          <idle>-0     [000] ...2   236.714864: sched_switch: prev_comm=swapper/0 prev_pid=0 prev_prio=120 prev_state=R ==> next_comm=ksoftirqd/0 next_pid=3 next_prio=120
     ksoftirqd/0-3     [000] ...2   236.714876: sched_switch: prev_comm=ksoftirqd/0 prev_pid=3 prev_prio=120 prev_state=S ==> next_comm=swapper/0 next_pid=0 next_prio=120
          <idle>-0     [000] ...2   236.715762: sched_switch: prev_comm=swapper/0 prev_pid=0 prev_prio=120 prev_state=R ==> next_comm=ple.h2benchmark next_pid=3322 next_prio=120
           <...>-3322  [000] ...2   236.718831: sched_switch: prev_comm=ple.h2benchmark prev_pid=3322 prev_prio=120 prev_state=R+ ==> next_comm=kworker/u:1 next_pid=21 next_prio=120
     kworker/u:1-21    [000] ...2   236.718855: sched_switch: prev_comm=kworker/u:1 prev_pid=21 prev_prio=120 prev_state=S ==> next_comm=mpdecision next_pid=1831 next_prio=113
      mpdecision-1831  [000] ...2   236.719254: sched_switch: prev_comm=mpdecision prev_pid=1831 prev_prio=113 prev_state=S ==> next_comm=ple.h2benchmark next_pid=3322 next_prio=120
           <...>-3322  [000] ...2   236.722336: sched_switch: prev_comm=ple.h2benchmark prev_pid=3322 prev_prio=120 prev_state=S ==> next_comm=swapper/0 next_pid=0 next_prio=120
