           <...>-3322  [000] ...2   237.210341: sched_switch: prev_comm=ple.h2benchmark prev_pid=3322 prev_prio=120 prev_state=R ==> next_comm=Benchmark.mv.db next_pid=4911 next_prio=120
           <...>-4911  [000] ...2   237.210395: sched_switch: prev_comm=Benchmark.mv.db prev_pid=4911 prev_prio=120 prev_state=S ==> next_comm=ple.h2benchmark next_pid=3322 next_prio=120
           <...>-3322  [000] ...2   237.211384: sched_switch: prev_comm=ple.h2benchmark prev_pid=3322 prev_prio=120 prev_state=S ==> next_comm=swapper/0 next_pid=0 next_prio=120
          <idle>-0     [000] ...2   237.212444: sched_switch: prev_comm=swapper/0 prev_pid=0 prev_prio=120 prev_state=R ==> next_comm=ple.h2benchmark next_pid=3322 next_prio=120
           <...>-3322  [000] ...2   237.218426: sched_switch: prev_comm=ple.h2benchmark prev_pid=3322 prev_prio=120 prev_state=S ==> next_comm=swapper/0 next_pid=0 next_prio=120
          <idle>-0     [000] ...2   237.218832: sched_switch: prev_comm=swapper/0 prev_pid=0 prev_prio=120 prev_state=R ==> next_comm=kworker/u:1 next_pid=21 next_prio=120
     kworker/u:1-21    [000] ...2   237.218855: sched_switch: prev_comm=kworker/u:1 prev_pid=21 prev_prio=120 prev_state=S ==> next_comm=mpdecision next_pid=1831 next_prio=113
      mpdecision-1831  [000] ...2   237.219244: sched_switch: prev_comm=mpdecision prev_pid=1831 prev_prio=113 prev_state=S ==> next_comm=swapper/0 next_pid=0 next_prio=120
          <idle>-0     [000] ...2   237.219268: sched_switch: prev_comm=swapper/0 prev_pid=0 prev_prio=120 prev_state=R ==> next_comm=ksoftirqd/0 next_pid=3 next_prio=120
     ksoftirqd/0-3     [000] ...2   237.219285: sched_switch: prev_comm=ksoftirqd/0 prev_pid=3 prev_prio=120 prev_state=S ==> next_comm=swapper/0 next_pid=0 next_prio=120
          <idle>-0     [000] ...2   237.219307: sched_switch: prev_comm=swapper/0 prev_pid=0 prev_prio=120 prev_state=R ==> next_comm=ksoftirqd/0 next_pid=3 next_prio=120
     ksoftirqd/0-3     [000] ...2   237.219320: sched_switch: prev_comm=ksoftirqd/0 prev_pid=3 prev_prio=120 prev_state=S ==> next_comm=swapper/0 next_pid=0 next_prio=120
          <idle>-0     [000] ...2   237.219341: sched_switch: prev_comm=swapper/0 prev_pid=0 prev_prio=120 prev_state=R ==> next_comm=ksoftirqd/0 next_pid=3 next_prio=120
     ksoftirqd/0-3     [000] ...2   237.219354: sched_switch: prev_comm=ksoftirqd/0 prev_pid=3 prev_prio=120 prev_state=S ==> next_comm=swapper/0 next_pid=0 next_prio=120
          <idle>-0     [000] ...2   237.219481: sched_switch: prev_comm=swapper/0 prev_pid=0 prev_prio=120 prev_state=R ==> next_comm=ple.h2benchmark next_pid=3322 next_prio=120
           <...>-3322  [000] ...2   237.225439: sched_switch: prev_comm=ple.h2benchmark prev_pid=3322 prev_prio=120 prev_state=S ==> next_comm=swapper/0 next_pid=0 next_prio=120
          <idle>-0     [000] ...2   237.226494: sched_switch: prev_comm=swapper/0 prev_pid=0 prev_prio=120 prev_state=R ==> next_comm=ple.h2benchmark next_pid=3322 next_prio=120
           <...>-3322  [000] ...2   237.229476: sched_switch: prev_comm=ple.h2benchmark prev_pid=3322 prev_prio=120 prev_state=R ==> next_comm=e.process.gapp next_pid=1421 next_prio=120
  e.process.gapp-1421  [000] ...2   237.229502: sched_switch: prev_comm=e.process.gapp prev_pid=1421 prev_prio=120 prev_state=S ==> next_comm=ple.h2benchmark next_pid=3322 next_prio=120
           <...>-3322  [000] ...2   237.232460: sched_switch: prev_comm=ple.h2benchmark prev_pid=3322 prev_prio=120 prev_state=S ==> next_comm=swapper/0 next_pid=0 next_prio=120
          <idle>-0     [000] ...2   237.232486: sched_switch: prev_comm=swapper/0 prev_pid=0 prev_prio=120 prev_state=R ==> next_comm=ksoftirqd/0 next_pid=3 next_prio=120
     ksoftirqd/0-3     [000] ...2   237.232500: sched_switch: prev_comm=ksoftirqd/0 prev_pid=3 prev_prio=120 prev_state=S ==> next_comm=swapper/0 next_pid=0 next_prio=120
          <idle>-0     [000] ...2   237.232521: sched_switch: prev_comm=swapper/0 prev_pid=0 prev_prio=120 prev_state=R ==> next_comm=ksoftirqd/0 next_pid=3 next_prio=120
     ksoftirqd/0-3     [000] ...2   237.232533: sched_switch: prev_comm=ksoftirqd/0 prev_pid=3 prev_prio=120 prev_state=S ==> next_comm=swapper/0 next_pid=0 next_prio=120
          <idle>-0     [000] ...2   237.232553: sched_switch: prev_comm=swapper/0 prev_pid=0 prev_prio=120 prev_state=R ==> next_comm=ksoftirqd/0 next_pid=3 next_prio=120
     ksoftirqd/0-3     [000] ...2   237.232565: sched_switch: prev_comm=ksoftirqd/0 prev_pid=3 prev_prio=120 prev_state=S ==> next_comm=swapper/0 next_pid=0 next_prio=120
          <idle>-0     [000] ...2   237.233520: sched_switch: prev_comm=swapper/0 prev_pid=0 prev_prio=120 prev_state=R ==> next_comm=ple.h2benchmark next_pid=3322 next_prio=120
           <...>-3322  [000] ...2   237.238839: sched_switch: prev_comm=ple.h2benchmark prev_pid=3322 prev_prio=120 prev_state=R ==> next_comm=kworker/0:1H next_pid=17 next_prio=100
    kworker/0:1H-17    [000] ...2   237.238862: sched_switch: prev_comm=kworker/0:1H prev_pid=17 prev_prio=100 prev_state=S ==> next_comm=ple.h2benchmark next_pid=3322 next_prio=120
           <...>-3322  [000] ...2   237.239670: sched_switch: prev_comm=ple.h2benchmark prev_pid=3322 prev_prio=120 prev_state=S ==> next_comm=swapper/0 next_pid=0 next_prio=120
          <idle>-0     [000] ...2   237.239692: sched_switch: prev_comm=swapper/0 prev_pid=0 prev_prio=120 prev_state=R ==> next_comm=ksoftirqd/0 next_pid=3 next_prio=120
     ksoftirqd/0-3     [000] ...2   237.239709: sched_switch: prev_comm=ksoftirqd/0 prev_pid=3 prev_prio=120 prev_state=S ==> next_comm=swapper/0 next_pid=0 next_prio=120
          <idle>-0     [000] ...2   237.240728: sched_switch: prev_comm=swapper/0 prev_pid=0 prev_prio=120 prev_state=R ==> next_comm=ple.h2benchmark next_pid=3322 next_prio=120
           <...>-3322  [000] ...2   237.246595: sched_switch: prev_comm=ple.h2benchmark prev_pid=3322 prev_prio=120 prev_state=S ==> next_comm=swapper/0 next_pid=0 next_prio=120
          <idle>-0     [000] ...2   237.247655: sched_switch: prev_comm=swapper/0 prev_pid=0 prev_prio=120 prev_state=R ==> next_comm=ple.h2benchmark next_pid=3322 next_prio=120
          traced-202   [001] ...2   237.249183: sched_switch: prev_comm=traced prev_pid=202 prev_prio=120 prev_state=R ==> next_comm=ple.h2benchmar next_pid=3329 next_prio=120
  ple.h2benchmar-3329  [001] ...2   237.249199: sched_switch: prev_comm=ple.h2benchmar prev_pid=3329 prev_prio=120 prev_state=S ==> next_comm=traced next_pid=202 next_prio=120
           <...>-3322  [000] ...2   237.253510: sched_switch: prev_comm=ple.h2benchmark prev_pid=3322 prev_prio=120 prev_state=S ==> next_comm=swapper/0 next_pid=0 next_prio=120
          <idle>-0     [000] ...2   237.254568: sched_switch: prev_comm=swapper/0 prev_pid=0 prev_prio=120 prev_state=R ==> next_comm=ple.h2benchmark next_pid=3322 next_prio=120
           <...>-3322  [000] ...2   237.257983: sched_switch: prev_comm=ple.h2benchmark prev_pid=3322 prev_prio=120 prev_state=R ==> next_comm=kworker/u:1 next_pid=21 next_prio=120
     kworker/u:1-21    [000] ...2   237.258045: sched_switch: prev_comm=kworker/u:1 prev_pid=21 prev_prio=120 prev_state=S ==> next_comm=kworker/u:3 next_pid=113 next_prio=120
     kworker/u:3-113   [000] ...2   237.258056: sched_switch: prev_comm=kworker/u:3 prev_pid=113 prev_prio=120 prev_state=S ==> next_comm=sensors.qcom next_pid=860 next_prio=120
    sensors.qcom-860   [000] ...2   237.258159: sched_switch: prev_comm=sensors.qcom prev_pid=860 prev_prio=120 prev_state=S ==> next_comm=sensors.qcom next_pid=732 next_prio=120
    sensors.qcom-732   [000] ...2   237.258227: sched_switch: prev_comm=sensors.qcom prev_pid=732 prev_prio=120 prev_state=S ==> next_comm=system_server next_pid=736 next_prio=118
          traced-202   [001] ...2   237.258368: sched_switch: prev_comm=traced prev_pid=202 prev_prio=120 prev_state=R ==> next_comm=system_server next_pid=740 next_prio=118
   system_server-740   [001] ...2   237.258392: sched_switch: prev_comm=system_server prev_pid=740 prev_prio=118 prev_state=S ==> next_comm=traced next_pid=202 next_prio=120
   system_server-736   [000] ...2   237.258411: sched_switch: prev_comm=system_server prev_pid=736 prev_prio=118 prev_state=S ==> next_comm=SensorService next_pid=781 next_prio=112
          traced-202   [001] ...2   237.258467: sched_switch: prev_comm=traced prev_pid=202 prev_prio=120 prev_state=R ==> next_comm=android.ui next_pid=786 next_prio=118
   SensorService-781   [000] ...2   237.258495: sched_switch: prev_comm=SensorService prev_pid=781 prev_prio=112 prev_state=S ==> next_comm=ple.h2benchmark next_pid=3322 next_prio=120
      android.ui-786   [001] ...2   237.258537: sched_switch: prev_comm=android.ui prev_pid=786 prev_prio=118 prev_state=S ==> next_comm=traced next_pid=202 next_prio=120
           <...>-3322  [000] ...2   237.260449: sched_switch: prev_comm=ple.h2benchmark prev_pid=3322 prev_prio=120 prev_state=R ==> next_comm=Benchmark.mv.db next_pid=4911 next_prio=120
           <...>-4911  [000] ...2   237.260505: sched_switch: prev_comm=Benchmark.mv.db prev_pid=4911 prev_prio=120 prev_state=S ==> next_comm=ple.h2benchmark next_pid=3322 next_prio=120
           <...>-3322  [000] ...2   237.261097: sched_switch: prev_comm=ple.h2benchmark prev_pid=3322 prev_prio=120 prev_state=S ==> next_comm=swapper/0 next_pid=0 next_prio=120
          <idle>-0     [000] ...2   237.262157: sched_switch: prev_comm=swapper/0 prev_pid=0 prev_prio=120 prev_state=R ==> next_comm=ple.h2benchmark next_pid=3322 next_prio=120
           <...>-3322  [000] ...2   237.268363: sched_switch: prev_comm=ple.h2benchmark prev_pid=3322 prev_prio=120 prev_state=S ==> next_comm=swapper/0 next_pid=0 next_prio=120
          <idle>-0     [000] ...2   237.268831: sched_switch: prev_comm=swapper/0 prev_pid=0 prev_prio=120 prev_state=R ==> next_comm=kworker/u:3 next_pid=113 next_prio=120
     kworker/u:3-113   [000] ...2   237.268856: sched_switch: prev_comm=kworker/u:3 prev_pid=113 prev_prio=120 prev_state=S ==> next_comm=mpdecision next_pid=1831 next_prio=113
      mpdecision-1831  [000] ...2   237.269243: sched_switch: prev_comm=mpdecision prev_pid=1831 prev_prio=113 prev_state=S ==> next_comm=swapper/0 next_pid=0 next_prio=120
          <idle>-0     [000] ...2   237.269265: sched_switch: prev_comm=swapper/0 prev_pid=0 prev_prio=120 prev_state=R ==> next_comm=ksoftirqd/0 next_pid=3 next_prio=120
     ksoftirqd/0-3     [000] ...2   237.269282: sched_switch: prev_comm=ksoftirqd/0 prev_pid=3 prev_prio=120 prev_state=S ==> next_comm=swapper/0 next_pid=0 next_prio=120
          <idle>-0     [000] ...2   237.269303: sched_switch: prev_comm=swapper/0 prev_pid=0 prev_prio=120 prev_state=R ==> next_comm=ksoftirqd/0 next_pid=3 next_prio=120
     ksoftirqd/0-3     [000] ...2   237.269317: sched_switch: prev_comm=ksoftirqd/0 prev_pid=3 prev_prio=120 prev_state=S ==> next_comm=swapper/0 next_pid=0 next_prio=120
          <idle>-0     [000] ...2   237.269337: sched_switch: prev_comm=swapper/0 prev_pid=0 prev_prio=120 prev_state=R ==> next_comm=ksoftirqd/0 next_pid=3 next_prio=120
     ksoftirqd/0-3     [000] ...2   237.269350: sched_switch: prev_comm=ksoftirqd/0 prev_pid=3 prev_prio=120 prev_state=S ==> next_comm=swapper/0 next_pid=0 next_prio=120
          <idle>-0     [000] ...2   237.269422: sched_switch: prev_comm=swapper/0 prev_pid=0 prev_prio=120 prev_state=R ==> next_comm=ple.h2benchmark next_pid=3322 next_prio=120
           <...>-3322  [000] ...2   237.275392: sched_switch: prev_comm=ple.h2benchmark prev_pid=3322 prev_prio=120 prev_state=S ==> next_comm=swapper/0 next_pid=0 next_prio=120
          <idle>-0     [000] ...2   237.276446: sched_switch: prev_comm=swapper/0 prev_pid=0 prev_prio=120 prev_state=R ==> next_comm=ple.h2benchmark next_pid=3322 next_prio=120
           <...>-3322  [000] ...2   237.282237: sched_switch: prev_comm=ple.h2benchmark prev_pid=3322 prev_prio=120 prev_state=S ==> next_comm=swapper/0 next_pid=0 next_prio=120
          <idle>-0     [000] ...2   237.282259: sched_switch: prev_comm=swapper/0 prev_pid=0 prev_prio=120 prev_state=R ==> next_comm=ksoftirqd/0 next_pid=3 next_prio=120
     ksoftirqd/0-3     [000] ...2   237.282272: sched_switch: prev_comm=ksoftirqd/0 prev_pid=3 prev_prio=120 prev_state=S ==> next_comm=swapper/0 next_pid=0 next_prio=120
          <idle>-0     [000] ...2   237.282289: sched_switch: prev_comm=swapper/0 prev_pid=0 prev_prio=120 prev_state=R ==> next_comm=ksoftirqd/0 next_pid=3 next_prio=120
     ksoftirqd/0-3     [000] ...2   237.282302: sched_switch: prev_comm=ksoftirqd/0 prev_pid=3 prev_prio=120 prev_state=S ==> next_comm=swapper/0 next_pid=0 next_prio=120
          <idle>-0     [000] ...2   237.282318: sched_switch: prev_comm=swapper/0 prev_pid=0 prev_prio=120 prev_state=R ==> next_comm=ksoftirqd/0 next_pid=3 next_prio=120
     ksoftirqd/0-3     [000] ...2   237.282330: sched_switch: prev_comm=ksoftirqd/0 prev_pid=3 prev_prio=120 prev_state=S ==> next_comm=swapper/0 next_pid=0 next_prio=120
          <idle>-0     [000] ...2   237.283290: sched_switch: prev_comm=swapper/0 prev_pid=0 prev_prio=120 prev_state=R ==> next_comm=ple.h2benchmark next_pid=3322 next_prio=120
           <...>-3322  [000] ...2   237.288846: sched_switch: prev_comm=ple.h2benchmark prev_pid=3322 prev_prio=120 prev_state=R ==> next_comm=kworker/0:2 next_pid=98 next_prio=120
     kworker/0:2-98    [000] ...2   237.288916: sched_switch: prev_comm=kworker/0:2 prev_pid=98 prev_prio=120 prev_state=S ==> next_comm=kworker/0:1H next_pid=17 next_prio=100
    kworker/0:1H-17    [000] ...2   237.288939: sched_switch: prev_comm=kworker/0:1H prev_pid=17 prev_prio=100 prev_state=S ==> next_comm=ple.h2benchmark next_pid=3322 next_prio=120
           <...>-3322  [000] ...2   237.289225: sched_switch: prev_comm=ple.h2benchmark prev_pid=3322 prev_prio=120 prev_state=S ==> next_comm=swapper/0 next_pid=0 next_prio=120
          <idle>-0     [000] ...2   237.289248: sched_switch: prev_comm=swapper/0 prev_pid=0 prev_prio=120 prev_state=R ==> next_comm=ksoftirqd/0 next_pid=3 next_prio=120
     ksoftirqd/0-3     [000] ...2   237.289265: sched_switch: prev_comm=ksoftirqd/0 prev_pid=3 prev_prio=120 prev_state=S ==> next_comm=swapper/0 next_pid=0 next_prio=120
          <idle>-0     [000] ...2   237.290283: sched_switch: prev_comm=swapper/0 prev_pid=0 prev_prio=120 prev_state=R ==> next_comm=ple.h2benchmark next_pid=3322 next_prio=120
           <...>-3322  [000] ...2   237.296447: sched_switch: prev_comm=ple.h2benchmark prev_pid=3322 prev_prio=120 prev_state=S ==> next_comm=swapper/0 next_pid=0 next_prio=120
          <idle>-0     [000] ...2   237.297506: sched_switch: prev_comm=swapper/0 prev_pid=0 prev_prio=120 prev_state=R ==> next_comm=ple.h2benchmark next_pid=3322 next_prio=120
           <...>-3322  [000] ...2   237.302166: sched_switch: prev_comm=ple.h2benchmark prev_pid=3322 prev_prio=120 prev_state=R ==> next_comm=kworker/u:3 next_pid=113 next_prio=120
     kworker/u:3-113   [000] ...2   237.302224: sched_switch: prev_comm=kworker/u:3 prev_pid=113 prev_prio=120 prev_state=S ==> next_comm=kworker/u:1 next_pid=21 next_prio=120
     kworker/u:1-21    [000] ...2   237.302234: sched_switch: prev_comm=kworker/u:1 prev_pid=21 prev_prio=120 prev_state=S ==> next_comm=sensors.qcom next_pid=860 next_prio=120
    sensors.qcom-860   [000] ...2   237.302334: sched_switch: prev_comm=sensors.qcom prev_pid=860 prev_prio=120 prev_state=S ==> next_comm=sensors.qcom next_pid=732 next_prio=120
    sensors.qcom-732   [000] ...2   237.302400: sched_switch: prev_comm=sensors.qcom prev_pid=732 prev_prio=120 prev_state=S ==> next_comm=system_server next_pid=736 next_prio=118
          traced-202   [001] ...2   237.302542: sched_switch: prev_comm=traced prev_pid=202 prev_prio=120 prev_state=R ==> next_comm=system_server next_pid=740 next_prio=118
   system_server-740   [001] ...2   237.302562: sched_switch: prev_comm=system_server prev_pid=740 prev_prio=118 prev_state=S ==> next_comm=traced next_pid=202 next_prio=120
   system_server-736   [000] ...2   237.302586: sched_switch: prev_comm=system_server prev_pid=736 prev_prio=118 prev_state=S ==> next_comm=ple.h2benchmark next_pid=3322 next_prio=120
           <...>-3322  [000] ...2   237.303857: sched_switch: prev_comm=ple.h2benchmark prev_pid=3322 prev_prio=120 prev_state=S ==> next_comm=swapper/0 next_pid=0 next_prio=120
          <idle>-0     [000] ...2   237.304914: sched_switch: prev_comm=swapper/0 prev_pid=0 prev_prio=120 prev_state=R ==> next_comm=ple.h2benchmark next_pid=3322 next_prio=120
           <...>-3322  [000] ...2   237.310561: sched_switch: prev_comm=ple.h2benchmark prev_pid=3322 prev_prio=120 prev_state=R ==> next_comm=Benchmark.mv.db next_pid=4911 next_prio=120
           <...>-4911  [000] ...2   237.310614: sched_switch: prev_comm=Benchmark.mv.db prev_pid=4911 prev_prio=120 prev_state=S ==> next_comm=ple.h2benchmark next_pid=3322 next_prio=120
           <...>-3322  [000] ...2   237.311036: sched_switch: prev_comm=ple.h2benchmark prev_pid=3322 prev_prio=120 prev_state=S ==> next_comm=swapper/0 next_pid=0 next_prio=120
          <idle>-0     [000] ...2   237.312096: sched_switch: prev_comm=swapper/0 prev_pid=0 prev_prio=120 prev_state=R ==> next_comm=ple.h2benchmark next_pid=3322 next_prio=120
           <...>-3322  [000] ...2   237.317955: sched_switch: prev_comm=ple.h2benchmark prev_pid=3322 prev_prio=120 prev_state=S ==> next_comm=swapper/0 next_pid=0 next_prio=120
          traced-202   [001] ...2   237.318830: sched_switch: prev_comm=traced prev_pid=202 prev_prio=120 prev_state=R ==> next_comm=kworker/1:1 next_pid=4474 next_prio=120
          <idle>-0     [000] ...2   237.318830: sched_switch: prev_comm=swapper/0 prev_pid=0 prev_prio=120 prev_state=R ==> next_comm=kworker/u:1 next_pid=21 next_prio=120
     kworker/1:1-4474  [001] ...2   237.318848: sched_switch: prev_comm=kworker/1:1 prev_pid=4474 prev_prio=120 prev_state=S ==> next_comm=traced next_pid=202 next_prio=120
     kworker/u:1-21    [000] ...2   237.318853: sched_switch: prev_comm=kworker/u:1 prev_pid=21 prev_prio=120 prev_state=S ==> next_comm=mpdecision next_pid=1831 next_prio=113
      mpdecision-1831  [000] ...2   237.319258: sched_switch: prev_comm=mpdecision prev_pid=1831 prev_prio=113 prev_state=S ==> next_comm=ple.h2benchmark next_pid=3322 next_prio=120
           <...>-3322  [000] ...2   237.320244: sched_switch: prev_comm=ple.h2benchmark prev_pid=3322 prev_prio=120 prev_state=R ==> next_comm=adbd next_pid=3222 next_prio=120
            adbd-3222  [000] ...2   237.320270: sched_switch: prev_comm=adbd prev_pid=3222 prev_prio=120 prev_state=S ==> next_comm=ple.h2benchmark next_pid=3322 next_prio=120
           <...>-3322  [000] ...2   237.320430: sched_switch: prev_comm=ple.h2benchmark prev_pid=3322 prev_prio=120 prev_state=R ==> next_comm=adbd next_pid=3222 next_prio=120
            adbd-3222  [000] ...2   237.320496: sched_switch: prev_comm=adbd prev_pid=3222 prev_prio=120 prev_state=S ==> next_comm=adbd next_pid=2393 next_prio=120
            adbd-2393  [000] ...2   237.321603: sched_switch: prev_comm=adbd prev_pid=2393 prev_prio=120 prev_state=D ==> next_comm=adbd next_pid=3221 next_prio=120
            adbd-3221  [000] ...2   237.321713: sched_switch: prev_comm=adbd prev_pid=3221 prev_prio=120 prev_state=S ==> next_comm=kworker/0:2 next_pid=98 next_prio=120
     kworker/0:2-98    [000] ...2   237.321738: sched_switch: prev_comm=kworker/0:2 prev_pid=98 prev_prio=120 prev_state=S ==> next_comm=adbd next_pid=2393 next_prio=120
            adbd-2393  [000] ...2   237.321755: sched_switch: prev_comm=adbd prev_pid=2393 prev_prio=120 prev_state=S ==> next_comm=ple.h2benchmark next_pid=3322 next_prio=120
           <...>-3322  [000] ...2   237.325245: sched_switch: prev_comm=ple.h2benchmark prev_pid=3322 prev_prio=120 prev_state=R ==> next_comm=adbd next_pid=3222 next_prio=120
            adbd-3222  [000] ...2   237.325290: sched_switch: prev_comm=adbd prev_pid=3222 prev_prio=120 prev_state=S ==> next_comm=ple.h2benchmark next_pid=3322 next_prio=120
           <...>-3322  [000] ...2   237.325501: sched_switch: prev_comm=ple.h2benchmark prev_pid=3322 prev_prio=120 prev_state=R ==> next_comm=adbd next_pid=3222 next_prio=120
            adbd-3222  [000] ...2   237.325554: sched_switch: prev_comm=adbd prev_pid=3222 prev_prio=120 prev_state=S ==> next_comm=adbd next_pid=2393 next_prio=120
          traced-202   [001] ...2   237.326065: sched_switch: prev_comm=traced prev_pid=202 prev_prio=120 prev_state=R ==> next_comm=adbd next_pid=4915 next_prio=120
            adbd-2393  [000] ...2   237.326513: sched_switch: prev_comm=adbd prev_pid=2393 prev_prio=120 prev_state=D ==> next_comm=adbd next_pid=3221 next_prio=120
            adbd-3221  [000] ...2   237.326614: sched_switch: prev_comm=adbd prev_pid=3221 prev_prio=120 prev_state=S ==> next_comm=kworker/0:2 next_pid=98 next_prio=120
     kworker/0:2-98    [000] ...2   237.326641: sched_switch: prev_comm=kworker/0:2 prev_pid=98 prev_prio=120 prev_state=S ==> next_comm=adbd next_pid=2393 next_prio=120
            adbd-2393  [000] ...2   237.326667: sched_switch: prev_comm=adbd prev_pid=2393 prev_prio=120 prev_state=S ==> next_comm=ple.h2benchmark next_pid=3322 next_prio=120
           <...>-3322  [000] ...2   237.328573: sched_switch: prev_comm=ple.h2benchmark prev_pid=3322 prev_prio=120 prev_state=S ==> next_comm=adbd next_pid=4918 next_prio=120
           <...>-4918  [000] ...2   237.328622: sched_switch: prev_comm=adbd prev_pid=4918 prev_prio=120 prev_state=S ==> next_comm=adbd next_pid=4917 next_prio=120
           <...>-4915  [001] ...2   237.332690: sched_switch: prev_comm=sh prev_pid=4915 prev_prio=120 prev_state=R+ ==> next_comm=kworker/1:1 next_pid=4474 next_prio=120
           <...>-4917  [000] ...2   237.332713: sched_switch: prev_comm=sh prev_pid=4917 prev_prio=120 prev_state=R+ ==> next_comm=adbd next_pid=2393 next_prio=120
     kworker/1:1-4474  [001] ...2   237.332713: sched_switch: prev_comm=kworker/1:1 prev_pid=4474 prev_prio=120 prev_state=S ==> next_comm=traced next_pid=202 next_prio=120
            adbd-2393  [000] ...2   237.333029: sched_switch: prev_comm=adbd prev_pid=2393 prev_prio=120 prev_state=S ==> next_comm=adbd next_pid=3221 next_prio=120
            adbd-3221  [000] ...2   237.333122: sched_switch: prev_comm=adbd prev_pid=3221 prev_prio=120 prev_state=S ==> next_comm=ple.h2benchmark next_pid=3322 next_prio=120
           <...>-3322  [000] ...2   237.333447: sched_switch: prev_comm=ple.h2benchmark prev_pid=3322 prev_prio=120 prev_state=R ==> next_comm=adbd next_pid=3222 next_prio=120
            adbd-3222  [000] ...2   237.333511: sched_switch: prev_comm=adbd prev_pid=3222 prev_prio=120 prev_state=S ==> next_comm=adbd next_pid=2393 next_prio=120
            adbd-2393  [000] ...2   237.333740: sched_switch: prev_comm=adbd prev_pid=2393 prev_prio=120 prev_state=S ==> next_comm=adbd next_pid=3221 next_prio=120
            adbd-3221  [000] ...2   237.333751: sched_switch: prev_comm=adbd prev_pid=3221 prev_prio=120 prev_state=S ==> next_comm=ple.h2benchmark next_pid=3322 next_prio=120
          traced-202   [001] ...2   237.338839: sched_switch: prev_comm=traced prev_pid=202 prev_prio=120 prev_state=R ==> next_comm=kworker/1:0H next_pid=4472 next_prio=100
           <...>-3322  [000] ...2   237.338847: sched_switch: prev_comm=ple.h2benchmark prev_pid=3322 prev_prio=120 prev_state=R ==> next_comm=kworker/0:1H next_pid=17 next_prio=100
    kworker/1:0H-4472  [001] ...2   237.338858: sched_switch: prev_comm=kworker/1:0H prev_pid=4472 prev_prio=100 prev_state=S ==> next_comm=sh next_pid=4915 next_prio=120
    kworker/0:1H-17    [000] ...2   237.338869: sched_switch: prev_comm=kworker/0:1H prev_pid=17 prev_prio=100 prev_state=S ==> next_comm=adbd next_pid=4916 next_prio=120
           <...>-4915  [001] ...2   237.338870: sched_switch: prev_comm=sh prev_pid=4915 prev_prio=120 prev_state=R+ ==> next_comm=kworker/1:1 next_pid=4474 next_prio=120
     kworker/1:1-4474  [001] ...2   237.338885: sched_switch: prev_comm=kworker/1:1 prev_pid=4474 prev_prio=120 prev_state=S ==> next_comm=sh next_pid=4915 next_prio=120
           <...>-4916  [000] ...2   237.338885: sched_switch: prev_comm=adbd prev_pid=4916 prev_prio=120 prev_state=R+ ==> next_comm=adbd next_pid=2393 next_prio=120
            adbd-2393  [000] ...2   237.339148: sched_switch: prev_comm=adbd prev_pid=2393 prev_prio=120 prev_state=S ==> next_comm=adbd next_pid=3221 next_prio=120
            adbd-3221  [000] ...2   237.339235: sched_switch: prev_comm=adbd prev_pid=3221 prev_prio=120 prev_state=S ==> next_comm=adbd next_pid=4916 next_prio=120
           <...>-4916  [000] ...2   237.339262: sched_switch: prev_comm=adbd prev_pid=4916 prev_prio=120 prev_state=S ==> next_comm=sh next_pid=4917 next_prio=120
           <...>-4915  [001] ...3   237.339505: sched_switch: prev_comm=sh prev_pid=4915 prev_prio=120 prev_state=x ==> next_comm=adbd next_pid=4916 next_prio=120
           <...>-4916  [001] ...2   237.339569: sched_switch: prev_comm=adbd prev_pid=4916 prev_prio=120 prev_state=R+ ==> next_comm=adbd next_pid=2393 next_prio=120
           <...>-4917  [000] ...2   237.339591: sched_switch: prev_comm=sh prev_pid=4917 prev_prio=120 prev_state=R+ ==> next_comm=adbd next_pid=3222 next_prio=120
            adbd-3222  [000] ...2   237.339635: sched_switch: prev_comm=adbd prev_pid=3222 prev_prio=120 prev_state=S ==> next_comm=sh next_pid=4917 next_prio=120
           <...>-4917  [000] ...2   237.339679: sched_switch: prev_comm=sh prev_pid=4917 prev_prio=120 prev_state=R ==> next_comm=adbd next_pid=3221 next_prio=120
            adbd-3221  [000] ...2   237.339750: sched_switch: prev_comm=adbd prev_pid=3221 prev_prio=120 prev_state=S ==> next_comm=sh next_pid=4917 next_prio=120
           <...>-4917  [000] ...2   237.339794: sched_switch: prev_comm=sh prev_pid=4917 prev_prio=120 prev_state=R+ ==> next_comm=adbd next_pid=3221 next_prio=120
            adbd-3221  [000] ...2   237.339805: sched_switch: prev_comm=adbd prev_pid=3221 prev_prio=120 prev_state=S ==> next_comm=sh next_pid=4917 next_prio=120
            adbd-2393  [001] ...2   237.339852: sched_switch: prev_comm=adbd prev_pid=2393 prev_prio=120 prev_state=S ==> next_comm=kworker/1:1 next_pid=4474 next_prio=120
     kworker/1:1-4474  [001] ...2   237.339864: sched_switch: prev_comm=kworker/1:1 prev_pid=4474 prev_prio=120 prev_state=S ==> next_comm=adbd next_pid=4916 next_prio=120
           <...>-4916  [001] ...3   237.339923: sched_switch: prev_comm=adbd prev_pid=4916 prev_prio=120 prev_state=x ==> next_comm=traced next_pid=202 next_prio=120
           <...>-4917  [000] ...2   237.340098: sched_switch: prev_comm=sh prev_pid=4917 prev_prio=120 prev_state=R+ ==> next_comm=adbd next_pid=3222 next_prio=120
          traced-202   [001] ...2   237.340128: sched_switch: prev_comm=traced prev_pid=202 prev_prio=120 prev_state=R ==> next_comm=adbd next_pid=2393 next_prio=120
            adbd-3222  [000] ...2   237.340151: sched_switch: prev_comm=adbd prev_pid=3222 prev_prio=120 prev_state=S ==> next_comm=ple.h2benchmark next_pid=3322 next_prio=120
            adbd-2393  [001] ...2   237.340263: sched_switch: prev_comm=adbd prev_pid=2393 prev_prio=120 prev_state=S ==> next_comm=adbd next_pid=3221 next_prio=120
            adbd-3221  [001] ...2   237.340269: sched_switch: prev_comm=adbd prev_pid=3221 prev_prio=120 prev_state=S ==> next_comm=traced next_pid=202 next_prio=120
           <...>-3322  [000] ...2   237.341357: sched_switch: prev_comm=ple.h2benchmark prev_pid=3322 prev_prio=120 prev_state=S ==> next_comm=sh next_pid=4917 next_prio=120
           <...>-4917  [000] ...2   237.348841: sched_switch: prev_comm=sh prev_pid=4917 prev_prio=120 prev_state=R+ ==> next_comm=ple.h2benchmark next_pid=3322 next_prio=120
           <...>-3322  [000] ...2   237.355262: sched_switch: prev_comm=ple.h2benchmark prev_pid=3322 prev_prio=120 prev_state=S ==> next_comm=sh next_pid=4917 next_prio=120
           <...>-4917  [000] ...2   237.355626: sched_switch: prev_comm=sh prev_pid=4917 prev_prio=120 prev_state=R+ ==> next_comm=adbd next_pid=3222 next_prio=120
            adbd-3222  [000] ...2   237.355651: sched_switch: prev_comm=adbd prev_pid=3222 prev_prio=120 prev_state=S ==> next_comm=sh next_pid=4917 next_prio=120
           <...>-4917  [000] ...2   237.355863: sched_switch: prev_comm=sh prev_pid=4917 prev_prio=120 prev_state=R+ ==> next_comm=adbd next_pid=3222 next_prio=120
          traced-202   [001] ...2   237.355904: sched_switch: prev_comm=traced prev_pid=202 prev_prio=120 prev_state=R ==> next_comm=adbd next_pid=2393 next_prio=120
            adbd-3222  [000] ...2   237.355931: sched_switch: prev_comm=adbd prev_pid=3222 prev_prio=120 prev_state=S ==> next_comm=sh next_pid=4917 next_prio=120
           <...>-4917  [000] ...2   237.356502: sched_switch: prev_comm=sh prev_pid=4917 prev_prio=120 prev_state=S ==> next_comm=ple.h2benchmark next_pid=3322 next_prio=120
            adbd-2393  [001] ...2   237.356563: sched_switch: prev_comm=adbd prev_pid=2393 prev_prio=120 prev_state=D ==> next_comm=adbd next_pid=3221 next_prio=120
            adbd-3221  [001] ...2   237.356624: sched_switch: prev_comm=adbd prev_pid=3221 prev_prio=120 prev_state=S ==> next_comm=kworker/1:1 next_pid=4474 next_prio=120
     kworker/1:1-4474  [001] ...2   237.356640: sched_switch: prev_comm=kworker/1:1 prev_pid=4474 prev_prio=120 prev_state=S ==> next_comm=adbd next_pid=2393 next_prio=120
            adbd-2393  [001] ...2   237.356654: sched_switch: prev_comm=adbd prev_pid=2393 prev_prio=120 prev_state=S ==> next_comm=traced next_pid=202 next_prio=120
           <...>-3322  [000] ...2   237.356980: sched_switch: prev_comm=ple.h2benchmark prev_pid=3322 prev_prio=120 prev_state=R ==> next_comm=kworker/u:1 next_pid=21 next_prio=120
     kworker/u:1-21    [000] ...2   237.357075: sched_switch: prev_comm=kworker/u:1 prev_pid=21 prev_prio=120 prev_state=S ==> next_comm=kworker/u:3 next_pid=113 next_prio=120
     kworker/u:3-113   [000] ...2   237.357086: sched_switch: prev_comm=kworker/u:3 prev_pid=113 prev_prio=120 prev_state=S ==> next_comm=sensors.qcom next_pid=860 next_prio=120
    sensors.qcom-860   [000] ...2   237.357198: sched_switch: prev_comm=sensors.qcom prev_pid=860 prev_prio=120 prev_state=S ==> next_comm=sensors.qcom next_pid=732 next_prio=120
    sensors.qcom-732   [000] ...2   237.357270: sched_switch: prev_comm=sensors.qcom prev_pid=732 prev_prio=120 prev_state=S ==> next_comm=system_server next_pid=736 next_prio=118
          traced-202   [001] ...2   237.357431: sched_switch: prev_comm=traced prev_pid=202 prev_prio=120 prev_state=R ==> next_comm=system_server next_pid=740 next_prio=118
   system_server-740   [001] ...2   237.357460: sched_switch: prev_comm=system_server prev_pid=740 prev_prio=118 prev_state=S ==> next_comm=traced next_pid=202 next_prio=120
   system_server-736   [000] ...2   237.357474: sched_switch: prev_comm=system_server prev_pid=736 prev_prio=118 prev_state=S ==> next_comm=SensorService next_pid=781 next_prio=112
          traced-202   [001] ...2   237.357539: sched_switch: prev_comm=traced prev_pid=202 prev_prio=120 prev_state=R ==> next_comm=android.ui next_pid=786 next_prio=118
   SensorService-781   [000] ...2   237.357568: sched_switch: prev_comm=SensorService prev_pid=781 prev_prio=112 prev_state=S ==> next_comm=ple.h2benchmark next_pid=3322 next_prio=120
      android.ui-786   [001] ...2   237.357630: sched_switch: prev_comm=android.ui prev_pid=786 prev_prio=118 prev_state=S ==> next_comm=traced next_pid=202 next_prio=120
           <...>-3322  [000] ...2   237.360671: sched_switch: prev_comm=ple.h2benchmark prev_pid=3322 prev_prio=120 prev_state=R ==> next_comm=Benchmark.mv.db next_pid=4911 next_prio=120
           <...>-4911  [000] ...2   237.360730: sched_switch: prev_comm=Benchmark.mv.db prev_pid=4911 prev_prio=120 prev_state=S ==> next_comm=adbd next_pid=4920 next_prio=120
           <...>-4920  [000] ...2   237.361037: sched_switch: prev_comm=adbd prev_pid=4920 prev_prio=120 prev_state=R+ ==> next_comm=migration/0 next_pid=8 next_prio=0
          traced-202   [001] ...2   237.361054: sched_switch: prev_comm=traced prev_pid=202 prev_prio=120 prev_state=R ==> next_comm=adbd next_pid=4920 next_prio=120
     migration/0-8     [000] ...2   237.361058: sched_switch: prev_comm=migration/0 prev_pid=8 prev_prio=0 prev_state=S ==> next_comm=ple.h2benchmark next_pid=3322 next_prio=120
           <...>-3322  [000] ...2   237.364398: sched_switch: prev_comm=ple.h2benchmark prev_pid=3322 prev_prio=120 prev_state=S ==> next_comm=sh next_pid=4921 next_prio=120
           <...>-4920  [001] ...2   237.367518: sched_switch: prev_comm=sh prev_pid=4920 prev_prio=120 prev_state=R+ ==> next_comm=kworker/1:1 next_pid=4474 next_prio=120
     kworker/1:1-4474  [001] ...2   237.367540: sched_switch: prev_comm=kworker/1:1 prev_pid=4474 prev_prio=120 prev_state=S ==> next_comm=adbd next_pid=2393 next_prio=120
            adbd-2393  [001] ...2   237.367754: sched_switch: prev_comm=adbd prev_pid=2393 prev_prio=120 prev_state=S ==> next_comm=adbd next_pid=3221 next_prio=120
            adbd-3221  [001] ...2   237.367813: sched_switch: prev_comm=adbd prev_pid=3221 prev_prio=120 prev_state=S ==> next_comm=adbd next_pid=4922 next_prio=120
           <...>-4922  [001] ...2   237.367833: sched_switch: prev_comm=adbd prev_pid=4922 prev_prio=120 prev_state=S ==> next_comm=traced next_pid=202 next_prio=120
           <...>-4921  [000] ...2   237.368363: sched_switch: prev_comm=grep prev_pid=4921 prev_prio=120 prev_state=R+ ==> next_comm=adbd next_pid=3222 next_prio=120
          traced-202   [001] ...2   237.368410: sched_switch: prev_comm=traced prev_pid=202 prev_prio=120 prev_state=R ==> next_comm=adbd next_pid=2393 next_prio=120
            adbd-3222  [000] ...2   237.368433: sched_switch: prev_comm=adbd prev_pid=3222 prev_prio=120 prev_state=S ==> next_comm=sh next_pid=4919 next_prio=120
            adbd-2393  [001] ...2   237.368550: sched_switch: prev_comm=adbd prev_pid=2393 prev_prio=120 prev_state=S ==> next_comm=adbd next_pid=3221 next_prio=120
            adbd-3221  [001] ...2   237.368557: sched_switch: prev_comm=adbd prev_pid=3221 prev_prio=120 prev_state=S ==> next_comm=traced next_pid=202 next_prio=120
          traced-202   [001] ...2   237.368833: sched_switch: prev_comm=traced prev_pid=202 prev_prio=120 prev_state=R ==> next_comm=kworker/u:3 next_pid=113 next_prio=120
     kworker/u:3-113   [001] ...2   237.368849: sched_switch: prev_comm=kworker/u:3 prev_pid=113 prev_prio=120 prev_state=S ==> next_comm=traced next_pid=202 next_prio=120
           <...>-4919  [000] ...2   237.368869: sched_switch: prev_comm=sh prev_pid=4919 prev_prio=120 prev_state=R ==> next_comm=mpdecision next_pid=1831 next_prio=113
      mpdecision-1831  [000] ...2   237.369275: sched_switch: prev_comm=mpdecision prev_pid=1831 prev_prio=113 prev_state=S ==> next_comm=sh next_pid=4919 next_prio=120
           <...>-4919  [000] ...2   237.371350: sched_switch: prev_comm=sh prev_pid=4919 prev_prio=120 prev_state=R+ ==> next_comm=sh next_pid=4917 next_prio=120
           <...>-4917  [000] ...2   237.371448: sched_switch: prev_comm=sh prev_pid=4917 prev_prio=120 prev_state=S ==> next_comm=ple.h2benchmark next_pid=3322 next_prio=120
           <...>-3322  [000] ...2   237.377947: sched_switch: prev_comm=ple.h2benchmark prev_pid=3322 prev_prio=120 prev_state=S ==> next_comm=sh next_pid=4919 next_prio=120
           <...>-4919  [000] ...3   237.377958: sched_switch: prev_comm=sh prev_pid=4919 prev_prio=120 prev_state=x ==> next_comm=grep next_pid=4921 next_prio=120
          traced-202   [001] ...2   237.378828: sched_switch: prev_comm=traced prev_pid=202 prev_prio=120 prev_state=R ==> next_comm=sh next_pid=4920 next_prio=120
           <...>-4920  [001] ...2   237.378844: sched_switch: prev_comm=sh prev_pid=4920 prev_prio=120 prev_state=R+ ==> next_comm=kworker/1:1 next_pid=4474 next_prio=120
     kworker/1:1-4474  [001] ...2   237.378861: sched_switch: prev_comm=kworker/1:1 prev_pid=4474 prev_prio=120 prev_state=S ==> next_comm=adbd next_pid=2393 next_prio=120
            adbd-2393  [001] ...2   237.379048: sched_switch: prev_comm=adbd prev_pid=2393 prev_prio=120 prev_state=S ==> next_comm=adbd next_pid=3221 next_prio=120
            adbd-3221  [001] ...2   237.379095: sched_switch: prev_comm=adbd prev_pid=3221 prev_prio=120 prev_state=S ==> next_comm=sh next_pid=4920 next_prio=120
           <...>-4920  [001] ...2   237.379108: sched_switch: prev_comm=sh prev_pid=4920 prev_prio=120 prev_state=R+ ==> next_comm=kworker/1:1 next_pid=4474 next_prio=120
     kworker/1:1-4474  [001] ...2   237.379117: sched_switch: prev_comm=kworker/1:1 prev_pid=4474 prev_prio=120 prev_state=S ==> next_comm=sh next_pid=4920 next_prio=120
           <...>-4920  [001] ...2   237.379126: sched_switch: prev_comm=sh prev_pid=4920 prev_prio=120 prev_state=R+ ==> next_comm=kworker/1:1 next_pid=4474 next_prio=120
     kworker/1:1-4474  [001] ...2   237.379134: sched_switch: prev_comm=kworker/1:1 prev_pid=4474 prev_prio=120 prev_state=S ==> next_comm=sh next_pid=4920 next_prio=120
           <...>-4920  [001] ...2   237.379144: sched_switch: prev_comm=sh prev_pid=4920 prev_prio=120 prev_state=R+ ==> next_comm=kworker/1:1 next_pid=4474 next_prio=120
     kworker/1:1-4474  [001] ...2   237.379152: sched_switch: prev_comm=kworker/1:1 prev_pid=4474 prev_prio=120 prev_state=S ==> next_comm=sh next_pid=4920 next_prio=120
           <...>-4920  [001] ...2   237.379163: sched_switch: prev_comm=sh prev_pid=4920 prev_prio=120 prev_state=R+ ==> next_comm=kworker/1:1 next_pid=4474 next_prio=120
     kworker/1:1-4474  [001] ...2   237.379170: sched_switch: prev_comm=kworker/1:1 prev_pid=4474 prev_prio=120 prev_state=S ==> next_comm=sh next_pid=4920 next_prio=120
           <...>-4920  [001] ...2   237.379180: sched_switch: prev_comm=sh prev_pid=4920 prev_prio=120 prev_state=R+ ==> next_comm=kworker/1:1 next_pid=4474 next_prio=120
     kworker/1:1-4474  [001] ...2   237.379187: sched_switch: prev_comm=kworker/1:1 prev_pid=4474 prev_prio=120 prev_state=S ==> next_comm=sh next_pid=4920 next_prio=120
           <...>-4920  [001] ...2   237.379196: sched_switch: prev_comm=sh prev_pid=4920 prev_prio=120 prev_state=R+ ==> next_comm=kworker/1:1 next_pid=4474 next_prio=120
     kworker/1:1-4474  [001] ...2   237.379204: sched_switch: prev_comm=kworker/1:1 prev_pid=4474 prev_prio=120 prev_state=S ==> next_comm=sh next_pid=4920 next_prio=120
           <...>-4920  [001] ...2   237.379213: sched_switch: prev_comm=sh prev_pid=4920 prev_prio=120 prev_state=R+ ==> next_comm=kworker/1:1 next_pid=4474 next_prio=120
     kworker/1:1-4474  [001] ...2   237.379221: sched_switch: prev_comm=kworker/1:1 prev_pid=4474 prev_prio=120 prev_state=S ==> next_comm=sh next_pid=4920 next_prio=120
           <...>-4920  [001] ...2   237.379230: sched_switch: prev_comm=sh prev_pid=4920 prev_prio=120 prev_state=R+ ==> next_comm=kworker/1:1 next_pid=4474 next_prio=120
     kworker/1:1-4474  [001] ...2   237.379237: sched_switch: prev_comm=kworker/1:1 prev_pid=4474 prev_prio=120 prev_state=S ==> next_comm=sh next_pid=4920 next_prio=120
           <...>-4920  [001] ...2   237.379259: sched_switch: prev_comm=sh prev_pid=4920 prev_prio=120 prev_state=R+ ==> next_comm=kworker/1:1 next_pid=4474 next_prio=120
     kworker/1:1-4474  [001] ...2   237.379268: sched_switch: prev_comm=kworker/1:1 prev_pid=4474 prev_prio=120 prev_state=S ==> next_comm=sh next_pid=4920 next_prio=120
           <...>-4920  [001] ...2   237.379277: sched_switch: prev_comm=sh prev_pid=4920 prev_prio=120 prev_state=R+ ==> next_comm=kworker/1:1 next_pid=4474 next_prio=120
     kworker/1:1-4474  [001] ...2   237.379284: sched_switch: prev_comm=kworker/1:1 prev_pid=4474 prev_prio=120 prev_state=S ==> next_comm=sh next_pid=4920 next_prio=120
           <...>-4920  [001] ...2   237.379293: sched_switch: prev_comm=sh prev_pid=4920 prev_prio=120 prev_state=R+ ==> next_comm=kworker/1:1 next_pid=4474 next_prio=120
     kworker/1:1-4474  [001] ...2   237.379301: sched_switch: prev_comm=kworker/1:1 prev_pid=4474 prev_prio=120 prev_state=S ==> next_comm=sh next_pid=4920 next_prio=120
           <...>-4920  [001] ...2   237.379310: sched_switch: prev_comm=sh prev_pid=4920 prev_prio=120 prev_state=R+ ==> next_comm=kworker/1:1 next_pid=4474 next_prio=120
     kworker/1:1-4474  [001] ...2   237.379317: sched_switch: prev_comm=kworker/1:1 prev_pid=4474 prev_prio=120 prev_state=S ==> next_comm=sh next_pid=4920 next_prio=120
           <...>-4920  [001] ...2   237.379327: sched_switch: prev_comm=sh prev_pid=4920 prev_prio=120 prev_state=R+ ==> next_comm=kworker/1:1 next_pid=4474 next_prio=120
     kworker/1:1-4474  [001] ...2   237.379334: sched_switch: prev_comm=kworker/1:1 prev_pid=4474 prev_prio=120 prev_state=S ==> next_comm=sh next_pid=4920 next_prio=120
           <...>-4920  [001] ...2   237.379344: sched_switch: prev_comm=sh prev_pid=4920 prev_prio=120 prev_state=R+ ==> next_comm=kworker/1:1 next_pid=4474 next_prio=120
     kworker/1:1-4474  [001] ...2   237.379351: sched_switch: prev_comm=kworker/1:1 prev_pid=4474 prev_prio=120 prev_state=S ==> next_comm=sh next_pid=4920 next_prio=120
           <...>-4920  [001] ...2   237.379361: sched_switch: prev_comm=sh prev_pid=4920 prev_prio=120 prev_state=R+ ==> next_comm=kworker/1:1 next_pid=4474 next_prio=120
     kworker/1:1-4474  [001] ...2   237.379368: sched_switch: prev_comm=kworker/1:1 prev_pid=4474 prev_prio=120 prev_state=S ==> next_comm=sh next_pid=4920 next_prio=120
           <...>-4920  [001] ...2   237.379377: sched_switch: prev_comm=sh prev_pid=4920 prev_prio=120 prev_state=R+ ==> next_comm=kworker/1:1 next_pid=4474 next_prio=120
     kworker/1:1-4474  [001] ...2   237.379385: sched_switch: prev_comm=kworker/1:1 prev_pid=4474 prev_prio=120 prev_state=S ==> next_comm=sh next_pid=4920 next_prio=120
           <...>-4920  [001] ...2   237.379394: sched_switch: prev_comm=sh prev_pid=4920 prev_prio=120 prev_state=R+ ==> next_comm=kworker/1:1 next_pid=4474 next_prio=120
     kworker/1:1-4474  [001] ...2   237.379401: sched_switch: prev_comm=kworker/1:1 prev_pid=4474 prev_prio=120 prev_state=S ==> next_comm=sh next_pid=4920 next_prio=120
           <...>-4920  [001] ...2   237.379411: sched_switch: prev_comm=sh prev_pid=4920 prev_prio=120 prev_state=R+ ==> next_comm=kworker/1:1 next_pid=4474 next_prio=120
     kworker/1:1-4474  [001] ...2   237.379418: sched_switch: prev_comm=kworker/1:1 prev_pid=4474 prev_prio=120 prev_state=S ==> next_comm=sh next_pid=4920 next_prio=120
           <...>-4920  [001] ...2   237.379427: sched_switch: prev_comm=sh prev_pid=4920 prev_prio=120 prev_state=R+ ==> next_comm=kworker/1:1 next_pid=4474 next_prio=120
     kworker/1:1-4474  [001] ...2   237.379435: sched_switch: prev_comm=kworker/1:1 prev_pid=4474 prev_prio=120 prev_state=S ==> next_comm=sh next_pid=4920 next_prio=120
           <...>-4920  [001] ...2   237.379444: sched_switch: prev_comm=sh prev_pid=4920 prev_prio=120 prev_state=R+ ==> next_comm=kworker/1:1 next_pid=4474 next_prio=120
     kworker/1:1-4474  [001] ...2   237.379451: sched_switch: prev_comm=kworker/1:1 prev_pid=4474 prev_prio=120 prev_state=S ==> next_comm=sh next_pid=4920 next_prio=120
           <...>-4920  [001] ...2   237.379461: sched_switch: prev_comm=sh prev_pid=4920 prev_prio=120 prev_state=R+ ==> next_comm=kworker/1:1 next_pid=4474 next_prio=120
     kworker/1:1-4474  [001] ...2   237.379468: sched_switch: prev_comm=kworker/1:1 prev_pid=4474 prev_prio=120 prev_state=S ==> next_comm=sh next_pid=4920 next_prio=120
           <...>-4920  [001] ...2   237.379478: sched_switch: prev_comm=sh prev_pid=4920 prev_prio=120 prev_state=R+ ==> next_comm=kworker/1:1 next_pid=4474 next_prio=120
     kworker/1:1-4474  [001] ...2   237.379485: sched_switch: prev_comm=kworker/1:1 prev_pid=4474 prev_prio=120 prev_state=S ==> next_comm=sh next_pid=4920 next_prio=120
           <...>-4921  [000] ...2   237.379754: sched_switch: prev_comm=grep prev_pid=4921 prev_prio=120 prev_state=R ==> next_comm=adbd next_pid=3222 next_prio=120
           <...>-4920  [001] ...2   237.379793: sched_switch: prev_comm=sh prev_pid=4920 prev_prio=120 prev_state=R ==> next_comm=adbd next_pid=2393 next_prio=120
            adbd-3222  [000] ...2   237.379815: sched_switch: prev_comm=adbd prev_pid=3222 prev_prio=120 prev_state=S ==> next_comm=grep next_pid=4921 next_prio=120
            adbd-2393  [001] ...2   237.380123: sched_switch: prev_comm=adbd prev_pid=2393 prev_prio=120 prev_state=S ==> next_comm=adbd next_pid=3221 next_prio=120
            adbd-3221  [001] ...2   237.380183: sched_switch: prev_comm=adbd prev_pid=3221 prev_prio=120 prev_state=S ==> next_comm=kworker/1:1 next_pid=4474 next_prio=120
     kworker/1:1-4474  [001] ...2   237.380192: sched_switch: prev_comm=kworker/1:1 prev_pid=4474 prev_prio=120 prev_state=S ==> next_comm=sh next_pid=4920 next_prio=120
           <...>-4920  [001] ...2   237.380545: sched_switch: prev_comm=sh prev_pid=4920 prev_prio=120 prev_state=R+ ==> next_comm=adbd next_pid=4922 next_prio=120
           <...>-4922  [001] ...3   237.380656: sched_switch: prev_comm=adbd prev_pid=4922 prev_prio=120 prev_state=x ==> next_comm=adbd next_pid=2393 next_prio=120
           <...>-4921  [000] ...2   237.380731: sched_switch: prev_comm=grep prev_pid=4921 prev_prio=120 prev_state=R ==> next_comm=adbd next_pid=3222 next_prio=120
            adbd-3222  [000] ...2   237.380784: sched_switch: prev_comm=adbd prev_pid=3222 prev_prio=120 prev_state=S ==> next_comm=grep next_pid=4921 next_prio=120
           <...>-4921  [000] ...2   237.380879: sched_switch: prev_comm=grep prev_pid=4921 prev_prio=120 prev_state=R ==> next_comm=adbd next_pid=3222 next_prio=120
            adbd-3222  [000] ...2   237.380923: sched_switch: prev_comm=adbd prev_pid=3222 prev_prio=120 prev_state=S ==> next_comm=grep next_pid=4921 next_prio=120
            adbd-2393  [001] ...2   237.381023: sched_switch: prev_comm=adbd prev_pid=2393 prev_prio=120 prev_state=S ==> next_comm=adbd next_pid=3221 next_prio=120
            adbd-3221  [001] ...2   237.381030: sched_switch: prev_comm=adbd prev_pid=3221 prev_prio=120 prev_state=S ==> next_comm=sh next_pid=4920 next_prio=120
           <...>-4920  [001] ...3   237.381035: sched_switch: prev_comm=sh prev_pid=4920 prev_prio=120 prev_state=x ==> next_comm=traced next_pid=202 next_prio=120
          traced-202   [001] ...2   237.384805: sched_switch: prev_comm=traced prev_pid=202 prev_prio=120 prev_state=R ==> next_comm=init next_pid=1 next_prio=120
            init-1     [001] ...2   237.385291: sched_switch: prev_comm=init prev_pid=1 prev_prio=120 prev_state=S ==> next_comm=traced next_pid=202 next_prio=120
           <...>-4921  [000] ...2   237.388847: sched_switch: prev_comm=grep prev_pid=4921 prev_prio=120 prev_state=R ==> next_comm=kworker/0:1H next_pid=17 next_prio=100
    kworker/0:1H-17    [000] ...2   237.388885: sched_switch: prev_comm=kworker/0:1H prev_pid=17 prev_prio=100 prev_state=D ==> next_comm=kworker/0:0H next_pid=5 next_prio=100
    kworker/0:0H-5     [000] ...2   237.389008: sched_switch: prev_comm=kworker/0:0H prev_pid=5 prev_prio=100 prev_state=S ==> next_comm=kworker/0:1H next_pid=17 next_prio=100
    kworker/0:1H-17    [000] ...2   237.389017: sched_switch: prev_comm=kworker/0:1H prev_pid=17 prev_prio=100 prev_state=S ==> next_comm=ple.h2benchmark next_pid=3322 next_prio=120
           <...>-3322  [000] ...2   237.392861: sched_switch: prev_comm=ple.h2benchmark prev_pid=3322 prev_prio=120 prev_state=S ==> next_comm=grep next_pid=4921 next_prio=120
           <...>-4921  [000] ...2   237.393913: sched_switch: prev_comm=grep prev_pid=4921 prev_prio=120 prev_state=R ==> next_comm=ple.h2benchmark next_pid=3322 next_prio=120
           <...>-3322  [000] ...2   237.397270: sched_switch: prev_comm=ple.h2benchmark prev_pid=3322 prev_prio=120 prev_state=S ==> next_comm=grep next_pid=4921 next_prio=120
           <...>-4921  [000] ...2   237.398755: sched_switch: prev_comm=grep prev_pid=4921 prev_prio=120 prev_state=R+ ==> next_comm=sh next_pid=4917 next_prio=120
          traced-202   [001] ...2   237.398848: sched_switch: prev_comm=traced prev_pid=202 prev_prio=120 prev_state=R ==> next_comm=init next_pid=4923 next_prio=120
           <...>-4923  [001] ...2   237.399024: sched_switch: prev_comm=init prev_pid=4923 prev_prio=120 prev_state=R+ ==> next_comm=adbd next_pid=2393 next_prio=120
            adbd-2393  [001] ...2   237.399298: sched_switch: prev_comm=adbd prev_pid=2393 prev_prio=120 prev_state=S ==> next_comm=adbd next_pid=3221 next_prio=120
            adbd-3221  [001] ...2   237.399352: sched_switch: prev_comm=adbd prev_pid=3221 prev_prio=120 prev_state=S ==> next_comm=kworker/1:1 next_pid=4474 next_prio=120
     kworker/1:1-4474  [001] ...2   237.399364: sched_switch: prev_comm=kworker/1:1 prev_pid=4474 prev_prio=120 prev_state=S ==> next_comm=init next_pid=4923 next_prio=120
           <...>-4917  [000] ...3   237.399500: sched_switch: prev_comm=sh prev_pid=4917 prev_prio=120 prev_state=x ==> next_comm=adbd next_pid=4918 next_prio=120
           <...>-4923  [001] ...2   237.399550: sched_switch: prev_comm=init prev_pid=4923 prev_prio=120 prev_state=R+ ==> next_comm=adbd next_pid=2393 next_prio=120
           <...>-4918  [000] ...3   237.399607: sched_switch: prev_comm=adbd prev_pid=4918 prev_prio=120 prev_state=x ==> next_comm=ple.h2benchmark next_pid=3322 next_prio=120
            adbd-2393  [001] ...2   237.399671: sched_switch: prev_comm=adbd prev_pid=2393 prev_prio=120 prev_state=S ==> next_comm=init next_pid=4923 next_prio=120
           <...>-3322  [000] ...2   237.399745: sched_switch: prev_comm=ple.h2benchmark prev_pid=3322 prev_prio=120 prev_state=R ==> next_comm=adbd next_pid=3222 next_prio=120
