     ksoftirqd/0-3     [000] ...2   236.940693: sched_switch: prev_comm=ksoftirqd/0 prev_pid=3 prev_prio=120 prev_state=S ==> next_comm=swapper/0 next_pid=0 next_prio=120
          <idle>-0     [000] ...2   236.941712: sched_switch: prev_comm=swapper/0 prev_pid=0 prev_prio=120 prev_state=R ==> next_comm=ple.h2benchmark next_pid=3322 next_prio=120
           <...>-3322  [000] ...2   236.947501: sched_switch: prev_comm=ple.h2benchmark prev_pid=3322 prev_prio=120 prev_state=S ==> next_comm=swapper/0 next_pid=0 next_prio=120
          <idle>-0     [000] ...2   236.948558: sched_switch: prev_comm=swapper/0 prev_pid=0 prev_prio=120 prev_state=R ==> next_comm=ple.h2benchmark next_pid=3322 next_prio=120
           <...>-3322  [000] ...2   236.954533: sched_switch: prev_comm=ple.h2benchmark prev_pid=3322 prev_prio=120 prev_state=S ==> next_comm=swapper/0 next_pid=0 next_prio=120
          <idle>-0     [000] ...2   236.955590: sched_switch: prev_comm=swapper/0 prev_pid=0 prev_prio=120 prev_state=R ==> next_comm=ple.h2benchmark next_pid=3322 next_prio=120
           <...>-3322  [000] ...2   236.957022: sched_switch: prev_comm=ple.h2benchmark prev_pid=3322 prev_prio=120 prev_state=R ==> next_comm=Benchmark.mv.db next_pid=4911 next_prio=120
           <...>-4911  [000] ...2   236.957074: sched_switch: prev_comm=Benchmark.mv.db prev_pid=4911 prev_prio=120 prev_state=S ==> next_comm=ple.h2benchmark next_pid=3322 next_prio=120
           <...>-3322  [000] ...2   236.960890: sched_switch: prev_comm=ple.h2benchmark prev_pid=3322 prev_prio=120 prev_state=R ==> next_comm=kworker/u:1 next_pid=21 next_prio=120
     kworker/u:1-21    [000] ...2   236.960982: sched_switch: prev_comm=kworker/u:1 prev_pid=21 prev_prio=120 prev_state=S ==> next_comm=kworker/u:3 next_pid=113 next_prio=120
     kworker/u:3-113   [000] ...2   236.960993: sched_switch: prev_comm=kworker/u:3 prev_pid=113 prev_prio=120 prev_state=S ==> next_comm=sensors.qcom next_pid=860 next_prio=120
    sensors.qcom-860   [000] ...2   236.961096: sched_switch: prev_comm=sensors.qcom prev_pid=860 prev_prio=120 prev_state=S ==> next_comm=sensors.qcom next_pid=732 next_prio=120
    sensors.qcom-732   [000] ...2   236.961165: sched_switch: prev_comm=sensors.qcom prev_pid=732 prev_prio=120 prev_state=S ==> next_comm=system_server next_pid=736 next_prio=118
   system_server-736   [000] ...2   236.961352: sched_switch: prev_comm=system_server prev_pid=736 prev_prio=118 prev_state=S ==> next_comm=system_server next_pid=740 next_prio=118
   system_server-740   [000] ...2   236.961392: sched_switch: prev_comm=system_server prev_pid=740 prev_prio=118 prev_state=S ==> next_comm=SensorService next_pid=781 next_prio=112
          traced-202   [001] ...2   236.961456: sched_switch: prev_comm=traced prev_pid=202 prev_prio=120 prev_state=R ==> next_comm=android.ui next_pid=786 next_prio=118
   SensorService-781   [000] ...2   236.961484: sched_switch: prev_comm=SensorService prev_pid=781 prev_prio=112 prev_state=S ==> next_comm=ple.h2benchmark next_pid=3322 next_prio=120
      android.ui-786   [001] ...2   236.961533: sched_switch: prev_comm=android.ui prev_pid=786 prev_prio=118 prev_state=S ==> next_comm=traced next_pid=202 next_prio=120
           <...>-3322  [000] ...2   236.962320: sched_switch: prev_comm=ple.h2benchmark prev_pid=3322 prev_prio=120 prev_state=S ==> next_comm=swapper/0 next_pid=0 next_prio=120
          <idle>-0     [000] ...2   236.963377: sched_switch: prev_comm=swapper/0 prev_pid=0 prev_prio=120 prev_state=R ==> next_comm=ple.h2benchmark next_pid=3322 next_prio=120
           <...>-3322  [000] ...2   236.968832: sched_switch: prev_comm=ple.h2benchmark prev_pid=3322 prev_prio=120 prev_state=R ==> next_comm=kworker/u:3 next_pid=113 next_prio=120
     kworker/u:3-113   [000] ...2   236.968857: sched_switch: prev_comm=kworker/u:3 prev_pid=113 prev_prio=120 prev_state=S ==> next_comm=mpdecision next_pid=1831 next_prio=113
      mpdecision-1831  [000] ...2   236.969246: sched_switch: prev_comm=mpdecision prev_pid=1831 prev_prio=113 prev_state=S ==> next_comm=ple.h2benchmark next_pid=3322 next_prio=120
           <...>-3322  [000] ...2   236.970148: sched_switch: prev_comm=ple.h2benchmark prev_pid=3322 prev_prio=120 prev_state=S ==> next_comm=swapper/0 next_pid=0 next_prio=120
          <idle>-0     [000] ...2   236.970174: sched_switch: prev_comm=swapper/0 prev_pid=0 prev_prio=120 prev_state=R ==> next_comm=ksoftirqd/0 next_pid=3 next_prio=120
     ksoftirqd/0-3     [000] ...2   236.970191: sched_switch: prev_comm=ksoftirqd/0 prev_pid=3 prev_prio=120 prev_state=S ==> next_comm=swapper/0 next_pid=0 next_prio=120
          <idle>-0     [000] ...2   236.970214: sched_switch: prev_comm=swapper/0 prev_pid=0 prev_prio=120 prev_state=R ==> next_comm=ksoftirqd/0 next_pid=3 next_prio=120
     ksoftirqd/0-3     [000] ...2   236.970228: sched_switch: prev_comm=ksoftirqd/0 prev_pid=3 prev_prio=120 prev_state=S ==> next_comm=swapper/0 next_pid=0 next_prio=120
          <idle>-0     [000] ...2   236.970249: sched_switch: prev_comm=swapper/0 prev_pid=0 prev_prio=120 prev_state=R ==> next_comm=ksoftirqd/0 next_pid=3 next_prio=120
     ksoftirqd/0-3     [000] ...2   236.970261: sched_switch: prev_comm=ksoftirqd/0 prev_pid=3 prev_prio=120 prev_state=S ==> next_comm=swapper/0 next_pid=0 next_prio=120
          <idle>-0     [000] ...2   236.971205: sched_switch: prev_comm=swapper/0 prev_pid=0 prev_prio=120 prev_state=R ==> next_comm=ple.h2benchmark next_pid=3322 next_prio=120
           <...>-3322  [000] ...2   236.977347: sched_switch: prev_comm=ple.h2benchmark prev_pid=3322 prev_prio=120 prev_state=S ==> next_comm=swapper/0 next_pid=0 next_prio=120
          <idle>-0     [000] ...2   236.978401: sched_switch: prev_comm=swapper/0 prev_pid=0 prev_prio=120 prev_state=R ==> next_comm=ple.h2benchmark next_pid=3322 next_prio=120
           <...>-3322  [000] ...2   236.984561: sched_switch: prev_comm=ple.h2benchmark prev_pid=3322 prev_prio=120 prev_state=S ==> next_comm=swapper/0 next_pid=0 next_prio=120
          <idle>-0     [000] ...2   236.984587: sched_switch: prev_comm=swapper/0 prev_pid=0 prev_prio=120 prev_state=R ==> next_comm=ksoftirqd/0 next_pid=3 next_prio=120
     ksoftirqd/0-3     [000] ...2   236.984601: sched_switch: prev_comm=ksoftirqd/0 prev_pid=3 prev_prio=120 prev_state=S ==> next_comm=swapper/0 next_pid=0 next_prio=120
          <idle>-0     [000] ...2   236.984622: sched_switch: prev_comm=swapper/0 prev_pid=0 prev_prio=120 prev_state=R ==> next_comm=ksoftirqd/0 next_pid=3 next_prio=120
     ksoftirqd/0-3     [000] ...2   236.984635: sched_switch: prev_comm=ksoftirqd/0 prev_pid=3 prev_prio=120 prev_state=S ==> next_comm=swapper/0 next_pid=0 next_prio=120
          <idle>-0     [000] ...2   236.984655: sched_switch: prev_comm=swapper/0 prev_pid=0 prev_prio=120 prev_state=R ==> next_comm=ksoftirqd/0 next_pid=3 next_prio=120
     ksoftirqd/0-3     [000] ...2   236.984667: sched_switch: prev_comm=ksoftirqd/0 prev_pid=3 prev_prio=120 prev_state=S ==> next_comm=swapper/0 next_pid=0 next_prio=120
          <idle>-0     [000] ...2   236.985618: sched_switch: prev_comm=swapper/0 prev_pid=0 prev_prio=120 prev_state=R ==> next_comm=ple.h2benchmark next_pid=3322 next_prio=120
           <...>-3322  [000] ...2   236.988839: sched_switch: prev_comm=ple.h2benchmark prev_pid=3322 prev_prio=120 prev_state=R ==> next_comm=kworker/0:1H next_pid=17 next_prio=100
    kworker/0:1H-17    [000] ...2   236.988862: sched_switch: prev_comm=kworker/0:1H prev_pid=17 prev_prio=100 prev_state=S ==> next_comm=ple.h2benchmark next_pid=3322 next_prio=120
           <...>-3322  [000] ...2   236.991459: sched_switch: prev_comm=ple.h2benchmark prev_pid=3322 prev_prio=120 prev_state=S ==> next_comm=swapper/0 next_pid=0 next_prio=120
          <idle>-0     [000] ...2   236.991482: sched_switch: prev_comm=swapper/0 prev_pid=0 prev_prio=120 prev_state=R ==> next_comm=ksoftirqd/0 next_pid=3 next_prio=120
     ksoftirqd/0-3     [000] ...2   236.991499: sched_switch: prev_comm=ksoftirqd/0 prev_pid=3 prev_prio=120 prev_state=S ==> next_comm=swapper/0 next_pid=0 next_prio=120
          <idle>-0     [000] ...2   236.992516: sched_switch: prev_comm=swapper/0 prev_pid=0 prev_prio=120 prev_state=R ==> next_comm=ple.h2benchmark next_pid=3322 next_prio=120
           <...>-3322  [000] ...2   236.998548: sched_switch: prev_comm=ple.h2benchmark prev_pid=3322 prev_prio=120 prev_state=S ==> next_comm=swapper/0 next_pid=0 next_prio=120
          <idle>-0     [000] ...2   236.999606: sched_switch: prev_comm=swapper/0 prev_pid=0 prev_prio=120 prev_state=R ==> next_comm=ple.h2benchmark next_pid=3322 next_prio=120
           <...>-3322  [000] ...2   237.000046: sched_switch: prev_comm=ple.h2benchmark prev_pid=3322 prev_prio=120 prev_state=R ==> next_comm=kworker/u:3 next_pid=113 next_prio=120
     kworker/u:3-113   [000] ...2   237.000105: sched_switch: prev_comm=kworker/u:3 prev_pid=113 prev_prio=120 prev_state=S ==> next_comm=kworker/u:1 next_pid=21 next_prio=120
     kworker/u:1-21    [000] ...2   237.000115: sched_switch: prev_comm=kworker/u:1 prev_pid=21 prev_prio=120 prev_state=S ==> next_comm=sensors.qcom next_pid=860 next_prio=120
    sensors.qcom-860   [000] ...2   237.000214: sched_switch: prev_comm=sensors.qcom prev_pid=860 prev_prio=120 prev_state=S ==> next_comm=sensors.qcom next_pid=732 next_prio=120
    sensors.qcom-732   [000] ...2   237.000280: sched_switch: prev_comm=sensors.qcom prev_pid=732 prev_prio=120 prev_state=S ==> next_comm=system_server next_pid=736 next_prio=118
   system_server-736   [000] ...2   237.000461: sched_switch: prev_comm=system_server prev_pid=736 prev_prio=118 prev_state=S ==> next_comm=system_server next_pid=740 next_prio=118
   system_server-740   [000] ...2   237.000491: sched_switch: prev_comm=system_server prev_pid=740 prev_prio=118 prev_state=S ==> next_comm=ple.h2benchmark next_pid=3322 next_prio=120
           <...>-3322  [000] ...2   237.006242: sched_switch: prev_comm=ple.h2benchmark prev_pid=3322 prev_prio=120 prev_state=S ==> next_comm=swapper/0 next_pid=0 next_prio=120
          <idle>-0     [000] ...2   237.007137: sched_switch: prev_comm=swapper/0 prev_pid=0 prev_prio=120 prev_state=R ==> next_comm=Benchmark.mv.db next_pid=4911 next_prio=120
           <...>-4911  [000] ...2   237.009910: sched_switch: prev_comm=Benchmark.mv.db prev_pid=4911 prev_prio=120 prev_state=S ==> next_comm=ple.h2benchmark next_pid=3322 next_prio=120
           <...>-3322  [000] ...2   237.010377: sched_switch: prev_comm=ple.h2benchmark prev_pid=3322 prev_prio=120 prev_state=R ==> next_comm=kworker/u:1 next_pid=21 next_prio=120
     kworker/u:1-21    [000] ...2   237.010439: sched_switch: prev_comm=kworker/u:1 prev_pid=21 prev_prio=120 prev_state=S ==> next_comm=kworker/u:3 next_pid=113 next_prio=120
     kworker/u:3-113   [000] ...2   237.010449: sched_switch: prev_comm=kworker/u:3 prev_pid=113 prev_prio=120 prev_state=S ==> next_comm=sensors.qcom next_pid=860 next_prio=120
    sensors.qcom-860   [000] ...2   237.010552: sched_switch: prev_comm=sensors.qcom prev_pid=860 prev_prio=120 prev_state=S ==> next_comm=sensors.qcom next_pid=732 next_prio=120
    sensors.qcom-732   [000] ...2   237.010636: sched_switch: prev_comm=sensors.qcom prev_pid=732 prev_prio=120 prev_state=S ==> next_comm=earchbox:searc next_pid=1346 next_prio=120
  earchbox:searc-1346  [000] ...2   237.010664: sched_switch: prev_comm=earchbox:searc prev_pid=1346 prev_prio=120 prev_state=S ==> next_comm=system_server next_pid=736 next_prio=118
   system_server-736   [000] ...2   237.010851: sched_switch: prev_comm=system_server prev_pid=736 prev_prio=118 prev_state=S ==> next_comm=system_server next_pid=740 next_prio=118
   system_server-740   [000] ...2   237.010889: sched_switch: prev_comm=system_server prev_pid=740 prev_prio=118 prev_state=S ==> next_comm=SensorService next_pid=781 next_prio=112
          traced-202   [001] ...2   237.010952: sched_switch: prev_comm=traced prev_pid=202 prev_prio=120 prev_state=R ==> next_comm=android.ui next_pid=786 next_prio=118
   SensorService-781   [000] ...2   237.010980: sched_switch: prev_comm=SensorService prev_pid=781 prev_prio=112 prev_state=S ==> next_comm=ple.h2benchmark next_pid=3322 next_prio=120
      android.ui-786   [001] ...2   237.011031: sched_switch: prev_comm=android.ui prev_pid=786 prev_prio=118 prev_state=S ==> next_comm=traced next_pid=202 next_prio=120
           <...>-3322  [000] ...2   237.016981: sched_switch: prev_comm=ple.h2benchmark prev_pid=3322 prev_prio=120 prev_state=S ==> next_comm=swapper/0 next_pid=0 next_prio=120
          <idle>-0     [000] ...2   237.017008: sched_switch: prev_comm=swapper/0 prev_pid=0 prev_prio=120 prev_state=R ==> next_comm=ksoftirqd/0 next_pid=3 next_prio=120
     ksoftirqd/0-3     [000] ...2   237.017027: sched_switch: prev_comm=ksoftirqd/0 prev_pid=3 prev_prio=120 prev_state=S ==> next_comm=swapper/0 next_pid=0 next_prio=120
          <idle>-0     [000] ...2   237.017049: sched_switch: prev_comm=swapper/0 prev_pid=0 prev_prio=120 prev_state=R ==> next_comm=ksoftirqd/0 next_pid=3 next_prio=120
     ksoftirqd/0-3     [000] ...2   237.017062: sched_switch: prev_comm=ksoftirqd/0 prev_pid=3 prev_prio=120 prev_state=S ==> next_comm=swapper/0 next_pid=0 next_prio=120
          <idle>-0     [000] ...2   237.017083: sched_switch: prev_comm=swapper/0 prev_pid=0 prev_prio=120 prev_state=R ==> next_comm=ksoftirqd/0 next_pid=3 next_prio=120
     ksoftirqd/0-3     [000] ...2   237.017096: sched_switch: prev_comm=ksoftirqd/0 prev_pid=3 prev_prio=120 prev_state=S ==> next_comm=swapper/0 next_pid=0 next_prio=120
          <idle>-0     [000] ...2   237.018040: sched_switch: prev_comm=swapper/0 prev_pid=0 prev_prio=120 prev_state=R ==> next_comm=ple.h2benchmark next_pid=3322 next_prio=120
           <...>-3322  [000] ...2   237.018834: sched_switch: prev_comm=ple.h2benchmark prev_pid=3322 prev_prio=120 prev_state=R ==> next_comm=kworker/u:3 next_pid=113 next_prio=120
     kworker/u:3-113   [000] ...2   237.018858: sched_switch: prev_comm=kworker/u:3 prev_pid=113 prev_prio=120 prev_state=S ==> next_comm=mpdecision next_pid=1831 next_prio=113
      mpdecision-1831  [000] ...2   237.019257: sched_switch: prev_comm=mpdecision prev_pid=1831 prev_prio=113 prev_state=S ==> next_comm=ple.h2benchmark next_pid=3322 next_prio=120
           <...>-3322  [000] ...2   237.022016: sched_switch: prev_comm=ple.h2benchmark prev_pid=3322 prev_prio=120 prev_state=R ==> next_comm=adbd next_pid=3222 next_prio=120
            adbd-3222  [000] ...2   237.022042: sched_switch: prev_comm=adbd prev_pid=3222 prev_prio=120 prev_state=S ==> next_comm=ple.h2benchmark next_pid=3322 next_prio=120
           <...>-3322  [000] ...2   237.022139: sched_switch: prev_comm=ple.h2benchmark prev_pid=3322 prev_prio=120 prev_state=R ==> next_comm=adbd next_pid=3222 next_prio=120
            adbd-3222  [000] ...2   237.022206: sched_switch: prev_comm=adbd prev_pid=3222 prev_prio=120 prev_state=S ==> next_comm=adbd next_pid=2393 next_prio=120
            adbd-2393  [000] ...2   237.022507: sched_switch: prev_comm=adbd prev_pid=2393 prev_prio=120 prev_state=S ==> next_comm=adbd next_pid=3221 next_prio=120
            adbd-3221  [000] ...2   237.022597: sched_switch: prev_comm=adbd prev_pid=3221 prev_prio=120 prev_state=S ==> next_comm=JDWP next_pid=3334 next_prio=120
            JDWP-3334  [000] ...2   237.023124: sched_switch: prev_comm=JDWP prev_pid=3334 prev_prio=120 prev_state=S ==> next_comm=ple.h2benchmark next_pid=3322 next_prio=120
           <...>-3322  [000] ...2   237.023193: sched_switch: prev_comm=ple.h2benchmark prev_pid=3322 prev_prio=120 prev_state=R+ ==> next_comm=JDWP next_pid=3334 next_prio=120
            JDWP-3334  [000] ...2   237.026663: sched_switch: prev_comm=JDWP prev_pid=3334 prev_prio=120 prev_state=R+ ==> next_comm=adbd next_pid=2393 next_prio=120
            adbd-2393  [000] ...2   237.026904: sched_switch: prev_comm=adbd prev_pid=2393 prev_prio=120 prev_state=S ==> next_comm=adbd next_pid=3221 next_prio=120
            adbd-3221  [000] ...2   237.026981: sched_switch: prev_comm=adbd prev_pid=3221 prev_prio=120 prev_state=S ==> next_comm=JDWP next_pid=3334 next_prio=120
            JDWP-3334  [000] ...2   237.027102: sched_switch: prev_comm=JDWP prev_pid=3334 prev_prio=120 prev_state=S ==> next_comm=ple.h2benchmark next_pid=3322 next_prio=120
           <...>-3322  [000] ...2   237.027256: sched_switch: prev_comm=ple.h2benchmark prev_pid=3322 prev_prio=120 prev_state=R ==> next_comm=adbd next_pid=3222 next_prio=120
            adbd-3222  [000] ...2   237.027308: sched_switch: prev_comm=adbd prev_pid=3222 prev_prio=120 prev_state=S ==> next_comm=adbd next_pid=2393 next_prio=120
            adbd-2393  [000] ...2   237.027671: sched_switch: prev_comm=adbd prev_pid=2393 prev_prio=120 prev_state=S ==> next_comm=adbd next_pid=3221 next_prio=120
            adbd-3221  [000] ...2   237.027757: sched_switch: prev_comm=adbd prev_pid=3221 prev_prio=120 prev_state=S ==> next_comm=ple.h2benchmark next_pid=3322 next_prio=120
           <...>-3322  [000] ...2   237.027985: sched_switch: prev_comm=ple.h2benchmark prev_pid=3322 prev_prio=120 prev_state=R ==> next_comm=adbd next_pid=3222 next_prio=120
            adbd-3222  [000] ...2   237.028033: sched_switch: prev_comm=adbd prev_pid=3222 prev_prio=120 prev_state=S ==> next_comm=adbd next_pid=2393 next_prio=120
            adbd-2393  [000] ...2   237.028240: sched_switch: prev_comm=adbd prev_pid=2393 prev_prio=120 prev_state=S ==> next_comm=adbd next_pid=3221 next_prio=120
            adbd-3221  [000] ...2   237.028250: sched_switch: prev_comm=adbd prev_pid=3221 prev_prio=120 prev_state=S ==> next_comm=ple.h2benchmark next_pid=3322 next_prio=120
           <...>-3322  [000] ...2   237.030783: sched_switch: prev_comm=ple.h2benchmark prev_pid=3322 prev_prio=120 prev_state=S ==> next_comm=swapper/0 next_pid=0 next_prio=120
          <idle>-0     [000] ...2   237.030804: sched_switch: prev_comm=swapper/0 prev_pid=0 prev_prio=120 prev_state=R ==> next_comm=ksoftirqd/0 next_pid=3 next_prio=120
     ksoftirqd/0-3     [000] ...2   237.030822: sched_switch: prev_comm=ksoftirqd/0 prev_pid=3 prev_prio=120 prev_state=S ==> next_comm=swapper/0 next_pid=0 next_prio=120
          <idle>-0     [000] ...2   237.030840: sched_switch: prev_comm=swapper/0 prev_pid=0 prev_prio=120 prev_state=R ==> next_comm=ksoftirqd/0 next_pid=3 next_prio=120
     ksoftirqd/0-3     [000] ...2   237.030853: sched_switch: prev_comm=ksoftirqd/0 prev_pid=3 prev_prio=120 prev_state=S ==> next_comm=swapper/0 next_pid=0 next_prio=120
          <idle>-0     [000] ...2   237.030870: sched_switch: prev_comm=swapper/0 prev_pid=0 prev_prio=120 prev_state=R ==> next_comm=ksoftirqd/0 next_pid=3 next_prio=120
     ksoftirqd/0-3     [000] ...2   237.030880: sched_switch: prev_comm=ksoftirqd/0 prev_pid=3 prev_prio=120 prev_state=S ==> next_comm=swapper/0 next_pid=0 next_prio=120
          <idle>-0     [000] ...2   237.031837: sched_switch: prev_comm=swapper/0 prev_pid=0 prev_prio=120 prev_state=R ==> next_comm=ple.h2benchmark next_pid=3322 next_prio=120
           <...>-3322  [000] ...2   237.037997: sched_switch: prev_comm=ple.h2benchmark prev_pid=3322 prev_prio=120 prev_state=S ==> next_comm=swapper/0 next_pid=0 next_prio=120
          <idle>-0     [000] ...2   237.038853: sched_switch: prev_comm=swapper/0 prev_pid=0 prev_prio=120 prev_state=R ==> next_comm=kworker/0:2 next_pid=98 next_prio=120
     kworker/0:2-98    [000] ...2   237.038922: sched_switch: prev_comm=kworker/0:2 prev_pid=98 prev_prio=120 prev_state=S ==> next_comm=kworker/0:1H next_pid=17 next_prio=100
    kworker/0:1H-17    [000] ...2   237.038944: sched_switch: prev_comm=kworker/0:1H prev_pid=17 prev_prio=100 prev_state=S ==> next_comm=ksoftirqd/0 next_pid=3 next_prio=120
     ksoftirqd/0-3     [000] ...2   237.038959: sched_switch: prev_comm=ksoftirqd/0 prev_pid=3 prev_prio=120 prev_state=S ==> next_comm=swapper/0 next_pid=0 next_prio=120
          <idle>-0     [000] ...2   237.038983: sched_switch: prev_comm=swapper/0 prev_pid=0 prev_prio=120 prev_state=R ==> next_comm=ksoftirqd/0 next_pid=3 next_prio=120
     ksoftirqd/0-3     [000] ...2   237.038995: sched_switch: prev_comm=ksoftirqd/0 prev_pid=3 prev_prio=120 prev_state=S ==> next_comm=swapper/0 next_pid=0 next_prio=120
          <idle>-0     [000] ...2   237.039016: sched_switch: prev_comm=swapper/0 prev_pid=0 prev_prio=120 prev_state=R ==> next_comm=ksoftirqd/0 next_pid=3 next_prio=120
     ksoftirqd/0-3     [000] ...2   237.039039: sched_switch: prev_comm=ksoftirqd/0 prev_pid=3 prev_prio=120 prev_state=S ==> next_comm=swapper/0 next_pid=0 next_prio=120
          <idle>-0     [000] ...2   237.039045: sched_switch: prev_comm=swapper/0 prev_pid=0 prev_prio=120 prev_state=R ==> next_comm=ple.h2benchmark next_pid=3322 next_prio=120
           <...>-3322  [000] ...2   237.044839: sched_switch: prev_comm=ple.h2benchmark prev_pid=3322 prev_prio=120 prev_state=S ==> next_comm=swapper/0 next_pid=0 next_prio=120
          <idle>-0     [000] ...2   237.045912: sched_switch: prev_comm=swapper/0 prev_pid=0 prev_prio=120 prev_state=R ==> next_comm=d.process.medi next_pid=905 next_prio=120
  d.process.medi-905   [000] ...2   237.045940: sched_switch: prev_comm=d.process.medi prev_pid=905 prev_prio=120 prev_state=S ==> next_comm=ple.h2benchmark next_pid=3322 next_prio=120
           <...>-3322  [000] ...2   237.052031: sched_switch: prev_comm=ple.h2benchmark prev_pid=3322 prev_prio=120 prev_state=S ==> next_comm=swapper/0 next_pid=0 next_prio=120
          <idle>-0     [000] ...2   237.052054: sched_switch: prev_comm=swapper/0 prev_pid=0 prev_prio=120 prev_state=R ==> next_comm=ksoftirqd/0 next_pid=3 next_prio=120
     ksoftirqd/0-3     [000] ...2   237.052072: sched_switch: prev_comm=ksoftirqd/0 prev_pid=3 prev_prio=120 prev_state=S ==> next_comm=swapper/0 next_pid=0 next_prio=120
          <idle>-0     [000] ...2   237.053087: sched_switch: prev_comm=swapper/0 prev_pid=0 prev_prio=120 prev_state=R ==> next_comm=ple.h2benchmark next_pid=3322 next_prio=120
           <...>-3322  [000] ...2   237.059118: sched_switch: prev_comm=ple.h2benchmark prev_pid=3322 prev_prio=120 prev_state=S ==> next_comm=swapper/0 next_pid=0 next_prio=120
          <idle>-0     [000] ...2   237.059933: sched_switch: prev_comm=swapper/0 prev_pid=0 prev_prio=120 prev_state=R ==> next_comm=kworker/u:3 next_pid=113 next_prio=120
     kworker/u:3-113   [000] ...2   237.060010: sched_switch: prev_comm=kworker/u:3 prev_pid=113 prev_prio=120 prev_state=S ==> next_comm=Benchmark.mv.db next_pid=4911 next_prio=120
           <...>-4911  [000] ...2   237.060065: sched_switch: prev_comm=Benchmark.mv.db prev_pid=4911 prev_prio=120 prev_state=S ==> next_comm=kworker/u:1 next_pid=21 next_prio=120
     kworker/u:1-21    [000] ...2   237.060076: sched_switch: prev_comm=kworker/u:1 prev_pid=21 prev_prio=120 prev_state=S ==> next_comm=sensors.qcom next_pid=860 next_prio=120
    sensors.qcom-860   [000] ...2   237.060202: sched_switch: prev_comm=sensors.qcom prev_pid=860 prev_prio=120 prev_state=S ==> next_comm=sensors.qcom next_pid=732 next_prio=120
    sensors.qcom-732   [000] ...2   237.060275: sched_switch: prev_comm=sensors.qcom prev_pid=732 prev_prio=120 prev_state=S ==> next_comm=system_server next_pid=736 next_prio=118
   system_server-736   [000] ...2   237.060472: sched_switch: prev_comm=system_server prev_pid=736 prev_prio=118 prev_state=S ==> next_comm=system_server next_pid=740 next_prio=118
   system_server-740   [000] ...2   237.060514: sched_switch: prev_comm=system_server prev_pid=740 prev_prio=118 prev_state=S ==> next_comm=SensorService next_pid=781 next_prio=112
          traced-202   [001] ...2   237.060575: sched_switch: prev_comm=traced prev_pid=202 prev_prio=120 prev_state=R ==> next_comm=android.ui next_pid=786 next_prio=118
   SensorService-781   [000] ...2   237.060604: sched_switch: prev_comm=SensorService prev_pid=781 prev_prio=112 prev_state=S ==> next_comm=ple.h2benchmark next_pid=3322 next_prio=120
      android.ui-786   [001] ...2   237.060656: sched_switch: prev_comm=android.ui prev_pid=786 prev_prio=118 prev_state=S ==> next_comm=traced next_pid=202 next_prio=120
           <...>-3322  [000] ...2   237.066700: sched_switch: prev_comm=ple.h2benchmark prev_pid=3322 prev_prio=120 prev_state=S ==> next_comm=swapper/0 next_pid=0 next_prio=120
          <idle>-0     [000] ...2   237.067757: sched_switch: prev_comm=swapper/0 prev_pid=0 prev_prio=120 prev_state=R ==> next_comm=ple.h2benchmark next_pid=3322 next_prio=120
           <...>-3322  [000] ...2   237.068832: sched_switch: prev_comm=ple.h2benchmark prev_pid=3322 prev_prio=120 prev_state=R ==> next_comm=kworker/u:1 next_pid=21 next_prio=120
     kworker/u:1-21    [000] ...2   237.068857: sched_switch: prev_comm=kworker/u:1 prev_pid=21 prev_prio=120 prev_state=S ==> next_comm=mpdecision next_pid=1831 next_prio=113
      mpdecision-1831  [000] ...2   237.069256: sched_switch: prev_comm=mpdecision prev_pid=1831 prev_prio=113 prev_state=S ==> next_comm=ple.h2benchmark next_pid=3322 next_prio=120
           <...>-3322  [000] ...2   237.074132: sched_switch: prev_comm=ple.h2benchmark prev_pid=3322 prev_prio=120 prev_state=S ==> next_comm=swapper/0 next_pid=0 next_prio=120
          <idle>-0     [000] ...2   237.074156: sched_switch: prev_comm=swapper/0 prev_pid=0 prev_prio=120 prev_state=R ==> next_comm=ksoftirqd/0 next_pid=3 next_prio=120
     ksoftirqd/0-3     [000] ...2   237.074175: sched_switch: prev_comm=ksoftirqd/0 prev_pid=3 prev_prio=120 prev_state=S ==> next_comm=swapper/0 next_pid=0 next_prio=120
          <idle>-0     [000] ...2   237.074196: sched_switch: prev_comm=swapper/0 prev_pid=0 prev_prio=120 prev_state=R ==> next_comm=ksoftirqd/0 next_pid=3 next_prio=120
     ksoftirqd/0-3     [000] ...2   237.074211: sched_switch: prev_comm=ksoftirqd/0 prev_pid=3 prev_prio=120 prev_state=S ==> next_comm=swapper/0 next_pid=0 next_prio=120
          <idle>-0     [000] ...2   237.074232: sched_switch: prev_comm=swapper/0 prev_pid=0 prev_prio=120 prev_state=R ==> next_comm=ksoftirqd/0 next_pid=3 next_prio=120
     ksoftirqd/0-3     [000] ...2   237.074245: sched_switch: prev_comm=ksoftirqd/0 prev_pid=3 prev_prio=120 prev_state=S ==> next_comm=swapper/0 next_pid=0 next_prio=120
          <idle>-0     [000] ...2   237.075187: sched_switch: prev_comm=swapper/0 prev_pid=0 prev_prio=120 prev_state=R ==> next_comm=ple.h2benchmark next_pid=3322 next_prio=120
           <...>-3322  [000] ...2   237.081248: sched_switch: prev_comm=ple.h2benchmark prev_pid=3322 prev_prio=120 prev_state=S ==> next_comm=swapper/0 next_pid=0 next_prio=120
          <idle>-0     [000] ...2   237.081271: sched_switch: prev_comm=swapper/0 prev_pid=0 prev_prio=120 prev_state=R ==> next_comm=ksoftirqd/0 next_pid=3 next_prio=120
     ksoftirqd/0-3     [000] ...2   237.081287: sched_switch: prev_comm=ksoftirqd/0 prev_pid=3 prev_prio=120 prev_state=S ==> next_comm=swapper/0 next_pid=0 next_prio=120
          <idle>-0     [000] ...2   237.081309: sched_switch: prev_comm=swapper/0 prev_pid=0 prev_prio=120 prev_state=R ==> next_comm=ksoftirqd/0 next_pid=3 next_prio=120
     ksoftirqd/0-3     [000] ...2   237.081323: sched_switch: prev_comm=ksoftirqd/0 prev_pid=3 prev_prio=120 prev_state=S ==> next_comm=swapper/0 next_pid=0 next_prio=120
          <idle>-0     [000] ...2   237.081343: sched_switch: prev_comm=swapper/0 prev_pid=0 prev_prio=120 prev_state=R ==> next_comm=ksoftirqd/0 next_pid=3 next_prio=120
     ksoftirqd/0-3     [000] ...2   237.081353: sched_switch: prev_comm=ksoftirqd/0 prev_pid=3 prev_prio=120 prev_state=S ==> next_comm=swapper/0 next_pid=0 next_prio=120
          <idle>-0     [000] ...2   237.082303: sched_switch: prev_comm=swapper/0 prev_pid=0 prev_prio=120 prev_state=R ==> next_comm=ple.h2benchmark next_pid=3322 next_prio=120
           <...>-3322  [000] ...2   237.088048: sched_switch: prev_comm=ple.h2benchmark prev_pid=3322 prev_prio=120 prev_state=S ==> next_comm=swapper/0 next_pid=0 next_prio=120
          <idle>-0     [000] ...2   237.088843: sched_switch: prev_comm=swapper/0 prev_pid=0 prev_prio=120 prev_state=R ==> next_comm=kworker/0:1H next_pid=17 next_prio=100
    kworker/0:1H-17    [000] ...2   237.088865: sched_switch: prev_comm=kworker/0:1H prev_pid=17 prev_prio=100 prev_state=S ==> next_comm=ksoftirqd/0 next_pid=3 next_prio=120
     ksoftirqd/0-3     [000] ...2   237.088896: sched_switch: prev_comm=ksoftirqd/0 prev_pid=3 prev_prio=120 prev_state=S ==> next_comm=oid.apps.photo next_pid=2975 next_prio=120
  oid.apps.photo-2975  [000] ...2   237.088927: sched_switch: prev_comm=oid.apps.photo prev_pid=2975 prev_prio=120 prev_state=S ==> next_comm=swapper/0 next_pid=0 next_prio=120
          <idle>-0     [000] ...2   237.089103: sched_switch: prev_comm=swapper/0 prev_pid=0 prev_prio=120 prev_state=R ==> next_comm=ple.h2benchmark next_pid=3322 next_prio=120
           <...>-3322  [000] ...2   237.094997: sched_switch: prev_comm=ple.h2benchmark prev_pid=3322 prev_prio=120 prev_state=S ==> next_comm=swapper/0 next_pid=0 next_prio=120
          <idle>-0     [000] ...2   237.096053: sched_switch: prev_comm=swapper/0 prev_pid=0 prev_prio=120 prev_state=R ==> next_comm=ple.h2benchmark next_pid=3322 next_prio=120
           <...>-3322  [000] ...2   237.098843: sched_switch: prev_comm=ple.h2benchmark prev_pid=3322 prev_prio=120 prev_state=R ==> next_comm=kworker/0:2 next_pid=98 next_prio=120
     kworker/0:2-98    [000] ...2   237.098863: sched_switch: prev_comm=kworker/0:2 prev_pid=98 prev_prio=120 prev_state=S ==> next_comm=ple.h2benchmark next_pid=3322 next_prio=120
           <...>-3322  [000] ...2   237.100742: sched_switch: prev_comm=ple.h2benchmark prev_pid=3322 prev_prio=120 prev_state=R ==> next_comm=kworker/u:1 next_pid=21 next_prio=120
     kworker/u:1-21    [000] ...2   237.100801: sched_switch: prev_comm=kworker/u:1 prev_pid=21 prev_prio=120 prev_state=S ==> next_comm=kworker/u:3 next_pid=113 next_prio=120
     kworker/u:3-113   [000] ...2   237.100811: sched_switch: prev_comm=kworker/u:3 prev_pid=113 prev_prio=120 prev_state=S ==> next_comm=sensors.qcom next_pid=860 next_prio=120
    sensors.qcom-860   [000] ...2   237.100910: sched_switch: prev_comm=sensors.qcom prev_pid=860 prev_prio=120 prev_state=S ==> next_comm=sensors.qcom next_pid=732 next_prio=120
    sensors.qcom-732   [000] ...2   237.100976: sched_switch: prev_comm=sensors.qcom prev_pid=732 prev_prio=120 prev_state=S ==> next_comm=system_server next_pid=736 next_prio=118
   system_server-736   [000] ...2   237.101156: sched_switch: prev_comm=system_server prev_pid=736 prev_prio=118 prev_state=S ==> next_comm=system_server next_pid=740 next_prio=118
   system_server-740   [000] ...2   237.101182: sched_switch: prev_comm=system_server prev_pid=740 prev_prio=118 prev_state=S ==> next_comm=ple.h2benchmark next_pid=3322 next_prio=120
           <...>-3322  [000] ...2   237.102491: sched_switch: prev_comm=ple.h2benchmark prev_pid=3322 prev_prio=120 prev_state=S ==> next_comm=swapper/0 next_pid=0 next_prio=120
          <idle>-0     [000] ...2   237.103547: sched_switch: prev_comm=swapper/0 prev_pid=0 prev_prio=120 prev_state=R ==> next_comm=ple.h2benchmark next_pid=3322 next_prio=120
          traced-202   [001] ...2   237.108825: sched_switch: prev_comm=traced prev_pid=202 prev_prio=120 prev_state=R ==> next_comm=kworker/1:1 next_pid=4474 next_prio=120
     kworker/1:1-4474  [001] ...2   237.108837: sched_switch: prev_comm=kworker/1:1 prev_pid=4474 prev_prio=120 prev_state=S ==> next_comm=traced next_pid=202 next_prio=120
           <...>-3322  [000] ...2   237.109544: sched_switch: prev_comm=ple.h2benchmark prev_pid=3322 prev_prio=120 prev_state=S ==> next_comm=swapper/0 next_pid=0 next_prio=120
          <idle>-0     [000] ...2   237.110127: sched_switch: prev_comm=swapper/0 prev_pid=0 prev_prio=120 prev_state=R ==> next_comm=Benchmark.mv.db next_pid=4911 next_prio=120
           <...>-4911  [000] ...2   237.110180: sched_switch: prev_comm=Benchmark.mv.db prev_pid=4911 prev_prio=120 prev_state=S ==> next_comm=swapper/0 next_pid=0 next_prio=120
          <idle>-0     [000] ...2   237.110600: sched_switch: prev_comm=swapper/0 prev_pid=0 prev_prio=120 prev_state=R ==> next_comm=ple.h2benchmark next_pid=3322 next_prio=120
           <...>-3322  [000] ...2   237.116633: sched_switch: prev_comm=ple.h2benchmark prev_pid=3322 prev_prio=120 prev_state=S ==> next_comm=swapper/0 next_pid=0 next_prio=120
          <idle>-0     [000] ...2   237.117688: sched_switch: prev_comm=swapper/0 prev_pid=0 prev_prio=120 prev_state=R ==> next_comm=ple.h2benchmark next_pid=3322 next_prio=120
           <...>-3322  [000] ...2   237.118832: sched_switch: prev_comm=ple.h2benchmark prev_pid=3322 prev_prio=120 prev_state=R ==> next_comm=kworker/u:3 next_pid=113 next_prio=120
     kworker/u:3-113   [000] ...2   237.118856: sched_switch: prev_comm=kworker/u:3 prev_pid=113 prev_prio=120 prev_state=S ==> next_comm=mpdecision next_pid=1831 next_prio=113
      mpdecision-1831  [000] ...2   237.119234: sched_switch: prev_comm=mpdecision prev_pid=1831 prev_prio=113 prev_state=S ==> next_comm=ple.h2benchmark next_pid=3322 next_prio=120
           <...>-3322  [000] ...2   237.123936: sched_switch: prev_comm=ple.h2benchmark prev_pid=3322 prev_prio=120 prev_state=S ==> next_comm=swapper/0 next_pid=0 next_prio=120
          <idle>-0     [000] ...2   237.123962: sched_switch: prev_comm=swapper/0 prev_pid=0 prev_prio=120 prev_state=R ==> next_comm=ksoftirqd/0 next_pid=3 next_prio=120
     ksoftirqd/0-3     [000] ...2   237.123980: sched_switch: prev_comm=ksoftirqd/0 prev_pid=3 prev_prio=120 prev_state=S ==> next_comm=swapper/0 next_pid=0 next_prio=120
          <idle>-0     [000] ...2   237.124003: sched_switch: prev_comm=swapper/0 prev_pid=0 prev_prio=120 prev_state=R ==> next_comm=ksoftirqd/0 next_pid=3 next_prio=120
     ksoftirqd/0-3     [000] ...2   237.124018: sched_switch: prev_comm=ksoftirqd/0 prev_pid=3 prev_prio=120 prev_state=S ==> next_comm=swapper/0 next_pid=0 next_prio=120
          <idle>-0     [000] ...2   237.124039: sched_switch: prev_comm=swapper/0 prev_pid=0 prev_prio=120 prev_state=R ==> next_comm=ksoftirqd/0 next_pid=3 next_prio=120
     ksoftirqd/0-3     [000] ...2   237.124053: sched_switch: prev_comm=ksoftirqd/0 prev_pid=3 prev_prio=120 prev_state=S ==> next_comm=swapper/0 next_pid=0 next_prio=120
          <idle>-0     [000] ...2   237.124992: sched_switch: prev_comm=swapper/0 prev_pid=0 prev_prio=120 prev_state=R ==> next_comm=ple.h2benchmark next_pid=3322 next_prio=120
           <...>-3322  [000] ...2   237.130892: sched_switch: prev_comm=ple.h2benchmark prev_pid=3322 prev_prio=120 prev_state=S ==> next_comm=swapper/0 next_pid=0 next_prio=120
          <idle>-0     [000] ...2   237.130916: sched_switch: prev_comm=swapper/0 prev_pid=0 prev_prio=120 prev_state=R ==> next_comm=ksoftirqd/0 next_pid=3 next_prio=120
     ksoftirqd/0-3     [000] ...2   237.130930: sched_switch: prev_comm=ksoftirqd/0 prev_pid=3 prev_prio=120 prev_state=S ==> next_comm=swapper/0 next_pid=0 next_prio=120
          <idle>-0     [000] ...2   237.130950: sched_switch: prev_comm=swapper/0 prev_pid=0 prev_prio=120 prev_state=R ==> next_comm=ksoftirqd/0 next_pid=3 next_prio=120
     ksoftirqd/0-3     [000] ...2   237.130963: sched_switch: prev_comm=ksoftirqd/0 prev_pid=3 prev_prio=120 prev_state=S ==> next_comm=swapper/0 next_pid=0 next_prio=120
          <idle>-0     [000] ...2   237.130983: sched_switch: prev_comm=swapper/0 prev_pid=0 prev_prio=120 prev_state=R ==> next_comm=ksoftirqd/0 next_pid=3 next_prio=120
     ksoftirqd/0-3     [000] ...2   237.130992: sched_switch: prev_comm=ksoftirqd/0 prev_pid=3 prev_prio=120 prev_state=S ==> next_comm=swapper/0 next_pid=0 next_prio=120
          <idle>-0     [000] ...2   237.131946: sched_switch: prev_comm=swapper/0 prev_pid=0 prev_prio=120 prev_state=R ==> next_comm=ple.h2benchmark next_pid=3322 next_prio=120
           <...>-3322  [000] ...2   237.132077: sched_switch: prev_comm=ple.h2benchmark prev_pid=3322 prev_prio=120 prev_state=S ==> next_comm=swapper/0 next_pid=0 next_prio=120
          <idle>-0     [000] ...2   237.133131: sched_switch: prev_comm=swapper/0 prev_pid=0 prev_prio=120 prev_state=R ==> next_comm=ple.h2benchmark next_pid=3322 next_prio=120
          traced-202   [001] ...2   237.138827: sched_switch: prev_comm=traced prev_pid=202 prev_prio=120 prev_state=R ==> next_comm=kworker/1:0H next_pid=4472 next_prio=100
    kworker/1:0H-4472  [001] ...2   237.138842: sched_switch: prev_comm=kworker/1:0H prev_pid=4472 prev_prio=100 prev_state=S ==> next_comm=traced next_pid=202 next_prio=120
           <...>-3322  [000] ...2   237.138843: sched_switch: prev_comm=ple.h2benchmark prev_pid=3322 prev_prio=120 prev_state=R ==> next_comm=kworker/0:2 next_pid=98 next_prio=120
     kworker/0:2-98    [000] ...2   237.138861: sched_switch: prev_comm=kworker/0:2 prev_pid=98 prev_prio=120 prev_state=S ==> next_comm=kworker/0:1H next_pid=17 next_prio=100
    kworker/0:1H-17    [000] ...2   237.138881: sched_switch: prev_comm=kworker/0:1H prev_pid=17 prev_prio=100 prev_state=S ==> next_comm=ple.h2benchmark next_pid=3322 next_prio=120
           <...>-3322  [000] ...2   237.139156: sched_switch: prev_comm=ple.h2benchmark prev_pid=3322 prev_prio=120 prev_state=S ==> next_comm=swapper/0 next_pid=0 next_prio=120
          <idle>-0     [000] ...2   237.139179: sched_switch: prev_comm=swapper/0 prev_pid=0 prev_prio=120 prev_state=R ==> next_comm=ksoftirqd/0 next_pid=3 next_prio=120
     ksoftirqd/0-3     [000] ...2   237.139195: sched_switch: prev_comm=ksoftirqd/0 prev_pid=3 prev_prio=120 prev_state=S ==> next_comm=swapper/0 next_pid=0 next_prio=120
          <idle>-0     [000] ...2   237.140215: sched_switch: prev_comm=swapper/0 prev_pid=0 prev_prio=120 prev_state=R ==> next_comm=ple.h2benchmark next_pid=3322 next_prio=120
           <...>-3322  [000] ...2   237.146208: sched_switch: prev_comm=ple.h2benchmark prev_pid=3322 prev_prio=120 prev_state=S ==> next_comm=swapper/0 next_pid=0 next_prio=120
          <idle>-0     [000] ...2   237.147266: sched_switch: prev_comm=swapper/0 prev_pid=0 prev_prio=120 prev_state=R ==> next_comm=ple.h2benchmark next_pid=3322 next_prio=120
          traced-202   [001] ...2   237.151661: sched_switch: prev_comm=traced prev_pid=202 prev_prio=120 prev_state=R ==> next_comm=system_server next_pid=713 next_prio=118
   system_server-713   [001] ...2   237.152089: sched_switch: prev_comm=system_server prev_pid=713 prev_prio=118 prev_state=S ==> next_comm=traced next_pid=202 next_prio=120
           <...>-3322  [000] ...2   237.153059: sched_switch: prev_comm=ple.h2benchmark prev_pid=3322 prev_prio=120 prev_state=S ==> next_comm=swapper/0 next_pid=0 next_prio=120
          <idle>-0     [000] ...2   237.154115: sched_switch: prev_comm=swapper/0 prev_pid=0 prev_prio=120 prev_state=R ==> next_comm=ple.h2benchmark next_pid=3322 next_prio=120
           <...>-3322  [000] ...2   237.158941: sched_switch: prev_comm=ple.h2benchmark prev_pid=3322 prev_prio=120 prev_state=R ==> next_comm=kworker/u:3 next_pid=113 next_prio=120
     kworker/u:3-113   [000] ...2   237.159034: sched_switch: prev_comm=kworker/u:3 prev_pid=113 prev_prio=120 prev_state=S ==> next_comm=kworker/u:1 next_pid=21 next_prio=120
     kworker/u:1-21    [000] ...2   237.159045: sched_switch: prev_comm=kworker/u:1 prev_pid=21 prev_prio=120 prev_state=S ==> next_comm=sensors.qcom next_pid=860 next_prio=120
    sensors.qcom-860   [000] ...2   237.159149: sched_switch: prev_comm=sensors.qcom prev_pid=860 prev_prio=120 prev_state=S ==> next_comm=sensors.qcom next_pid=732 next_prio=120
    sensors.qcom-732   [000] ...2   237.159215: sched_switch: prev_comm=sensors.qcom prev_pid=732 prev_prio=120 prev_state=S ==> next_comm=system_server next_pid=736 next_prio=118
   system_server-736   [000] ...2   237.159399: sched_switch: prev_comm=system_server prev_pid=736 prev_prio=118 prev_state=S ==> next_comm=system_server next_pid=740 next_prio=118
   system_server-740   [000] ...2   237.159442: sched_switch: prev_comm=system_server prev_pid=740 prev_prio=118 prev_state=S ==> next_comm=SensorService next_pid=781 next_prio=112
          traced-202   [001] ...2   237.159502: sched_switch: prev_comm=traced prev_pid=202 prev_prio=120 prev_state=R ==> next_comm=android.ui next_pid=786 next_prio=118
   SensorService-781   [000] ...2   237.159532: sched_switch: prev_comm=SensorService prev_pid=781 prev_prio=112 prev_state=S ==> next_comm=ple.h2benchmark next_pid=3322 next_prio=120
      android.ui-786   [001] ...2   237.159573: sched_switch: prev_comm=android.ui prev_pid=786 prev_prio=118 prev_state=S ==> next_comm=traced next_pid=202 next_prio=120
           <...>-3322  [000] ...2   237.160232: sched_switch: prev_comm=ple.h2benchmark prev_pid=3322 prev_prio=120 prev_state=R ==> next_comm=Benchmark.mv.db next_pid=4911 next_prio=120
           <...>-4911  [000] ...2   237.160287: sched_switch: prev_comm=Benchmark.mv.db prev_pid=4911 prev_prio=120 prev_state=S ==> next_comm=ple.h2benchmark next_pid=3322 next_prio=120
           <...>-3322  [000] ...2   237.161121: sched_switch: prev_comm=ple.h2benchmark prev_pid=3322 prev_prio=120 prev_state=S ==> next_comm=swapper/0 next_pid=0 next_prio=120
          <idle>-0     [000] ...2   237.162179: sched_switch: prev_comm=swapper/0 prev_pid=0 prev_prio=120 prev_state=R ==> next_comm=ple.h2benchmark next_pid=3322 next_prio=120
           <...>-3322  [000] ...2   237.168168: sched_switch: prev_comm=ple.h2benchmark prev_pid=3322 prev_prio=120 prev_state=S ==> next_comm=swapper/0 next_pid=0 next_prio=120
          <idle>-0     [000] ...2   237.168832: sched_switch: prev_comm=swapper/0 prev_pid=0 prev_prio=120 prev_state=R ==> next_comm=kworker/u:1 next_pid=21 next_prio=120
     kworker/u:1-21    [000] ...2   237.168857: sched_switch: prev_comm=kworker/u:1 prev_pid=21 prev_prio=120 prev_state=S ==> next_comm=mpdecision next_pid=1831 next_prio=113
      mpdecision-1831  [000] ...2   237.169258: sched_switch: prev_comm=mpdecision prev_pid=1831 prev_prio=113 prev_state=S ==> next_comm=ple.h2benchmark next_pid=3322 next_prio=120
           <...>-3322  [000] ...2   237.175406: sched_switch: prev_comm=ple.h2benchmark prev_pid=3322 prev_prio=120 prev_state=S ==> next_comm=swapper/0 next_pid=0 next_prio=120
          <idle>-0     [000] ...2   237.175432: sched_switch: prev_comm=swapper/0 prev_pid=0 prev_prio=120 prev_state=R ==> next_comm=ksoftirqd/0 next_pid=3 next_prio=120
     ksoftirqd/0-3     [000] ...2   237.175447: sched_switch: prev_comm=ksoftirqd/0 prev_pid=3 prev_prio=120 prev_state=S ==> next_comm=swapper/0 next_pid=0 next_prio=120
          <idle>-0     [000] ...2   237.175471: sched_switch: prev_comm=swapper/0 prev_pid=0 prev_prio=120 prev_state=R ==> next_comm=ksoftirqd/0 next_pid=3 next_prio=120
     ksoftirqd/0-3     [000] ...2   237.175485: sched_switch: prev_comm=ksoftirqd/0 prev_pid=3 prev_prio=120 prev_state=S ==> next_comm=swapper/0 next_pid=0 next_prio=120
          <idle>-0     [000] ...2   237.175505: sched_switch: prev_comm=swapper/0 prev_pid=0 prev_prio=120 prev_state=R ==> next_comm=ksoftirqd/0 next_pid=3 next_prio=120
     ksoftirqd/0-3     [000] ...2   237.175518: sched_switch: prev_comm=ksoftirqd/0 prev_pid=3 prev_prio=120 prev_state=S ==> next_comm=swapper/0 next_pid=0 next_prio=120
          <idle>-0     [000] ...2   237.176462: sched_switch: prev_comm=swapper/0 prev_pid=0 prev_prio=120 prev_state=R ==> next_comm=ple.h2benchmark next_pid=3322 next_prio=120
           <...>-3322  [000] ...2   237.182345: sched_switch: prev_comm=ple.h2benchmark prev_pid=3322 prev_prio=120 prev_state=S ==> next_comm=swapper/0 next_pid=0 next_prio=120
          <idle>-0     [000] ...2   237.182370: sched_switch: prev_comm=swapper/0 prev_pid=0 prev_prio=120 prev_state=R ==> next_comm=ksoftirqd/0 next_pid=3 next_prio=120
     ksoftirqd/0-3     [000] ...2   237.182384: sched_switch: prev_comm=ksoftirqd/0 prev_pid=3 prev_prio=120 prev_state=S ==> next_comm=swapper/0 next_pid=0 next_prio=120
          <idle>-0     [000] ...2   237.182405: sched_switch: prev_comm=swapper/0 prev_pid=0 prev_prio=120 prev_state=R ==> next_comm=ksoftirqd/0 next_pid=3 next_prio=120
     ksoftirqd/0-3     [000] ...2   237.182417: sched_switch: prev_comm=ksoftirqd/0 prev_pid=3 prev_prio=120 prev_state=S ==> next_comm=swapper/0 next_pid=0 next_prio=120
          <idle>-0     [000] ...2   237.182437: sched_switch: prev_comm=swapper/0 prev_pid=0 prev_prio=120 prev_state=R ==> next_comm=ksoftirqd/0 next_pid=3 next_prio=120
     ksoftirqd/0-3     [000] ...2   237.182447: sched_switch: prev_comm=ksoftirqd/0 prev_pid=3 prev_prio=120 prev_state=S ==> next_comm=swapper/0 next_pid=0 next_prio=120
          <idle>-0     [000] ...2   237.183402: sched_switch: prev_comm=swapper/0 prev_pid=0 prev_prio=120 prev_state=R ==> next_comm=ple.h2benchmark next_pid=3322 next_prio=120
           <...>-3322  [000] ...2   237.188837: sched_switch: prev_comm=ple.h2benchmark prev_pid=3322 prev_prio=120 prev_state=R ==> next_comm=kworker/0:1H next_pid=17 next_prio=100
    kworker/0:1H-17    [000] ...2   237.188859: sched_switch: prev_comm=kworker/0:1H prev_pid=17 prev_prio=100 prev_state=S ==> next_comm=ple.h2benchmark next_pid=3322 next_prio=120
           <...>-3322  [000] ...2   237.189288: sched_switch: prev_comm=ple.h2benchmark prev_pid=3322 prev_prio=120 prev_state=S ==> next_comm=swapper/0 next_pid=0 next_prio=120
          <idle>-0     [000] ...2   237.189310: sched_switch: prev_comm=swapper/0 prev_pid=0 prev_prio=120 prev_state=R ==> next_comm=ksoftirqd/0 next_pid=3 next_prio=120
     ksoftirqd/0-3     [000] ...2   237.189324: sched_switch: prev_comm=ksoftirqd/0 prev_pid=3 prev_prio=120 prev_state=S ==> next_comm=swapper/0 next_pid=0 next_prio=120
          <idle>-0     [000] ...2   237.190346: sched_switch: prev_comm=swapper/0 prev_pid=0 prev_prio=120 prev_state=R ==> next_comm=ple.h2benchmark next_pid=3322 next_prio=120
           <...>-3322  [000] ...2   237.196150: sched_switch: prev_comm=ple.h2benchmark prev_pid=3322 prev_prio=120 prev_state=S ==> next_comm=swapper/0 next_pid=0 next_prio=120
          <idle>-0     [000] ...2   237.197208: sched_switch: prev_comm=swapper/0 prev_pid=0 prev_prio=120 prev_state=R ==> next_comm=ple.h2benchmark next_pid=3322 next_prio=120
           <...>-3322  [000] ...2   237.201465: sched_switch: prev_comm=ple.h2benchmark prev_pid=3322 prev_prio=120 prev_state=R ==> next_comm=kworker/u:1 next_pid=21 next_prio=120
     kworker/u:1-21    [000] ...2   237.201524: sched_switch: prev_comm=kworker/u:1 prev_pid=21 prev_prio=120 prev_state=S ==> next_comm=kworker/u:3 next_pid=113 next_prio=120
     kworker/u:3-113   [000] ...2   237.201534: sched_switch: prev_comm=kworker/u:3 prev_pid=113 prev_prio=120 prev_state=S ==> next_comm=sensors.qcom next_pid=860 next_prio=120
    sensors.qcom-860   [000] ...2   237.201634: sched_switch: prev_comm=sensors.qcom prev_pid=860 prev_prio=120 prev_state=S ==> next_comm=sensors.qcom next_pid=732 next_prio=120
    sensors.qcom-732   [000] ...2   237.201701: sched_switch: prev_comm=sensors.qcom prev_pid=732 prev_prio=120 prev_state=S ==> next_comm=system_server next_pid=736 next_prio=118
   system_server-736   [000] ...2   237.201887: sched_switch: prev_comm=system_server prev_pid=736 prev_prio=118 prev_state=S ==> next_comm=system_server next_pid=740 next_prio=118
   system_server-740   [000] ...2   237.201913: sched_switch: prev_comm=system_server prev_pid=740 prev_prio=118 prev_state=S ==> next_comm=ple.h2benchmark next_pid=3322 next_prio=120
           <...>-3322  [000] ...2   237.203715: sched_switch: prev_comm=ple.h2benchmark prev_pid=3322 prev_prio=120 prev_state=S ==> next_comm=swapper/0 next_pid=0 next_prio=120
          <idle>-0     [000] ...2   237.204773: sched_switch: prev_comm=swapper/0 prev_pid=0 prev_prio=120 prev_state=R ==> next_comm=ple.h2benchmark next_pid=3322 next_prio=120
           <...>-3322  [000] ...2   237.208462: sched_switch: prev_comm=ple.h2benchmark prev_pid=3322 prev_prio=120 prev_state=R ==> next_comm=kworker/u:3 next_pid=113 next_prio=120
     kworker/u:3-113   [000] ...2   237.208517: sched_switch: prev_comm=kworker/u:3 prev_pid=113 prev_prio=120 prev_state=S ==> next_comm=kworker/u:1 next_pid=21 next_prio=120
     kworker/u:1-21    [000] ...2   237.208527: sched_switch: prev_comm=kworker/u:1 prev_pid=21 prev_prio=120 prev_state=S ==> next_comm=sensors.qcom next_pid=860 next_prio=120
    sensors.qcom-860   [000] ...2   237.208615: sched_switch: prev_comm=sensors.qcom prev_pid=860 prev_prio=120 prev_state=S ==> next_comm=sensors.qcom next_pid=732 next_prio=120
    sensors.qcom-732   [000] ...2   237.208675: sched_switch: prev_comm=sensors.qcom prev_pid=732 prev_prio=120 prev_state=S ==> next_comm=system_server next_pid=736 next_prio=118
          traced-202   [001] ...2   237.208827: sched_switch: prev_comm=traced prev_pid=202 prev_prio=120 prev_state=R ==> next_comm=system_server next_pid=740 next_prio=118
   system_server-740   [001] ...2   237.208852: sched_switch: prev_comm=system_server prev_pid=740 prev_prio=118 prev_state=S ==> next_comm=traced next_pid=202 next_prio=120
   system_server-736   [000] ...2   237.208863: sched_switch: prev_comm=system_server prev_pid=736 prev_prio=118 prev_state=S ==> next_comm=SensorService next_pid=781 next_prio=112
          traced-202   [001] ...2   237.208922: sched_switch: prev_comm=traced prev_pid=202 prev_prio=120 prev_state=R ==> next_comm=android.ui next_pid=786 next_prio=118
   SensorService-781   [000] ...2   237.208949: sched_switch: prev_comm=SensorService prev_pid=781 prev_prio=112 prev_state=S ==> next_comm=ple.h2benchmark next_pid=3322 next_prio=120
      android.ui-786   [001] ...2   237.208988: sched_switch: prev_comm=android.ui prev_pid=786 prev_prio=118 prev_state=S ==> next_comm=traced next_pid=202 next_prio=120
