          <idle>-0     [000] ...2   236.722362: sched_switch: prev_comm=swapper/0 prev_pid=0 prev_prio=120 prev_state=R ==> next_comm=ksoftirqd/0 next_pid=3 next_prio=120
     ksoftirqd/0-3     [000] ...2   236.722376: sched_switch: prev_comm=ksoftirqd/0 prev_pid=3 prev_prio=120 prev_state=S ==> next_comm=swapper/0 next_pid=0 next_prio=120
          <idle>-0     [000] ...2   236.722397: sched_switch: prev_comm=swapper/0 prev_pid=0 prev_prio=120 prev_state=R ==> next_comm=ksoftirqd/0 next_pid=3 next_prio=120
     ksoftirqd/0-3     [000] ...2   236.722410: sched_switch: prev_comm=ksoftirqd/0 prev_pid=3 prev_prio=120 prev_state=S ==> next_comm=swapper/0 next_pid=0 next_prio=120
          <idle>-0     [000] ...2   236.722430: sched_switch: prev_comm=swapper/0 prev_pid=0 prev_prio=120 prev_state=R ==> next_comm=ksoftirqd/0 next_pid=3 next_prio=120
     ksoftirqd/0-3     [000] ...2   236.722440: sched_switch: prev_comm=ksoftirqd/0 prev_pid=3 prev_prio=120 prev_state=S ==> next_comm=swapper/0 next_pid=0 next_prio=120
          <idle>-0     [000] ...2   236.723395: sched_switch: prev_comm=swapper/0 prev_pid=0 prev_prio=120 prev_state=R ==> next_comm=ple.h2benchmark next_pid=3322 next_prio=120
           <...>-3322  [000] ...2   236.729197: sched_switch: prev_comm=ple.h2benchmark prev_pid=3322 prev_prio=120 prev_state=S ==> next_comm=swapper/0 next_pid=0 next_prio=120
          <idle>-0     [000] ...2   236.729215: sched_switch: prev_comm=swapper/0 prev_pid=0 prev_prio=120 prev_state=R ==> next_comm=ksoftirqd/0 next_pid=3 next_prio=120
     ksoftirqd/0-3     [000] ...2   236.729233: sched_switch: prev_comm=ksoftirqd/0 prev_pid=3 prev_prio=120 prev_state=S ==> next_comm=swapper/0 next_pid=0 next_prio=120
          <idle>-0     [000] ...2   236.729250: sched_switch: prev_comm=swapper/0 prev_pid=0 prev_prio=120 prev_state=R ==> next_comm=ksoftirqd/0 next_pid=3 next_prio=120
     ksoftirqd/0-3     [000] ...2   236.729261: sched_switch: prev_comm=ksoftirqd/0 prev_pid=3 prev_prio=120 prev_state=S ==> next_comm=swapper/0 next_pid=0 next_prio=120
          <idle>-0     [000] ...2   236.729277: sched_switch: prev_comm=swapper/0 prev_pid=0 prev_prio=120 prev_state=R ==> next_comm=ksoftirqd/0 next_pid=3 next_prio=120
     ksoftirqd/0-3     [000] ...2   236.729287: sched_switch: prev_comm=ksoftirqd/0 prev_pid=3 prev_prio=120 prev_state=S ==> next_comm=swapper/0 next_pid=0 next_prio=120
          <idle>-0     [000] ...2   236.730249: sched_switch: prev_comm=swapper/0 prev_pid=0 prev_prio=120 prev_state=R ==> next_comm=ple.h2benchmark next_pid=3322 next_prio=120
           <...>-3322  [000] ...2   236.736202: sched_switch: prev_comm=ple.h2benchmark prev_pid=3322 prev_prio=120 prev_state=S ==> next_comm=swapper/0 next_pid=0 next_prio=120
          <idle>-0     [000] ...2   236.737259: sched_switch: prev_comm=swapper/0 prev_pid=0 prev_prio=120 prev_state=R ==> next_comm=ple.h2benchmark next_pid=3322 next_prio=120
          traced-202   [001] ...2   236.738826: sched_switch: prev_comm=traced prev_pid=202 prev_prio=120 prev_state=R ==> next_comm=kworker/1:0H next_pid=4472 next_prio=100
    kworker/1:0H-4472  [001] ...2   236.738843: sched_switch: prev_comm=kworker/1:0H prev_pid=4472 prev_prio=100 prev_state=S ==> next_comm=traced next_pid=202 next_prio=120
           <...>-3322  [000] ...2   236.738844: sched_switch: prev_comm=ple.h2benchmark prev_pid=3322 prev_prio=120 prev_state=R ==> next_comm=kworker/0:2 next_pid=98 next_prio=120
     kworker/0:2-98    [000] ...2   236.738901: sched_switch: prev_comm=kworker/0:2 prev_pid=98 prev_prio=120 prev_state=S ==> next_comm=kworker/0:1H next_pid=17 next_prio=100
    kworker/0:1H-17    [000] ...2   236.738922: sched_switch: prev_comm=kworker/0:1H prev_pid=17 prev_prio=100 prev_state=S ==> next_comm=ple.h2benchmark next_pid=3322 next_prio=120
           <...>-3322  [000] ...2   236.743413: sched_switch: prev_comm=ple.h2benchmark prev_pid=3322 prev_prio=120 prev_state=S ==> next_comm=swapper/0 next_pid=0 next_prio=120
          <idle>-0     [000] ...2   236.743439: sched_switch: prev_comm=swapper/0 prev_pid=0 prev_prio=120 prev_state=R ==> next_comm=ksoftirqd/0 next_pid=3 next_prio=120
     ksoftirqd/0-3     [000] ...2   236.743453: sched_switch: prev_comm=ksoftirqd/0 prev_pid=3 prev_prio=120 prev_state=S ==> next_comm=swapper/0 next_pid=0 next_prio=120
          <idle>-0     [000] ...2   236.743475: sched_switch: prev_comm=swapper/0 prev_pid=0 prev_prio=120 prev_state=R ==> next_comm=ksoftirqd/0 next_pid=3 next_prio=120
     ksoftirqd/0-3     [000] ...2   236.743487: sched_switch: prev_comm=ksoftirqd/0 prev_pid=3 prev_prio=120 prev_state=S ==> next_comm=swapper/0 next_pid=0 next_prio=120
          <idle>-0     [000] ...2   236.743508: sched_switch: prev_comm=swapper/0 prev_pid=0 prev_prio=120 prev_state=R ==> next_comm=ksoftirqd/0 next_pid=3 next_prio=120
     ksoftirqd/0-3     [000] ...2   236.743520: sched_switch: prev_comm=ksoftirqd/0 prev_pid=3 prev_prio=120 prev_state=S ==> next_comm=swapper/0 next_pid=0 next_prio=120
          <idle>-0     [000] ...2   236.744469: sched_switch: prev_comm=swapper/0 prev_pid=0 prev_prio=120 prev_state=R ==> next_comm=ple.h2benchmark next_pid=3322 next_prio=120
           <...>-3322  [000] ...2   236.750588: sched_switch: prev_comm=ple.h2benchmark prev_pid=3322 prev_prio=120 prev_state=S ==> next_comm=swapper/0 next_pid=0 next_prio=120
          <idle>-0     [000] ...2   236.750611: sched_switch: prev_comm=swapper/0 prev_pid=0 prev_prio=120 prev_state=R ==> next_comm=ksoftirqd/0 next_pid=3 next_prio=120
     ksoftirqd/0-3     [000] ...2   236.750636: sched_switch: prev_comm=ksoftirqd/0 prev_pid=3 prev_prio=120 prev_state=S ==> next_comm=swapper/0 next_pid=0 next_prio=120
          <idle>-0     [000] ...2   236.750657: sched_switch: prev_comm=swapper/0 prev_pid=0 prev_prio=120 prev_state=R ==> next_comm=ksoftirqd/0 next_pid=3 next_prio=120
     ksoftirqd/0-3     [000] ...2   236.750671: sched_switch: prev_comm=ksoftirqd/0 prev_pid=3 prev_prio=120 prev_state=S ==> next_comm=swapper/0 next_pid=0 next_prio=120
          <idle>-0     [000] ...2   236.750691: sched_switch: prev_comm=swapper/0 prev_pid=0 prev_prio=120 prev_state=R ==> next_comm=ksoftirqd/0 next_pid=3 next_prio=120
     ksoftirqd/0-3     [000] ...2   236.750701: sched_switch: prev_comm=ksoftirqd/0 prev_pid=3 prev_prio=120 prev_state=S ==> next_comm=swapper/0 next_pid=0 next_prio=120
          <idle>-0     [000] ...2   236.751642: sched_switch: prev_comm=swapper/0 prev_pid=0 prev_prio=120 prev_state=R ==> next_comm=ple.h2benchmark next_pid=3322 next_prio=120
           <...>-3322  [000] ...2   236.756590: sched_switch: prev_comm=ple.h2benchmark prev_pid=3322 prev_prio=120 prev_state=R ==> next_comm=Benchmark.mv.db next_pid=4911 next_prio=120
           <...>-4911  [000] ...2   236.756643: sched_switch: prev_comm=Benchmark.mv.db prev_pid=4911 prev_prio=120 prev_state=S ==> next_comm=ple.h2benchmark next_pid=3322 next_prio=120
           <...>-3322  [000] ...2   236.757496: sched_switch: prev_comm=ple.h2benchmark prev_pid=3322 prev_prio=120 prev_state=S ==> next_comm=swapper/0 next_pid=0 next_prio=120
          <idle>-0     [000] ...2   236.758551: sched_switch: prev_comm=swapper/0 prev_pid=0 prev_prio=120 prev_state=R ==> next_comm=ple.h2benchmark next_pid=3322 next_prio=120
           <...>-3322  [000] ...2   236.764504: sched_switch: prev_comm=ple.h2benchmark prev_pid=3322 prev_prio=120 prev_state=S ==> next_comm=swapper/0 next_pid=0 next_prio=120
          <idle>-0     [000] ...2   236.764525: sched_switch: prev_comm=swapper/0 prev_pid=0 prev_prio=120 prev_state=R ==> next_comm=ksoftirqd/0 next_pid=3 next_prio=120
     ksoftirqd/0-3     [000] ...2   236.764539: sched_switch: prev_comm=ksoftirqd/0 prev_pid=3 prev_prio=120 prev_state=S ==> next_comm=swapper/0 next_pid=0 next_prio=120
          <idle>-0     [000] ...2   236.764556: sched_switch: prev_comm=swapper/0 prev_pid=0 prev_prio=120 prev_state=R ==> next_comm=ksoftirqd/0 next_pid=3 next_prio=120
     ksoftirqd/0-3     [000] ...2   236.764569: sched_switch: prev_comm=ksoftirqd/0 prev_pid=3 prev_prio=120 prev_state=S ==> next_comm=swapper/0 next_pid=0 next_prio=120
          <idle>-0     [000] ...2   236.764585: sched_switch: prev_comm=swapper/0 prev_pid=0 prev_prio=120 prev_state=R ==> next_comm=ksoftirqd/0 next_pid=3 next_prio=120
     ksoftirqd/0-3     [000] ...2   236.764599: sched_switch: prev_comm=ksoftirqd/0 prev_pid=3 prev_prio=120 prev_state=S ==> next_comm=swapper/0 next_pid=0 next_prio=120
          <idle>-0     [000] ...2   236.765555: sched_switch: prev_comm=swapper/0 prev_pid=0 prev_prio=120 prev_state=R ==> next_comm=ple.h2benchmark next_pid=3322 next_prio=120
           <...>-3322  [000] ...2   236.768845: sched_switch: prev_comm=ple.h2benchmark prev_pid=3322 prev_prio=120 prev_state=R ==> next_comm=kworker/u:1 next_pid=21 next_prio=120
     kworker/u:1-21    [000] ...2   236.768869: sched_switch: prev_comm=kworker/u:1 prev_pid=21 prev_prio=120 prev_state=S ==> next_comm=kworker/0:2 next_pid=98 next_prio=120
     kworker/0:2-98    [000] ...2   236.769053: sched_switch: prev_comm=kworker/0:2 prev_pid=98 prev_prio=120 prev_state=D ==> next_comm=workqueue_trust next_pid=4912 next_prio=120
           <...>-4912  [000] ...2   236.769075: sched_switch: prev_comm=workqueue_trust prev_pid=4912 prev_prio=120 prev_state=D ==> next_comm=mpdecision next_pid=1831 next_prio=113
      mpdecision-1831  [000] ...2   236.769507: sched_switch: prev_comm=mpdecision prev_pid=1831 prev_prio=113 prev_state=S ==> next_comm=kworker/2:1 next_pid=4531 next_prio=120
           <...>-4531  [000] ...3   236.769586: sched_switch: prev_comm=kworker/2:1 prev_pid=4531 prev_prio=120 prev_state=x ==> next_comm=kworker/u:0H next_pid=7 next_prio=100
    kworker/u:0H-7     [000] ...2   236.769622: sched_switch: prev_comm=kworker/u:0H prev_pid=7 prev_prio=100 prev_state=D ==> next_comm=workqueue_trust next_pid=4912 next_prio=120
           <...>-4912  [000] ...2   236.769642: sched_switch: prev_comm=workqueue_trust prev_pid=4912 prev_prio=120 prev_state=D ==> next_comm=kworker/2:0 next_pid=4528 next_prio=120
           <...>-4528  [000] ...3   236.769702: sched_switch: prev_comm=kworker/2:0 prev_pid=4528 prev_prio=120 prev_state=x ==> next_comm=workqueue_trust next_pid=4912 next_prio=120
           <...>-4912  [000] ...2   236.769721: sched_switch: prev_comm=workqueue_trust prev_pid=4912 prev_prio=120 prev_state=R+ ==> next_comm=kworker/2:0H next_pid=4529 next_prio=100
           <...>-4529  [000] ...3   236.769776: sched_switch: prev_comm=kworker/2:0H prev_pid=4529 prev_prio=100 prev_state=x ==> next_comm=workqueue_trust next_pid=4912 next_prio=120
           <...>-4912  [000] ...2   236.769793: sched_switch: prev_comm=workqueue_trust prev_pid=4912 prev_prio=120 prev_state=R+ ==> next_comm=kworker/2:1H next_pid=4539 next_prio=100
           <...>-4539  [000] ...3   236.769846: sched_switch: prev_comm=kworker/2:1H prev_pid=4539 prev_prio=100 prev_state=x ==> next_comm=workqueue_trust next_pid=4912 next_prio=120
           <...>-4912  [000] ...2   236.769863: sched_switch: prev_comm=workqueue_trust prev_pid=4912 prev_prio=120 prev_state=R+ ==> next_comm=kworker/2:2H next_pid=4540 next_prio=100
           <...>-4540  [000] ...3   236.769917: sched_switch: prev_comm=kworker/2:2H prev_pid=4540 prev_prio=100 prev_state=x ==> next_comm=workqueue_trust next_pid=4912 next_prio=120
           <...>-4912  [000] ...3   236.769953: sched_switch: prev_comm=workqueue_trust prev_pid=4912 prev_prio=120 prev_state=x ==> next_comm=kworker/0:2 next_pid=98 next_prio=120
     kworker/0:2-98    [000] ...2   236.770073: sched_switch: prev_comm=kworker/0:2 prev_pid=98 prev_prio=120 prev_state=D ==> next_comm=ple.h2benchmark next_pid=3322 next_prio=120
           <...>-3322  [000] ...2   236.770195: sched_switch: prev_comm=ple.h2benchmark prev_pid=3322 prev_prio=120 prev_state=R ==> next_comm=kworker/u:0H next_pid=7 next_prio=100
    kworker/u:0H-7     [000] ...2   236.770228: sched_switch: prev_comm=kworker/u:0H prev_pid=7 prev_prio=100 prev_state=D ==> next_comm=kworker/0:2 next_pid=98 next_prio=120
     kworker/0:2-98    [000] ...2   236.770328: sched_switch: prev_comm=kworker/0:2 prev_pid=98 prev_prio=120 prev_state=D ==> next_comm=ple.h2benchmark next_pid=3322 next_prio=120
           <...>-3322  [000] ...2   236.770525: sched_switch: prev_comm=ple.h2benchmark prev_pid=3322 prev_prio=120 prev_state=R ==> next_comm=kworker/u:0H next_pid=7 next_prio=100
    kworker/u:0H-7     [000] ...2   236.770558: sched_switch: prev_comm=kworker/u:0H prev_pid=7 prev_prio=100 prev_state=D ==> next_comm=kworker/0:2 next_pid=98 next_prio=120
     kworker/0:2-98    [000] ...2   236.770631: sched_switch: prev_comm=kworker/0:2 prev_pid=98 prev_prio=120 prev_state=D ==> next_comm=ple.h2benchmark next_pid=3322 next_prio=120
           <...>-3322  [000] ...2   236.770848: sched_switch: prev_comm=ple.h2benchmark prev_pid=3322 prev_prio=120 prev_state=R ==> next_comm=kworker/u:0H next_pid=7 next_prio=100
    kworker/u:0H-7     [000] ...2   236.770881: sched_switch: prev_comm=kworker/u:0H prev_pid=7 prev_prio=100 prev_state=D ==> next_comm=kworker/0:2 next_pid=98 next_prio=120
     kworker/0:2-98    [000] ...2   236.770953: sched_switch: prev_comm=kworker/0:2 prev_pid=98 prev_prio=120 prev_state=D ==> next_comm=ple.h2benchmark next_pid=3322 next_prio=120
           <...>-3322  [000] ...2   236.771180: sched_switch: prev_comm=ple.h2benchmark prev_pid=3322 prev_prio=120 prev_state=R ==> next_comm=kworker/u:0H next_pid=7 next_prio=100
    kworker/u:0H-7     [000] ...2   236.771213: sched_switch: prev_comm=kworker/u:0H prev_pid=7 prev_prio=100 prev_state=D ==> next_comm=kworker/0:2 next_pid=98 next_prio=120
     kworker/0:2-98    [000] ...2   236.771306: sched_switch: prev_comm=kworker/0:2 prev_pid=98 prev_prio=120 prev_state=D ==> next_comm=ple.h2benchmark next_pid=3322 next_prio=120
           <...>-3322  [000] ...2   236.771513: sched_switch: prev_comm=ple.h2benchmark prev_pid=3322 prev_prio=120 prev_state=R ==> next_comm=kworker/u:0H next_pid=7 next_prio=100
    kworker/u:0H-7     [000] ...2   236.771545: sched_switch: prev_comm=kworker/u:0H prev_pid=7 prev_prio=100 prev_state=D ==> next_comm=kworker/0:2 next_pid=98 next_prio=120
     kworker/0:2-98    [000] ...2   236.771641: sched_switch: prev_comm=kworker/0:2 prev_pid=98 prev_prio=120 prev_state=D ==> next_comm=ple.h2benchmark next_pid=3322 next_prio=120
           <...>-3322  [000] ...2   236.771858: sched_switch: prev_comm=ple.h2benchmark prev_pid=3322 prev_prio=120 prev_state=R ==> next_comm=kworker/u:0H next_pid=7 next_prio=100
    kworker/u:0H-7     [000] ...2   236.771890: sched_switch: prev_comm=kworker/u:0H prev_pid=7 prev_prio=100 prev_state=D ==> next_comm=kworker/0:2 next_pid=98 next_prio=120
     kworker/0:2-98    [000] ...2   236.771963: sched_switch: prev_comm=kworker/0:2 prev_pid=98 prev_prio=120 prev_state=D ==> next_comm=ple.h2benchmark next_pid=3322 next_prio=120
           <...>-3322  [000] ...2   236.772192: sched_switch: prev_comm=ple.h2benchmark prev_pid=3322 prev_prio=120 prev_state=R+ ==> next_comm=kworker/u:0H next_pid=7 next_prio=100
    kworker/u:0H-7     [000] ...2   236.772225: sched_switch: prev_comm=kworker/u:0H prev_pid=7 prev_prio=100 prev_state=D ==> next_comm=kworker/0:2 next_pid=98 next_prio=120
     kworker/0:2-98    [000] ...2   236.772298: sched_switch: prev_comm=kworker/0:2 prev_pid=98 prev_prio=120 prev_state=D ==> next_comm=ple.h2benchmark next_pid=3322 next_prio=120
           <...>-3322  [000] ...2   236.772524: sched_switch: prev_comm=ple.h2benchmark prev_pid=3322 prev_prio=120 prev_state=R ==> next_comm=kworker/u:0H next_pid=7 next_prio=100
    kworker/u:0H-7     [000] ...2   236.772556: sched_switch: prev_comm=kworker/u:0H prev_pid=7 prev_prio=100 prev_state=D ==> next_comm=kworker/0:2 next_pid=98 next_prio=120
     kworker/0:2-98    [000] ...2   236.772587: sched_switch: prev_comm=kworker/0:2 prev_pid=98 prev_prio=120 prev_state=S ==> next_comm=ple.h2benchmark next_pid=3322 next_prio=120
           <...>-3322  [000] ...2   236.774116: sched_switch: prev_comm=ple.h2benchmark prev_pid=3322 prev_prio=120 prev_state=S ==> next_comm=swapper/0 next_pid=0 next_prio=120
          <idle>-0     [000] ...2   236.774140: sched_switch: prev_comm=swapper/0 prev_pid=0 prev_prio=120 prev_state=R ==> next_comm=ksoftirqd/0 next_pid=3 next_prio=120
     ksoftirqd/0-3     [000] ...2   236.774158: sched_switch: prev_comm=ksoftirqd/0 prev_pid=3 prev_prio=120 prev_state=S ==> next_comm=swapper/0 next_pid=0 next_prio=120
          <idle>-0     [000] ...2   236.774181: sched_switch: prev_comm=swapper/0 prev_pid=0 prev_prio=120 prev_state=R ==> next_comm=ksoftirqd/0 next_pid=3 next_prio=120
     ksoftirqd/0-3     [000] ...2   236.774194: sched_switch: prev_comm=ksoftirqd/0 prev_pid=3 prev_prio=120 prev_state=S ==> next_comm=swapper/0 next_pid=0 next_prio=120
          <idle>-0     [000] ...2   236.774215: sched_switch: prev_comm=swapper/0 prev_pid=0 prev_prio=120 prev_state=R ==> next_comm=ksoftirqd/0 next_pid=3 next_prio=120
     ksoftirqd/0-3     [000] ...2   236.774225: sched_switch: prev_comm=ksoftirqd/0 prev_pid=3 prev_prio=120 prev_state=S ==> next_comm=swapper/0 next_pid=0 next_prio=120
          <idle>-0     [000] ...2   236.775174: sched_switch: prev_comm=swapper/0 prev_pid=0 prev_prio=120 prev_state=R ==> next_comm=ple.h2benchmark next_pid=3322 next_prio=120
           <...>-3322  [000] ...2   236.781288: sched_switch: prev_comm=ple.h2benchmark prev_pid=3322 prev_prio=120 prev_state=S ==> next_comm=swapper/0 next_pid=0 next_prio=120
          <idle>-0     [000] ...2   236.781308: sched_switch: prev_comm=swapper/0 prev_pid=0 prev_prio=120 prev_state=R ==> next_comm=ksoftirqd/0 next_pid=3 next_prio=120
     ksoftirqd/0-3     [000] ...2   236.781319: sched_switch: prev_comm=ksoftirqd/0 prev_pid=3 prev_prio=120 prev_state=S ==> next_comm=swapper/0 next_pid=0 next_prio=120
          <idle>-0     [000] ...2   236.781336: sched_switch: prev_comm=swapper/0 prev_pid=0 prev_prio=120 prev_state=R ==> next_comm=ksoftirqd/0 next_pid=3 next_prio=120
     ksoftirqd/0-3     [000] ...2   236.781345: sched_switch: prev_comm=ksoftirqd/0 prev_pid=3 prev_prio=120 prev_state=S ==> next_comm=swapper/0 next_pid=0 next_prio=120
          <idle>-0     [000] ...2   236.781361: sched_switch: prev_comm=swapper/0 prev_pid=0 prev_prio=120 prev_state=R ==> next_comm=ksoftirqd/0 next_pid=3 next_prio=120
     ksoftirqd/0-3     [000] ...2   236.781371: sched_switch: prev_comm=ksoftirqd/0 prev_pid=3 prev_prio=120 prev_state=S ==> next_comm=swapper/0 next_pid=0 next_prio=120
          <idle>-0     [000] ...2   236.782342: sched_switch: prev_comm=swapper/0 prev_pid=0 prev_prio=120 prev_state=R ==> next_comm=ple.h2benchmark next_pid=3322 next_prio=120
           <...>-3322  [000] ...2   236.788351: sched_switch: prev_comm=ple.h2benchmark prev_pid=3322 prev_prio=120 prev_state=S ==> next_comm=swapper/0 next_pid=0 next_prio=120
          <idle>-0     [000] ...2   236.788848: sched_switch: prev_comm=swapper/0 prev_pid=0 prev_prio=120 prev_state=R ==> next_comm=kworker/0:2 next_pid=98 next_prio=120
     kworker/0:2-98    [000] ...2   236.788917: sched_switch: prev_comm=kworker/0:2 prev_pid=98 prev_prio=120 prev_state=S ==> next_comm=kworker/0:1H next_pid=17 next_prio=100
    kworker/0:1H-17    [000] ...2   236.788937: sched_switch: prev_comm=kworker/0:1H prev_pid=17 prev_prio=100 prev_state=S ==> next_comm=ksoftirqd/0 next_pid=3 next_prio=120
     ksoftirqd/0-3     [000] ...2   236.789022: sched_switch: prev_comm=ksoftirqd/0 prev_pid=3 prev_prio=120 prev_state=S ==> next_comm=swapper/0 next_pid=0 next_prio=120
          <idle>-0     [000] ...2   236.789048: sched_switch: prev_comm=swapper/0 prev_pid=0 prev_prio=120 prev_state=R ==> next_comm=ksoftirqd/0 next_pid=3 next_prio=120
     ksoftirqd/0-3     [000] ...2   236.789058: sched_switch: prev_comm=ksoftirqd/0 prev_pid=3 prev_prio=120 prev_state=S ==> next_comm=swapper/0 next_pid=0 next_prio=120
          <idle>-0     [000] ...2   236.789079: sched_switch: prev_comm=swapper/0 prev_pid=0 prev_prio=120 prev_state=R ==> next_comm=ksoftirqd/0 next_pid=3 next_prio=120
     ksoftirqd/0-3     [000] ...2   236.789089: sched_switch: prev_comm=ksoftirqd/0 prev_pid=3 prev_prio=120 prev_state=S ==> next_comm=swapper/0 next_pid=0 next_prio=120
          <idle>-0     [000] ...2   236.789412: sched_switch: prev_comm=swapper/0 prev_pid=0 prev_prio=120 prev_state=R ==> next_comm=ple.h2benchmark next_pid=3322 next_prio=120
           <...>-3322  [000] ...2   236.795352: sched_switch: prev_comm=ple.h2benchmark prev_pid=3322 prev_prio=120 prev_state=S ==> next_comm=swapper/0 next_pid=0 next_prio=120
          <idle>-0     [000] ...2   236.796408: sched_switch: prev_comm=swapper/0 prev_pid=0 prev_prio=120 prev_state=R ==> next_comm=ple.h2benchmark next_pid=3322 next_prio=120
           <...>-3322  [000] ...2   236.798697: sched_switch: prev_comm=ple.h2benchmark prev_pid=3322 prev_prio=120 prev_state=R ==> next_comm=kworker/u:1 next_pid=21 next_prio=120
     kworker/u:1-21    [000] ...2   236.798761: sched_switch: prev_comm=kworker/u:1 prev_pid=21 prev_prio=120 prev_state=S ==> next_comm=kworker/u:3 next_pid=113 next_prio=120
     kworker/u:3-113   [000] ...2   236.798772: sched_switch: prev_comm=kworker/u:3 prev_pid=113 prev_prio=120 prev_state=S ==> next_comm=sensors.qcom next_pid=860 next_prio=120
    sensors.qcom-860   [000] ...2   236.798901: sched_switch: prev_comm=sensors.qcom prev_pid=860 prev_prio=120 prev_state=S ==> next_comm=sensors.qcom next_pid=732 next_prio=120
    sensors.qcom-732   [000] ...2   236.798970: sched_switch: prev_comm=sensors.qcom prev_pid=732 prev_prio=120 prev_state=S ==> next_comm=system_server next_pid=736 next_prio=118
   system_server-736   [000] ...2   236.799166: sched_switch: prev_comm=system_server prev_pid=736 prev_prio=118 prev_state=S ==> next_comm=system_server next_pid=740 next_prio=118
   system_server-740   [000] ...2   236.799194: sched_switch: prev_comm=system_server prev_pid=740 prev_prio=118 prev_state=S ==> next_comm=ple.h2benchmark next_pid=3322 next_prio=120
           <...>-3322  [000] ...2   236.802922: sched_switch: prev_comm=ple.h2benchmark prev_pid=3322 prev_prio=120 prev_state=S ==> next_comm=swapper/0 next_pid=0 next_prio=120
          <idle>-0     [000] ...2   236.802948: sched_switch: prev_comm=swapper/0 prev_pid=0 prev_prio=120 prev_state=R ==> next_comm=ksoftirqd/0 next_pid=3 next_prio=120
     ksoftirqd/0-3     [000] ...2   236.802963: sched_switch: prev_comm=ksoftirqd/0 prev_pid=3 prev_prio=120 prev_state=S ==> next_comm=swapper/0 next_pid=0 next_prio=120
          <idle>-0     [000] ...2   236.802984: sched_switch: prev_comm=swapper/0 prev_pid=0 prev_prio=120 prev_state=R ==> next_comm=ksoftirqd/0 next_pid=3 next_prio=120
     ksoftirqd/0-3     [000] ...2   236.802997: sched_switch: prev_comm=ksoftirqd/0 prev_pid=3 prev_prio=120 prev_state=S ==> next_comm=swapper/0 next_pid=0 next_prio=120
          <idle>-0     [000] ...2   236.803017: sched_switch: prev_comm=swapper/0 prev_pid=0 prev_prio=120 prev_state=R ==> next_comm=ksoftirqd/0 next_pid=3 next_prio=120
     ksoftirqd/0-3     [000] ...2   236.803029: sched_switch: prev_comm=ksoftirqd/0 prev_pid=3 prev_prio=120 prev_state=S ==> next_comm=swapper/0 next_pid=0 next_prio=120
          <idle>-0     [000] ...2   236.803979: sched_switch: prev_comm=swapper/0 prev_pid=0 prev_prio=120 prev_state=R ==> next_comm=ple.h2benchmark next_pid=3322 next_prio=120
           <...>-3322  [000] ...2   236.806698: sched_switch: prev_comm=ple.h2benchmark prev_pid=3322 prev_prio=120 prev_state=R ==> next_comm=Benchmark.mv.db next_pid=4911 next_prio=120
           <...>-4911  [000] ...2   236.806752: sched_switch: prev_comm=Benchmark.mv.db prev_pid=4911 prev_prio=120 prev_state=S ==> next_comm=ple.h2benchmark next_pid=3322 next_prio=120
           <...>-3322  [000] ...2   236.810179: sched_switch: prev_comm=ple.h2benchmark prev_pid=3322 prev_prio=120 prev_state=S ==> next_comm=swapper/0 next_pid=0 next_prio=120
          <idle>-0     [000] ...2   236.810201: sched_switch: prev_comm=swapper/0 prev_pid=0 prev_prio=120 prev_state=R ==> next_comm=ksoftirqd/0 next_pid=3 next_prio=120
     ksoftirqd/0-3     [000] ...2   236.810222: sched_switch: prev_comm=ksoftirqd/0 prev_pid=3 prev_prio=120 prev_state=S ==> next_comm=swapper/0 next_pid=0 next_prio=120
          <idle>-0     [000] ...2   236.810243: sched_switch: prev_comm=swapper/0 prev_pid=0 prev_prio=120 prev_state=R ==> next_comm=ksoftirqd/0 next_pid=3 next_prio=120
     ksoftirqd/0-3     [000] ...2   236.810256: sched_switch: prev_comm=ksoftirqd/0 prev_pid=3 prev_prio=120 prev_state=S ==> next_comm=swapper/0 next_pid=0 next_prio=120
          <idle>-0     [000] ...2   236.810277: sched_switch: prev_comm=swapper/0 prev_pid=0 prev_prio=120 prev_state=R ==> next_comm=ksoftirqd/0 next_pid=3 next_prio=120
     ksoftirqd/0-3     [000] ...2   236.810287: sched_switch: prev_comm=ksoftirqd/0 prev_pid=3 prev_prio=120 prev_state=S ==> next_comm=swapper/0 next_pid=0 next_prio=120
          <idle>-0     [000] ...2   236.811236: sched_switch: prev_comm=swapper/0 prev_pid=0 prev_prio=120 prev_state=R ==> next_comm=ple.h2benchmark next_pid=3322 next_prio=120
           <...>-3322  [000] ...2   236.812349: sched_switch: prev_comm=ple.h2benchmark prev_pid=3322 prev_prio=120 prev_state=R ==> next_comm=kworker/u:3 next_pid=113 next_prio=120
     kworker/u:3-113   [000] ...2   236.812405: sched_switch: prev_comm=kworker/u:3 prev_pid=113 prev_prio=120 prev_state=S ==> next_comm=kworker/u:1 next_pid=21 next_prio=120
     kworker/u:1-21    [000] ...2   236.812415: sched_switch: prev_comm=kworker/u:1 prev_pid=21 prev_prio=120 prev_state=S ==> next_comm=sensors.qcom next_pid=860 next_prio=120
    sensors.qcom-860   [000] ...2   236.812507: sched_switch: prev_comm=sensors.qcom prev_pid=860 prev_prio=120 prev_state=S ==> next_comm=sensors.qcom next_pid=732 next_prio=120
    sensors.qcom-732   [000] ...2   236.812570: sched_switch: prev_comm=sensors.qcom prev_pid=732 prev_prio=120 prev_state=S ==> next_comm=system_server next_pid=736 next_prio=118
   system_server-736   [000] ...2   236.812738: sched_switch: prev_comm=system_server prev_pid=736 prev_prio=118 prev_state=S ==> next_comm=system_server next_pid=740 next_prio=118
   system_server-740   [000] ...2   236.812778: sched_switch: prev_comm=system_server prev_pid=740 prev_prio=118 prev_state=S ==> next_comm=SensorService next_pid=781 next_prio=112
          traced-202   [001] ...2   236.812838: sched_switch: prev_comm=traced prev_pid=202 prev_prio=120 prev_state=R ==> next_comm=android.ui next_pid=786 next_prio=118
   SensorService-781   [000] ...2   236.812866: sched_switch: prev_comm=SensorService prev_pid=781 prev_prio=112 prev_state=S ==> next_comm=ple.h2benchmark next_pid=3322 next_prio=120
      android.ui-786   [001] ...2   236.812914: sched_switch: prev_comm=android.ui prev_pid=786 prev_prio=118 prev_state=S ==> next_comm=traced next_pid=202 next_prio=120
           <...>-3322  [000] ...2   236.817847: sched_switch: prev_comm=ple.h2benchmark prev_pid=3322 prev_prio=120 prev_state=S ==> next_comm=swapper/0 next_pid=0 next_prio=120
          <idle>-0     [000] ...2   236.818840: sched_switch: prev_comm=swapper/0 prev_pid=0 prev_prio=120 prev_state=R ==> next_comm=kworker/u:1 next_pid=21 next_prio=120
     kworker/u:1-21    [000] ...2   236.818862: sched_switch: prev_comm=kworker/u:1 prev_pid=21 prev_prio=120 prev_state=S ==> next_comm=ksoftirqd/0 next_pid=3 next_prio=120
     ksoftirqd/0-3     [000] ...2   236.818874: sched_switch: prev_comm=ksoftirqd/0 prev_pid=3 prev_prio=120 prev_state=S ==> next_comm=mpdecision next_pid=1831 next_prio=113
      mpdecision-1831  [000] ...2   236.819277: sched_switch: prev_comm=mpdecision prev_pid=1831 prev_prio=113 prev_state=S ==> next_comm=ple.h2benchmark next_pid=3322 next_prio=120
           <...>-3322  [000] ...2   236.819467: sched_switch: prev_comm=ple.h2benchmark prev_pid=3322 prev_prio=120 prev_state=S ==> next_comm=swapper/0 next_pid=0 next_prio=120
          <idle>-0     [000] ...2   236.819492: sched_switch: prev_comm=swapper/0 prev_pid=0 prev_prio=120 prev_state=R ==> next_comm=ksoftirqd/0 next_pid=3 next_prio=120
     ksoftirqd/0-3     [000] ...2   236.819506: sched_switch: prev_comm=ksoftirqd/0 prev_pid=3 prev_prio=120 prev_state=S ==> next_comm=swapper/0 next_pid=0 next_prio=120
          <idle>-0     [000] ...2   236.819527: sched_switch: prev_comm=swapper/0 prev_pid=0 prev_prio=120 prev_state=R ==> next_comm=ksoftirqd/0 next_pid=3 next_prio=120
     ksoftirqd/0-3     [000] ...2   236.819537: sched_switch: prev_comm=ksoftirqd/0 prev_pid=3 prev_prio=120 prev_state=S ==> next_comm=swapper/0 next_pid=0 next_prio=120
          <idle>-0     [000] ...2   236.820524: sched_switch: prev_comm=swapper/0 prev_pid=0 prev_prio=120 prev_state=R ==> next_comm=ple.h2benchmark next_pid=3322 next_prio=120
           <...>-3322  [000] ...2   236.826422: sched_switch: prev_comm=ple.h2benchmark prev_pid=3322 prev_prio=120 prev_state=S ==> next_comm=swapper/0 next_pid=0 next_prio=120
          <idle>-0     [000] ...2   236.827475: sched_switch: prev_comm=swapper/0 prev_pid=0 prev_prio=120 prev_state=R ==> next_comm=ple.h2benchmark next_pid=3322 next_prio=120
           <...>-3322  [000] ...2   236.833310: sched_switch: prev_comm=ple.h2benchmark prev_pid=3322 prev_prio=120 prev_state=S ==> next_comm=swapper/0 next_pid=0 next_prio=120
          <idle>-0     [000] ...2   236.833334: sched_switch: prev_comm=swapper/0 prev_pid=0 prev_prio=120 prev_state=R ==> next_comm=ksoftirqd/0 next_pid=3 next_prio=120
     ksoftirqd/0-3     [000] ...2   236.833361: sched_switch: prev_comm=ksoftirqd/0 prev_pid=3 prev_prio=120 prev_state=S ==> next_comm=swapper/0 next_pid=0 next_prio=120
          <idle>-0     [000] ...2   236.833384: sched_switch: prev_comm=swapper/0 prev_pid=0 prev_prio=120 prev_state=R ==> next_comm=ksoftirqd/0 next_pid=3 next_prio=120
     ksoftirqd/0-3     [000] ...2   236.833397: sched_switch: prev_comm=ksoftirqd/0 prev_pid=3 prev_prio=120 prev_state=S ==> next_comm=swapper/0 next_pid=0 next_prio=120
          <idle>-0     [000] ...2   236.833417: sched_switch: prev_comm=swapper/0 prev_pid=0 prev_prio=120 prev_state=R ==> next_comm=ksoftirqd/0 next_pid=3 next_prio=120
     ksoftirqd/0-3     [000] ...2   236.833430: sched_switch: prev_comm=ksoftirqd/0 prev_pid=3 prev_prio=120 prev_state=S ==> next_comm=swapper/0 next_pid=0 next_prio=120
          <idle>-0     [000] ...2   236.834368: sched_switch: prev_comm=swapper/0 prev_pid=0 prev_prio=120 prev_state=R ==> next_comm=ple.h2benchmark next_pid=3322 next_prio=120
           <...>-3322  [000] ...2   236.838839: sched_switch: prev_comm=ple.h2benchmark prev_pid=3322 prev_prio=120 prev_state=R ==> next_comm=kworker/0:1H next_pid=17 next_prio=100
    kworker/0:1H-17    [000] ...2   236.838865: sched_switch: prev_comm=kworker/0:1H prev_pid=17 prev_prio=100 prev_state=S ==> next_comm=ple.h2benchmark next_pid=3322 next_prio=120
           <...>-3322  [000] ...2   236.840146: sched_switch: prev_comm=ple.h2benchmark prev_pid=3322 prev_prio=120 prev_state=S ==> next_comm=swapper/0 next_pid=0 next_prio=120
          <idle>-0     [000] ...2   236.840170: sched_switch: prev_comm=swapper/0 prev_pid=0 prev_prio=120 prev_state=R ==> next_comm=ksoftirqd/0 next_pid=3 next_prio=120
     ksoftirqd/0-3     [000] ...2   236.840184: sched_switch: prev_comm=ksoftirqd/0 prev_pid=3 prev_prio=120 prev_state=S ==> next_comm=swapper/0 next_pid=0 next_prio=120
          <idle>-0     [000] ...2   236.840205: sched_switch: prev_comm=swapper/0 prev_pid=0 prev_prio=120 prev_state=R ==> next_comm=ksoftirqd/0 next_pid=3 next_prio=120
     ksoftirqd/0-3     [000] ...2   236.840217: sched_switch: prev_comm=ksoftirqd/0 prev_pid=3 prev_prio=120 prev_state=S ==> next_comm=swapper/0 next_pid=0 next_prio=120
          <idle>-0     [000] ...2   236.840237: sched_switch: prev_comm=swapper/0 prev_pid=0 prev_prio=120 prev_state=R ==> next_comm=ksoftirqd/0 next_pid=3 next_prio=120
     ksoftirqd/0-3     [000] ...2   236.840247: sched_switch: prev_comm=ksoftirqd/0 prev_pid=3 prev_prio=120 prev_state=S ==> next_comm=swapper/0 next_pid=0 next_prio=120
          <idle>-0     [000] ...2   236.841203: sched_switch: prev_comm=swapper/0 prev_pid=0 prev_prio=120 prev_state=R ==> next_comm=ple.h2benchmark next_pid=3322 next_prio=120
           <...>-3322  [000] ...2   236.847070: sched_switch: prev_comm=ple.h2benchmark prev_pid=3322 prev_prio=120 prev_state=S ==> next_comm=swapper/0 next_pid=0 next_prio=120
          <idle>-0     [000] ...2   236.848124: sched_switch: prev_comm=swapper/0 prev_pid=0 prev_prio=120 prev_state=R ==> next_comm=ple.h2benchmark next_pid=3322 next_prio=120
           <...>-3322  [000] ...2   236.854108: sched_switch: prev_comm=ple.h2benchmark prev_pid=3322 prev_prio=120 prev_state=S ==> next_comm=swapper/0 next_pid=0 next_prio=120
          <idle>-0     [000] ...2   236.854131: sched_switch: prev_comm=swapper/0 prev_pid=0 prev_prio=120 prev_state=R ==> next_comm=ksoftirqd/0 next_pid=3 next_prio=120
     ksoftirqd/0-3     [000] ...2   236.854151: sched_switch: prev_comm=ksoftirqd/0 prev_pid=3 prev_prio=120 prev_state=S ==> next_comm=swapper/0 next_pid=0 next_prio=120
          <idle>-0     [000] ...2   236.854172: sched_switch: prev_comm=swapper/0 prev_pid=0 prev_prio=120 prev_state=R ==> next_comm=ksoftirqd/0 next_pid=3 next_prio=120
     ksoftirqd/0-3     [000] ...2   236.854185: sched_switch: prev_comm=ksoftirqd/0 prev_pid=3 prev_prio=120 prev_state=S ==> next_comm=swapper/0 next_pid=0 next_prio=120
          <idle>-0     [000] ...2   236.854206: sched_switch: prev_comm=swapper/0 prev_pid=0 prev_prio=120 prev_state=R ==> next_comm=ksoftirqd/0 next_pid=3 next_prio=120
     ksoftirqd/0-3     [000] ...2   236.854217: sched_switch: prev_comm=ksoftirqd/0 prev_pid=3 prev_prio=120 prev_state=S ==> next_comm=swapper/0 next_pid=0 next_prio=120
          <idle>-0     [000] ...2   236.855164: sched_switch: prev_comm=swapper/0 prev_pid=0 prev_prio=120 prev_state=R ==> next_comm=ple.h2benchmark next_pid=3322 next_prio=120
           <...>-3322  [000] ...2   236.856807: sched_switch: prev_comm=ple.h2benchmark prev_pid=3322 prev_prio=120 prev_state=R ==> next_comm=Benchmark.mv.db next_pid=4911 next_prio=120
           <...>-4911  [000] ...2   236.856859: sched_switch: prev_comm=Benchmark.mv.db prev_pid=4911 prev_prio=120 prev_state=S ==> next_comm=ple.h2benchmark next_pid=3322 next_prio=120
           <...>-3322  [000] ...2   236.861263: sched_switch: prev_comm=ple.h2benchmark prev_pid=3322 prev_prio=120 prev_state=S ==> next_comm=swapper/0 next_pid=0 next_prio=120
          <idle>-0     [000] ...2   236.861288: sched_switch: prev_comm=swapper/0 prev_pid=0 prev_prio=120 prev_state=R ==> next_comm=ksoftirqd/0 next_pid=3 next_prio=120
     ksoftirqd/0-3     [000] ...2   236.861302: sched_switch: prev_comm=ksoftirqd/0 prev_pid=3 prev_prio=120 prev_state=S ==> next_comm=swapper/0 next_pid=0 next_prio=120
          <idle>-0     [000] ...2   236.861323: sched_switch: prev_comm=swapper/0 prev_pid=0 prev_prio=120 prev_state=R ==> next_comm=ksoftirqd/0 next_pid=3 next_prio=120
     ksoftirqd/0-3     [000] ...2   236.861335: sched_switch: prev_comm=ksoftirqd/0 prev_pid=3 prev_prio=120 prev_state=S ==> next_comm=swapper/0 next_pid=0 next_prio=120
          <idle>-0     [000] ...2   236.861355: sched_switch: prev_comm=swapper/0 prev_pid=0 prev_prio=120 prev_state=R ==> next_comm=ksoftirqd/0 next_pid=3 next_prio=120
     ksoftirqd/0-3     [000] ...2   236.861365: sched_switch: prev_comm=ksoftirqd/0 prev_pid=3 prev_prio=120 prev_state=S ==> next_comm=swapper/0 next_pid=0 next_prio=120
          <idle>-0     [000] ...2   236.861867: sched_switch: prev_comm=swapper/0 prev_pid=0 prev_prio=120 prev_state=R ==> next_comm=kworker/u:1 next_pid=21 next_prio=120
     kworker/u:1-21    [000] ...2   236.861927: sched_switch: prev_comm=kworker/u:1 prev_pid=21 prev_prio=120 prev_state=S ==> next_comm=kworker/u:3 next_pid=113 next_prio=120
     kworker/u:3-113   [000] ...2   236.861937: sched_switch: prev_comm=kworker/u:3 prev_pid=113 prev_prio=120 prev_state=S ==> next_comm=sensors.qcom next_pid=860 next_prio=120
    sensors.qcom-860   [000] ...2   236.862040: sched_switch: prev_comm=sensors.qcom prev_pid=860 prev_prio=120 prev_state=S ==> next_comm=sensors.qcom next_pid=732 next_prio=120
    sensors.qcom-732   [000] ...2   236.862106: sched_switch: prev_comm=sensors.qcom prev_pid=732 prev_prio=120 prev_state=S ==> next_comm=system_server next_pid=736 next_prio=118
   system_server-736   [000] ...2   236.862308: sched_switch: prev_comm=system_server prev_pid=736 prev_prio=118 prev_state=S ==> next_comm=system_server next_pid=740 next_prio=118
   system_server-740   [000] ...2   236.862345: sched_switch: prev_comm=system_server prev_pid=740 prev_prio=118 prev_state=S ==> next_comm=SensorService next_pid=781 next_prio=112
          traced-202   [001] ...2   236.862401: sched_switch: prev_comm=traced prev_pid=202 prev_prio=120 prev_state=R ==> next_comm=android.ui next_pid=786 next_prio=118
   SensorService-781   [000] ...2   236.862428: sched_switch: prev_comm=SensorService prev_pid=781 prev_prio=112 prev_state=S ==> next_comm=ple.h2benchmark next_pid=3322 next_prio=120
      android.ui-786   [001] ...2   236.862466: sched_switch: prev_comm=android.ui prev_pid=786 prev_prio=118 prev_state=S ==> next_comm=traced next_pid=202 next_prio=120
           <...>-3322  [000] ...2   236.868350: sched_switch: prev_comm=ple.h2benchmark prev_pid=3322 prev_prio=120 prev_state=S ==> next_comm=swapper/0 next_pid=0 next_prio=120
          <idle>-0     [000] ...2   236.868840: sched_switch: prev_comm=swapper/0 prev_pid=0 prev_prio=120 prev_state=R ==> next_comm=kworker/u:3 next_pid=113 next_prio=120
     kworker/u:3-113   [000] ...2   236.868863: sched_switch: prev_comm=kworker/u:3 prev_pid=113 prev_prio=120 prev_state=S ==> next_comm=ksoftirqd/0 next_pid=3 next_prio=120
     ksoftirqd/0-3     [000] ...2   236.868879: sched_switch: prev_comm=ksoftirqd/0 prev_pid=3 prev_prio=120 prev_state=S ==> next_comm=mpdecision next_pid=1831 next_prio=113
      mpdecision-1831  [000] ...2   236.869259: sched_switch: prev_comm=mpdecision prev_pid=1831 prev_prio=113 prev_state=S ==> next_comm=swapper/0 next_pid=0 next_prio=120
          <idle>-0     [000] ...2   236.869282: sched_switch: prev_comm=swapper/0 prev_pid=0 prev_prio=120 prev_state=R ==> next_comm=ksoftirqd/0 next_pid=3 next_prio=120
     ksoftirqd/0-3     [000] ...2   236.869294: sched_switch: prev_comm=ksoftirqd/0 prev_pid=3 prev_prio=120 prev_state=S ==> next_comm=swapper/0 next_pid=0 next_prio=120
          <idle>-0     [000] ...2   236.869315: sched_switch: prev_comm=swapper/0 prev_pid=0 prev_prio=120 prev_state=R ==> next_comm=ksoftirqd/0 next_pid=3 next_prio=120
     ksoftirqd/0-3     [000] ...2   236.869326: sched_switch: prev_comm=ksoftirqd/0 prev_pid=3 prev_prio=120 prev_state=S ==> next_comm=swapper/0 next_pid=0 next_prio=120
          <idle>-0     [000] ...2   236.869410: sched_switch: prev_comm=swapper/0 prev_pid=0 prev_prio=120 prev_state=R ==> next_comm=ple.h2benchmark next_pid=3322 next_prio=120
           <...>-3322  [000] ...2   236.875448: sched_switch: prev_comm=ple.h2benchmark prev_pid=3322 prev_prio=120 prev_state=S ==> next_comm=swapper/0 next_pid=0 next_prio=120
          <idle>-0     [000] ...2   236.876505: sched_switch: prev_comm=swapper/0 prev_pid=0 prev_prio=120 prev_state=R ==> next_comm=ple.h2benchmark next_pid=3322 next_prio=120
           <...>-3322  [000] ...2   236.876654: sched_switch: prev_comm=ple.h2benchmark prev_pid=3322 prev_prio=120 prev_state=S ==> next_comm=swapper/0 next_pid=0 next_prio=120
          <idle>-0     [000] ...2   236.877707: sched_switch: prev_comm=swapper/0 prev_pid=0 prev_prio=120 prev_state=R ==> next_comm=ple.h2benchmark next_pid=3322 next_prio=120
           <...>-3322  [000] ...2   236.883538: sched_switch: prev_comm=ple.h2benchmark prev_pid=3322 prev_prio=120 prev_state=S ==> next_comm=swapper/0 next_pid=0 next_prio=120
          <idle>-0     [000] ...2   236.883564: sched_switch: prev_comm=swapper/0 prev_pid=0 prev_prio=120 prev_state=R ==> next_comm=ksoftirqd/0 next_pid=3 next_prio=120
     ksoftirqd/0-3     [000] ...2   236.883578: sched_switch: prev_comm=ksoftirqd/0 prev_pid=3 prev_prio=120 prev_state=S ==> next_comm=swapper/0 next_pid=0 next_prio=120
          <idle>-0     [000] ...2   236.883599: sched_switch: prev_comm=swapper/0 prev_pid=0 prev_prio=120 prev_state=R ==> next_comm=ksoftirqd/0 next_pid=3 next_prio=120
     ksoftirqd/0-3     [000] ...2   236.883612: sched_switch: prev_comm=ksoftirqd/0 prev_pid=3 prev_prio=120 prev_state=S ==> next_comm=swapper/0 next_pid=0 next_prio=120
          <idle>-0     [000] ...2   236.883632: sched_switch: prev_comm=swapper/0 prev_pid=0 prev_prio=120 prev_state=R ==> next_comm=ksoftirqd/0 next_pid=3 next_prio=120
     ksoftirqd/0-3     [000] ...2   236.883645: sched_switch: prev_comm=ksoftirqd/0 prev_pid=3 prev_prio=120 prev_state=S ==> next_comm=swapper/0 next_pid=0 next_prio=120
          <idle>-0     [000] ...2   236.884593: sched_switch: prev_comm=swapper/0 prev_pid=0 prev_prio=120 prev_state=R ==> next_comm=ple.h2benchmark next_pid=3322 next_prio=120
           <...>-3322  [000] ...2   236.888840: sched_switch: prev_comm=ple.h2benchmark prev_pid=3322 prev_prio=120 prev_state=R ==> next_comm=kworker/0:1H next_pid=17 next_prio=100
    kworker/0:1H-17    [000] ...2   236.888862: sched_switch: prev_comm=kworker/0:1H prev_pid=17 prev_prio=100 prev_state=S ==> next_comm=ple.h2benchmark next_pid=3322 next_prio=120
           <...>-3322  [000] ...2   236.890502: sched_switch: prev_comm=ple.h2benchmark prev_pid=3322 prev_prio=120 prev_state=S ==> next_comm=swapper/0 next_pid=0 next_prio=120
          <idle>-0     [000] ...2   236.890525: sched_switch: prev_comm=swapper/0 prev_pid=0 prev_prio=120 prev_state=R ==> next_comm=ksoftirqd/0 next_pid=3 next_prio=120
     ksoftirqd/0-3     [000] ...2   236.890542: sched_switch: prev_comm=ksoftirqd/0 prev_pid=3 prev_prio=120 prev_state=S ==> next_comm=swapper/0 next_pid=0 next_prio=120
          <idle>-0     [000] ...2   236.891561: sched_switch: prev_comm=swapper/0 prev_pid=0 prev_prio=120 prev_state=R ==> next_comm=ple.h2benchmark next_pid=3322 next_prio=120
           <...>-3322  [000] ...2   236.897528: sched_switch: prev_comm=ple.h2benchmark prev_pid=3322 prev_prio=120 prev_state=S ==> next_comm=swapper/0 next_pid=0 next_prio=120
          <idle>-0     [000] ...2   236.898586: sched_switch: prev_comm=swapper/0 prev_pid=0 prev_prio=120 prev_state=R ==> next_comm=ple.h2benchmark next_pid=3322 next_prio=120
           <...>-3322  [000] ...2   236.899363: sched_switch: prev_comm=ple.h2benchmark prev_pid=3322 prev_prio=120 prev_state=R ==> next_comm=kworker/u:3 next_pid=113 next_prio=120
     kworker/u:3-113   [000] ...2   236.899422: sched_switch: prev_comm=kworker/u:3 prev_pid=113 prev_prio=120 prev_state=S ==> next_comm=kworker/u:1 next_pid=21 next_prio=120
     kworker/u:1-21    [000] ...2   236.899432: sched_switch: prev_comm=kworker/u:1 prev_pid=21 prev_prio=120 prev_state=S ==> next_comm=sensors.qcom next_pid=860 next_prio=120
    sensors.qcom-860   [000] ...2   236.899531: sched_switch: prev_comm=sensors.qcom prev_pid=860 prev_prio=120 prev_state=S ==> next_comm=sensors.qcom next_pid=732 next_prio=120
    sensors.qcom-732   [000] ...2   236.899598: sched_switch: prev_comm=sensors.qcom prev_pid=732 prev_prio=120 prev_state=S ==> next_comm=system_server next_pid=736 next_prio=118
   system_server-736   [000] ...2   236.899780: sched_switch: prev_comm=system_server prev_pid=736 prev_prio=118 prev_state=S ==> next_comm=system_server next_pid=740 next_prio=118
   system_server-740   [000] ...2   236.899807: sched_switch: prev_comm=system_server prev_pid=740 prev_prio=118 prev_state=S ==> next_comm=ple.h2benchmark next_pid=3322 next_prio=120
           <...>-3322  [000] ...2   236.904967: sched_switch: prev_comm=ple.h2benchmark prev_pid=3322 prev_prio=120 prev_state=S ==> next_comm=swapper/0 next_pid=0 next_prio=120
          <idle>-0     [000] ...2   236.906025: sched_switch: prev_comm=swapper/0 prev_pid=0 prev_prio=120 prev_state=R ==> next_comm=ple.h2benchmark next_pid=3322 next_prio=120
           <...>-3322  [000] ...2   236.906915: sched_switch: prev_comm=ple.h2benchmark prev_pid=3322 prev_prio=120 prev_state=R ==> next_comm=Benchmark.mv.db next_pid=4911 next_prio=120
           <...>-4911  [000] ...2   236.906967: sched_switch: prev_comm=Benchmark.mv.db prev_pid=4911 prev_prio=120 prev_state=S ==> next_comm=ple.h2benchmark next_pid=3322 next_prio=120
           <...>-3322  [000] ...2   236.912282: sched_switch: prev_comm=ple.h2benchmark prev_pid=3322 prev_prio=120 prev_state=S ==> next_comm=swapper/0 next_pid=0 next_prio=120
          <idle>-0     [000] ...2   236.913340: sched_switch: prev_comm=swapper/0 prev_pid=0 prev_prio=120 prev_state=R ==> next_comm=ple.h2benchmark next_pid=3322 next_prio=120
           <...>-3322  [000] ...2   236.918831: sched_switch: prev_comm=ple.h2benchmark prev_pid=3322 prev_prio=120 prev_state=R ==> next_comm=kworker/u:1 next_pid=21 next_prio=120
     kworker/u:1-21    [000] ...2   236.918855: sched_switch: prev_comm=kworker/u:1 prev_pid=21 prev_prio=120 prev_state=S ==> next_comm=mpdecision next_pid=1831 next_prio=113
      mpdecision-1831  [000] ...2   236.919239: sched_switch: prev_comm=mpdecision prev_pid=1831 prev_prio=113 prev_state=S ==> next_comm=ple.h2benchmark next_pid=3322 next_prio=120
           <...>-3322  [000] ...2   236.919650: sched_switch: prev_comm=ple.h2benchmark prev_pid=3322 prev_prio=120 prev_state=S ==> next_comm=swapper/0 next_pid=0 next_prio=120
          <idle>-0     [000] ...2   236.919673: sched_switch: prev_comm=swapper/0 prev_pid=0 prev_prio=120 prev_state=R ==> next_comm=ksoftirqd/0 next_pid=3 next_prio=120
     ksoftirqd/0-3     [000] ...2   236.919690: sched_switch: prev_comm=ksoftirqd/0 prev_pid=3 prev_prio=120 prev_state=S ==> next_comm=swapper/0 next_pid=0 next_prio=120
          <idle>-0     [000] ...2   236.919712: sched_switch: prev_comm=swapper/0 prev_pid=0 prev_prio=120 prev_state=R ==> next_comm=ksoftirqd/0 next_pid=3 next_prio=120
     ksoftirqd/0-3     [000] ...2   236.919725: sched_switch: prev_comm=ksoftirqd/0 prev_pid=3 prev_prio=120 prev_state=S ==> next_comm=swapper/0 next_pid=0 next_prio=120
          <idle>-0     [000] ...2   236.919746: sched_switch: prev_comm=swapper/0 prev_pid=0 prev_prio=120 prev_state=R ==> next_comm=ksoftirqd/0 next_pid=3 next_prio=120
     ksoftirqd/0-3     [000] ...2   236.919758: sched_switch: prev_comm=ksoftirqd/0 prev_pid=3 prev_prio=120 prev_state=S ==> next_comm=swapper/0 next_pid=0 next_prio=120
          <idle>-0     [000] ...2   236.920707: sched_switch: prev_comm=swapper/0 prev_pid=0 prev_prio=120 prev_state=R ==> next_comm=ple.h2benchmark next_pid=3322 next_prio=120
           <...>-3322  [000] ...2   236.926552: sched_switch: prev_comm=ple.h2benchmark prev_pid=3322 prev_prio=120 prev_state=S ==> next_comm=swapper/0 next_pid=0 next_prio=120
          <idle>-0     [000] ...2   236.927606: sched_switch: prev_comm=swapper/0 prev_pid=0 prev_prio=120 prev_state=R ==> next_comm=ple.h2benchmark next_pid=3322 next_prio=120
           <...>-3322  [000] ...2   236.933544: sched_switch: prev_comm=ple.h2benchmark prev_pid=3322 prev_prio=120 prev_state=S ==> next_comm=swapper/0 next_pid=0 next_prio=120
          <idle>-0     [000] ...2   236.933570: sched_switch: prev_comm=swapper/0 prev_pid=0 prev_prio=120 prev_state=R ==> next_comm=ksoftirqd/0 next_pid=3 next_prio=120
     ksoftirqd/0-3     [000] ...2   236.933584: sched_switch: prev_comm=ksoftirqd/0 prev_pid=3 prev_prio=120 prev_state=S ==> next_comm=swapper/0 next_pid=0 next_prio=120
          <idle>-0     [000] ...2   236.933605: sched_switch: prev_comm=swapper/0 prev_pid=0 prev_prio=120 prev_state=R ==> next_comm=ksoftirqd/0 next_pid=3 next_prio=120
     ksoftirqd/0-3     [000] ...2   236.933618: sched_switch: prev_comm=ksoftirqd/0 prev_pid=3 prev_prio=120 prev_state=S ==> next_comm=swapper/0 next_pid=0 next_prio=120
          <idle>-0     [000] ...2   236.933638: sched_switch: prev_comm=swapper/0 prev_pid=0 prev_prio=120 prev_state=R ==> next_comm=ksoftirqd/0 next_pid=3 next_prio=120
     ksoftirqd/0-3     [000] ...2   236.933650: sched_switch: prev_comm=ksoftirqd/0 prev_pid=3 prev_prio=120 prev_state=S ==> next_comm=swapper/0 next_pid=0 next_prio=120
          <idle>-0     [000] ...2   236.934602: sched_switch: prev_comm=swapper/0 prev_pid=0 prev_prio=120 prev_state=R ==> next_comm=ple.h2benchmark next_pid=3322 next_prio=120
          traced-202   [001] ...2   236.938827: sched_switch: prev_comm=traced prev_pid=202 prev_prio=120 prev_state=R ==> next_comm=kworker/1:0H next_pid=4472 next_prio=100
           <...>-3322  [000] ...2   236.938836: sched_switch: prev_comm=ple.h2benchmark prev_pid=3322 prev_prio=120 prev_state=R ==> next_comm=kworker/0:1H next_pid=17 next_prio=100
    kworker/1:0H-4472  [001] ...2   236.938842: sched_switch: prev_comm=kworker/1:0H prev_pid=4472 prev_prio=100 prev_state=S ==> next_comm=traced next_pid=202 next_prio=120
    kworker/0:1H-17    [000] ...2   236.938856: sched_switch: prev_comm=kworker/0:1H prev_pid=17 prev_prio=100 prev_state=S ==> next_comm=ple.h2benchmark next_pid=3322 next_prio=120
           <...>-3322  [000] ...2   236.940654: sched_switch: prev_comm=ple.h2benchmark prev_pid=3322 prev_prio=120 prev_state=S ==> next_comm=swapper/0 next_pid=0 next_prio=120
          <idle>-0     [000] ...2   236.940677: sched_switch: prev_comm=swapper/0 prev_pid=0 prev_prio=120 prev_state=R ==> next_comm=ksoftirqd/0 next_pid=3 next_prio=120
