           <...>-5045  [001] ...2   239.253074: sched_switch: prev_comm=sh prev_pid=5045 prev_prio=120 prev_state=R+ ==> next_comm=kworker/1:1 next_pid=4579 next_prio=120
     kworker/1:1-4579  [001] ...2   239.253090: sched_switch: prev_comm=kworker/1:1 prev_pid=4579 prev_prio=120 prev_state=S ==> next_comm=sh next_pid=5043 next_prio=120
           <...>-5047  [000] ...3   239.253181: sched_switch: prev_comm=sh prev_pid=5047 prev_prio=120 prev_state=x ==> next_comm=adbd next_pid=2459 next_prio=120
           <...>-5043  [001] ...2   239.253333: sched_switch: prev_comm=sh prev_pid=5043 prev_prio=120 prev_state=S ==> next_comm=sh next_pid=5045 next_prio=120
            adbd-2459  [000] ...2   239.253394: sched_switch: prev_comm=adbd prev_pid=2459 prev_prio=120 prev_state=S ==> next_comm=adbd next_pid=3137 next_prio=120
            adbd-3137  [000] ...2   239.253465: sched_switch: prev_comm=adbd prev_pid=3137 prev_prio=120 prev_state=S ==> next_comm=traced next_pid=201 next_prio=120
          traced-201   [000] ...2   239.253900: sched_switch: prev_comm=traced prev_pid=201 prev_prio=120 prev_state=R ==> next_comm=adbd next_pid=3138 next_prio=120
            adbd-3138  [000] ...2   239.253930: sched_switch: prev_comm=adbd prev_pid=3138 prev_prio=120 prev_state=S ==> next_comm=adbd next_pid=2459 next_prio=120
           <...>-5045  [001] ...2   239.253992: sched_switch: prev_comm=sh prev_pid=5045 prev_prio=120 prev_state=R+ ==> next_comm=adbd next_pid=5046 next_prio=120
           <...>-5046  [001] ...3   239.254114: sched_switch: prev_comm=adbd prev_pid=5046 prev_prio=120 prev_state=x ==> next_comm=Benchmark.mv.db next_pid=5031 next_prio=120
           <...>-5031  [001] ...2   239.254156: sched_switch: prev_comm=Benchmark.mv.db prev_pid=5031 prev_prio=120 prev_state=S ==> next_comm=sh next_pid=5045 next_prio=120
           <...>-5045  [001] ...3   239.254164: sched_switch: prev_comm=sh prev_pid=5045 prev_prio=120 prev_state=x ==> next_comm=ple.h2benchmark next_pid=3233 next_prio=120
            adbd-2459  [000] ...2   239.254264: sched_switch: prev_comm=adbd prev_pid=2459 prev_prio=120 prev_state=S ==> next_comm=adbd next_pid=3137 next_prio=120
            adbd-3137  [000] ...2   239.254306: sched_switch: prev_comm=adbd prev_pid=3137 prev_prio=120 prev_state=S ==> next_comm=kworker/0:0 next_pid=4 next_prio=120
     kworker/0:0-4     [000] ...2   239.254317: sched_switch: prev_comm=kworker/0:0 prev_pid=4 prev_prio=120 prev_state=S ==> next_comm=traced next_pid=201 next_prio=120
          traced-201   [000] ...2   239.254649: sched_switch: prev_comm=traced prev_pid=201 prev_prio=120 prev_state=R ==> next_comm=adbd next_pid=3138 next_prio=120
            adbd-3138  [000] ...2   239.254679: sched_switch: prev_comm=adbd prev_pid=3138 prev_prio=120 prev_state=S ==> next_comm=adbd next_pid=2459 next_prio=120
            adbd-2459  [000] ...2   239.254812: sched_switch: prev_comm=adbd prev_pid=2459 prev_prio=120 prev_state=S ==> next_comm=adbd next_pid=3137 next_prio=120
            adbd-3137  [000] ...2   239.254818: sched_switch: prev_comm=adbd prev_pid=3137 prev_prio=120 prev_state=S ==> next_comm=traced next_pid=201 next_prio=120
           <...>-3233  [001] ...2   239.258043: sched_switch: prev_comm=ple.h2benchmark prev_pid=3233 prev_prio=120 prev_state=S ==> next_comm=sh next_pid=5048 next_prio=120
          traced-201   [000] ...2   239.258130: sched_switch: prev_comm=traced prev_pid=201 prev_prio=120 prev_state=R ==> next_comm=kworker/u:3 next_pid=113 next_prio=120
           <...>-5048  [001] ...2   239.258166: sched_switch: prev_comm=sh prev_pid=5048 prev_prio=120 prev_state=R+ ==> next_comm=kworker/u:1 next_pid=21 next_prio=120
           <...>-21    [001] ...2   239.258173: sched_switch: prev_comm=kworker/u:1 prev_pid=21 prev_prio=120 prev_state=S ==> next_comm=sh next_pid=5048 next_prio=120
           <...>-5048  [001] ...2   239.258186: sched_switch: prev_comm=sh prev_pid=5048 prev_prio=120 prev_state=R+ ==> next_comm=sensors.qcom next_pid=865 next_prio=120
     kworker/u:3-113   [000] ...2   239.258190: sched_switch: prev_comm=kworker/u:3 prev_pid=113 prev_prio=120 prev_state=S ==> next_comm=system_server next_pid=719 next_prio=118
    sensors.qcom-865   [001] ...2   239.258262: sched_switch: prev_comm=sensors.qcom prev_pid=865 prev_prio=120 prev_state=S ==> next_comm=sensors.qcom next_pid=715 next_prio=120
    sensors.qcom-715   [001] ...2   239.258311: sched_switch: prev_comm=sensors.qcom prev_pid=715 prev_prio=120 prev_state=S ==> next_comm=system_server next_pid=738 next_prio=118
   system_server-738   [001] ...2   239.258429: sched_switch: prev_comm=system_server prev_pid=738 prev_prio=118 prev_state=S ==> next_comm=sh next_pid=5048 next_prio=120
   system_server-719   [000] ...2   239.258634: sched_switch: prev_comm=system_server prev_pid=719 prev_prio=118 prev_state=S ==> next_comm=system_server next_pid=742 next_prio=118
   system_server-742   [000] ...2   239.258662: sched_switch: prev_comm=system_server prev_pid=742 prev_prio=118 prev_state=S ==> next_comm=SensorService next_pid=783 next_prio=112
   SensorService-783   [000] ...2   239.258726: sched_switch: prev_comm=SensorService prev_pid=783 prev_prio=112 prev_state=S ==> next_comm=android.ui next_pid=788 next_prio=118
      android.ui-788   [000] ...2   239.258826: sched_switch: prev_comm=android.ui prev_pid=788 prev_prio=118 prev_state=S ==> next_comm=traced next_pid=201 next_prio=120
          traced-201   [000] ...2   239.261297: sched_switch: prev_comm=traced prev_pid=201 prev_prio=120 prev_state=R ==> next_comm=kworker/u:3 next_pid=113 next_prio=120
           <...>-5048  [001] ...2   239.261320: sched_switch: prev_comm=grep prev_pid=5048 prev_prio=120 prev_state=R ==> next_comm=kworker/u:1 next_pid=21 next_prio=120
           <...>-21    [001] ...2   239.261330: sched_switch: prev_comm=kworker/u:1 prev_pid=21 prev_prio=120 prev_state=S ==> next_comm=ple.h2benchmark next_pid=3233 next_prio=120
           <...>-3233  [001] ...2   239.261337: sched_switch: prev_comm=ple.h2benchmark prev_pid=3233 prev_prio=120 prev_state=R ==> next_comm=sensors.qcom next_pid=865 next_prio=120
     kworker/u:3-113   [000] ...2   239.261339: sched_switch: prev_comm=kworker/u:3 prev_pid=113 prev_prio=120 prev_state=S ==> next_comm=traced next_pid=201 next_prio=120
    sensors.qcom-865   [001] ...2   239.261395: sched_switch: prev_comm=sensors.qcom prev_pid=865 prev_prio=120 prev_state=S ==> next_comm=sensors.qcom next_pid=715 next_prio=120
    sensors.qcom-715   [001] ...2   239.261433: sched_switch: prev_comm=sensors.qcom prev_pid=715 prev_prio=120 prev_state=S ==> next_comm=system_server next_pid=738 next_prio=118
          traced-201   [000] ...2   239.261512: sched_switch: prev_comm=traced prev_pid=201 prev_prio=120 prev_state=R ==> next_comm=system_server next_pid=742 next_prio=118
   system_server-742   [000] ...2   239.261529: sched_switch: prev_comm=system_server prev_pid=742 prev_prio=118 prev_state=S ==> next_comm=traced next_pid=201 next_prio=120
   system_server-738   [001] ...2   239.261536: sched_switch: prev_comm=system_server prev_pid=738 prev_prio=118 prev_state=S ==> next_comm=ple.h2benchmark next_pid=3233 next_prio=120
           <...>-3233  [001] ...2   239.265650: sched_switch: prev_comm=ple.h2benchmark prev_pid=3233 prev_prio=120 prev_state=S ==> next_comm=grep next_pid=5048 next_prio=120
           <...>-5048  [001] ...2   239.272699: sched_switch: prev_comm=grep prev_pid=5048 prev_prio=120 prev_state=R+ ==> next_comm=sh next_pid=5043 next_prio=120
          traced-201   [000] ...2   239.272935: sched_switch: prev_comm=traced prev_pid=201 prev_prio=120 prev_state=R ==> next_comm=adbd next_pid=2459 next_prio=120
            adbd-2459  [000] ...2   239.273213: sched_switch: prev_comm=adbd prev_pid=2459 prev_prio=120 prev_state=S ==> next_comm=adbd next_pid=3137 next_prio=120
            adbd-3137  [000] ...2   239.273275: sched_switch: prev_comm=adbd prev_pid=3137 prev_prio=120 prev_state=S ==> next_comm=kworker/0:0 next_pid=4 next_prio=120
     kworker/0:0-4     [000] ...2   239.273287: sched_switch: prev_comm=kworker/0:0 prev_pid=4 prev_prio=120 prev_state=S ==> next_comm=traced next_pid=201 next_prio=120
          traced-201   [000] ...2   239.273403: sched_switch: prev_comm=traced prev_pid=201 prev_prio=120 prev_state=R ==> next_comm=adbd next_pid=5044 next_prio=120
           <...>-5043  [001] ...3   239.273405: sched_switch: prev_comm=sh prev_pid=5043 prev_prio=120 prev_state=x ==> next_comm=ple.h2benchmark next_pid=3233 next_prio=120
           <...>-5044  [000] ...3   239.273493: sched_switch: prev_comm=adbd prev_pid=5044 prev_prio=120 prev_state=x ==> next_comm=adbd next_pid=2459 next_prio=120
            adbd-2459  [000] ...2   239.273633: sched_switch: prev_comm=adbd prev_pid=2459 prev_prio=120 prev_state=S ==> next_comm=adbd next_pid=3138 next_prio=120
            adbd-3138  [000] ...2   239.273664: sched_switch: prev_comm=adbd prev_pid=3138 prev_prio=120 prev_state=S ==> next_comm=adbd next_pid=2459 next_prio=120
            adbd-2459  [000] ...2   239.273791: sched_switch: prev_comm=adbd prev_pid=2459 prev_prio=120 prev_state=S ==> next_comm=adbd next_pid=3137 next_prio=120
            adbd-3137  [000] ...2   239.273798: sched_switch: prev_comm=adbd prev_pid=3137 prev_prio=120 prev_state=S ==> next_comm=traced next_pid=201 next_prio=120
           <...>-3233  [001] ...2   239.277482: sched_switch: prev_comm=ple.h2benchmark prev_pid=3233 prev_prio=120 prev_state=S ==> next_comm=grep next_pid=5048 next_prio=120
           <...>-5048  [001] ...3   239.277492: sched_switch: prev_comm=grep prev_pid=5048 prev_prio=120 prev_state=x ==> next_comm=swapper/1 next_pid=0 next_prio=120
          <idle>-0     [001] ...2   239.277513: sched_switch: prev_comm=swapper/1 prev_pid=0 prev_prio=120 prev_state=R ==> next_comm=ksoftirqd/1 next_pid=4578 next_prio=120
     ksoftirqd/1-4578  [001] ...2   239.277524: sched_switch: prev_comm=ksoftirqd/1 prev_pid=4578 prev_prio=120 prev_state=S ==> next_comm=swapper/1 next_pid=0 next_prio=120
          <idle>-0     [001] ...2   239.277537: sched_switch: prev_comm=swapper/1 prev_pid=0 prev_prio=120 prev_state=R ==> next_comm=ksoftirqd/1 next_pid=4578 next_prio=120
     ksoftirqd/1-4578  [001] ...2   239.277545: sched_switch: prev_comm=ksoftirqd/1 prev_pid=4578 prev_prio=120 prev_state=S ==> next_comm=swapper/1 next_pid=0 next_prio=120
          <idle>-0     [001] ...2   239.277557: sched_switch: prev_comm=swapper/1 prev_pid=0 prev_prio=120 prev_state=R ==> next_comm=ksoftirqd/1 next_pid=4578 next_prio=120
     ksoftirqd/1-4578  [001] ...2   239.277564: sched_switch: prev_comm=ksoftirqd/1 prev_pid=4578 prev_prio=120 prev_state=S ==> next_comm=swapper/1 next_pid=0 next_prio=120
          <idle>-0     [001] ...2   239.278535: sched_switch: prev_comm=swapper/1 prev_pid=0 prev_prio=120 prev_state=R ==> next_comm=ple.h2benchmark next_pid=3233 next_prio=120
           <...>-3233  [001] ...2   239.282143: sched_switch: prev_comm=ple.h2benchmark prev_pid=3233 prev_prio=120 prev_state=S ==> next_comm=swapper/1 next_pid=0 next_prio=120
          <idle>-0     [001] ...2   239.282157: sched_switch: prev_comm=swapper/1 prev_pid=0 prev_prio=120 prev_state=R ==> next_comm=ksoftirqd/1 next_pid=4578 next_prio=120
     ksoftirqd/1-4578  [001] ...2   239.282165: sched_switch: prev_comm=ksoftirqd/1 prev_pid=4578 prev_prio=120 prev_state=S ==> next_comm=swapper/1 next_pid=0 next_prio=120
          <idle>-0     [001] ...2   239.282177: sched_switch: prev_comm=swapper/1 prev_pid=0 prev_prio=120 prev_state=R ==> next_comm=ksoftirqd/1 next_pid=4578 next_prio=120
     ksoftirqd/1-4578  [001] ...2   239.282184: sched_switch: prev_comm=ksoftirqd/1 prev_pid=4578 prev_prio=120 prev_state=S ==> next_comm=swapper/1 next_pid=0 next_prio=120
          <idle>-0     [001] ...2   239.282196: sched_switch: prev_comm=swapper/1 prev_pid=0 prev_prio=120 prev_state=R ==> next_comm=ksoftirqd/1 next_pid=4578 next_prio=120
     ksoftirqd/1-4578  [001] ...2   239.282202: sched_switch: prev_comm=ksoftirqd/1 prev_pid=4578 prev_prio=120 prev_state=S ==> next_comm=swapper/1 next_pid=0 next_prio=120
          traced-201   [000] ...2   239.282565: sched_switch: prev_comm=traced prev_pid=201 prev_prio=120 prev_state=R ==> next_comm=adbd next_pid=3138 next_prio=120
            adbd-3138  [000] ...2   239.282578: sched_switch: prev_comm=adbd prev_pid=3138 prev_prio=120 prev_state=S ==> next_comm=traced next_pid=201 next_prio=120
          traced-201   [000] ...2   239.282810: sched_switch: prev_comm=traced prev_pid=201 prev_prio=120 prev_state=R ==> next_comm=adbd next_pid=3138 next_prio=120
            adbd-3138  [000] ...2   239.282843: sched_switch: prev_comm=adbd prev_pid=3138 prev_prio=120 prev_state=S ==> next_comm=adbd next_pid=2459 next_prio=120
          <idle>-0     [001] ...2   239.283200: sched_switch: prev_comm=swapper/1 prev_pid=0 prev_prio=120 prev_state=R ==> next_comm=ple.h2benchmark next_pid=3233 next_prio=120
            adbd-2459  [000] ...2   239.283499: sched_switch: prev_comm=adbd prev_pid=2459 prev_prio=120 prev_state=D ==> next_comm=adbd next_pid=3137 next_prio=120
            adbd-3137  [000] ...2   239.283569: sched_switch: prev_comm=adbd prev_pid=3137 prev_prio=120 prev_state=S ==> next_comm=kworker/0:0 next_pid=4 next_prio=120
     kworker/0:0-4     [000] ...2   239.283584: sched_switch: prev_comm=kworker/0:0 prev_pid=4 prev_prio=120 prev_state=S ==> next_comm=adbd next_pid=2459 next_prio=120
            adbd-2459  [000] ...2   239.283594: sched_switch: prev_comm=adbd prev_pid=2459 prev_prio=120 prev_state=S ==> next_comm=traced next_pid=201 next_prio=120
           <...>-3233  [001] ...2   239.287154: sched_switch: prev_comm=ple.h2benchmark prev_pid=3233 prev_prio=120 prev_state=S ==> next_comm=adbd next_pid=5049 next_prio=120
           <...>-5049  [001] ...2   239.287344: sched_switch: prev_comm=adbd prev_pid=5049 prev_prio=120 prev_state=R+ ==> next_comm=migration/1 next_pid=4575 next_prio=0
          traced-201   [000] ...2   239.287357: sched_switch: prev_comm=traced prev_pid=201 prev_prio=120 prev_state=R ==> next_comm=adbd next_pid=5049 next_prio=120
     migration/1-4575  [001] ...2   239.287358: sched_switch: prev_comm=migration/1 prev_pid=4575 prev_prio=0 prev_state=S ==> next_comm=adbd next_pid=5050 next_prio=120
           <...>-5050  [001] ...2   239.287383: sched_switch: prev_comm=adbd prev_pid=5050 prev_prio=120 prev_state=S ==> next_comm=swapper/1 next_pid=0 next_prio=120
          <idle>-0     [001] ...2   239.288210: sched_switch: prev_comm=swapper/1 prev_pid=0 prev_prio=120 prev_state=R ==> next_comm=ple.h2benchmark next_pid=3233 next_prio=120
           <...>-5049  [000] ...2   239.288845: sched_switch: prev_comm=sh prev_pid=5049 prev_prio=120 prev_state=R+ ==> next_comm=kworker/u:3 next_pid=113 next_prio=120
     kworker/u:3-113   [000] ...2   239.288862: sched_switch: prev_comm=kworker/u:3 prev_pid=113 prev_prio=120 prev_state=S ==> next_comm=kworker/0:0 next_pid=4 next_prio=120
     kworker/0:0-4     [000] ...1   239.288869: thermal_temp: sensor_id=5 temp=66
     kworker/0:0-4     [000] ...2   239.288924: sched_switch: prev_comm=kworker/0:0 prev_pid=4 prev_prio=120 prev_state=S ==> next_comm=mpdecision next_pid=1777 next_prio=113
      mpdecision-1777  [000] ...2   239.289157: sched_switch: prev_comm=mpdecision prev_pid=1777 prev_prio=113 prev_state=R+ ==> next_comm=kthreadd next_pid=2 next_prio=98
           <...>-3233  [001] ...2   239.289188: sched_switch: prev_comm=ple.h2benchmark prev_pid=3233 prev_prio=120 prev_state=R ==> next_comm=kthreadd next_pid=5051 next_prio=98
           <...>-2     [000] ...2   239.289188: sched_switch: prev_comm=kthreadd prev_pid=2 prev_prio=98 prev_state=S ==> next_comm=mpdecision next_pid=1777 next_prio=113
           <...>-5051  [001] ...2   239.289197: sched_switch: prev_comm=migration/2 prev_pid=5051 prev_prio=120 prev_state=D ==> next_comm=ple.h2benchmark next_pid=3233 next_prio=120
      mpdecision-1777  [000] ...2   239.289209: sched_switch: prev_comm=mpdecision prev_pid=1777 prev_prio=113 prev_state=R+ ==> next_comm=kthreadd next_pid=2 next_prio=98
           <...>-2     [000] ...2   239.289230: sched_switch: prev_comm=kthreadd prev_pid=2 prev_prio=98 prev_state=S ==> next_comm=mpdecision next_pid=1777 next_prio=113
           <...>-3233  [001] ...2   239.289231: sched_switch: prev_comm=ple.h2benchmark prev_pid=3233 prev_prio=120 prev_state=R ==> next_comm=kthreadd next_pid=5052 next_prio=98
      mpdecision-1777  [000] ...2   239.289237: sched_switch: prev_comm=mpdecision prev_pid=1777 prev_prio=113 prev_state=D ==> next_comm=sh next_pid=5049 next_prio=120
           <...>-5049  [000] ...2   239.289243: sched_switch: prev_comm=sh prev_pid=5049 prev_prio=120 prev_state=R+ ==> next_comm=mpdecision next_pid=1777 next_prio=113
           <...>-5052  [001] ...2   239.289244: sched_switch: prev_comm=kthreadd prev_pid=5052 prev_prio=98 prev_state=D ==> next_comm=ple.h2benchmark next_pid=3233 next_prio=120
      mpdecision-1777  [000] ...2   239.289256: sched_switch: prev_comm=mpdecision prev_pid=1777 prev_prio=113 prev_state=R+ ==> next_comm=kthreadd next_pid=2 next_prio=98
           <...>-3233  [001] ...2   239.289278: sched_switch: prev_comm=ple.h2benchmark prev_pid=3233 prev_prio=120 prev_state=R ==> next_comm=kthreadd next_pid=5053 next_prio=98
           <...>-2     [000] ...2   239.289278: sched_switch: prev_comm=kthreadd prev_pid=2 prev_prio=98 prev_state=S ==> next_comm=mpdecision next_pid=1777 next_prio=113
           <...>-5053  [001] ...2   239.289285: sched_switch: prev_comm=kworker/2:0H prev_pid=5053 prev_prio=120 prev_state=D ==> next_comm=ple.h2benchmark next_pid=3233 next_prio=120
      mpdecision-1777  [000] ...2   239.289303: sched_switch: prev_comm=mpdecision prev_pid=1777 prev_prio=113 prev_state=R+ ==> next_comm=kthreadd next_pid=2 next_prio=98
           <...>-3233  [001] ...2   239.289324: sched_switch: prev_comm=ple.h2benchmark prev_pid=3233 prev_prio=120 prev_state=R ==> next_comm=kthreadd next_pid=5054 next_prio=98
           <...>-2     [000] ...2   239.289325: sched_switch: prev_comm=kthreadd prev_pid=2 prev_prio=98 prev_state=S ==> next_comm=mpdecision next_pid=1777 next_prio=113
           <...>-5054  [001] ...2   239.289331: sched_switch: prev_comm=ksoftirqd/2 prev_pid=5054 prev_prio=120 prev_state=D ==> next_comm=ple.h2benchmark next_pid=3233 next_prio=120
      mpdecision-1777  [000] ...2   239.289751: sched_switch: prev_comm=mpdecision prev_pid=1777 prev_prio=113 prev_state=D ==> next_comm=sh next_pid=5049 next_prio=120
           <...>-5049  [000] ...2   239.289776: sched_switch: prev_comm=sh prev_pid=5049 prev_prio=120 prev_state=R+ ==> next_comm=mpdecision next_pid=1777 next_prio=113
          <idle>-0     [002] ...2   239.289891: sched_switch: prev_comm=swapper/2 prev_pid=0 prev_prio=120 prev_state=R ==> next_comm=migration/2 next_pid=5051 next_prio=0
           <...>-5051  [002] ...2   239.289902: sched_switch: prev_comm=migration/2 prev_pid=5051 prev_prio=0 prev_state=S ==> next_comm=kworker/2:0 next_pid=5052 next_prio=120
           <...>-5052  [002] ...2   239.289918: sched_switch: prev_comm=kworker/2:0 prev_pid=5052 prev_prio=120 prev_state=S ==> next_comm=kworker/2:0H next_pid=5053 next_prio=100
      mpdecision-1777  [000] ...1   239.289922: cpu_frequency_switch_start: start=0 end=1497600 cpu_id=2
      mpdecision-1777  [000] ...1   239.289926: cpu_frequency_switch_end: cpu_id=2
           <...>-5053  [002] ...2   239.289926: sched_switch: prev_comm=kworker/2:0H prev_pid=5053 prev_prio=100 prev_state=S ==> next_comm=ksoftirqd/2 next_pid=5054 next_prio=120
      mpdecision-1777  [000] ...1   239.289927: cpu_frequency: state=1497600 cpu_id=2
           <...>-5054  [002] ...2   239.289951: sched_switch: prev_comm=ksoftirqd/2 prev_pid=5054 prev_prio=120 prev_state=S ==> next_comm=traced next_pid=201 next_prio=120
      mpdecision-1777  [000] ...1   239.290000: phonelab_periodic_warning_cpu: warning=notify_up cpu=0
      mpdecision-1777  [000] ...1   239.290010: phonelab_periodic_warning_cpu: warning=setup_periodic_work cpu=2
          traced-201   [002] ...2   239.290021: sched_switch: prev_comm=traced prev_pid=201 prev_prio=120 prev_state=R ==> next_comm=kworker/2:0 next_pid=5052 next_prio=120
      mpdecision-1777  [000] ...1   239.290024: sched_cpu_hotplug: cpu 2 online error=0
      mpdecision-1777  [000] ...1   239.290026: phonelab_num_online_cpus: num_online_cpus=3
      mpdecision-1777  [000] ...2   239.290037: sched_switch: prev_comm=mpdecision prev_pid=1777 prev_prio=113 prev_state=R+ ==> next_comm=kthreadd next_pid=2 next_prio=98
           <...>-5052  [002] ...2   239.290039: sched_switch: prev_comm=kworker/2:0 prev_pid=5052 prev_prio=120 prev_state=D ==> next_comm=traced next_pid=201 next_prio=120
           <...>-2     [000] ...2   239.290075: sched_switch: prev_comm=kthreadd prev_pid=2 prev_prio=98 prev_state=S ==> next_comm=mpdecision next_pid=1777 next_prio=113
           <...>-3233  [001] ...2   239.290079: sched_switch: prev_comm=ple.h2benchmark prev_pid=3233 prev_prio=120 prev_state=R ==> next_comm=kthreadd next_pid=5055 next_prio=98
          traced-201   [002] ...2   239.290090: sched_switch: prev_comm=traced prev_pid=201 prev_prio=120 prev_state=R ==> next_comm=kworker/2:0 next_pid=5052 next_prio=120
           <...>-5055  [001] ...2   239.290091: sched_switch: prev_comm=kthreadd prev_pid=5055 prev_prio=98 prev_state=D ==> next_comm=ple.h2benchmark next_pid=3233 next_prio=120
           <...>-5052  [002] ...2   239.290126: sched_switch: prev_comm=kworker/2:0 prev_pid=5052 prev_prio=120 prev_state=S ==> next_comm=kworker/2:1 next_pid=5055 next_prio=120
           <...>-5055  [002] ...2   239.290134: sched_switch: prev_comm=kworker/2:1 prev_pid=5055 prev_prio=120 prev_state=S ==> next_comm=traced next_pid=201 next_prio=120
           <...>-3233  [001] ...2   239.290144: sched_switch: prev_comm=ple.h2benchmark prev_pid=3233 prev_prio=120 prev_state=R ==> next_comm=ueventd next_pid=127 next_prio=120
           <...>-127   [001] ...2   239.290183: sched_switch: prev_comm=ueventd prev_pid=127 prev_prio=120 prev_state=D ==> next_comm=ple.h2benchmark next_pid=3233 next_prio=120
           <...>-3233  [001] ...2   239.290189: sched_switch: prev_comm=ple.h2benchmark prev_pid=3233 prev_prio=120 prev_state=R ==> next_comm=ueventd next_pid=127 next_prio=120
      mpdecision-1777  [000] ...2   239.290197: sched_switch: prev_comm=mpdecision prev_pid=1777 prev_prio=113 prev_state=D ==> next_comm=bridgemgrd next_pid=1995 next_prio=120
           <...>-1995  [000] ...2   239.290241: sched_switch: prev_comm=bridgemgrd prev_pid=1995 prev_prio=120 prev_state=S ==> next_comm=mpdecision next_pid=1767 next_prio=113
           <...>-1767  [000] ...2   239.290266: sched_switch: prev_comm=mpdecision prev_pid=1767 prev_prio=113 prev_state=S ==> next_comm=UEventObserver next_pid=801 next_prio=120
           <...>-801   [000] ...2   239.290293: sched_switch: prev_comm=UEventObserver prev_pid=801 prev_prio=120 prev_state=S ==> next_comm=system_server next_pid=793 next_prio=118
           <...>-793   [000] ...2   239.290310: sched_switch: prev_comm=system_server prev_pid=793 prev_prio=118 prev_state=S ==> next_comm=netd next_pid=544 next_prio=120
           <...>-544   [000] ...2   239.290352: sched_switch: prev_comm=netd prev_pid=544 prev_prio=120 prev_state=S ==> next_comm=hwcUeventThread next_pid=287 next_prio=112
           <...>-287   [000] ...2   239.290373: sched_switch: prev_comm=hwcUeventThread prev_pid=287 prev_prio=112 prev_state=S ==> next_comm=healthd next_pid=170 next_prio=120
           <...>-170   [000] ...2   239.290396: sched_switch: prev_comm=healthd prev_pid=170 prev_prio=120 prev_state=S ==> next_comm=vold next_pid=239 next_prio=120
           <...>-239   [000] ...2   239.290431: sched_switch: prev_comm=vold prev_pid=239 prev_prio=120 prev_state=S ==> next_comm=bridgemgrd next_pid=556 next_prio=120
           <...>-556   [000] ...2   239.290450: sched_switch: prev_comm=bridgemgrd prev_pid=556 prev_prio=120 prev_state=S ==> next_comm=mpdecision next_pid=1777 next_prio=113
           <...>-127   [001] ...2   239.290457: sched_switch: prev_comm=ueventd prev_pid=127 prev_prio=120 prev_state=D ==> next_comm=ple.h2benchmark next_pid=3233 next_prio=120
           <...>-3233  [001] ...2   239.290464: sched_switch: prev_comm=ple.h2benchmark prev_pid=3233 prev_prio=120 prev_state=R ==> next_comm=ueventd next_pid=127 next_prio=120
           <...>-127   [001] ...2   239.290470: sched_switch: prev_comm=ueventd prev_pid=127 prev_prio=120 prev_state=D ==> next_comm=ple.h2benchmark next_pid=3233 next_prio=120
           <...>-3233  [001] ...2   239.290476: sched_switch: prev_comm=ple.h2benchmark prev_pid=3233 prev_prio=120 prev_state=R ==> next_comm=ueventd next_pid=127 next_prio=120
           <...>-127   [001] ...2   239.290482: sched_switch: prev_comm=ueventd prev_pid=127 prev_prio=120 prev_state=D ==> next_comm=ple.h2benchmark next_pid=3233 next_prio=120
           <...>-3233  [001] ...2   239.290488: sched_switch: prev_comm=ple.h2benchmark prev_pid=3233 prev_prio=120 prev_state=R ==> next_comm=ueventd next_pid=127 next_prio=120
           <...>-127   [001] ...2   239.290494: sched_switch: prev_comm=ueventd prev_pid=127 prev_prio=120 prev_state=D ==> next_comm=ple.h2benchmark next_pid=3233 next_prio=120
           <...>-3233  [001] ...2   239.290499: sched_switch: prev_comm=ple.h2benchmark prev_pid=3233 prev_prio=120 prev_state=R ==> next_comm=ueventd next_pid=127 next_prio=120
           <...>-127   [001] ...2   239.290505: sched_switch: prev_comm=ueventd prev_pid=127 prev_prio=120 prev_state=D ==> next_comm=ple.h2benchmark next_pid=3233 next_prio=120
           <...>-3233  [001] ...2   239.290510: sched_switch: prev_comm=ple.h2benchmark prev_pid=3233 prev_prio=120 prev_state=R ==> next_comm=ueventd next_pid=127 next_prio=120
      mpdecision-1777  [000] ...2   239.290532: sched_switch: prev_comm=mpdecision prev_pid=1777 prev_prio=113 prev_state=S ==> next_comm=sh next_pid=5049 next_prio=120
           <...>-5049  [000] ...2   239.295553: sched_switch: prev_comm=sh prev_pid=5049 prev_prio=120 prev_state=R+ ==> next_comm=kworker/0:0 next_pid=4 next_prio=120
     kworker/0:0-4     [000] ...2   239.295572: sched_switch: prev_comm=kworker/0:0 prev_pid=4 prev_prio=120 prev_state=S ==> next_comm=adbd next_pid=2459 next_prio=120
            adbd-2459  [000] ...2   239.295784: sched_switch: prev_comm=adbd prev_pid=2459 prev_prio=120 prev_state=S ==> next_comm=adbd next_pid=3137 next_prio=120
            adbd-3137  [000] ...2   239.295852: sched_switch: prev_comm=adbd prev_pid=3137 prev_prio=120 prev_state=S ==> next_comm=sh next_pid=5049 next_prio=120
           <...>-5049  [000] ...2   239.295865: sched_switch: prev_comm=sh prev_pid=5049 prev_prio=120 prev_state=R+ ==> next_comm=kworker/0:0 next_pid=4 next_prio=120
     kworker/0:0-4     [000] ...2   239.295874: sched_switch: prev_comm=kworker/0:0 prev_pid=4 prev_prio=120 prev_state=S ==> next_comm=sh next_pid=5049 next_prio=120
           <...>-5049  [000] ...2   239.295884: sched_switch: prev_comm=sh prev_pid=5049 prev_prio=120 prev_state=R+ ==> next_comm=kworker/0:0 next_pid=4 next_prio=120
     kworker/0:0-4     [000] ...2   239.295892: sched_switch: prev_comm=kworker/0:0 prev_pid=4 prev_prio=120 prev_state=S ==> next_comm=sh next_pid=5049 next_prio=120
           <...>-5049  [000] ...2   239.295913: sched_switch: prev_comm=sh prev_pid=5049 prev_prio=120 prev_state=R+ ==> next_comm=kworker/0:0 next_pid=4 next_prio=120
     kworker/0:0-4     [000] ...2   239.295926: sched_switch: prev_comm=kworker/0:0 prev_pid=4 prev_prio=120 prev_state=S ==> next_comm=sh next_pid=5049 next_prio=120
           <...>-5049  [000] ...2   239.295937: sched_switch: prev_comm=sh prev_pid=5049 prev_prio=120 prev_state=R+ ==> next_comm=kworker/0:0 next_pid=4 next_prio=120
     kworker/0:0-4     [000] ...2   239.295944: sched_switch: prev_comm=kworker/0:0 prev_pid=4 prev_prio=120 prev_state=S ==> next_comm=sh next_pid=5049 next_prio=120
           <...>-5049  [000] ...2   239.295954: sched_switch: prev_comm=sh prev_pid=5049 prev_prio=120 prev_state=R+ ==> next_comm=kworker/0:0 next_pid=4 next_prio=120
     kworker/0:0-4     [000] ...2   239.295961: sched_switch: prev_comm=kworker/0:0 prev_pid=4 prev_prio=120 prev_state=S ==> next_comm=sh next_pid=5049 next_prio=120
           <...>-5049  [000] ...2   239.295972: sched_switch: prev_comm=sh prev_pid=5049 prev_prio=120 prev_state=R+ ==> next_comm=kworker/0:0 next_pid=4 next_prio=120
     kworker/0:0-4     [000] ...2   239.295980: sched_switch: prev_comm=kworker/0:0 prev_pid=4 prev_prio=120 prev_state=S ==> next_comm=sh next_pid=5049 next_prio=120
           <...>-5049  [000] ...2   239.295989: sched_switch: prev_comm=sh prev_pid=5049 prev_prio=120 prev_state=R+ ==> next_comm=kworker/0:0 next_pid=4 next_prio=120
     kworker/0:0-4     [000] ...2   239.295997: sched_switch: prev_comm=kworker/0:0 prev_pid=4 prev_prio=120 prev_state=S ==> next_comm=sh next_pid=5049 next_prio=120
           <...>-5049  [000] ...2   239.296006: sched_switch: prev_comm=sh prev_pid=5049 prev_prio=120 prev_state=R+ ==> next_comm=kworker/0:0 next_pid=4 next_prio=120
     kworker/0:0-4     [000] ...2   239.296014: sched_switch: prev_comm=kworker/0:0 prev_pid=4 prev_prio=120 prev_state=S ==> next_comm=sh next_pid=5049 next_prio=120
           <...>-5049  [000] ...2   239.296022: sched_switch: prev_comm=sh prev_pid=5049 prev_prio=120 prev_state=R+ ==> next_comm=kworker/0:0 next_pid=4 next_prio=120
     kworker/0:0-4     [000] ...2   239.296035: sched_switch: prev_comm=kworker/0:0 prev_pid=4 prev_prio=120 prev_state=S ==> next_comm=sh next_pid=5049 next_prio=120
           <...>-5049  [000] ...2   239.296056: sched_switch: prev_comm=sh prev_pid=5049 prev_prio=120 prev_state=R+ ==> next_comm=kworker/0:0 next_pid=4 next_prio=120
     kworker/0:0-4     [000] ...2   239.296065: sched_switch: prev_comm=kworker/0:0 prev_pid=4 prev_prio=120 prev_state=S ==> next_comm=sh next_pid=5049 next_prio=120
           <...>-5049  [000] ...2   239.296074: sched_switch: prev_comm=sh prev_pid=5049 prev_prio=120 prev_state=R+ ==> next_comm=kworker/0:0 next_pid=4 next_prio=120
     kworker/0:0-4     [000] ...2   239.296081: sched_switch: prev_comm=kworker/0:0 prev_pid=4 prev_prio=120 prev_state=S ==> next_comm=sh next_pid=5049 next_prio=120
           <...>-5049  [000] ...2   239.296090: sched_switch: prev_comm=sh prev_pid=5049 prev_prio=120 prev_state=R+ ==> next_comm=kworker/0:0 next_pid=4 next_prio=120
     kworker/0:0-4     [000] ...2   239.296098: sched_switch: prev_comm=kworker/0:0 prev_pid=4 prev_prio=120 prev_state=S ==> next_comm=sh next_pid=5049 next_prio=120
           <...>-5049  [000] ...2   239.296107: sched_switch: prev_comm=sh prev_pid=5049 prev_prio=120 prev_state=R+ ==> next_comm=kworker/0:0 next_pid=4 next_prio=120
     kworker/0:0-4     [000] ...2   239.296114: sched_switch: prev_comm=kworker/0:0 prev_pid=4 prev_prio=120 prev_state=S ==> next_comm=sh next_pid=5049 next_prio=120
           <...>-5049  [000] ...2   239.296124: sched_switch: prev_comm=sh prev_pid=5049 prev_prio=120 prev_state=R+ ==> next_comm=kworker/0:0 next_pid=4 next_prio=120
     kworker/0:0-4     [000] ...2   239.296131: sched_switch: prev_comm=kworker/0:0 prev_pid=4 prev_prio=120 prev_state=S ==> next_comm=sh next_pid=5049 next_prio=120
           <...>-5049  [000] ...2   239.296140: sched_switch: prev_comm=sh prev_pid=5049 prev_prio=120 prev_state=R+ ==> next_comm=kworker/0:0 next_pid=4 next_prio=120
     kworker/0:0-4     [000] ...2   239.296148: sched_switch: prev_comm=kworker/0:0 prev_pid=4 prev_prio=120 prev_state=S ==> next_comm=sh next_pid=5049 next_prio=120
           <...>-5049  [000] ...2   239.296157: sched_switch: prev_comm=sh prev_pid=5049 prev_prio=120 prev_state=R+ ==> next_comm=kworker/0:0 next_pid=4 next_prio=120
     kworker/0:0-4     [000] ...2   239.296173: sched_switch: prev_comm=kworker/0:0 prev_pid=4 prev_prio=120 prev_state=S ==> next_comm=sh next_pid=5049 next_prio=120
           <...>-5049  [000] ...2   239.296188: sched_switch: prev_comm=sh prev_pid=5049 prev_prio=120 prev_state=R+ ==> next_comm=adbd next_pid=3138 next_prio=120
            adbd-3138  [000] ...2   239.296226: sched_switch: prev_comm=adbd prev_pid=3138 prev_prio=120 prev_state=S ==> next_comm=adbd next_pid=2459 next_prio=120
            adbd-2459  [000] ...2   239.296452: sched_switch: prev_comm=adbd prev_pid=2459 prev_prio=120 prev_state=S ==> next_comm=adbd next_pid=3137 next_prio=120
            adbd-3137  [000] ...2   239.296502: sched_switch: prev_comm=adbd prev_pid=3137 prev_prio=120 prev_state=S ==> next_comm=sh next_pid=5049 next_prio=120
           <...>-5049  [000] ...2   239.296514: sched_switch: prev_comm=sh prev_pid=5049 prev_prio=120 prev_state=R+ ==> next_comm=kworker/0:0 next_pid=4 next_prio=120
     kworker/0:0-4     [000] ...2   239.296522: sched_switch: prev_comm=kworker/0:0 prev_pid=4 prev_prio=120 prev_state=S ==> next_comm=sh next_pid=5049 next_prio=120
           <...>-5049  [000] ...2   239.296532: sched_switch: prev_comm=sh prev_pid=5049 prev_prio=120 prev_state=R+ ==> next_comm=kworker/0:0 next_pid=4 next_prio=120
     kworker/0:0-4     [000] ...2   239.296539: sched_switch: prev_comm=kworker/0:0 prev_pid=4 prev_prio=120 prev_state=S ==> next_comm=sh next_pid=5049 next_prio=120
           <...>-5049  [000] ...2   239.296548: sched_switch: prev_comm=sh prev_pid=5049 prev_prio=120 prev_state=R+ ==> next_comm=kworker/0:0 next_pid=4 next_prio=120
     kworker/0:0-4     [000] ...2   239.296556: sched_switch: prev_comm=kworker/0:0 prev_pid=4 prev_prio=120 prev_state=S ==> next_comm=sh next_pid=5049 next_prio=120
           <...>-5049  [000] ...2   239.296565: sched_switch: prev_comm=sh prev_pid=5049 prev_prio=120 prev_state=R+ ==> next_comm=kworker/0:0 next_pid=4 next_prio=120
     kworker/0:0-4     [000] ...2   239.296573: sched_switch: prev_comm=kworker/0:0 prev_pid=4 prev_prio=120 prev_state=S ==> next_comm=sh next_pid=5049 next_prio=120
           <...>-5049  [000] ...2   239.296590: sched_switch: prev_comm=sh prev_pid=5049 prev_prio=120 prev_state=R+ ==> next_comm=kworker/0:0 next_pid=4 next_prio=120
     kworker/0:0-4     [000] ...2   239.296598: sched_switch: prev_comm=kworker/0:0 prev_pid=4 prev_prio=120 prev_state=S ==> next_comm=sh next_pid=5049 next_prio=120
           <...>-5049  [000] ...2   239.296608: sched_switch: prev_comm=sh prev_pid=5049 prev_prio=120 prev_state=R+ ==> next_comm=kworker/0:0 next_pid=4 next_prio=120
     kworker/0:0-4     [000] ...2   239.296615: sched_switch: prev_comm=kworker/0:0 prev_pid=4 prev_prio=120 prev_state=S ==> next_comm=sh next_pid=5049 next_prio=120
           <...>-5049  [000] ...2   239.296624: sched_switch: prev_comm=sh prev_pid=5049 prev_prio=120 prev_state=R+ ==> next_comm=kworker/0:0 next_pid=4 next_prio=120
     kworker/0:0-4     [000] ...2   239.296637: sched_switch: prev_comm=kworker/0:0 prev_pid=4 prev_prio=120 prev_state=S ==> next_comm=sh next_pid=5049 next_prio=120
           <...>-127   [001] ...2   239.296774: sched_switch: prev_comm=ueventd prev_pid=127 prev_prio=120 prev_state=S ==> next_comm=ple.h2benchmark next_pid=3233 next_prio=120
           <...>-5049  [000] ...2   239.296937: sched_switch: prev_comm=sh prev_pid=5049 prev_prio=120 prev_state=R ==> next_comm=adbd next_pid=3138 next_prio=120
            adbd-3138  [000] ...2   239.296967: sched_switch: prev_comm=adbd prev_pid=3138 prev_prio=120 prev_state=S ==> next_comm=adbd next_pid=2459 next_prio=120
            adbd-2459  [000] ...2   239.297268: sched_switch: prev_comm=adbd prev_pid=2459 prev_prio=120 prev_state=S ==> next_comm=adbd next_pid=3137 next_prio=120
            adbd-3137  [000] ...2   239.297330: sched_switch: prev_comm=adbd prev_pid=3137 prev_prio=120 prev_state=S ==> next_comm=kworker/0:0 next_pid=4 next_prio=120
     kworker/0:0-4     [000] ...2   239.297339: sched_switch: prev_comm=kworker/0:0 prev_pid=4 prev_prio=120 prev_state=S ==> next_comm=sh next_pid=5049 next_prio=120
           <...>-5049  [000] ...2   239.297671: sched_switch: prev_comm=sh prev_pid=5049 prev_prio=120 prev_state=R+ ==> next_comm=adbd next_pid=5050 next_prio=120
           <...>-5050  [000] ...2   239.297730: sched_switch: prev_comm=adbd prev_pid=5050 prev_prio=120 prev_state=R+ ==> next_comm=adbd next_pid=2459 next_prio=120
            adbd-2459  [000] ...2   239.297863: sched_switch: prev_comm=adbd prev_pid=2459 prev_prio=120 prev_state=S ==> next_comm=adbd next_pid=5050 next_prio=120
           <...>-5050  [000] ...3   239.297931: sched_switch: prev_comm=adbd prev_pid=5050 prev_prio=120 prev_state=x ==> next_comm=sh next_pid=5049 next_prio=120
           <...>-5049  [000] ...3   239.297951: sched_switch: prev_comm=sh prev_pid=5049 prev_prio=120 prev_state=x ==> next_comm=swapper/0 next_pid=0 next_prio=120
          <idle>-0     [000] ...2   239.297955: sched_switch: prev_comm=swapper/0 prev_pid=0 prev_prio=120 prev_state=R ==> next_comm=adbd next_pid=3138 next_prio=120
            adbd-3138  [000] ...2   239.297987: sched_switch: prev_comm=adbd prev_pid=3138 prev_prio=120 prev_state=S ==> next_comm=adbd next_pid=2459 next_prio=120
            adbd-2459  [000] ...2   239.298115: sched_switch: prev_comm=adbd prev_pid=2459 prev_prio=120 prev_state=S ==> next_comm=adbd next_pid=3137 next_prio=120
            adbd-3137  [000] ...2   239.298123: sched_switch: prev_comm=adbd prev_pid=3137 prev_prio=120 prev_state=S ==> next_comm=swapper/0 next_pid=0 next_prio=120
          <idle>-0     [000] ...2   239.298137: sched_switch: prev_comm=swapper/0 prev_pid=0 prev_prio=120 prev_state=R ==> next_comm=ksoftirqd/0 next_pid=3 next_prio=120
     ksoftirqd/0-3     [000] ...2   239.298149: sched_switch: prev_comm=ksoftirqd/0 prev_pid=3 prev_prio=120 prev_state=S ==> next_comm=swapper/0 next_pid=0 next_prio=120
          <idle>-0     [000] ...2   239.298179: sched_switch: prev_comm=swapper/0 prev_pid=0 prev_prio=120 prev_state=R ==> next_comm=ksoftirqd/0 next_pid=3 next_prio=120
     ksoftirqd/0-3     [000] ...2   239.298194: sched_switch: prev_comm=ksoftirqd/0 prev_pid=3 prev_prio=120 prev_state=S ==> next_comm=adbd next_pid=3138 next_prio=120
            adbd-3138  [000] ...2   239.298222: sched_switch: prev_comm=adbd prev_pid=3138 prev_prio=120 prev_state=S ==> next_comm=adbd next_pid=2459 next_prio=120
            adbd-2459  [000] ...2   239.298347: sched_switch: prev_comm=adbd prev_pid=2459 prev_prio=120 prev_state=S ==> next_comm=adbd next_pid=3137 next_prio=120
            adbd-3137  [000] ...2   239.298355: sched_switch: prev_comm=adbd prev_pid=3137 prev_prio=120 prev_state=S ==> next_comm=swapper/0 next_pid=0 next_prio=120
          <idle>-0     [000] ...2   239.298832: sched_switch: prev_comm=swapper/0 prev_pid=0 prev_prio=120 prev_state=R ==> next_comm=kmsgd next_pid=200 next_prio=120
           <...>-200   [000] ...2   239.298914: sched_switch: prev_comm=kmsgd prev_pid=200 prev_prio=120 prev_state=S ==> next_comm=logcat next_pid=3158 next_prio=120
          logcat-3158  [000] ...2   239.299027: sched_switch: prev_comm=logcat prev_pid=3158 prev_prio=120 prev_state=S ==> next_comm=kworker/0:0 next_pid=4 next_prio=120
     kworker/0:0-4     [000] ...2   239.299041: sched_switch: prev_comm=kworker/0:0 prev_pid=4 prev_prio=120 prev_state=S ==> next_comm=ksoftirqd/0 next_pid=3 next_prio=120
     ksoftirqd/0-3     [000] ...2   239.299047: sched_switch: prev_comm=ksoftirqd/0 prev_pid=3 prev_prio=120 prev_state=S ==> next_comm=adbd next_pid=2459 next_prio=120
            adbd-2459  [000] ...2   239.299192: sched_switch: prev_comm=adbd prev_pid=2459 prev_prio=120 prev_state=S ==> next_comm=adbd next_pid=3137 next_prio=120
            adbd-3137  [000] ...2   239.299251: sched_switch: prev_comm=adbd prev_pid=3137 prev_prio=120 prev_state=S ==> next_comm=logcat next_pid=2949 next_prio=120
          logcat-2949  [000] ...2   239.299399: sched_switch: prev_comm=logcat prev_pid=2949 prev_prio=120 prev_state=S ==> next_comm=swapper/0 next_pid=0 next_prio=120
          <idle>-0     [000] ...2   239.299419: sched_switch: prev_comm=swapper/0 prev_pid=0 prev_prio=120 prev_state=R ==> next_comm=ksoftirqd/0 next_pid=3 next_prio=120
     ksoftirqd/0-3     [000] ...2   239.299428: sched_switch: prev_comm=ksoftirqd/0 prev_pid=3 prev_prio=120 prev_state=S ==> next_comm=swapper/0 next_pid=0 next_prio=120
          <idle>-0     [000] ...2   239.299442: sched_switch: prev_comm=swapper/0 prev_pid=0 prev_prio=120 prev_state=R ==> next_comm=ksoftirqd/0 next_pid=3 next_prio=120
     ksoftirqd/0-3     [000] ...2   239.299448: sched_switch: prev_comm=ksoftirqd/0 prev_pid=3 prev_prio=120 prev_state=S ==> next_comm=swapper/0 next_pid=0 next_prio=120
           <...>-3233  [001] ...2   239.299528: sched_switch: prev_comm=ple.h2benchmark prev_pid=3233 prev_prio=120 prev_state=S ==> next_comm=swapper/1 next_pid=0 next_prio=120
          <idle>-0     [001] ...2   239.299545: sched_switch: prev_comm=swapper/1 prev_pid=0 prev_prio=120 prev_state=R ==> next_comm=ksoftirqd/1 next_pid=4578 next_prio=120
     ksoftirqd/1-4578  [001] ...2   239.299598: sched_switch: prev_comm=ksoftirqd/1 prev_pid=4578 prev_prio=120 prev_state=S ==> next_comm=swapper/1 next_pid=0 next_prio=120
          <idle>-0     [001] ...2   239.299613: sched_switch: prev_comm=swapper/1 prev_pid=0 prev_prio=120 prev_state=R ==> next_comm=ksoftirqd/1 next_pid=4578 next_prio=120
     ksoftirqd/1-4578  [001] ...2   239.299619: sched_switch: prev_comm=ksoftirqd/1 prev_pid=4578 prev_prio=120 prev_state=S ==> next_comm=swapper/1 next_pid=0 next_prio=120
          <idle>-0     [001] ...2   239.299632: sched_switch: prev_comm=swapper/1 prev_pid=0 prev_prio=120 prev_state=R ==> next_comm=ksoftirqd/1 next_pid=4578 next_prio=120
     ksoftirqd/1-4578  [001] ...2   239.299638: sched_switch: prev_comm=ksoftirqd/1 prev_pid=4578 prev_prio=120 prev_state=S ==> next_comm=swapper/1 next_pid=0 next_prio=120
          <idle>-0     [000] ...2   239.299678: sched_switch: prev_comm=swapper/0 prev_pid=0 prev_prio=120 prev_state=R ==> next_comm=adbd next_pid=3138 next_prio=120
            adbd-3138  [000] ...2   239.299714: sched_switch: prev_comm=adbd prev_pid=3138 prev_prio=120 prev_state=S ==> next_comm=adbd next_pid=2459 next_prio=120
            adbd-2459  [000] ...2   239.299862: sched_switch: prev_comm=adbd prev_pid=2459 prev_prio=120 prev_state=S ==> next_comm=adbd next_pid=3137 next_prio=120
            adbd-3137  [000] ...2   239.299869: sched_switch: prev_comm=adbd prev_pid=3137 prev_prio=120 prev_state=S ==> next_comm=swapper/0 next_pid=0 next_prio=120
          <idle>-0     [001] ...2   239.300578: sched_switch: prev_comm=swapper/1 prev_pid=0 prev_prio=120 prev_state=R ==> next_comm=ple.h2benchmark next_pid=3233 next_prio=120
          <idle>-0     [000] ...2   239.304085: sched_switch: prev_comm=swapper/0 prev_pid=0 prev_prio=120 prev_state=R ==> next_comm=logcat next_pid=3158 next_prio=120
          logcat-3158  [000] ...2   239.304106: sched_switch: prev_comm=logcat prev_pid=3158 prev_prio=120 prev_state=S ==> next_comm=swapper/0 next_pid=0 next_prio=120
           <...>-3233  [001] ...2   239.304212: sched_switch: prev_comm=ple.h2benchmark prev_pid=3233 prev_prio=120 prev_state=R ==> next_comm=Benchmark.mv.db next_pid=5031 next_prio=120
           <...>-5031  [001] ...2   239.304251: sched_switch: prev_comm=Benchmark.mv.db prev_pid=5031 prev_prio=120 prev_state=S ==> next_comm=ple.h2benchmark next_pid=3233 next_prio=120
           <...>-3233  [001] ...2   239.304614: sched_switch: prev_comm=ple.h2benchmark prev_pid=3233 prev_prio=120 prev_state=S ==> next_comm=swapper/1 next_pid=0 next_prio=120
          <idle>-0     [001] ...2   239.305668: sched_switch: prev_comm=swapper/1 prev_pid=0 prev_prio=120 prev_state=R ==> next_comm=ple.h2benchmark next_pid=3233 next_prio=120
          <idle>-0     [000] ...2   239.308859: sched_switch: prev_comm=swapper/0 prev_pid=0 prev_prio=120 prev_state=R ==> next_comm=ksoftirqd/0 next_pid=3 next_prio=120
     ksoftirqd/0-3     [000] ...2   239.308868: sched_switch: prev_comm=ksoftirqd/0 prev_pid=3 prev_prio=120 prev_state=S ==> next_comm=swapper/0 next_pid=0 next_prio=120
          <idle>-0     [000] ...2   239.308882: sched_switch: prev_comm=swapper/0 prev_pid=0 prev_prio=120 prev_state=R ==> next_comm=ksoftirqd/0 next_pid=3 next_prio=120
     ksoftirqd/0-3     [000] ...2   239.308890: sched_switch: prev_comm=ksoftirqd/0 prev_pid=3 prev_prio=120 prev_state=S ==> next_comm=swapper/0 next_pid=0 next_prio=120
          <idle>-0     [000] ...2   239.308904: sched_switch: prev_comm=swapper/0 prev_pid=0 prev_prio=120 prev_state=R ==> next_comm=ksoftirqd/0 next_pid=3 next_prio=120
     ksoftirqd/0-3     [000] ...2   239.308912: sched_switch: prev_comm=ksoftirqd/0 prev_pid=3 prev_prio=120 prev_state=S ==> next_comm=swapper/0 next_pid=0 next_prio=120
           <...>-3233  [001] ...2   239.309520: sched_switch: prev_comm=ple.h2benchmark prev_pid=3233 prev_prio=120 prev_state=S ==> next_comm=swapper/1 next_pid=0 next_prio=120
          <idle>-0     [001] ...2   239.309535: sched_switch: prev_comm=swapper/1 prev_pid=0 prev_prio=120 prev_state=R ==> next_comm=ksoftirqd/1 next_pid=4578 next_prio=120
     ksoftirqd/1-4578  [001] ...2   239.309545: sched_switch: prev_comm=ksoftirqd/1 prev_pid=4578 prev_prio=120 prev_state=S ==> next_comm=swapper/1 next_pid=0 next_prio=120
          <idle>-0     [001] ...2   239.309558: sched_switch: prev_comm=swapper/1 prev_pid=0 prev_prio=120 prev_state=R ==> next_comm=ksoftirqd/1 next_pid=4578 next_prio=120
     ksoftirqd/1-4578  [001] ...2   239.309566: sched_switch: prev_comm=ksoftirqd/1 prev_pid=4578 prev_prio=120 prev_state=S ==> next_comm=swapper/1 next_pid=0 next_prio=120
          <idle>-0     [001] ...2   239.309578: sched_switch: prev_comm=swapper/1 prev_pid=0 prev_prio=120 prev_state=R ==> next_comm=ksoftirqd/1 next_pid=4578 next_prio=120
     ksoftirqd/1-4578  [001] ...2   239.309587: sched_switch: prev_comm=ksoftirqd/1 prev_pid=4578 prev_prio=120 prev_state=S ==> next_comm=swapper/1 next_pid=0 next_prio=120
          <idle>-0     [001] ...2   239.310574: sched_switch: prev_comm=swapper/1 prev_pid=0 prev_prio=120 prev_state=R ==> next_comm=ple.h2benchmark next_pid=3233 next_prio=120
           <...>-3233  [001] ...2   239.314366: sched_switch: prev_comm=ple.h2benchmark prev_pid=3233 prev_prio=120 prev_state=S ==> next_comm=swapper/1 next_pid=0 next_prio=120
          <idle>-0     [001] ...2   239.315417: sched_switch: prev_comm=swapper/1 prev_pid=0 prev_prio=120 prev_state=R ==> next_comm=ple.h2benchmark next_pid=3233 next_prio=120
          <idle>-0     [000] ...2   239.318830: sched_switch: prev_comm=swapper/0 prev_pid=0 prev_prio=120 prev_state=R ==> next_comm=ksoftirqd/0 next_pid=3 next_prio=120
     ksoftirqd/0-3     [000] ...2   239.318877: sched_switch: prev_comm=ksoftirqd/0 prev_pid=3 prev_prio=120 prev_state=S ==> next_comm=swapper/0 next_pid=0 next_prio=120
          <idle>-0     [000] ...2   239.318892: sched_switch: prev_comm=swapper/0 prev_pid=0 prev_prio=120 prev_state=R ==> next_comm=ksoftirqd/0 next_pid=3 next_prio=120
     ksoftirqd/0-3     [000] ...2   239.318901: sched_switch: prev_comm=ksoftirqd/0 prev_pid=3 prev_prio=120 prev_state=S ==> next_comm=swapper/0 next_pid=0 next_prio=120
          <idle>-0     [000] ...2   239.318914: sched_switch: prev_comm=swapper/0 prev_pid=0 prev_prio=120 prev_state=R ==> next_comm=ksoftirqd/0 next_pid=3 next_prio=120
     ksoftirqd/0-3     [000] ...2   239.318922: sched_switch: prev_comm=ksoftirqd/0 prev_pid=3 prev_prio=120 prev_state=S ==> next_comm=swapper/0 next_pid=0 next_prio=120
           <...>-3233  [001] ...2   239.319068: sched_switch: prev_comm=ple.h2benchmark prev_pid=3233 prev_prio=120 prev_state=S ==> next_comm=swapper/1 next_pid=0 next_prio=120
          <idle>-0     [001] ...2   239.319083: sched_switch: prev_comm=swapper/1 prev_pid=0 prev_prio=120 prev_state=R ==> next_comm=ksoftirqd/1 next_pid=4578 next_prio=120
     ksoftirqd/1-4578  [001] ...2   239.319133: sched_switch: prev_comm=ksoftirqd/1 prev_pid=4578 prev_prio=120 prev_state=S ==> next_comm=swapper/1 next_pid=0 next_prio=120
          <idle>-0     [001] ...2   239.319147: sched_switch: prev_comm=swapper/1 prev_pid=0 prev_prio=120 prev_state=R ==> next_comm=ksoftirqd/1 next_pid=4578 next_prio=120
     ksoftirqd/1-4578  [001] ...2   239.319156: sched_switch: prev_comm=ksoftirqd/1 prev_pid=4578 prev_prio=120 prev_state=S ==> next_comm=swapper/1 next_pid=0 next_prio=120
          <idle>-0     [001] ...2   239.319168: sched_switch: prev_comm=swapper/1 prev_pid=0 prev_prio=120 prev_state=R ==> next_comm=ksoftirqd/1 next_pid=4578 next_prio=120
     ksoftirqd/1-4578  [001] ...2   239.319177: sched_switch: prev_comm=ksoftirqd/1 prev_pid=4578 prev_prio=120 prev_state=S ==> next_comm=swapper/1 next_pid=0 next_prio=120
          <idle>-0     [001] ...2   239.319189: sched_switch: prev_comm=swapper/1 prev_pid=0 prev_prio=120 prev_state=R ==> next_comm=ksoftirqd/1 next_pid=4578 next_prio=120
     ksoftirqd/1-4578  [001] ...2   239.319198: sched_switch: prev_comm=ksoftirqd/1 prev_pid=4578 prev_prio=120 prev_state=S ==> next_comm=swapper/1 next_pid=0 next_prio=120
          <idle>-0     [001] ...2   239.319210: sched_switch: prev_comm=swapper/1 prev_pid=0 prev_prio=120 prev_state=R ==> next_comm=ksoftirqd/1 next_pid=4578 next_prio=120
     ksoftirqd/1-4578  [001] ...2   239.319219: sched_switch: prev_comm=ksoftirqd/1 prev_pid=4578 prev_prio=120 prev_state=S ==> next_comm=swapper/1 next_pid=0 next_prio=120
          <idle>-0     [001] ...2   239.319230: sched_switch: prev_comm=swapper/1 prev_pid=0 prev_prio=120 prev_state=R ==> next_comm=ksoftirqd/1 next_pid=4578 next_prio=120
